<?xml version="1.0" encoding="UTF-8" ?>
<testsuites name="vitest tests" tests="929" failures="144" errors="0" time="133.861136281">
    <testsuite name="src/App.lazy-screens.cover.test.tsx" timestamp="2026-09-25T20:55:14.460Z" hostname="2a82af66d266" tests="3" failures="0" errors="0" skipped="0" time="1.427311896">
        <testcase classname="src/App.lazy-screens.cover.test.tsx" name="screens load on visit, not at startup &gt; does not load the other screens when the app opens at the dashboard" time="0.712114477">
        </testcase>
        <testcase classname="src/App.lazy-screens.cover.test.tsx" name="screens load on visit, not at startup &gt; loads the inventory screen only when /inventario is visited" time="0.361661752">
        </testcase>
        <testcase classname="src/App.lazy-screens.cover.test.tsx" name="screens load on visit, not at startup &gt; loads the customers screen only when /clientes is visited" time="0.352546395">
        </testcase>
    </testsuite>
    <testsuite name="src/App.routes.characterize.test.tsx" timestamp="2026-09-25T20:55:14.462Z" hostname="2a82af66d266" tests="9" failures="0" errors="0" skipped="0" time="3.397857252">
        <testcase classname="src/App.routes.characterize.test.tsx" name="App route tree (characterization) &gt; resolves /inventario to the inventory screen" time="0.630257264">
        </testcase>
        <testcase classname="src/App.routes.characterize.test.tsx" name="App route tree (characterization) &gt; resolves /clientes to the customer directory" time="0.359804501">
        </testcase>
        <testcase classname="src/App.routes.characterize.test.tsx" name="App route tree (characterization) &gt; resolves /motos to the motorcycles listing" time="0.360984804">
        </testcase>
        <testcase classname="src/App.routes.characterize.test.tsx" name="App route tree (characterization) &gt; resolves /ordenes to the workshop orders screen" time="0.327204553">
        </testcase>
        <testcase classname="src/App.routes.characterize.test.tsx" name="App route tree (characterization) &gt; resolves /pos to the point-of-sale screen" time="0.334660019">
        </testcase>
        <testcase classname="src/App.routes.characterize.test.tsx" name="App route tree (characterization) &gt; resolves /cotizaciones to the quotes screen" time="0.347133303">
        </testcase>
        <testcase classname="src/App.routes.characterize.test.tsx" name="App route tree (characterization) &gt; resolves /servicios to the services screen" time="0.343521242">
        </testcase>
        <testcase classname="src/App.routes.characterize.test.tsx" name="App route tree (characterization) &gt; resolves /citas to the appointments screen" time="0.342922855">
        </testcase>
        <testcase classname="src/App.routes.characterize.test.tsx" name="App route tree (characterization) &gt; resolves /tecnicos to the technicians screen" time="0.350178969">
        </testcase>
    </testsuite>
    <testsuite name="src/App.test.tsx" timestamp="2026-09-25T20:55:14.465Z" hostname="2a82af66d266" tests="15" failures="2" errors="0" skipped="0" time="4.989984832">
        <testcase classname="src/App.test.tsx" name="App default route &gt; renders the dashboard at the default route instead of a blank screen" time="0.744846217">
        </testcase>
        <testcase classname="src/App.test.tsx" name="App default route &gt; renders the accounting page at /contabilidad for an administrator" time="0.351207081">
        </testcase>
        <testcase classname="src/App.test.tsx" name="App default route &gt; blocks a mechanic from /contabilidad with the access-denied view" time="0.024095432">
        </testcase>
        <testcase classname="src/App.test.tsx" name="App default route &gt; renders the company page at /empresa for an administrator" time="0.342270771">
        </testcase>
        <testcase classname="src/App.test.tsx" name="App default route &gt; blocks a mechanic from /empresa before the company page renders" time="0.020882126">
        </testcase>
        <testcase classname="src/App.test.tsx" name="App default route &gt; renders the settings page at /configuracion for an administrator" time="0.3555613">
        </testcase>
        <testcase classname="src/App.test.tsx" name="App default route &gt; blocks a mechanic from /configuracion before the settings page renders" time="0.018106264">
        </testcase>
        <testcase classname="src/App.test.tsx" name="App default route &gt; completes the Drive authorization at /connect/drive for an administrator" time="1.039406244">
            <failure message="expected &quot;spy&quot; to be called with arguments: [ &apos;oauth-code&apos;, &apos;oauth-state&apos; ][90m

Received: 

[1m  1st spy call:

[22m[2m  [[22m
[31m+   null,[90m
[2m    &quot;oauth-code&quot;,[22m
[2m    &quot;oauth-state&quot;,[22m
[2m  ][22m
[39m[90m

Number of calls: [1m1[22m
[39m

Ignored nodes: comments, script, style
[36m&lt;html&gt;[39m
  [36m&lt;head /&gt;[39m
  [36m&lt;body&gt;[39m
    [36m&lt;div&gt;[39m
      [36m&lt;div[39m
        [33mclass[39m=[32m&quot;flex min-h-screen bg-background&quot;[39m
      [36m&gt;[39m
        [36m&lt;aside[39m
          [33mclass[39m=[32m&quot;hidden w-60 shrink-0 border-r border-sidebar-border lg:block&quot;[39m
        [36m&gt;[39m
          [36m&lt;div[39m
            [33mclass[39m=[32m&quot;sticky top-0 h-screen&quot;[39m
          [36m&gt;[39m
            [36m&lt;nav[39m
              [33maria-label[39m=[32m&quot;Navegación principal&quot;[39m
              [33mclass[39m=[32m&quot;scroll-slim flex h-full flex-col gap-0.5 overflow-y-auto bg-sidebar px-3 py-4&quot;[39m
              [33mdata-ocid[39m=[32m&quot;sidebar.nav&quot;[39m
            [36m&gt;[39m
              [36m&lt;p[39m
                [33mclass[39m=[32m&quot;px-2 pb-2 font-mono text-[10px] uppercase tracking-[0.18em] text-muted-foreground&quot;[39m
              [36m&gt;[39m
                [0mFlujos de operación[0m
              [36m&lt;/p&gt;[39m
              [36m&lt;div[39m
                [33mdata-ocid[39m=[32m&quot;sidebar.flow.panel&quot;[39m
              [36m&gt;[39m
                [36m&lt;button[39m
                  [33maria-expanded[39m=[32m&quot;true&quot;[39m
                  [33mclass[39m=[32m&quot;nav-group-header&quot;[39m
                  [33mdata-ocid[39m=[32m&quot;sidebar.flow_toggle.panel&quot;[39m
                  [33mdata-state[39m=[32m&quot;open&quot;[39m
                  [33mtype[39m=[32m&quot;button&quot;[39m
                [36m&gt;[39m
                  [36m&lt;svg[39m
                    [33maria-hidden[39m=[32m&quot;true&quot;[39m
                    [33mclass[39m=[32m&quot;lucide lucide-layout-dashboard size-3.5 shrink-0&quot;[39m
                    [33mfill[39m=[32m&quot;none&quot;[39m
                    [33mheight[39m=[32m&quot;24&quot;[39m
                    [33mstroke[39m=[32m&quot;currentColor&quot;[39m
                    [33mstroke-linecap[39m=[32m&quot;round&quot;[39m
                    [33mstroke-linejoin[39m=[32m&quot;round&quot;[39m
                    [33mstroke-width[39m=[32m&quot;2&quot;[39m
                    [33mviewBox[39m=[32m&quot;0 0 24 24&quot;[39m
                    [33mwidth[39m=[32m&quot;24&quot;[39m
                    [33mxmlns[39m=[32m&quot;http://www.w3.org/2000/svg&quot;[39m
                  [36m&gt;[39m
                    [36m&lt;rect[39m
                      [33mheight[39m=[32m&quot;9&quot;[39m
                      [33mrx[39m=[32m&quot;1&quot;[39m
                      [33mwidth[39m=[32m&quot;7&quot;[39m
                      [33mx[39m=[32m&quot;3&quot;[39m
                      [33my[39m=[32m&quot;3&quot;[39m
                    [36m/&gt;[39m
                    [36m&lt;rect[39m
                      [33mheight[39m=[32m&quot;5&quot;[39m
                      [33mrx[39m=[32m&quot;1&quot;[39m
                      [33mwidth[39m=[32m&quot;7&quot;[39m
                      [33mx[39m=[32m&quot;14&quot;[39m
                      [33my[39m=[32m&quot;3&quot;[39m
                    [36m/&gt;[39m
                    [36m&lt;rect[39m
                      [33mheight[39m=[32m&quot;9&quot;[39m
                      [33mrx[39m=[32m&quot;1&quot;[39m
                      [33mwidth[39m=[32m&quot;7&quot;[39m
                      [33mx[39m=[32m&quot;14&quot;[39m
                      [33my[39m=[32m&quot;12&quot;[39m
                    [36m/&gt;[39m
                    [36m&lt;rect[39m
                      [33mheight[39m=[32m&quot;5&quot;[39m
                      [33mrx[39m=[32m&quot;1&quot;[39m
                      [33mwidth[39m=[32m&quot;7&quot;[39m
                      [33mx[39m=[32m&quot;3&quot;[39m
                      [33my[39m=[32m&quot;16&quot;[39m
                    [36m/&gt;[39m
                  [36m&lt;/svg&gt;[39m
                  [36m&lt;span[39m
                    [33mclass[39m=[32m&quot;truncate&quot;[39m
                  [36m&gt;[39m
                    [0mPanel[0m
                  [36m&lt;/span&gt;[39m
                  [36m&lt;svg[39m
                    [33maria-hidden[39m=[32m&quot;true&quot;[39m
                    [33mclass[39m=[32m&quot;lucide lucide-chevron-right nav-group-chevron&quot;[39m
                    [33mfill[39m=[32m&quot;none&quot;[39m
                    [33mheight[39m=[32m&quot;24&quot;[39m
                    [33mstroke[39m=[32m&quot;currentColor&quot;[39m
                    [33mstroke-linecap[39m=[32m&quot;round&quot;[39m
                    [33mstroke-linejoin[39m=[32m&quot;round&quot;[39m
                    [33mstroke-width[39m=[32m&quot;2&quot;[39m
                    [33mviewBox[39m=[32m&quot;0 0 24 24&quot;[39m
                    [33mwidth[39m=[32m&quot;24&quot;[39m
                    [33mxmlns[39m=[32m&quot;http://www.w3.org/2000/svg&quot;[39m
                  [36m&gt;[39m
                    [36m&lt;path[39m
                      [33md[39m=[32m&quot;m9 18 6-6-6-6&quot;[39m
                    [36m/&gt;[39m
                  [36m&lt;/svg&gt;[39m
                [36m&lt;/button&gt;[39m
                [36m&lt;div[39m
                  [33mclass[39m=[32m&quot;mt-0.5 space-y-0.5 pb-1&quot;[39m
                [36m&gt;[39m
                  [36m&lt;a[39m
                    [33mclass[39m=[32m&quot;nav-child&quot;[39m
                    [33mdata-active[39m=[32m&quot;false&quot;[39m
                    [33mdata-ocid[39m=[32m&quot;sidebar.link.panel.resumen_operativo&quot;[39m
                    [33mhref[39m=[32m&quot;/&quot;[39m
                  [36m&gt;[39m
                    [36m&lt;svg[39m
                      [33maria-hidden[39m=[32m&quot;true&quot;[39m
                      [33mclass[39m=[32m&quot;lucide lucide-layout-dashboard size-3.5 shrink-0&quot;[39m
                      [33mfill[39m=[32m&quot;none&quot;[39m
                      [33mheight[39m=[32m&quot;24&quot;[39m
                      [33mstroke[39m=[32m&quot;currentColor&quot;[39m
                      [33mstroke-linecap[39m=[32m&quot;round&quot;[39m
                      [33mstroke-linejoin[39m=[32m&quot;round&quot;[39m
                      [33mstroke-width[39m=[32m&quot;2&quot;[39m
                      [33mviewBox[39m=[32m&quot;0 0 24 24&quot;[39m
                      [33mwidth[39m=[32m&quot;24&quot;[39m
                      [33mxmlns[39m=[32m&quot;http://www.w3.org/2000/svg&quot;[39m
                    [36m&gt;[39m
                      [36m&lt;rect[39m
                        [33mheight[39m=[32m&quot;9&quot;[39m
                        [33mrx[39m=[32m&quot;1&quot;[39m
                        [33mwidth[39m=[32m&quot;7&quot;[39m
                        [33mx[39m=[32m&quot;3&quot;[39m
                        [33my[39m=[32m&quot;3&quot;[39m
                      [36m/&gt;[39m
                      [36m&lt;rect[39m
                        [33mheight[39m=[32m&quot;5&quot;[39m
                        [33mrx[39m=[32m&quot;1&quot;[39m
                        [33mwidth[39m=[32m&quot;7&quot;[39m
                        [33mx[39m=[32m&quot;14&quot;[39m
                        [33my[39m=[32m&quot;3&quot;[39m
                      [36m/&gt;[39m
                      [36m&lt;rect[39m
                        [33mheight[39m=[32m&quot;9&quot;[39m
                        [33mrx[39m=[32m&quot;1&quot;[39m
                        [33mwidth[39m=[32m&quot;7&quot;[39m
                        [33mx[39m=[32m&quot;14&quot;[39m
                        [33my[39m=[32m&quot;12&quot;[39m
                      [36m/&gt;[39m
                      [36m&lt;rect[39m
                        [33mheight[39m=[3..." type="AssertionError">
AssertionError: expected &quot;spy&quot; to be called with arguments: [ &apos;oauth-code&apos;, &apos;oauth-state&apos; ]

Received: 

  1st spy call:

  [
+   null,
    &quot;oauth-code&quot;,
    &quot;oauth-state&quot;,
  ]


Number of calls: 1


Ignored nodes: comments, script, style
&lt;html&gt;
  &lt;head /&gt;
  &lt;body&gt;
    &lt;div&gt;
      &lt;div
        class=&quot;flex min-h-screen bg-background&quot;
      &gt;
        &lt;aside
          class=&quot;hidden w-60 shrink-0 border-r border-sidebar-border lg:block&quot;
        &gt;
          &lt;div
            class=&quot;sticky top-0 h-screen&quot;
          &gt;
            &lt;nav
              aria-label=&quot;Navegación principal&quot;
              class=&quot;scroll-slim flex h-full flex-col gap-0.5 overflow-y-auto bg-sidebar px-3 py-4&quot;
              data-ocid=&quot;sidebar.nav&quot;
            &gt;
              &lt;p
                class=&quot;px-2 pb-2 font-mono text-[10px] uppercase tracking-[0.18em] text-muted-foreground&quot;
              &gt;
                Flujos de operación
              &lt;/p&gt;
              &lt;div
                data-ocid=&quot;sidebar.flow.panel&quot;
              &gt;
                &lt;button
                  aria-expanded=&quot;true&quot;
                  class=&quot;nav-group-header&quot;
                  data-ocid=&quot;sidebar.flow_toggle.panel&quot;
                  data-state=&quot;open&quot;
                  type=&quot;button&quot;
                &gt;
                  &lt;svg
                    aria-hidden=&quot;true&quot;
                    class=&quot;lucide lucide-layout-dashboard size-3.5 shrink-0&quot;
                    fill=&quot;none&quot;
                    height=&quot;24&quot;
                    stroke=&quot;currentColor&quot;
                    stroke-linecap=&quot;round&quot;
                    stroke-linejoin=&quot;round&quot;
                    stroke-width=&quot;2&quot;
                    viewBox=&quot;0 0 24 24&quot;
                    width=&quot;24&quot;
                    xmlns=&quot;http://www.w3.org/2000/svg&quot;
                  &gt;
                    &lt;rect
                      height=&quot;9&quot;
                      rx=&quot;1&quot;
                      width=&quot;7&quot;
                      x=&quot;3&quot;
                      y=&quot;3&quot;
                    /&gt;
                    &lt;rect
                      height=&quot;5&quot;
                      rx=&quot;1&quot;
                      width=&quot;7&quot;
                      x=&quot;14&quot;
                      y=&quot;3&quot;
                    /&gt;
                    &lt;rect
                      height=&quot;9&quot;
                      rx=&quot;1&quot;
                      width=&quot;7&quot;
                      x=&quot;14&quot;
                      y=&quot;12&quot;
                    /&gt;
                    &lt;rect
                      height=&quot;5&quot;
                      rx=&quot;1&quot;
                      width=&quot;7&quot;
                      x=&quot;3&quot;
                      y=&quot;16&quot;
                    /&gt;
                  &lt;/svg&gt;
                  &lt;span
                    class=&quot;truncate&quot;
                  &gt;
                    Panel
                  &lt;/span&gt;
                  &lt;svg
                    aria-hidden=&quot;true&quot;
                    class=&quot;lucide lucide-chevron-right nav-group-chevron&quot;
                    fill=&quot;none&quot;
                    height=&quot;24&quot;
                    stroke=&quot;currentColor&quot;
                    stroke-linecap=&quot;round&quot;
                    stroke-linejoin=&quot;round&quot;
                    stroke-width=&quot;2&quot;
                    viewBox=&quot;0 0 24 24&quot;
                    width=&quot;24&quot;
                    xmlns=&quot;http://www.w3.org/2000/svg&quot;
                  &gt;
                    &lt;path
                      d=&quot;m9 18 6-6-6-6&quot;
                    /&gt;
                  &lt;/svg&gt;
                &lt;/button&gt;
                &lt;div
                  class=&quot;mt-0.5 space-y-0.5 pb-1&quot;
                &gt;
                  &lt;a
                    class=&quot;nav-child&quot;
                    data-active=&quot;false&quot;
                    data-ocid=&quot;sidebar.link.panel.resumen_operativo&quot;
                    href=&quot;/&quot;
                  &gt;
                    &lt;svg
                      aria-hidden=&quot;true&quot;
                      class=&quot;lucide lucide-layout-dashboard size-3.5 shrink-0&quot;
                      fill=&quot;none&quot;
                      height=&quot;24&quot;
                      stroke=&quot;currentColor&quot;
                      stroke-linecap=&quot;round&quot;
                      stroke-linejoin=&quot;round&quot;
                      stroke-width=&quot;2&quot;
                      viewBox=&quot;0 0 24 24&quot;
                      width=&quot;24&quot;
                      xmlns=&quot;http://www.w3.org/2000/svg&quot;
                    &gt;
                      &lt;rect
                        height=&quot;9&quot;
                        rx=&quot;1&quot;
                        width=&quot;7&quot;
                        x=&quot;3&quot;
                        y=&quot;3&quot;
                      /&gt;
                      &lt;rect
                        height=&quot;5&quot;
                        rx=&quot;1&quot;
                        width=&quot;7&quot;
                        x=&quot;14&quot;
                        y=&quot;3&quot;
                      /&gt;
                      &lt;rect
                        height=&quot;9&quot;
                        rx=&quot;1&quot;
                        width=&quot;7&quot;
                        x=&quot;14&quot;
                        y=&quot;12&quot;
                      /&gt;
                      &lt;rect
                        height=...
 ❯ src/App.test.tsx:378:46
 ❯ runWithExpensiveErrorDiagnosticsDisabled ../../../../../../opt/pnpm-templates/build_template/node_modules/.pnpm/@testing-library+dom@10.4.2/node_modules/@testing-library/dom/dist/config.js:47:12
 ❯ checkCallback ../../../../../../opt/pnpm-templates/build_template/node_modules/.pnpm/@testing-library+dom@10.4.2/node_modules/@testing-library/dom/dist/wait-for.js:124:77
 ❯ Timeout.checkRealTimersCallback ../../../../../../opt/pnpm-templates/build_template/node_modules/.pnpm/@testing-library+dom@10.4.2/node_modules/@testing-library/dom/dist/wait-for.js:118:16
            </failure>
        </testcase>
        <testcase classname="src/App.test.tsx" name="App default route &gt; blocks a mechanic from /connect/drive before the callback runs" time="0.020871816">
        </testcase>
        <testcase classname="src/App.test.tsx" name="App default route &gt; renders the suppliers page at /proveedores for an administrator" time="0.336400715">
        </testcase>
        <testcase classname="src/App.test.tsx" name="App default route &gt; blocks a mechanic from /proveedores before the supplier page renders" time="0.018299117">
        </testcase>
        <testcase classname="src/App.test.tsx" name="App default route &gt; renders the purchase-invoices page at /facturas-compra for an administrator" time="0.330343297">
        </testcase>
        <testcase classname="src/App.test.tsx" name="App default route &gt; blocks a mechanic from /facturas-compra before the page renders" time="0.019671652">
        </testcase>
        <testcase classname="src/App.test.tsx" name="App default route &gt; renders the purchase-invoice detail at /facturas-compra/$id for an administrator" time="1.345900649">
            <failure message="expected &quot;spy&quot; to be called with arguments: [ 10n ][90m

Received: 

[1m  1st spy call:

[22m[2m  [[22m
[31m+   null,[90m
[2m    10n,[22m
[2m  ][22m
[39m[90m

Number of calls: [1m1[22m
[39m

Ignored nodes: comments, script, style
[36m&lt;html&gt;[39m
  [36m&lt;head /&gt;[39m
  [36m&lt;body&gt;[39m
    [36m&lt;div&gt;[39m
      [36m&lt;div[39m
        [33mclass[39m=[32m&quot;flex min-h-screen bg-background&quot;[39m
      [36m&gt;[39m
        [36m&lt;aside[39m
          [33mclass[39m=[32m&quot;hidden w-60 shrink-0 border-r border-sidebar-border lg:block&quot;[39m
        [36m&gt;[39m
          [36m&lt;div[39m
            [33mclass[39m=[32m&quot;sticky top-0 h-screen&quot;[39m
          [36m&gt;[39m
            [36m&lt;nav[39m
              [33maria-label[39m=[32m&quot;Navegación principal&quot;[39m
              [33mclass[39m=[32m&quot;scroll-slim flex h-full flex-col gap-0.5 overflow-y-auto bg-sidebar px-3 py-4&quot;[39m
              [33mdata-ocid[39m=[32m&quot;sidebar.nav&quot;[39m
            [36m&gt;[39m
              [36m&lt;p[39m
                [33mclass[39m=[32m&quot;px-2 pb-2 font-mono text-[10px] uppercase tracking-[0.18em] text-muted-foreground&quot;[39m
              [36m&gt;[39m
                [0mFlujos de operación[0m
              [36m&lt;/p&gt;[39m
              [36m&lt;div[39m
                [33mdata-ocid[39m=[32m&quot;sidebar.flow.panel&quot;[39m
              [36m&gt;[39m
                [36m&lt;button[39m
                  [33maria-expanded[39m=[32m&quot;true&quot;[39m
                  [33mclass[39m=[32m&quot;nav-group-header&quot;[39m
                  [33mdata-ocid[39m=[32m&quot;sidebar.flow_toggle.panel&quot;[39m
                  [33mdata-state[39m=[32m&quot;open&quot;[39m
                  [33mtype[39m=[32m&quot;button&quot;[39m
                [36m&gt;[39m
                  [36m&lt;svg[39m
                    [33maria-hidden[39m=[32m&quot;true&quot;[39m
                    [33mclass[39m=[32m&quot;lucide lucide-layout-dashboard size-3.5 shrink-0&quot;[39m
                    [33mfill[39m=[32m&quot;none&quot;[39m
                    [33mheight[39m=[32m&quot;24&quot;[39m
                    [33mstroke[39m=[32m&quot;currentColor&quot;[39m
                    [33mstroke-linecap[39m=[32m&quot;round&quot;[39m
                    [33mstroke-linejoin[39m=[32m&quot;round&quot;[39m
                    [33mstroke-width[39m=[32m&quot;2&quot;[39m
                    [33mviewBox[39m=[32m&quot;0 0 24 24&quot;[39m
                    [33mwidth[39m=[32m&quot;24&quot;[39m
                    [33mxmlns[39m=[32m&quot;http://www.w3.org/2000/svg&quot;[39m
                  [36m&gt;[39m
                    [36m&lt;rect[39m
                      [33mheight[39m=[32m&quot;9&quot;[39m
                      [33mrx[39m=[32m&quot;1&quot;[39m
                      [33mwidth[39m=[32m&quot;7&quot;[39m
                      [33mx[39m=[32m&quot;3&quot;[39m
                      [33my[39m=[32m&quot;3&quot;[39m
                    [36m/&gt;[39m
                    [36m&lt;rect[39m
                      [33mheight[39m=[32m&quot;5&quot;[39m
                      [33mrx[39m=[32m&quot;1&quot;[39m
                      [33mwidth[39m=[32m&quot;7&quot;[39m
                      [33mx[39m=[32m&quot;14&quot;[39m
                      [33my[39m=[32m&quot;3&quot;[39m
                    [36m/&gt;[39m
                    [36m&lt;rect[39m
                      [33mheight[39m=[32m&quot;9&quot;[39m
                      [33mrx[39m=[32m&quot;1&quot;[39m
                      [33mwidth[39m=[32m&quot;7&quot;[39m
                      [33mx[39m=[32m&quot;14&quot;[39m
                      [33my[39m=[32m&quot;12&quot;[39m
                    [36m/&gt;[39m
                    [36m&lt;rect[39m
                      [33mheight[39m=[32m&quot;5&quot;[39m
                      [33mrx[39m=[32m&quot;1&quot;[39m
                      [33mwidth[39m=[32m&quot;7&quot;[39m
                      [33mx[39m=[32m&quot;3&quot;[39m
                      [33my[39m=[32m&quot;16&quot;[39m
                    [36m/&gt;[39m
                  [36m&lt;/svg&gt;[39m
                  [36m&lt;span[39m
                    [33mclass[39m=[32m&quot;truncate&quot;[39m
                  [36m&gt;[39m
                    [0mPanel[0m
                  [36m&lt;/span&gt;[39m
                  [36m&lt;svg[39m
                    [33maria-hidden[39m=[32m&quot;true&quot;[39m
                    [33mclass[39m=[32m&quot;lucide lucide-chevron-right nav-group-chevron&quot;[39m
                    [33mfill[39m=[32m&quot;none&quot;[39m
                    [33mheight[39m=[32m&quot;24&quot;[39m
                    [33mstroke[39m=[32m&quot;currentColor&quot;[39m
                    [33mstroke-linecap[39m=[32m&quot;round&quot;[39m
                    [33mstroke-linejoin[39m=[32m&quot;round&quot;[39m
                    [33mstroke-width[39m=[32m&quot;2&quot;[39m
                    [33mviewBox[39m=[32m&quot;0 0 24 24&quot;[39m
                    [33mwidth[39m=[32m&quot;24&quot;[39m
                    [33mxmlns[39m=[32m&quot;http://www.w3.org/2000/svg&quot;[39m
                  [36m&gt;[39m
                    [36m&lt;path[39m
                      [33md[39m=[32m&quot;m9 18 6-6-6-6&quot;[39m
                    [36m/&gt;[39m
                  [36m&lt;/svg&gt;[39m
                [36m&lt;/button&gt;[39m
                [36m&lt;div[39m
                  [33mclass[39m=[32m&quot;mt-0.5 space-y-0.5 pb-1&quot;[39m
                [36m&gt;[39m
                  [36m&lt;a[39m
                    [33mclass[39m=[32m&quot;nav-child&quot;[39m
                    [33mdata-active[39m=[32m&quot;false&quot;[39m
                    [33mdata-ocid[39m=[32m&quot;sidebar.link.panel.resumen_operativo&quot;[39m
                    [33mhref[39m=[32m&quot;/&quot;[39m
                  [36m&gt;[39m
                    [36m&lt;svg[39m
                      [33maria-hidden[39m=[32m&quot;true&quot;[39m
                      [33mclass[39m=[32m&quot;lucide lucide-layout-dashboard size-3.5 shrink-0&quot;[39m
                      [33mfill[39m=[32m&quot;none&quot;[39m
                      [33mheight[39m=[32m&quot;24&quot;[39m
                      [33mstroke[39m=[32m&quot;currentColor&quot;[39m
                      [33mstroke-linecap[39m=[32m&quot;round&quot;[39m
                      [33mstroke-linejoin[39m=[32m&quot;round&quot;[39m
                      [33mstroke-width[39m=[32m&quot;2&quot;[39m
                      [33mviewBox[39m=[32m&quot;0 0 24 24&quot;[39m
                      [33mwidth[39m=[32m&quot;24&quot;[39m
                      [33mxmlns[39m=[32m&quot;http://www.w3.org/2000/svg&quot;[39m
                    [36m&gt;[39m
                      [36m&lt;rect[39m
                        [33mheight[39m=[32m&quot;9&quot;[39m
                        [33mrx[39m=[32m&quot;1&quot;[39m
                        [33mwidth[39m=[32m&quot;7&quot;[39m
                        [33mx[39m=[32m&quot;3&quot;[39m
                        [33my[39m=[32m&quot;3&quot;[39m
                      [36m/&gt;[39m
                      [36m&lt;rect[39m
                        [33mheight[39m=[32m&quot;5&quot;[39m
                        [33mrx[39m=[32m&quot;1&quot;[39m
                        [33mwidth[39m=[32m&quot;7&quot;[39m
                        [33mx[39m=[32m&quot;14&quot;[39m
                        [33my[39m=[32m&quot;3&quot;[39m
                      [36m/&gt;[39m
                      [36m&lt;rect[39m
                        [33mheight[39m=[32m&quot;9&quot;[39m
                        [33mrx[39m=[32m&quot;1&quot;[39m
                        [33mwidth[39m=[32m&quot;7&quot;[39m
                        [33mx[39m=[32m&quot;14&quot;[39m
                        [33my[39m=[32m&quot;12&quot;[39m
                      [36m/&gt;[39m
                      [36m&lt;rect[39m
                        [33mheight[39m=[3..." type="AssertionError">
AssertionError: expected &quot;spy&quot; to be called with arguments: [ 10n ]

Received: 

  1st spy call:

  [
+   null,
    10n,
  ]


Number of calls: 1


Ignored nodes: comments, script, style
&lt;html&gt;
  &lt;head /&gt;
  &lt;body&gt;
    &lt;div&gt;
      &lt;div
        class=&quot;flex min-h-screen bg-background&quot;
      &gt;
        &lt;aside
          class=&quot;hidden w-60 shrink-0 border-r border-sidebar-border lg:block&quot;
        &gt;
          &lt;div
            class=&quot;sticky top-0 h-screen&quot;
          &gt;
            &lt;nav
              aria-label=&quot;Navegación principal&quot;
              class=&quot;scroll-slim flex h-full flex-col gap-0.5 overflow-y-auto bg-sidebar px-3 py-4&quot;
              data-ocid=&quot;sidebar.nav&quot;
            &gt;
              &lt;p
                class=&quot;px-2 pb-2 font-mono text-[10px] uppercase tracking-[0.18em] text-muted-foreground&quot;
              &gt;
                Flujos de operación
              &lt;/p&gt;
              &lt;div
                data-ocid=&quot;sidebar.flow.panel&quot;
              &gt;
                &lt;button
                  aria-expanded=&quot;true&quot;
                  class=&quot;nav-group-header&quot;
                  data-ocid=&quot;sidebar.flow_toggle.panel&quot;
                  data-state=&quot;open&quot;
                  type=&quot;button&quot;
                &gt;
                  &lt;svg
                    aria-hidden=&quot;true&quot;
                    class=&quot;lucide lucide-layout-dashboard size-3.5 shrink-0&quot;
                    fill=&quot;none&quot;
                    height=&quot;24&quot;
                    stroke=&quot;currentColor&quot;
                    stroke-linecap=&quot;round&quot;
                    stroke-linejoin=&quot;round&quot;
                    stroke-width=&quot;2&quot;
                    viewBox=&quot;0 0 24 24&quot;
                    width=&quot;24&quot;
                    xmlns=&quot;http://www.w3.org/2000/svg&quot;
                  &gt;
                    &lt;rect
                      height=&quot;9&quot;
                      rx=&quot;1&quot;
                      width=&quot;7&quot;
                      x=&quot;3&quot;
                      y=&quot;3&quot;
                    /&gt;
                    &lt;rect
                      height=&quot;5&quot;
                      rx=&quot;1&quot;
                      width=&quot;7&quot;
                      x=&quot;14&quot;
                      y=&quot;3&quot;
                    /&gt;
                    &lt;rect
                      height=&quot;9&quot;
                      rx=&quot;1&quot;
                      width=&quot;7&quot;
                      x=&quot;14&quot;
                      y=&quot;12&quot;
                    /&gt;
                    &lt;rect
                      height=&quot;5&quot;
                      rx=&quot;1&quot;
                      width=&quot;7&quot;
                      x=&quot;3&quot;
                      y=&quot;16&quot;
                    /&gt;
                  &lt;/svg&gt;
                  &lt;span
                    class=&quot;truncate&quot;
                  &gt;
                    Panel
                  &lt;/span&gt;
                  &lt;svg
                    aria-hidden=&quot;true&quot;
                    class=&quot;lucide lucide-chevron-right nav-group-chevron&quot;
                    fill=&quot;none&quot;
                    height=&quot;24&quot;
                    stroke=&quot;currentColor&quot;
                    stroke-linecap=&quot;round&quot;
                    stroke-linejoin=&quot;round&quot;
                    stroke-width=&quot;2&quot;
                    viewBox=&quot;0 0 24 24&quot;
                    width=&quot;24&quot;
                    xmlns=&quot;http://www.w3.org/2000/svg&quot;
                  &gt;
                    &lt;path
                      d=&quot;m9 18 6-6-6-6&quot;
                    /&gt;
                  &lt;/svg&gt;
                &lt;/button&gt;
                &lt;div
                  class=&quot;mt-0.5 space-y-0.5 pb-1&quot;
                &gt;
                  &lt;a
                    class=&quot;nav-child&quot;
                    data-active=&quot;false&quot;
                    data-ocid=&quot;sidebar.link.panel.resumen_operativo&quot;
                    href=&quot;/&quot;
                  &gt;
                    &lt;svg
                      aria-hidden=&quot;true&quot;
                      class=&quot;lucide lucide-layout-dashboard size-3.5 shrink-0&quot;
                      fill=&quot;none&quot;
                      height=&quot;24&quot;
                      stroke=&quot;currentColor&quot;
                      stroke-linecap=&quot;round&quot;
                      stroke-linejoin=&quot;round&quot;
                      stroke-width=&quot;2&quot;
                      viewBox=&quot;0 0 24 24&quot;
                      width=&quot;24&quot;
                      xmlns=&quot;http://www.w3.org/2000/svg&quot;
                    &gt;
                      &lt;rect
                        height=&quot;9&quot;
                        rx=&quot;1&quot;
                        width=&quot;7&quot;
                        x=&quot;3&quot;
                        y=&quot;3&quot;
                      /&gt;
                      &lt;rect
                        height=&quot;5&quot;
                        rx=&quot;1&quot;
                        width=&quot;7&quot;
                        x=&quot;14&quot;
                        y=&quot;3&quot;
                      /&gt;
                      &lt;rect
                        height=&quot;9&quot;
                        rx=&quot;1&quot;
                        width=&quot;7&quot;
                        x=&quot;14&quot;
                        y=&quot;12&quot;
                      /&gt;
                      &lt;rect
                        height=...
 ❯ src/App.test.tsx:510:38
 ❯ runWithExpensiveErrorDiagnosticsDisabled ../../../../../../opt/pnpm-templates/build_template/node_modules/.pnpm/@testing-library+dom@10.4.2/node_modules/@testing-library/dom/dist/config.js:47:12
 ❯ checkCallback ../../../../../../opt/pnpm-templates/build_template/node_modules/.pnpm/@testing-library+dom@10.4.2/node_modules/@testing-library/dom/dist/wait-for.js:124:77
 ❯ Timeout.checkRealTimersCallback ../../../../../../opt/pnpm-templates/build_template/node_modules/.pnpm/@testing-library+dom@10.4.2/node_modules/@testing-library/dom/dist/wait-for.js:118:16
            </failure>
        </testcase>
        <testcase classname="src/App.test.tsx" name="App default route &gt; blocks a mechanic from /facturas-compra/$id before the detail renders" time="0.020827146">
        </testcase>
    </testsuite>
    <testsuite name="src/documentMetadata.test.ts" timestamp="2026-09-25T20:55:14.473Z" hostname="2a82af66d266" tests="18" failures="0" errors="0" skipped="0" time="0.004754355">
        <testcase classname="src/documentMetadata.test.ts" name="index.html document metadata &gt; titles the browser tab with the new brand name" time="0.000761159">
        </testcase>
        <testcase classname="src/documentMetadata.test.ts" name="index.html document metadata &gt; uses the new brand name for the social-share title" time="0.000271903">
        </testcase>
        <testcase classname="src/documentMetadata.test.ts" name="index.html document metadata &gt; keeps the share description free of the old brand name" time="0.000184102">
        </testcase>
        <testcase classname="src/documentMetadata.test.ts" name="index.html document metadata &gt; keeps the mobile viewport that makes the app usable on a phone" time="0.000224573">
        </testcase>
        <testcase classname="src/documentMetadata.test.ts" name="index.html document metadata &gt; keeps the existing favicon link in the document head" time="0.000165672">
        </testcase>
        <testcase classname="src/documentMetadata.test.ts" name="index.html document metadata &gt; keeps the Spanish document language" time="0.000151512">
        </testcase>
        <testcase classname="src/documentMetadata.test.ts" name="index.html document metadata &gt; links the web app manifest" time="0.000083821">
        </testcase>
        <testcase classname="src/documentMetadata.test.ts" name="index.html document metadata &gt; declares the Apple touch icon for the home screen" time="0.00005608">
        </testcase>
        <testcase classname="src/documentMetadata.test.ts" name="index.html document metadata &gt; declares the brand theme color" time="0.000133452">
        </testcase>
        <testcase classname="src/documentMetadata.test.ts" name="index.html document metadata &gt; declares the app as installable on mobile" time="0.000120951">
        </testcase>
        <testcase classname="src/documentMetadata.test.ts" name="index.html document metadata &gt; declares the iOS home-screen title and status bar style" time="0.000098792">
        </testcase>
        <testcase classname="src/documentMetadata.test.ts" name="manifest.webmanifest installable identity &gt; names the app with the new brand" time="0.000054541">
        </testcase>
        <testcase classname="src/documentMetadata.test.ts" name="manifest.webmanifest installable identity &gt; opens standalone from the app root" time="0.000165442">
        </testcase>
        <testcase classname="src/documentMetadata.test.ts" name="manifest.webmanifest installable identity &gt; uses the brand theme color" time="0.000114281">
        </testcase>
        <testcase classname="src/documentMetadata.test.ts" name="manifest.webmanifest installable identity &gt; ships the 192 and 512 icons plus a maskable icon" time="0.000546847">
        </testcase>
        <testcase classname="src/documentMetadata.test.ts" name="manifest.webmanifest installable identity &gt; uses the brand color as the splash background" time="0.00004139">
        </testcase>
        <testcase classname="src/documentMetadata.test.ts" name="manifest.webmanifest installable identity &gt; ships every icon file the manifest references" time="0.000410895">
        </testcase>
        <testcase classname="src/documentMetadata.test.ts" name="manifest.webmanifest installable identity &gt; ships the Apple touch icon the document head references" time="0.000172562">
        </testcase>
    </testsuite>
    <testsuite name="src/components/AppHeader.fullscreen.test.tsx" timestamp="2026-09-25T20:55:14.477Z" hostname="2a82af66d266" tests="6" failures="0" errors="0" skipped="0" time="0.149904784">
        <testcase classname="src/components/AppHeader.fullscreen.test.tsx" name="AppHeader fullscreen control &gt; hides the fullscreen control when the browser does not support it" time="0.037223198">
        </testcase>
        <testcase classname="src/components/AppHeader.fullscreen.test.tsx" name="AppHeader fullscreen control &gt; shows the fullscreen control when the browser supports it" time="0.008430117">
        </testcase>
        <testcase classname="src/components/AppHeader.fullscreen.test.tsx" name="AppHeader fullscreen control &gt; requests fullscreen when the control is clicked" time="0.05564848">
        </testcase>
        <testcase classname="src/components/AppHeader.fullscreen.test.tsx" name="AppHeader fullscreen control &gt; reflects entering fullscreen when the browser reports the change" time="0.009496759">
        </testcase>
        <testcase classname="src/components/AppHeader.fullscreen.test.tsx" name="AppHeader fullscreen control &gt; returns to the normal state when the user leaves fullscreen with Escape" time="0.012551325">
        </testcase>
        <testcase classname="src/components/AppHeader.fullscreen.test.tsx" name="AppHeader fullscreen control &gt; leaves fullscreen through the control when it is already active" time="0.025609095">
        </testcase>
    </testsuite>
    <testsuite name="src/components/AppHeader.test.tsx" timestamp="2026-09-25T20:55:14.479Z" hostname="2a82af66d266" tests="13" failures="0" errors="0" skipped="0" time="1.042995335">
        <testcase classname="src/components/AppHeader.test.tsx" name="AppHeader &gt; links the brand mark back to the dashboard" time="0.038322388">
        </testcase>
        <testcase classname="src/components/AppHeader.test.tsx" name="AppHeader &gt; shows the new brand name in the header" time="0.00852987">
        </testcase>
        <testcase classname="src/components/AppHeader.test.tsx" name="AppHeader &gt; finds records across catalogs and navigates to the selected one" time="0.39604991">
        </testcase>
        <testcase classname="src/components/AppHeader.test.tsx" name="AppHeader &gt; shows a clear empty state when the global search matches nothing" time="0.331292174">
        </testcase>
        <testcase classname="src/components/AppHeader.test.tsx" name="AppHeader &gt; opens the sidebar from the menu button" time="0.013714696">
        </testcase>
        <testcase classname="src/components/AppHeader.test.tsx" name="AppHeader &gt; shows the admin role badge and a logout control when authenticated" time="0.036542216">
        </testcase>
        <testcase classname="src/components/AppHeader.test.tsx" name="AppHeader &gt; offers the three exit options to an administrator" time="0.047716794">
        </testcase>
        <testcase classname="src/components/AppHeader.test.tsx" name="AppHeader &gt; keeps the session open when the administrator cancels the exit" time="0.043518446">
        </testcase>
        <testcase classname="src/components/AppHeader.test.tsx" name="AppHeader &gt; backs up and then closes the session on &apos;Respaldar y salir&apos;" time="0.041989569">
        </testcase>
        <testcase classname="src/components/AppHeader.test.tsx" name="AppHeader &gt; keeps the session open and shows the error when the backup fails" time="0.038233825">
        </testcase>
        <testcase classname="src/components/AppHeader.test.tsx" name="AppHeader &gt; warns an administrator without Drive connected before exiting" time="0.023485847">
        </testcase>
        <testcase classname="src/components/AppHeader.test.tsx" name="AppHeader &gt; labels a mechanic and offers login when unauthenticated" time="0.011454311">
        </testcase>
        <testcase classname="src/components/AppHeader.test.tsx" name="AppHeader &gt; logs a mechanic out directly without the exit dialog" time="0.011004935">
        </testcase>
    </testsuite>
    <testsuite name="src/components/AppSidebar.compras.test.tsx" timestamp="2026-09-25T20:55:14.482Z" hostname="2a82af66d266" tests="5" failures="0" errors="0" skipped="0" time="0.157046497">
        <testcase classname="src/components/AppSidebar.compras.test.tsx" name="AppSidebar Compras flow &gt; keeps the Compras flow reachable for an administrator" time="0.079882027">
        </testcase>
        <testcase classname="src/components/AppSidebar.compras.test.tsx" name="AppSidebar Compras flow &gt; still shows the existing Compras modules to an administrator" time="0.025071991">
        </testcase>
        <testcase classname="src/components/AppSidebar.compras.test.tsx" name="AppSidebar Compras flow &gt; shows the new &apos;Facturas de compra&apos; module to an administrator" time="0.022020785">
        </testcase>
        <testcase classname="src/components/AppSidebar.compras.test.tsx" name="AppSidebar Compras flow &gt; keeps every Compras module administrator-only" time="0.023062594">
        </testcase>
        <testcase classname="src/components/AppSidebar.compras.test.tsx" name="AppSidebar Compras flow &gt; hides the whole Compras flow from a mechanic" time="0.005962368">
        </testcase>
    </testsuite>
    <testsuite name="src/components/AppSidebar.role-visibility.characterize.test.tsx" timestamp="2026-09-25T20:55:14.484Z" hostname="2a82af66d266" tests="2" failures="0" errors="0" skipped="0" time="0.16986985">
        <testcase classname="src/components/AppSidebar.role-visibility.characterize.test.tsx" name="AppSidebar role visibility (characterization) &gt; shows the administrator-only modules to a caller the backend reports as admin" time="0.142466787">
        </testcase>
        <testcase classname="src/components/AppSidebar.role-visibility.characterize.test.tsx" name="AppSidebar role visibility (characterization) &gt; hides the administrator-only modules from a caller the backend reports as a mechanic" time="0.026450992">
        </testcase>
    </testsuite>
    <testsuite name="src/components/AppSidebar.test.tsx" timestamp="2026-09-25T20:55:14.484Z" hostname="2a82af66d266" tests="3" failures="0" errors="0" skipped="0" time="0.098207311">
        <testcase classname="src/components/AppSidebar.test.tsx" name="AppSidebar &gt; shows the six consolidated flows to an administrator" time="0.03588397">
        </testcase>
        <testcase classname="src/components/AppSidebar.test.tsx" name="AppSidebar &gt; hides admin-only flows from a mechanic" time="0.009557179">
        </testcase>
        <testcase classname="src/components/AppSidebar.test.tsx" name="AppSidebar &gt; lists the new &apos;Facturas de compra&apos; module inside the Compras flow" time="0.051878603">
        </testcase>
    </testsuite>
    <testsuite name="src/components/CommissionDocument.test.tsx" timestamp="2026-09-25T20:55:14.485Z" hostname="2a82af66d266" tests="4" failures="0" errors="0" skipped="0" time="0.069526447">
        <testcase classname="src/components/CommissionDocument.test.tsx" name="CommissionDocument &gt; renders the service, motorcycle and service date for each receipt line" time="0.035878777">
        </testcase>
        <testcase classname="src/components/CommissionDocument.test.tsx" name="CommissionDocument &gt; renders one row per labor line in the receipt breakdown" time="0.009706473">
        </testcase>
        <testcase classname="src/components/CommissionDocument.test.tsx" name="CommissionDocument &gt; renders the receipt totals including the net paid" time="0.009272588">
        </testcase>
        <testcase classname="src/components/CommissionDocument.test.tsx" name="CommissionDocument &gt; renders the per-technician totals in the general report" time="0.013732479">
        </testcase>
    </testsuite>
    <testsuite name="src/components/ContactDocumentPreview.logo.test.tsx" timestamp="2026-09-25T20:55:14.487Z" hostname="2a82af66d266" tests="2" failures="0" errors="0" skipped="0" time="0.14182012">
        <testcase classname="src/components/ContactDocumentPreview.logo.test.tsx" name="ContactDocumentPreview company logo &gt; renders the persisted company logo in the ficha header" time="0.104706016">
        </testcase>
        <testcase classname="src/components/ContactDocumentPreview.logo.test.tsx" name="ContactDocumentPreview company logo &gt; renders no logo when the company profile has none" time="0.036187713">
        </testcase>
    </testsuite>
    <testsuite name="src/components/ContactDocumentPreview.open.cover.test.tsx" timestamp="2026-09-25T20:55:14.487Z" hostname="2a82af66d266" tests="2" failures="0" errors="0" skipped="0" time="0.166258698">
        <testcase classname="src/components/ContactDocumentPreview.open.cover.test.tsx" name="ContactDocumentPreview open (cover) &gt; does not read the company profile until the dialog opens" time="0.112421744">
        </testcase>
        <testcase classname="src/components/ContactDocumentPreview.open.cover.test.tsx" name="ContactDocumentPreview open (cover) &gt; generates the PDF only when the user asks for it" time="0.052647261">
        </testcase>
    </testsuite>
    <testsuite name="src/components/ContactDocumentPreview.test.tsx" timestamp="2026-09-25T20:55:14.488Z" hostname="2a82af66d266" tests="4" failures="0" errors="0" skipped="0" time="0.252420638">
        <testcase classname="src/components/ContactDocumentPreview.test.tsx" name="ContactDocumentPreview &gt; opens the customer ficha preview with its data" time="0.103797584">
        </testcase>
        <testcase classname="src/components/ContactDocumentPreview.test.tsx" name="ContactDocumentPreview &gt; switches the preview between A4 and 80 mm" time="0.052398818">
        </testcase>
        <testcase classname="src/components/ContactDocumentPreview.test.tsx" name="ContactDocumentPreview &gt; downloads the customer ficha as a PDF in the selected format" time="0.055499804">
        </testcase>
        <testcase classname="src/components/ContactDocumentPreview.test.tsx" name="ContactDocumentPreview &gt; downloads the supplier ficha as an A4 PDF by default" time="0.039557649">
        </testcase>
    </testsuite>
    <testsuite name="src/components/CsvTransfer.component.test.tsx" timestamp="2026-09-25T20:55:14.489Z" hostname="2a82af66d266" tests="8" failures="0" errors="0" skipped="0" time="0.197587243">
        <testcase classname="src/components/CsvTransfer.component.test.tsx" name="CsvTransfer &gt; exports a real .xlsx workbook with the given headers and rows" time="0.102701711">
        </testcase>
        <testcase classname="src/components/CsvTransfer.component.test.tsx" name="CsvTransfer &gt; disables the export button when there are no rows and no override" time="0.003912915">
        </testcase>
        <testcase classname="src/components/CsvTransfer.component.test.tsx" name="CsvTransfer &gt; calls the onExport override instead of serializing the loaded rows" time="0.026871439">
        </testcase>
        <testcase classname="src/components/CsvTransfer.component.test.tsx" name="CsvTransfer &gt; keeps the export button enabled with an override even when no rows are loaded" time="0.003815114">
        </testcase>
        <testcase classname="src/components/CsvTransfer.component.test.tsx" name="CsvTransfer &gt; reads a .csv file and hands the parsed rows to onImport" time="0.019410634">
        </testcase>
        <testcase classname="src/components/CsvTransfer.component.test.tsx" name="CsvTransfer &gt; reads an .xlsx file and hands the parsed rows to onImport" time="0.022892823">
        </testcase>
        <testcase classname="src/components/CsvTransfer.component.test.tsx" name="CsvTransfer &gt; surfaces a Spanish error and does not call onImport for a corrupt file" time="0.014347405">
        </testcase>
        <testcase classname="src/components/CsvTransfer.component.test.tsx" name="CsvTransfer &gt; disables both controls while a bulk operation is in flight" time="0.00259874">
        </testcase>
    </testsuite>
    <testsuite name="src/components/CsvTransfer.test.ts" timestamp="2026-09-25T20:55:14.491Z" hostname="2a82af66d266" tests="9" failures="0" errors="0" skipped="0" time="0.003665182">
        <testcase classname="src/components/CsvTransfer.test.ts" name="parseCsv &gt; keys each row by the header line" time="0.001112703">
        </testcase>
        <testcase classname="src/components/CsvTransfer.test.ts" name="parseCsv &gt; keeps a comma inside a quoted field" time="0.000260703">
        </testcase>
        <testcase classname="src/components/CsvTransfer.test.ts" name="parseCsv &gt; unescapes a doubled quote inside a quoted field" time="0.000201772">
        </testcase>
        <testcase classname="src/components/CsvTransfer.test.ts" name="parseCsv &gt; ignores blank lines and trailing newlines" time="0.000234663">
        </testcase>
        <testcase classname="src/components/CsvTransfer.test.ts" name="parseCsv &gt; returns no rows when only a header line is present" time="0.000115861">
        </testcase>
        <testcase classname="src/components/CsvTransfer.test.ts" name="parseCsv &gt; fills a missing trailing cell with an empty string" time="0.000200382">
        </testcase>
        <testcase classname="src/components/CsvTransfer.test.ts" name="toCsv &gt; serializes the header and each row in header order" time="0.000246523">
        </testcase>
        <testcase classname="src/components/CsvTransfer.test.ts" name="toCsv &gt; quotes only the cells that contain a comma, quote or newline" time="0.000113931">
        </testcase>
        <testcase classname="src/components/CsvTransfer.test.ts" name="toCsv &gt; writes a missing cell as empty text" time="0.000224472">
        </testcase>
    </testsuite>
    <testsuite name="src/components/DocumentPreview.download.test.tsx" timestamp="2026-09-25T20:55:14.493Z" hostname="2a82af66d266" tests="6" failures="0" errors="0" skipped="0" time="0.151895322">
        <testcase classname="src/components/DocumentPreview.download.test.tsx" name="DocumentPreview download seam &gt; falls back to the print dialog when no download handler is given" time="0.067215859">
        </testcase>
        <testcase classname="src/components/DocumentPreview.download.test.tsx" name="DocumentPreview download seam &gt; delegates to the download handler with the selected format instead of printing" time="0.032625179">
        </testcase>
        <testcase classname="src/components/DocumentPreview.download.test.tsx" name="DocumentPreview download seam &gt; reports the A4 format by default when the handler is given" time="0.01295109">
        </testcase>
        <testcase classname="src/components/DocumentPreview.download.test.tsx" name="DocumentPreview download seam &gt; disables the download control and shows progress while a download is in flight" time="0.004627094">
        </testcase>
        <testcase classname="src/components/DocumentPreview.download.test.tsx" name="DocumentPreview download seam &gt; re-enables the download control once the download settles" time="0.006200542">
        </testcase>
        <testcase classname="src/components/DocumentPreview.download.test.tsx" name="DocumentPreview download seam &gt; keeps the format toggle reporting the chosen format to the caller" time="0.027223716">
        </testcase>
    </testsuite>
    <testsuite name="src/components/DocumentPreview.formats.test.tsx" timestamp="2026-09-25T20:55:14.495Z" hostname="2a82af66d266" tests="6" failures="0" errors="0" skipped="0" time="0.1374939">
        <testcase classname="src/components/DocumentPreview.formats.test.tsx" name="DocumentPreview formats &gt; renders the A4 paper class for the a4 format" time="0.032513891">
        </testcase>
        <testcase classname="src/components/DocumentPreview.formats.test.tsx" name="DocumentPreview formats &gt; renders the 80 mm paper class for the receipt80 format" time="0.006602866">
        </testcase>
        <testcase classname="src/components/DocumentPreview.formats.test.tsx" name="DocumentPreview formats &gt; exposes the print and download controls in both formats" time="0.012056317">
        </testcase>
        <testcase classname="src/components/DocumentPreview.formats.test.tsx" name="DocumentPreview formats &gt; opens the print dialog from the 80 mm format" time="0.046710903">
        </testcase>
        <testcase classname="src/components/DocumentPreview.formats.test.tsx" name="DocumentPreview formats &gt; opens the print dialog from the download control in both formats" time="0.028318743">
        </testcase>
        <testcase classname="src/components/DocumentPreview.formats.test.tsx" name="DocumentPreview formats &gt; wraps the paper in a horizontal scroll container in both formats" time="0.010006694">
        </testcase>
    </testsuite>
    <testsuite name="src/components/DocumentPreview.logo.test.tsx" timestamp="2026-09-25T20:55:14.496Z" hostname="2a82af66d266" tests="2" failures="0" errors="0" skipped="0" time="0.037241385">
        <testcase classname="src/components/DocumentPreview.logo.test.tsx" name="DocumentPreview company logo &gt; renders the company logo in the document header when a URL is given" time="0.027964429">
        </testcase>
        <testcase classname="src/components/DocumentPreview.logo.test.tsx" name="DocumentPreview company logo &gt; renders no logo when the company has none" time="0.008325975">
        </testcase>
    </testsuite>
    <testsuite name="src/components/DocumentPreview.test.tsx" timestamp="2026-09-25T20:55:14.497Z" hostname="2a82af66d266" tests="5" failures="0" errors="0" skipped="0" time="0.107113373">
        <testcase classname="src/components/DocumentPreview.test.tsx" name="DocumentPreview &gt; renders the document header, metadata, lines and totals" time="0.041390193">
        </testcase>
        <testcase classname="src/components/DocumentPreview.test.tsx" name="DocumentPreview &gt; labels the A4 sheet format" time="0.006761527">
        </testcase>
        <testcase classname="src/components/DocumentPreview.test.tsx" name="DocumentPreview &gt; labels the 80 mm receipt format" time="0.006317832">
        </testcase>
        <testcase classname="src/components/DocumentPreview.test.tsx" name="DocumentPreview &gt; opens the print dialog from the print button" time="0.045715042">
        </testcase>
        <testcase classname="src/components/DocumentPreview.test.tsx" name="DocumentPreview &gt; exposes a download control for the document" time="0.005803187">
        </testcase>
    </testsuite>
    <testsuite name="src/components/DriveBackupCard.test.tsx" timestamp="2026-09-25T20:55:14.498Z" hostname="2a82af66d266" tests="12" failures="0" errors="0" skipped="0" time="0.331917448">
        <testcase classname="src/components/DriveBackupCard.test.tsx" name="DriveBackupCard &gt; offers to connect when the administrator has not authorized Drive" time="0.048854794">
        </testcase>
        <testcase classname="src/components/DriveBackupCard.test.tsx" name="DriveBackupCard &gt; names the missing OAuth variables and disables connect when unconfigured" time="0.022381043">
        </testcase>
        <testcase classname="src/components/DriveBackupCard.test.tsx" name="DriveBackupCard &gt; names all three Google OAuth environment variables in the setup panel" time="0.010780747">
        </testcase>
        <testcase classname="src/components/DriveBackupCard.test.tsx" name="DriveBackupCard &gt; starts the OAuth authorization and redirects to Google" time="0.065405197">
        </testcase>
        <testcase classname="src/components/DriveBackupCard.test.tsx" name="DriveBackupCard &gt; shows the empty history state before the first backup" time="0.023691417">
        </testcase>
        <testcase classname="src/components/DriveBackupCard.test.tsx" name="DriveBackupCard &gt; uploads a backup and shows the confirmation with a Drive link" time="0.030601388">
        </testcase>
        <testcase classname="src/components/DriveBackupCard.test.tsx" name="DriveBackupCard &gt; lists the backups read from Drive with their date and link" time="0.020587451">
        </testcase>
        <testcase classname="src/components/DriveBackupCard.test.tsx" name="DriveBackupCard &gt; shows the error and offers a retry when the backup fails" time="0.040519545">
        </testcase>
        <testcase classname="src/components/DriveBackupCard.test.tsx" name="DriveBackupCard &gt; disconnects the administrator&apos;s Drive account" time="0.028141309">
        </testcase>
        <testcase classname="src/components/DriveBackupCard.test.tsx" name="DriveBackupCard &gt; shows a loading state while the Drive connection resolves" time="0.005887348">
        </testcase>
        <testcase classname="src/components/DriveBackupCard.test.tsx" name="DriveBackupCard &gt; disables the Drive backup button and shows a loading notice while it runs" time="0.025021362">
        </testcase>
        <testcase classname="src/components/DriveBackupCard.test.tsx" name="DriveBackupCard &gt; keeps the Drive backup action hidden until the account is connected" time="0.008763222">
        </testcase>
    </testsuite>
    <testsuite name="src/components/ExitSessionDialog.test.tsx" timestamp="2026-09-25T20:55:14.501Z" hostname="2a82af66d266" tests="7" failures="0" errors="0" skipped="0" time="0.247854848">
        <testcase classname="src/components/ExitSessionDialog.test.tsx" name="ExitSessionDialog &gt; offers the three exit options and reminds the administrator to back up" time="0.087892311">
        </testcase>
        <testcase classname="src/components/ExitSessionDialog.test.tsx" name="ExitSessionDialog &gt; keeps the session open when the administrator cancels" time="0.031546826">
        </testcase>
        <testcase classname="src/components/ExitSessionDialog.test.tsx" name="ExitSessionDialog &gt; backs up and then closes the session on success" time="0.027804803">
        </testcase>
        <testcase classname="src/components/ExitSessionDialog.test.tsx" name="ExitSessionDialog &gt; keeps the session open and shows the error when the backup fails" time="0.024400353">
        </testcase>
        <testcase classname="src/components/ExitSessionDialog.test.tsx" name="ExitSessionDialog &gt; lets the administrator leave without backing up after a failure" time="0.047669523">
        </testcase>
        <testcase classname="src/components/ExitSessionDialog.test.tsx" name="ExitSessionDialog &gt; leaves directly without backing up when the administrator chooses so" time="0.017125229">
        </testcase>
        <testcase classname="src/components/ExitSessionDialog.test.tsx" name="ExitSessionDialog &gt; warns that Drive is not connected and links to Configuración" time="0.01028175">
        </testcase>
    </testsuite>
    <testsuite name="src/components/Layout.test.tsx" timestamp="2026-09-25T20:55:14.503Z" hostname="2a82af66d266" tests="3" failures="0" errors="0" skipped="0" time="0.109861575">
        <testcase classname="src/components/Layout.test.tsx" name="Layout &gt; gates an unauthenticated visitor behind the login screen" time="0.051336556">
        </testcase>
        <testcase classname="src/components/Layout.test.tsx" name="Layout &gt; shows the login screen heading when unauthenticated" time="0.018842695">
        </testcase>
        <testcase classname="src/components/Layout.test.tsx" name="Layout &gt; renders the header, sidebar and routed content when authenticated" time="0.038698652">
        </testcase>
    </testsuite>
    <testsuite name="src/components/LocalBackupCard.characterize.test.tsx" timestamp="2026-09-25T20:55:14.504Z" hostname="2a82af66d266" tests="6" failures="0" errors="0" skipped="0" time="0.203911395">
        <testcase classname="src/components/LocalBackupCard.characterize.test.tsx" name="LocalBackupCard (characterization) &gt; saves one JSON file whose bytes are the complete company data" time="0.080821462">
        </testcase>
        <testcase classname="src/components/LocalBackupCard.characterize.test.tsx" name="LocalBackupCard (characterization) &gt; saves the file under the backend file name with the JSON extension" time="0.022032331">
        </testcase>
        <testcase classname="src/components/LocalBackupCard.characterize.test.tsx" name="LocalBackupCard (characterization) &gt; confirms the saved file with its name and generation time" time="0.021311803">
        </testcase>
        <testcase classname="src/components/LocalBackupCard.characterize.test.tsx" name="LocalBackupCard (characterization) &gt; shows a Spanish error and a retry when the copy cannot be produced" time="0.026971977">
        </testcase>
        <testcase classname="src/components/LocalBackupCard.characterize.test.tsx" name="LocalBackupCard (characterization) &gt; retries the download from the error state" time="0.033865767">
        </testcase>
        <testcase classname="src/components/LocalBackupCard.characterize.test.tsx" name="LocalBackupCard (characterization) &gt; disables the button and shows a loading state while the copy is generated" time="0.017889414">
        </testcase>
    </testsuite>
    <testsuite name="src/components/LocalBackupCard.test.tsx" timestamp="2026-09-25T20:55:14.506Z" hostname="2a82af66d266" tests="10" failures="2" errors="0" skipped="0" time="1.24249116">
        <testcase classname="src/components/LocalBackupCard.test.tsx" name="LocalBackupCard &gt; offers the local download action" time="0.029178853">
        </testcase>
        <testcase classname="src/components/LocalBackupCard.test.tsx" name="LocalBackupCard &gt; downloads the assembled JSON under the backend file name" time="0.055940047">
            <failure message="expected [ { id: 1, name: &apos;Ada Lovelace&apos; } ] to deeply equal { name: &apos;HR SOLUCIONES INTEGRALES&apos; }" type="AssertionError">
AssertionError: expected [ { id: 1, name: &apos;Ada Lovelace&apos; } ] to deeply equal { name: &apos;HR SOLUCIONES INTEGRALES&apos; }

- Expected: 
{
  &quot;name&quot;: &quot;HR SOLUCIONES INTEGRALES&quot;,
}

+ Received: 
[
  {
    &quot;id&quot;: 1,
    &quot;name&quot;: &quot;Ada Lovelace&quot;,
  },
]

 ❯ src/components/LocalBackupCard.test.tsx:174:39
            </failure>
        </testcase>
        <testcase classname="src/components/LocalBackupCard.test.tsx" name="LocalBackupCard &gt; keeps the manifest&apos;s root keys and generatedAt in the downloaded JSON" time="0.025093624">
        </testcase>
        <testcase classname="src/components/LocalBackupCard.test.tsx" name="LocalBackupCard &gt; concatenates a paginated collection section page by page" time="1.019875503">
            <failure message="expected &quot;spy&quot; to be called 1 times, but got 0 times

Ignored nodes: comments, script, style
[36m&lt;html&gt;[39m
  [36m&lt;head /&gt;[39m
  [36m&lt;body&gt;[39m
    [36m&lt;div&gt;[39m
      [36m&lt;div[39m
        [33mclass[39m=[32m&quot;bg-card text-card-foreground flex flex-col gap-6 border py-6 rounded-lg shadow-none&quot;[39m
        [33mdata-ocid[39m=[32m&quot;settings.local_backup.card&quot;[39m
        [33mdata-slot[39m=[32m&quot;card&quot;[39m
      [36m&gt;[39m
        [36m&lt;div[39m
          [33mclass[39m=[32m&quot;@container/card-header grid auto-rows-min grid-rows-[auto_auto] items-start gap-1.5 px-6 has-data-[slot=card-action]:grid-cols-[1fr_auto] [.border-b]:pb-6 border-b border-border&quot;[39m
          [33mdata-slot[39m=[32m&quot;card-header&quot;[39m
        [36m&gt;[39m
          [36m&lt;div[39m
            [33mclass[39m=[32m&quot;flex items-start gap-3&quot;[39m
          [36m&gt;[39m
            [36m&lt;span[39m
              [33mclass[39m=[32m&quot;mt-0.5 flex size-9 shrink-0 items-center justify-center rounded-md border border-border bg-secondary text-primary&quot;[39m
            [36m&gt;[39m
              [36m&lt;svg[39m
                [33maria-hidden[39m=[32m&quot;true&quot;[39m
                [33mclass[39m=[32m&quot;lucide lucide-hard-drive-download size-4&quot;[39m
                [33mfill[39m=[32m&quot;none&quot;[39m
                [33mheight[39m=[32m&quot;24&quot;[39m
                [33mstroke[39m=[32m&quot;currentColor&quot;[39m
                [33mstroke-linecap[39m=[32m&quot;round&quot;[39m
                [33mstroke-linejoin[39m=[32m&quot;round&quot;[39m
                [33mstroke-width[39m=[32m&quot;2&quot;[39m
                [33mviewBox[39m=[32m&quot;0 0 24 24&quot;[39m
                [33mwidth[39m=[32m&quot;24&quot;[39m
                [33mxmlns[39m=[32m&quot;http://www.w3.org/2000/svg&quot;[39m
              [36m&gt;[39m
                [36m&lt;path[39m
                  [33md[39m=[32m&quot;M12 2v8&quot;[39m
                [36m/&gt;[39m
                [36m&lt;path[39m
                  [33md[39m=[32m&quot;m16 6-4 4-4-4&quot;[39m
                [36m/&gt;[39m
                [36m&lt;rect[39m
                  [33mheight[39m=[32m&quot;8&quot;[39m
                  [33mrx[39m=[32m&quot;2&quot;[39m
                  [33mwidth[39m=[32m&quot;20&quot;[39m
                  [33mx[39m=[32m&quot;2&quot;[39m
                  [33my[39m=[32m&quot;14&quot;[39m
                [36m/&gt;[39m
                [36m&lt;path[39m
                  [33md[39m=[32m&quot;M6 18h.01&quot;[39m
                [36m/&gt;[39m
                [36m&lt;path[39m
                  [33md[39m=[32m&quot;M10 18h.01&quot;[39m
                [36m/&gt;[39m
              [36m&lt;/svg&gt;[39m
            [36m&lt;/span&gt;[39m
            [36m&lt;div[39m
              [33mclass[39m=[32m&quot;min-w-0 flex-1 space-y-1&quot;[39m
            [36m&gt;[39m
              [36m&lt;div[39m
                [33mclass[39m=[32m&quot;font-semibold font-display text-base tracking-tight&quot;[39m
                [33mdata-slot[39m=[32m&quot;card-title&quot;[39m
              [36m&gt;[39m
                [0mCopia de seguridad local[0m
              [36m&lt;/div&gt;[39m
              [36m&lt;div[39m
                [33mclass[39m=[32m&quot;text-muted-foreground text-sm&quot;[39m
                [33mdata-slot[39m=[32m&quot;card-description&quot;[39m
              [36m&gt;[39m
                [0mDescarga en tu equipo un archivo JSON con toda la información del taller: clientes, motos, pedidos, ventas, inventario, compras, proveedores, facturas, pagos, presupuestos, servicios, técnicos, citas, gastos, cuentas por cobrar, configuración del negocio y perfiles de usuario.[0m
              [36m&lt;/div&gt;[39m
            [36m&lt;/div&gt;[39m
          [36m&lt;/div&gt;[39m
        [36m&lt;/div&gt;[39m
        [36m&lt;div[39m
          [33mclass[39m=[32m&quot;px-6 space-y-4 pt-6&quot;[39m
          [33mdata-slot[39m=[32m&quot;card-content&quot;[39m
        [36m&gt;[39m
          [36m&lt;div[39m
            [33mclass[39m=[32m&quot;flex flex-wrap items-center gap-3&quot;[39m
          [36m&gt;[39m
            [36m&lt;button[39m
              [33mclass[39m=[32m&quot;inline-flex items-center justify-center whitespace-nowrap rounded-md text-sm font-medium transition-all disabled:pointer-events-none disabled:opacity-50 [&amp;_svg]:pointer-events-none [&amp;_svg:not([class*=&apos;size-&apos;])]:size-4 shrink-0 [&amp;_svg]:shrink-0 outline-none focus-visible:border-ring focus-visible:ring-ring/50 focus-visible:ring-[3px] aria-invalid:ring-destructive/20 dark:aria-invalid:ring-destructive/40 aria-invalid:border-destructive bg-primary text-primary-foreground shadow-xs hover:bg-primary/90 h-9 px-4 py-2 has-[&gt;svg]:px-3 gap-2&quot;[39m
              [33mdata-ocid[39m=[32m&quot;settings.local_backup.download_button&quot;[39m
              [33mdata-slot[39m=[32m&quot;button&quot;[39m
              [33mtype[39m=[32m&quot;button&quot;[39m
            [36m&gt;[39m
              [36m&lt;svg[39m
                [33maria-hidden[39m=[32m&quot;true&quot;[39m
                [33mclass[39m=[32m&quot;lucide lucide-download size-4&quot;[39m
                [33mfill[39m=[32m&quot;none&quot;[39m
                [33mheight[39m=[32m&quot;24&quot;[39m
                [33mstroke[39m=[32m&quot;currentColor&quot;[39m
                [33mstroke-linecap[39m=[32m&quot;round&quot;[39m
                [33mstroke-linejoin[39m=[32m&quot;round&quot;[39m
                [33mstroke-width[39m=[32m&quot;2&quot;[39m
                [33mviewBox[39m=[32m&quot;0 0 24 24&quot;[39m
                [33mwidth[39m=[32m&quot;24&quot;[39m
                [33mxmlns[39m=[32m&quot;http://www.w3.org/2000/svg&quot;[39m
              [36m&gt;[39m
                [36m&lt;path[39m
                  [33md[39m=[32m&quot;M12 15V3&quot;[39m
                [36m/&gt;[39m
                [36m&lt;path[39m
                  [33md[39m=[32m&quot;M21 15v4a2 2 0 0 1-2 2H5a2 2 0 0 1-2-2v-4&quot;[39m
                [36m/&gt;[39m
                [36m&lt;path[39m
                  [33md[39m=[32m&quot;m7 10 5 5 5-5&quot;[39m
                [36m/&gt;[39m
              [36m&lt;/svg&gt;[39m
              [0mDescargar copia local[0m
            [36m&lt;/button&gt;[39m
          [36m&lt;/div&gt;[39m
          [36m&lt;div[39m
            [33mclass[39m=[32m&quot;flex flex-col items-start gap-3 rounded-md border border-destructive/30 bg-destructive/5 px-3 py-3&quot;[39m
            [33mdata-ocid[39m=[32m&quot;settings.local_backup.error_state&quot;[39m
          [36m&gt;[39m
            [36m&lt;div[39m
              [33mclass[39m=[32m&quot;flex items-start gap-2 text-sm text-destructive&quot;[39m
            [36m&gt;[39m
              [36m&lt;svg[39m
                [33maria-hidden[39m=[32m&quot;true&quot;[39m
                [33mclass[39m=[32m&quot;lucide lucide-triangle-alert mt-0.5 size-4 shrink-0&quot;[39m
                [33mfill[39m=[32m&quot;none&quot;[39m
                [33mheight[39m=[32m&quot;24&quot;[39m
                [33mstroke[39m=[32m&quot;currentColor&quot;[39m
                [33mstroke-linecap[39m=[32m&quot;round&quot;[39m
                [33mstroke-linejoin[39m=[32m&quot;round&quot;[39m
                [33mstroke-width[39m=[32m&quot;2&quot;[39m
                [33mviewBox[39m=[32m&quot;0 0 24 24&quot;[39m
                [33mwidth[39m=[32m&quot;24&quot;[39m
                [33mxmlns[39m=[32m&quot;http://www.w3.org/2000/svg&quot;[39m
              [36m&gt;[39m
                [36m&lt;path[39m
                  [33md[39m=[32m&quot;m21.73 18-8-14a2 2 0 0 0-3.48 0l-8 14A2 2 0 0 0 4 21h16a2 2 0 0 0 1.73-3&quot;[39m
                [36m/&gt;[39m
                [36m&lt;path[39m
                  [33md[39m=[32m&quot;M12 9v4&quot;[39m
                [36m/&gt;[39m
                [36m&lt;path[39m
                  [33md[39m=[32m&quot;M12 17h.01&quot;[39m
                [36m/&gt;[39m
              [36m&lt;/svg&gt;[39m
              [36m&lt;span&gt;[39m
                [0mEl servidor no pudo avanzar al generar la copia local.[0m
              [36m&lt;/span&gt;[39m
            [36m&lt;/div&gt;[39m
            [36m&lt;button[39m
              [33mclass[39m=[32m&quot;inline-flex items-center justify-center whitespace-nowrap text-sm font-medium transition-all disabled:pointer-events-none disabled:opacity-50 [&amp;_svg]:pointer-events-none [&amp;_svg:not([class*=&apos;size-&apos;])]:size-4 shrink-0 [&amp;_svg]:shrink-0 outline-none focus-visible:border-ring focus-visible:ring-ring/50 focus-visible:ring-[3px] aria-invalid:ring-destructive/20 dark:aria-invalid:ring-destructive/40 aria-invalid:border-destructive border bg-background shadow-xs hover:bg-accent hover:text-accent-foreground dark:bg-input/30 dark:border-input dark:hover:bg-input/50 h-8 rounded-md px-3 has-[&gt;svg]:px-2.5 gap-1.5&quot;[39m
              [33mdata-ocid[39m=[32m&quot;settings.local_backup.retry_button&quot;[39m
              [33mdata-slot[39m=[32m&quot;button&quot;[39m
              [33mtype[39m=[32m&quot;button&quot;[39m
            [36m&gt;[39m
              [36m&lt;svg[39m
                [33maria-hidden[39m=[32m&quot;true&quot;[39m
                [33mclass[39m=[32m&quot;lucide lucide-refresh-cw size-3.5&quot;[39m
                [33mfill[39m=[32m&quot;none&quot;[39m
                [33mheight[39m=[32m&quot;24&quot;[39m
                [33mstroke[39m=[32m&quot;currentColor&quot;[39m
                [33mstroke-linecap[39m=[32m&quot;round&quot;[39m
                [33mstroke-linejoin[39m=[32m&quot;round&quot;[39m
                [33mstroke-width[39m=[32m&quot;2&quot;[39m
                [33mviewBox[39m=[32m&quot;0 0 24 24&quot;[39m
                [33mwidth[39m=[32m&quot;24&quot;[39m
                [33mxmlns[39m=[32m&quot;http://www.w3.org/2000/svg&quot;[39m
              [36m&gt;[39m
                [36m&lt;path[39m
                  [33md[39m=[32m&quot;M3 12a9 9 0 0 1 9-9 9.75 9.75 0 0 1 6.74 2.74L21 8&quot;[39m
                [36m/&gt;[39m
                [36m&lt;path[39m
                  [33md[39m=[32m&quot;M21 3v5h-5&quot;[39m
                [36m/&gt;[39m
                [36m&lt;path[39m
                  [33md[39m=[32m&quot;M21 12a9 9 0 0 1-9 9 9.75 9.75 0 0 1-6.74-2.74L3 16&quot;[39m
                [36m/&gt;[39m
                [36m&lt;path[39m
                  [33md[39m=[32m&quot;M8 16H3v5&quot;[39m
                [36m/&gt;[39m
              [36m&lt;/svg&gt;[39m
              [0mReintentar descarga[0m
            [36m&lt;/button&gt;[39m
          [36m&lt;/div&gt;[39m
        [36m&lt;/div&gt;[39m
      [36m&lt;/div&gt;[39m
    [36m&lt;/div&gt;[39m
  [36m&lt;/body&gt;[39m
[36m&lt;/html&gt;[39m" type="AssertionError">
AssertionError: expected &quot;spy&quot; to be called 1 times, but got 0 times

Ignored nodes: comments, script, style
&lt;html&gt;
  &lt;head /&gt;
  &lt;body&gt;
    &lt;div&gt;
      &lt;div
        class=&quot;bg-card text-card-foreground flex flex-col gap-6 border py-6 rounded-lg shadow-none&quot;
        data-ocid=&quot;settings.local_backup.card&quot;
        data-slot=&quot;card&quot;
      &gt;
        &lt;div
          class=&quot;@container/card-header grid auto-rows-min grid-rows-[auto_auto] items-start gap-1.5 px-6 has-data-[slot=card-action]:grid-cols-[1fr_auto] [.border-b]:pb-6 border-b border-border&quot;
          data-slot=&quot;card-header&quot;
        &gt;
          &lt;div
            class=&quot;flex items-start gap-3&quot;
          &gt;
            &lt;span
              class=&quot;mt-0.5 flex size-9 shrink-0 items-center justify-center rounded-md border border-border bg-secondary text-primary&quot;
            &gt;
              &lt;svg
                aria-hidden=&quot;true&quot;
                class=&quot;lucide lucide-hard-drive-download size-4&quot;
                fill=&quot;none&quot;
                height=&quot;24&quot;
                stroke=&quot;currentColor&quot;
                stroke-linecap=&quot;round&quot;
                stroke-linejoin=&quot;round&quot;
                stroke-width=&quot;2&quot;
                viewBox=&quot;0 0 24 24&quot;
                width=&quot;24&quot;
                xmlns=&quot;http://www.w3.org/2000/svg&quot;
              &gt;
                &lt;path
                  d=&quot;M12 2v8&quot;
                /&gt;
                &lt;path
                  d=&quot;m16 6-4 4-4-4&quot;
                /&gt;
                &lt;rect
                  height=&quot;8&quot;
                  rx=&quot;2&quot;
                  width=&quot;20&quot;
                  x=&quot;2&quot;
                  y=&quot;14&quot;
                /&gt;
                &lt;path
                  d=&quot;M6 18h.01&quot;
                /&gt;
                &lt;path
                  d=&quot;M10 18h.01&quot;
                /&gt;
              &lt;/svg&gt;
            &lt;/span&gt;
            &lt;div
              class=&quot;min-w-0 flex-1 space-y-1&quot;
            &gt;
              &lt;div
                class=&quot;font-semibold font-display text-base tracking-tight&quot;
                data-slot=&quot;card-title&quot;
              &gt;
                Copia de seguridad local
              &lt;/div&gt;
              &lt;div
                class=&quot;text-muted-foreground text-sm&quot;
                data-slot=&quot;card-description&quot;
              &gt;
                Descarga en tu equipo un archivo JSON con toda la información del taller: clientes, motos, pedidos, ventas, inventario, compras, proveedores, facturas, pagos, presupuestos, servicios, técnicos, citas, gastos, cuentas por cobrar, configuración del negocio y perfiles de usuario.
              &lt;/div&gt;
            &lt;/div&gt;
          &lt;/div&gt;
        &lt;/div&gt;
        &lt;div
          class=&quot;px-6 space-y-4 pt-6&quot;
          data-slot=&quot;card-content&quot;
        &gt;
          &lt;div
            class=&quot;flex flex-wrap items-center gap-3&quot;
          &gt;
            &lt;button
              class=&quot;inline-flex items-center justify-center whitespace-nowrap rounded-md text-sm font-medium transition-all disabled:pointer-events-none disabled:opacity-50 [&amp;_svg]:pointer-events-none [&amp;_svg:not([class*=&apos;size-&apos;])]:size-4 shrink-0 [&amp;_svg]:shrink-0 outline-none focus-visible:border-ring focus-visible:ring-ring/50 focus-visible:ring-[3px] aria-invalid:ring-destructive/20 dark:aria-invalid:ring-destructive/40 aria-invalid:border-destructive bg-primary text-primary-foreground shadow-xs hover:bg-primary/90 h-9 px-4 py-2 has-[&gt;svg]:px-3 gap-2&quot;
              data-ocid=&quot;settings.local_backup.download_button&quot;
              data-slot=&quot;button&quot;
              type=&quot;button&quot;
            &gt;
              &lt;svg
                aria-hidden=&quot;true&quot;
                class=&quot;lucide lucide-download size-4&quot;
                fill=&quot;none&quot;
                height=&quot;24&quot;
                stroke=&quot;currentColor&quot;
                stroke-linecap=&quot;round&quot;
                stroke-linejoin=&quot;round&quot;
                stroke-width=&quot;2&quot;
                viewBox=&quot;0 0 24 24&quot;
                width=&quot;24&quot;
                xmlns=&quot;http://www.w3.org/2000/svg&quot;
              &gt;
                &lt;path
                  d=&quot;M12 15V3&quot;
                /&gt;
                &lt;path
                  d=&quot;M21 15v4a2 2 0 0 1-2 2H5a2 2 0 0 1-2-2v-4&quot;
                /&gt;
                &lt;path
                  d=&quot;m7 10 5 5 5-5&quot;
                /&gt;
              &lt;/svg&gt;
              Descargar copia local
            &lt;/button&gt;
          &lt;/div&gt;
          &lt;div
            class=&quot;flex flex-col items-start gap-3 rounded-md border border-destructive/30 bg-destructive/5 px-3 py-3&quot;
            data-ocid=&quot;settings.local_backup.error_state&quot;
          &gt;
            &lt;div
              class=&quot;flex items-start gap-2 text-sm text-destructive&quot;
            &gt;
              &lt;svg
                aria-hidden=&quot;true&quot;
                class=&quot;lucide lucide-triangle-alert mt-0.5 size-4 shrink-0&quot;
                fill=&quot;none&quot;
                height=&quot;24&quot;
                stroke=&quot;currentColor&quot;
                stroke-linecap=&quot;round&quot;
                stroke-linejoin=&quot;round&quot;
                stroke-width=&quot;2&quot;
                viewBox=&quot;0 0 24 24&quot;
                width=&quot;24&quot;
                xmlns=&quot;http://www.w3.org/2000/svg&quot;
              &gt;
                &lt;path
                  d=&quot;m21.73 18-8-14a2 2 0 0 0-3.48 0l-8 14A2 2 0 0 0 4 21h16a2 2 0 0 0 1.73-3&quot;
                /&gt;
                &lt;path
                  d=&quot;M12 9v4&quot;
                /&gt;
                &lt;path
                  d=&quot;M12 17h.01&quot;
                /&gt;
              &lt;/svg&gt;
              &lt;span&gt;
                El servidor no pudo avanzar al generar la copia local.
              &lt;/span&gt;
            &lt;/div&gt;
            &lt;button
              class=&quot;inline-flex items-center justify-center whitespace-nowrap text-sm font-medium transition-all disabled:pointer-events-none disabled:opacity-50 [&amp;_svg]:pointer-events-none [&amp;_svg:not([class*=&apos;size-&apos;])]:size-4 shrink-0 [&amp;_svg]:shrink-0 outline-none focus-visible:border-ring focus-visible:ring-ring/50 focus-visible:ring-[3px] aria-invalid:ring-destructive/20 dark:aria-invalid:ring-destructive/40 aria-invalid:border-destructive border bg-background shadow-xs hover:bg-accent hover:text-accent-foreground dark:bg-input/30 dark:border-input dark:hover:bg-input/50 h-8 rounded-md px-3 has-[&gt;svg]:px-2.5 gap-1.5&quot;
              data-ocid=&quot;settings.local_backup.retry_button&quot;
              data-slot=&quot;button&quot;
              type=&quot;button&quot;
            &gt;
              &lt;svg
                aria-hidden=&quot;true&quot;
                class=&quot;lucide lucide-refresh-cw size-3.5&quot;
                fill=&quot;none&quot;
                height=&quot;24&quot;
                stroke=&quot;currentColor&quot;
                stroke-linecap=&quot;round&quot;
                stroke-linejoin=&quot;round&quot;
                stroke-width=&quot;2&quot;
                viewBox=&quot;0 0 24 24&quot;
                width=&quot;24&quot;
                xmlns=&quot;http://www.w3.org/2000/svg&quot;
              &gt;
                &lt;path
                  d=&quot;M3 12a9 9 0 0 1 9-9 9.75 9.75 0 0 1 6.74 2.74L21 8&quot;
                /&gt;
                &lt;path
                  d=&quot;M21 3v5h-5&quot;
                /&gt;
                &lt;path
                  d=&quot;M21 12a9 9 0 0 1-9 9 9.75 9.75 0 0 1-6.74-2.74L3 16&quot;
                /&gt;
                &lt;path
                  d=&quot;M8 16H3v5&quot;
                /&gt;
              &lt;/svg&gt;
              Reintentar descarga
            &lt;/button&gt;
          &lt;/div&gt;
        &lt;/div&gt;
      &lt;/div&gt;
    &lt;/div&gt;
  &lt;/body&gt;
&lt;/html&gt;
 ❯ src/components/LocalBackupCard.test.tsx:256:42
 ❯ runWithExpensiveErrorDiagnosticsDisabled ../../../../../../opt/pnpm-templates/build_template/node_modules/.pnpm/@testing-library+dom@10.4.2/node_modules/@testing-library/dom/dist/config.js:47:12
 ❯ checkCallback ../../../../../../opt/pnpm-templates/build_template/node_modules/.pnpm/@testing-library+dom@10.4.2/node_modules/@testing-library/dom/dist/wait-for.js:124:77
 ❯ Timeout.checkRealTimersCallback ../../../../../../opt/pnpm-templates/build_template/node_modules/.pnpm/@testing-library+dom@10.4.2/node_modules/@testing-library/dom/dist/wait-for.js:118:16
            </failure>
        </testcase>
        <testcase classname="src/components/LocalBackupCard.test.tsx" name="LocalBackupCard &gt; uses the backend file name, which carries the generation date and time" time="0.016953169">
        </testcase>
        <testcase classname="src/components/LocalBackupCard.test.tsx" name="LocalBackupCard &gt; shows a loading state and disables the button while the copy is generated" time="0.018518428">
        </testcase>
        <testcase classname="src/components/LocalBackupCard.test.tsx" name="LocalBackupCard &gt; confirms the download with the file name and generation time" time="0.016338853">
        </testcase>
        <testcase classname="src/components/LocalBackupCard.test.tsx" name="LocalBackupCard &gt; shows a Spanish error message and a retry when the download fails" time="0.016537814">
        </testcase>
        <testcase classname="src/components/LocalBackupCard.test.tsx" name="LocalBackupCard &gt; falls back to a Spanish message when the failure carries no message" time="0.015396181">
        </testcase>
        <testcase classname="src/components/LocalBackupCard.test.tsx" name="LocalBackupCard &gt; retries the download from the error state" time="0.027467513">
        </testcase>
    </testsuite>
    <testsuite name="src/components/LoginScreen.test.tsx" timestamp="2026-09-25T20:55:14.511Z" hostname="2a82af66d266" tests="7" failures="0" errors="0" skipped="0" time="0.46429891">
        <testcase classname="src/components/LoginScreen.test.tsx" name="LoginScreen &gt; keeps the submit button disabled until both fields are filled" time="0.131292101">
        </testcase>
        <testcase classname="src/components/LoginScreen.test.tsx" name="LoginScreen &gt; logs in with the trimmed username and the raw password" time="0.110098196">
        </testcase>
        <testcase classname="src/components/LoginScreen.test.tsx" name="LoginScreen &gt; shows the invalid-credentials message when the login is rejected" time="0.065357307">
        </testcase>
        <testcase classname="src/components/LoginScreen.test.tsx" name="LoginScreen &gt; shows the deactivated-account message for an inactive account" time="0.066848225">
        </testcase>
        <testcase classname="src/components/LoginScreen.test.tsx" name="LoginScreen &gt; shows the generic message for an unrecognized failure" time="0.06470474">
        </testcase>
        <testcase classname="src/components/LoginScreen.test.tsx" name="LoginScreen &gt; toggles the password visibility" time="0.013508136">
        </testcase>
        <testcase classname="src/components/LoginScreen.test.tsx" name="LoginScreen &gt; offers the Internet Identity admin entry" time="0.011398543">
        </testcase>
    </testsuite>
    <testsuite name="src/components/NotifyCustomerDialog.test.tsx" timestamp="2026-09-25T20:55:14.512Z" hostname="2a82af66d266" tests="6" failures="0" errors="0" skipped="0" time="0.340547991">
        <testcase classname="src/components/NotifyCustomerDialog.test.tsx" name="NotifyCustomerDialog &gt; prefills the recipient, subject and message" time="0.083654081">
        </testcase>
        <testcase classname="src/components/NotifyCustomerDialog.test.tsx" name="NotifyCustomerDialog &gt; sends the notification with the customer, source and edited draft" time="0.159983616">
        </testcase>
        <testcase classname="src/components/NotifyCustomerDialog.test.tsx" name="NotifyCustomerDialog &gt; blocks sending when the customer has no email" time="0.011883028">
        </testcase>
        <testcase classname="src/components/NotifyCustomerDialog.test.tsx" name="NotifyCustomerDialog &gt; shows a clear error when the backend reports the send failed" time="0.026161923">
        </testcase>
        <testcase classname="src/components/NotifyCustomerDialog.test.tsx" name="NotifyCustomerDialog &gt; shows a clear error when the send rejects" time="0.025535337">
        </testcase>
        <testcase classname="src/components/NotifyCustomerDialog.test.tsx" name="NotifyCustomerDialog &gt; blocks an empty subject or message" time="0.032263034">
        </testcase>
    </testsuite>
    <testsuite name="src/components/RequireAdmin.test.tsx" timestamp="2026-09-25T20:55:14.514Z" hostname="2a82af66d266" tests="4" failures="0" errors="0" skipped="0" time="0.037908932">
        <testcase classname="src/components/RequireAdmin.test.tsx" name="RequireAdmin &gt; renders children for an administrator" time="0.016757531">
        </testcase>
        <testcase classname="src/components/RequireAdmin.test.tsx" name="RequireAdmin &gt; blocks a mechanic with an access-denied view" time="0.010923344">
        </testcase>
        <testcase classname="src/components/RequireAdmin.test.tsx" name="RequireAdmin &gt; shows a loading state while the role resolves" time="0.002675031">
        </testcase>
        <testcase classname="src/components/RequireAdmin.test.tsx" name="RequireAdmin &gt; offers a retry when the role query fails" time="0.006613746">
        </testcase>
    </testsuite>
    <testsuite name="src/components/WhatsAppNotifyButton.attachment.test.tsx" timestamp="2026-09-25T20:55:14.515Z" hostname="2a82af66d266" tests="3" failures="0" errors="0" skipped="0" time="0.199279762">
        <testcase classname="src/components/WhatsAppNotifyButton.attachment.test.tsx" name="WhatsAppNotifyButton attachment &gt; shows the attachment panel with the A4 and 80 mm formats" time="0.096892414">
        </testcase>
        <testcase classname="src/components/WhatsAppNotifyButton.attachment.test.tsx" name="WhatsAppNotifyButton attachment &gt; downloads the PDF in the chosen format and opens WhatsApp with the message" time="0.060921737">
        </testcase>
        <testcase classname="src/components/WhatsAppNotifyButton.attachment.test.tsx" name="WhatsAppNotifyButton attachment &gt; does not open WhatsApp when the PDF cannot be generated" time="0.040598231">
        </testcase>
    </testsuite>
    <testsuite name="src/components/WhatsAppNotifyButton.test.tsx" timestamp="2026-09-25T20:55:14.516Z" hostname="2a82af66d266" tests="6" failures="0" errors="0" skipped="0" time="0.389404017">
        <testcase classname="src/components/WhatsAppNotifyButton.test.tsx" name="WhatsAppNotifyButton &gt; builds a wa.me link with the digits of the phone and the encoded message" time="0.000814509">
        </testcase>
        <testcase classname="src/components/WhatsAppNotifyButton.test.tsx" name="WhatsAppNotifyButton &gt; asks the backend for the contact&apos;s phone and message on open" time="0.094341295">
        </testcase>
        <testcase classname="src/components/WhatsAppNotifyButton.test.tsx" name="WhatsAppNotifyButton &gt; opens WhatsApp with the edited message prefilled" time="0.211345702">
        </testcase>
        <testcase classname="src/components/WhatsAppNotifyButton.test.tsx" name="WhatsAppNotifyButton &gt; blocks the send and explains when the contact has no phone" time="0.026095603">
        </testcase>
        <testcase classname="src/components/WhatsAppNotifyButton.test.tsx" name="WhatsAppNotifyButton &gt; shows a clear error when the backend cannot prepare the message" time="0.024397303">
        </testcase>
        <testcase classname="src/components/WhatsAppNotifyButton.test.tsx" name="WhatsAppNotifyButton &gt; disables the send action when the message is emptied" time="0.031411995">
        </testcase>
    </testsuite>
    <testsuite name="src/lib/download.test.ts" timestamp="2026-09-25T20:55:14.518Z" hostname="2a82af66d266" tests="7" failures="0" errors="0" skipped="0" time="0.069663383">
        <testcase classname="src/lib/download.test.ts" name="downloadFile &gt; saves through the File System Access API when it is available" time="0.002367517">
        </testcase>
        <testcase classname="src/lib/download.test.ts" name="downloadFile &gt; treats a user cancel of the save dialog as a normal outcome" time="0.002467098">
        </testcase>
        <testcase classname="src/lib/download.test.ts" name="downloadFile &gt; falls back to the anchor path when the picker fails for another reason" time="0.003628512">
        </testcase>
        <testcase classname="src/lib/download.test.ts" name="downloadFile &gt; saves through an anchor with a download attribute and revokes the URL" time="0.053197435">
        </testcase>
        <testcase classname="src/lib/download.test.ts" name="downloadFile &gt; uses the legacy msSaveBlob guard when it is present" time="0.001567868">
        </testcase>
        <testcase classname="src/lib/download.test.ts" name="downloadFile &gt; rejects with a Spanish DownloadError when no save path exists" time="0.002426968">
        </testcase>
        <testcase classname="src/lib/download.test.ts" name="downloadFile &gt; normalizes string, Uint8Array and Blob data into a Blob" time="0.002991684">
        </testcase>
    </testsuite>
    <testsuite name="src/lib/format.test.ts" timestamp="2026-09-25T20:55:14.520Z" hostname="2a82af66d266" tests="15" failures="0" errors="0" skipped="0" time="0.004617584">
        <testcase classname="src/lib/format.test.ts" name="format helpers &gt; formats integer cents as Colombian pesos with no decimals" time="0.0008497">
        </testcase>
        <testcase classname="src/lib/format.test.ts" name="format helpers &gt; formats negative amounts with a leading sign" time="0.000199612">
        </testcase>
        <testcase classname="src/lib/format.test.ts" name="format helpers &gt; formats compact money for KPI tiles" time="0.000249463">
        </testcase>
        <testcase classname="src/lib/format.test.ts" name="format helpers &gt; formats whole numbers with Spanish thousands separators" time="0.000113411">
        </testcase>
        <testcase classname="src/lib/format.test.ts" name="format helpers &gt; formats a whole-percent tax rate without decimals" time="0.000098552">
        </testcase>
        <testcase classname="src/lib/format.test.ts" name="format helpers &gt; converts nanosecond timestamps to dates" time="0.000509566">
        </testcase>
        <testcase classname="src/lib/format.test.ts" name="format helpers &gt; renders dates and times in the fixed Colombia timezone" time="0.000535286">
        </testcase>
        <testcase classname="src/lib/format.test.ts" name="format helpers &gt; truncates long principals for dense tables" time="0.000192352">
        </testcase>
        <testcase classname="src/lib/format.test.ts" name="format helpers &gt; computes the DIAN módulo 11 check digit for a NIT" time="0.000208153">
        </testcase>
        <testcase classname="src/lib/format.test.ts" name="format helpers &gt; formats a NIT with its check digit and falls back without one" time="0.000256243">
        </testcase>
        <testcase classname="src/lib/format.test.ts" name="IVA regime helpers &gt; treats only responsableIva as IVA-responsible" time="0.000139571">
        </testcase>
        <testcase classname="src/lib/format.test.ts" name="IVA regime helpers &gt; treats an unknown or missing regime as not IVA-responsible" time="0.000097931">
        </testcase>
        <testcase classname="src/lib/format.test.ts" name="IVA regime helpers &gt; applies the configured rate only when the company is IVA-responsible" time="0.000104392">
        </testcase>
        <testcase classname="src/lib/format.test.ts" name="IVA regime helpers &gt; falls back to 0 when the rate is missing or empty" time="0.00006314">
        </testcase>
        <testcase classname="src/lib/format.test.ts" name="IVA regime helpers &gt; labels both fiscal regimes in Spanish" time="0.000060111">
        </testcase>
    </testsuite>
    <testsuite name="src/lib/lazy-libs.cover.test.ts" timestamp="2026-09-25T20:55:14.523Z" hostname="2a82af66d266" tests="5" failures="0" errors="0" skipped="0" time="0.357807185">
        <testcase classname="src/lib/lazy-libs.cover.test.ts" name="heavy libraries load on use, not at startup &gt; does not load the PDF libraries when the pdf module is imported" time="0.019436982">
        </testcase>
        <testcase classname="src/lib/lazy-libs.cover.test.ts" name="heavy libraries load on use, not at startup &gt; loads the PDF libraries only when a document is generated" time="0.036921691">
            <system-out>
Of the table content, 182 units width could not fit page

            </system-out>
        </testcase>
        <testcase classname="src/lib/lazy-libs.cover.test.ts" name="heavy libraries load on use, not at startup &gt; does not load ExcelJS when the xlsx module is imported" time="0.001592009">
        </testcase>
        <testcase classname="src/lib/lazy-libs.cover.test.ts" name="heavy libraries load on use, not at startup &gt; loads ExcelJS only when a spreadsheet is written" time="0.274553074">
        </testcase>
        <testcase classname="src/lib/lazy-libs.cover.test.ts" name="heavy libraries load on use, not at startup &gt; does not load recharts when the chart module is imported" time="0.024317297">
        </testcase>
    </testsuite>
    <testsuite name="src/lib/pdf.characterize.test.ts" timestamp="2026-09-25T20:55:14.525Z" hostname="2a82af66d266" tests="2" failures="0" errors="0" skipped="0" time="0.037511198">
        <testcase classname="src/lib/pdf.characterize.test.ts" name="contact document PDF generation (characterization) &gt; generates a real non-empty PDF and saves it under the ficha file name" time="0.034490124">
        </testcase>
        <testcase classname="src/lib/pdf.characterize.test.ts" name="contact document PDF generation (characterization) &gt; generates the 80mm tirilla variant for a receipt format" time="0.002088074">
        </testcase>
    </testsuite>
    <testsuite name="src/lib/pdf.logo.test.ts" timestamp="2026-09-25T20:55:14.525Z" hostname="2a82af66d266" tests="3" failures="0" errors="0" skipped="0" time="0.002175985">
        <testcase classname="src/lib/pdf.logo.test.ts" name="pdfCompanyFromProfile logo &gt; carries the persisted logo URL into the PDF company header" time="0.00093338">
        </testcase>
        <testcase classname="src/lib/pdf.logo.test.ts" name="pdfCompanyFromProfile logo &gt; omits the logo when the profile has none" time="0.000239473">
        </testcase>
        <testcase classname="src/lib/pdf.logo.test.ts" name="pdfCompanyFromProfile logo &gt; omits the logo when there is no profile at all" time="0.000151321">
        </testcase>
    </testsuite>
    <testsuite name="src/lib/upload-image.test.ts" timestamp="2026-09-25T20:55:14.526Z" hostname="2a82af66d266" tests="3" failures="0" errors="0" skipped="0" time="0.004367209">
        <testcase classname="src/lib/upload-image.test.ts" name="uploadImage &gt; uploads the bytes and resolves to the permanent gateway URL" time="0.001995382">
        </testcase>
        <testcase classname="src/lib/upload-image.test.ts" name="uploadImage &gt; forwards upload progress to the caller" time="0.000478436">
        </testcase>
        <testcase classname="src/lib/upload-image.test.ts" name="uploadImage &gt; rejects when the upload fails instead of returning a blob URL" time="0.001078962">
        </testcase>
    </testsuite>
    <testsuite name="src/lib/xlsx.test.ts" timestamp="2026-09-25T20:55:14.527Z" hostname="2a82af66d266" tests="10" failures="0" errors="0" skipped="0" time="0.152879572">
        <testcase classname="src/lib/xlsx.test.ts" name="xlsx helpers &gt; detects the .xlsx extension case-insensitively" time="0.001038441">
        </testcase>
        <testcase classname="src/lib/xlsx.test.ts" name="xlsx helpers &gt; writes a real .xlsx workbook with the given headers and rows" time="0.090579094">
        </testcase>
        <testcase classname="src/lib/xlsx.test.ts" name="xlsx helpers &gt; writes numeric-looking values as real numbers and identifiers as text" time="0.012612625">
        </testcase>
        <testcase classname="src/lib/xlsx.test.ts" name="xlsx helpers &gt; keeps a grouped-thousands string as text instead of misreading it as a decimal" time="0.01122916">
        </testcase>
        <testcase classname="src/lib/xlsx.test.ts" name="xlsx helpers &gt; writes a blank cell as blank rather than the string &apos;null&apos;" time="0.019457184">
        </testcase>
        <testcase classname="src/lib/xlsx.test.ts" name="xlsx helpers &gt; reads the first sheet of an .xlsx file with the first row as headers" time="0.008759691">
        </testcase>
        <testcase classname="src/lib/xlsx.test.ts" name="xlsx helpers &gt; parses a .csv file through the injected CSV parser" time="0.000470566">
        </testcase>
        <testcase classname="src/lib/xlsx.test.ts" name="xlsx helpers &gt; throws a Spanish error for a corrupt .xlsx file" time="0.001379336">
        </testcase>
        <testcase classname="src/lib/xlsx.test.ts" name="xlsx helpers &gt; throws a Spanish error for an .xlsx file with no data rows" time="0.005954219">
        </testcase>
        <testcase classname="src/lib/xlsx.test.ts" name="xlsx helpers &gt; throws a Spanish error when the CSV parser finds no rows" time="0.000428175">
        </testcase>
    </testsuite>
    <testsuite name="src/hooks/use-auth.session.test.tsx" timestamp="2026-09-25T20:55:14.530Z" hostname="2a82af66d266" tests="5" failures="0" errors="0" skipped="0" time="0.098822335">
        <testcase classname="src/hooks/use-auth.session.test.tsx" name="AuthProvider session lifecycle &gt; validates a stored token and exposes its user" time="0.023690813">
        </testcase>
        <testcase classname="src/hooks/use-auth.session.test.tsx" name="AuthProvider session lifecycle &gt; discards a stored token the backend no longer accepts" time="0.007968662">
        </testcase>
        <testcase classname="src/hooks/use-auth.session.test.tsx" name="AuthProvider session lifecycle &gt; stores the token and exposes the user after a successful login" time="0.044275498">
        </testcase>
        <testcase classname="src/hooks/use-auth.session.test.tsx" name="AuthProvider session lifecycle &gt; clears the stored token and the session on logout" time="0.01918785">
        </testcase>
        <testcase classname="src/hooks/use-auth.session.test.tsx" name="AuthProvider session lifecycle &gt; starts with no session when nothing is stored" time="0.002701281">
        </testcase>
    </testsuite>
    <testsuite name="src/hooks/use-fullscreen.test.tsx" timestamp="2026-09-25T20:55:14.531Z" hostname="2a82af66d266" tests="6" failures="0" errors="0" skipped="0" time="0.017724946">
        <testcase classname="src/hooks/use-fullscreen.test.tsx" name="useFullscreen &gt; reports the API as unsupported when no entry point exists" time="0.007658359">
        </testcase>
        <testcase classname="src/hooks/use-fullscreen.test.tsx" name="useFullscreen &gt; reports support and enters fullscreen through the standard API" time="0.002359517">
        </testcase>
        <testcase classname="src/hooks/use-fullscreen.test.tsx" name="useFullscreen &gt; leaves fullscreen through the standard API when already active" time="0.001335616">
        </testcase>
        <testcase classname="src/hooks/use-fullscreen.test.tsx" name="useFullscreen &gt; keeps the state accurate when the user leaves fullscreen with Escape" time="0.002541989">
        </testcase>
        <testcase classname="src/hooks/use-fullscreen.test.tsx" name="useFullscreen &gt; falls back to the webkit-prefixed API when the standard one is absent" time="0.001312356">
        </testcase>
        <testcase classname="src/hooks/use-fullscreen.test.tsx" name="useFullscreen &gt; does not throw when the browser rejects the fullscreen request" time="0.001589038">
        </testcase>
    </testsuite>
    <testsuite name="src/hooks/use-shared-data.characterize.test.tsx" timestamp="2026-09-25T20:55:14.532Z" hostname="2a82af66d266" tests="6" failures="0" errors="0" skipped="0" time="0.100373201">
        <testcase classname="src/hooks/use-shared-data.characterize.test.tsx" name="shared-data hooks (characterization) &gt; resolves the caller role and derives the administrator flag" time="0.025436629">
        </testcase>
        <testcase classname="src/hooks/use-shared-data.characterize.test.tsx" name="shared-data hooks (characterization) &gt; reports a mechanic as not an administrator" time="0.006508504">
        </testcase>
        <testcase classname="src/hooks/use-shared-data.characterize.test.tsx" name="shared-data hooks (characterization) &gt; resolves the company profile with its persisted logo" time="0.006586365">
        </testcase>
        <testcase classname="src/hooks/use-shared-data.characterize.test.tsx" name="shared-data hooks (characterization) &gt; refetches the company profile after a successful save" time="0.051668308">
        </testcase>
        <testcase classname="src/hooks/use-shared-data.characterize.test.tsx" name="shared-data hooks (characterization) &gt; resolves the Drive connection status for an administrator" time="0.005877817">
        </testcase>
        <testcase classname="src/hooks/use-shared-data.characterize.test.tsx" name="shared-data hooks (characterization) &gt; does not read the Drive status when the hook is disabled" time="0.003191817">
        </testcase>
    </testsuite>
    <testsuite name="src/components/purchase-invoices/invoice-review-panel.parsing.test.tsx" timestamp="2026-09-25T20:55:14.534Z" hostname="2a82af66d266" tests="13" failures="0" errors="0" skipped="0" time="0.281483409">
        <testcase classname="src/components/purchase-invoices/invoice-review-panel.parsing.test.tsx" name="review panel peso parsing &gt; parses a peso input with two decimals into integer cents" time="0.001012681">
        </testcase>
        <testcase classname="src/components/purchase-invoices/invoice-review-panel.parsing.test.tsx" name="review panel peso parsing &gt; returns null for an empty or separator-only input" time="0.000258053">
        </testcase>
        <testcase classname="src/components/purchase-invoices/invoice-review-panel.parsing.test.tsx" name="review panel peso parsing &gt; formats integer cents as a peso input with no thousands separators" time="0.000212382">
        </testcase>
        <testcase classname="src/components/purchase-invoices/invoice-review-panel.parsing.test.tsx" name="review panel peso parsing &gt; round-trips cents through the input format without drift" time="0.000304924">
        </testcase>
        <testcase classname="src/components/purchase-invoices/invoice-review-panel.parsing.test.tsx" name="review panel peso parsing &gt; parses a quantity input into a non-negative integer" time="0.000169192">
        </testcase>
        <testcase classname="src/components/purchase-invoices/invoice-review-panel.parsing.test.tsx" name="review panel peso parsing &gt; parses an IVA or discount percentage into a whole integer" time="0.000347634">
        </testcase>
        <testcase classname="src/components/purchase-invoices/invoice-review-panel.parsing.test.tsx" name="review panel peso parsing &gt; derives the line total from quantity, cost, IVA and discount" time="0.000184192">
        </testcase>
        <testcase classname="src/components/purchase-invoices/invoice-review-panel.parsing.test.tsx" name="review panel preloaded editable table &gt; preloads the extracted header and line into editable inputs" time="0.058578885">
        </testcase>
        <testcase classname="src/components/purchase-invoices/invoice-review-panel.parsing.test.tsx" name="review panel preloaded editable table &gt; reports edits to the NIT, payment fields, IVA, discount and total" time="0.130708175">
        </testcase>
        <testcase classname="src/components/purchase-invoices/invoice-review-panel.parsing.test.tsx" name="review panel preloaded editable table &gt; reports each edited field through onLineChange" time="0.032230296">
        </testcase>
        <testcase classname="src/components/purchase-invoices/invoice-review-panel.parsing.test.tsx" name="review panel preloaded editable table &gt; adds and removes lines through the panel actions" time="0.031649279">
        </testcase>
        <testcase classname="src/components/purchase-invoices/invoice-review-panel.parsing.test.tsx" name="review panel preloaded editable table &gt; shows the empty-lines state with an add action when there are no lines" time="0.01140709">
        </testcase>
        <testcase classname="src/components/purchase-invoices/invoice-review-panel.parsing.test.tsx" name="review panel preloaded editable table &gt; computes the running total from the edited quantity and cost" time="0.012957917">
        </testcase>
    </testsuite>
    <testsuite name="src/pages/AccountingPage.test.tsx" timestamp="2026-09-25T20:55:14.537Z" hostname="2a82af66d266" tests="43" failures="4" errors="0" skipped="0" time="3.881578381">
        <testcase classname="src/pages/AccountingPage.test.tsx" name="AccountingPage &gt; renders the four KPI cards from the report summary" time="0.120508896">
        </testcase>
        <testcase classname="src/pages/AccountingPage.test.tsx" name="AccountingPage &gt; renders the expense-category and payment-method breakdowns" time="0.040206213">
        </testcase>
        <testcase classname="src/pages/AccountingPage.test.tsx" name="AccountingPage &gt; shows an empty breakdown message when the period has no rows" time="0.009637663">
        </testcase>
        <testcase classname="src/pages/AccountingPage.test.tsx" name="AccountingPage &gt; lists ledger entries newest first with a signed amount and kind badge" time="0.026889033">
        </testcase>
        <testcase classname="src/pages/AccountingPage.test.tsx" name="AccountingPage &gt; renders an empty ledger state when the period has no movements" time="0.029951602">
        </testcase>
        <testcase classname="src/pages/AccountingPage.test.tsx" name="AccountingPage &gt; renders an error state with a retry when the report fails to load" time="0.027061236">
        </testcase>
        <testcase classname="src/pages/AccountingPage.test.tsx" name="AccountingPage &gt; queries the backend with no period bounds on first load" time="0.015388446">
            <failure message="expected null to deeply equal { from: undefined, to: undefined }" type="AssertionError">
AssertionError: expected null to deeply equal { from: undefined, to: undefined }

- Expected: 
{
  &quot;from&quot;: undefined,
  &quot;to&quot;: undefined,
}

+ Received: 
null

 ❯ src/pages/AccountingPage.test.tsx:385:54
            </failure>
        </testcase>
        <testcase classname="src/pages/AccountingPage.test.tsx" name="AccountingPage &gt; applies a period preset and sends the resolved range to the backend" time="1.100374685">
            <failure message="Cannot read properties of null (reading &apos;from&apos;)

Ignored nodes: comments, script, style
[36m&lt;html&gt;[39m
  [36m&lt;head /&gt;[39m
  [36m&lt;body&gt;[39m
    [36m&lt;div&gt;[39m
      [36m&lt;div[39m
        [33mclass[39m=[32m&quot;mx-auto w-full max-w-7xl animate-fade-in space-y-5&quot;[39m
        [33mdata-ocid[39m=[32m&quot;accounting.page&quot;[39m
      [36m&gt;[39m
        [36m&lt;header[39m
          [33mclass[39m=[32m&quot;space-y-4&quot;[39m
        [36m&gt;[39m
          [36m&lt;div[39m
            [33mclass[39m=[32m&quot;flex flex-wrap items-start justify-between gap-3&quot;[39m
          [36m&gt;[39m
            [36m&lt;div[39m
              [33mclass[39m=[32m&quot;min-w-0 space-y-1&quot;[39m
            [36m&gt;[39m
              [36m&lt;p[39m
                [33mclass[39m=[32m&quot;font-mono text-[10px] uppercase tracking-[0.18em] text-muted-foreground&quot;[39m
              [36m&gt;[39m
                [0mAdministración[0m
              [36m&lt;/p&gt;[39m
              [36m&lt;h1[39m
                [33mclass[39m=[32m&quot;font-display text-2xl font-semibold tracking-tight&quot;[39m
              [36m&gt;[39m
                [0mContabilidad[0m
              [36m&lt;/h1&gt;[39m
              [36m&lt;p[39m
                [33mclass[39m=[32m&quot;max-w-2xl text-sm text-muted-foreground&quot;[39m
              [36m&gt;[39m
                [0mIngresos, gastos y utilidad del taller por periodo, con libro de movimientos y desgloses.[0m
              [36m&lt;/p&gt;[39m
            [36m&lt;/div&gt;[39m
            [36m&lt;div[39m
              [33mclass[39m=[32m&quot;flex shrink-0 flex-wrap items-center gap-2&quot;[39m
            [36m&gt;[39m
              [36m&lt;button[39m
                [33mclass[39m=[32m&quot;inline-flex items-center justify-center whitespace-nowrap rounded-md text-sm font-medium transition-all disabled:pointer-events-none disabled:opacity-50 [&amp;_svg]:pointer-events-none [&amp;_svg:not([class*=&apos;size-&apos;])]:size-4 shrink-0 [&amp;_svg]:shrink-0 outline-none focus-visible:border-ring focus-visible:ring-ring/50 focus-visible:ring-[3px] aria-invalid:ring-destructive/20 dark:aria-invalid:ring-destructive/40 aria-invalid:border-destructive border bg-background shadow-xs hover:bg-accent hover:text-accent-foreground dark:bg-input/30 dark:border-input dark:hover:bg-input/50 h-9 px-4 py-2 has-[&gt;svg]:px-3 gap-2&quot;[39m
                [33mdata-ocid[39m=[32m&quot;accounting.export_button&quot;[39m
                [33mdata-slot[39m=[32m&quot;button&quot;[39m
                [33mtype[39m=[32m&quot;button&quot;[39m
              [36m&gt;[39m
                [36m&lt;svg[39m
                  [33maria-hidden[39m=[32m&quot;true&quot;[39m
                  [33mclass[39m=[32m&quot;lucide lucide-download size-4&quot;[39m
                  [33mfill[39m=[32m&quot;none&quot;[39m
                  [33mheight[39m=[32m&quot;24&quot;[39m
                  [33mstroke[39m=[32m&quot;currentColor&quot;[39m
                  [33mstroke-linecap[39m=[32m&quot;round&quot;[39m
                  [33mstroke-linejoin[39m=[32m&quot;round&quot;[39m
                  [33mstroke-width[39m=[32m&quot;2&quot;[39m
                  [33mviewBox[39m=[32m&quot;0 0 24 24&quot;[39m
                  [33mwidth[39m=[32m&quot;24&quot;[39m
                  [33mxmlns[39m=[32m&quot;http://www.w3.org/2000/svg&quot;[39m
                [36m&gt;[39m
                  [36m&lt;path[39m
                    [33md[39m=[32m&quot;M12 15V3&quot;[39m
                  [36m/&gt;[39m
                  [36m&lt;path[39m
                    [33md[39m=[32m&quot;M21 15v4a2 2 0 0 1-2 2H5a2 2 0 0 1-2-2v-4&quot;[39m
                  [36m/&gt;[39m
                  [36m&lt;path[39m
                    [33md[39m=[32m&quot;m7 10 5 5 5-5&quot;[39m
                  [36m/&gt;[39m
                [36m&lt;/svg&gt;[39m
                [0mExportar resumen Excel[0m
              [36m&lt;/button&gt;[39m
            [36m&lt;/div&gt;[39m
          [36m&lt;/div&gt;[39m
        [36m&lt;/header&gt;[39m
        [36m&lt;section[39m
          [33mclass[39m=[32m&quot;rounded-lg border border-border bg-card p-3 shadow-subtle&quot;[39m
          [33mdata-ocid[39m=[32m&quot;accounting.filters&quot;[39m
        [36m&gt;[39m
          [36m&lt;div[39m
            [33mclass[39m=[32m&quot;flex flex-wrap items-end gap-2&quot;[39m
          [36m&gt;[39m
            [36m&lt;div[39m
              [33mclass[39m=[32m&quot;flex flex-wrap items-center gap-1.5&quot;[39m
            [36m&gt;[39m
              [36m&lt;button[39m
                [33mclass[39m=[32m&quot;inline-flex items-center justify-center whitespace-nowrap text-sm font-medium transition-all disabled:pointer-events-none disabled:opacity-50 [&amp;_svg]:pointer-events-none [&amp;_svg:not([class*=&apos;size-&apos;])]:size-4 shrink-0 [&amp;_svg]:shrink-0 outline-none focus-visible:border-ring focus-visible:ring-ring/50 focus-visible:ring-[3px] aria-invalid:ring-destructive/20 dark:aria-invalid:ring-destructive/40 aria-invalid:border-destructive bg-primary text-primary-foreground shadow-xs hover:bg-primary/90 h-8 rounded-md gap-1.5 px-3 has-[&gt;svg]:px-2.5&quot;[39m
                [33mdata-ocid[39m=[32m&quot;accounting.period.month&quot;[39m
                [33mdata-slot[39m=[32m&quot;button&quot;[39m
                [33mtype[39m=[32m&quot;button&quot;[39m
              [36m&gt;[39m
                [0mEste mes[0m
              [36m&lt;/button&gt;[39m
              [36m&lt;button[39m
                [33mclass[39m=[32m&quot;inline-flex items-center justify-center whitespace-nowrap text-sm font-medium transition-all disabled:pointer-events-none disabled:opacity-50 [&amp;_svg]:pointer-events-none [&amp;_svg:not([class*=&apos;size-&apos;])]:size-4 shrink-0 [&amp;_svg]:shrink-0 outline-none focus-visible:border-ring focus-visible:ring-ring/50 focus-visible:ring-[3px] aria-invalid:ring-destructive/20 dark:aria-invalid:ring-destructive/40 aria-invalid:border-destructive border bg-background shadow-xs hover:bg-accent hover:text-accent-foreground dark:bg-input/30 dark:border-input dark:hover:bg-input/50 h-8 rounded-md gap-1.5 px-3 has-[&gt;svg]:px-2.5&quot;[39m
                [33mdata-ocid[39m=[32m&quot;accounting.period.quarter&quot;[39m
                [33mdata-slot[39m=[32m&quot;button&quot;[39m
                [33mtype[39m=[32m&quot;button&quot;[39m
              [36m&gt;[39m
                [0mTrimestre[0m
              [36m&lt;/button&gt;[39m
              [36m&lt;button[39m
                [33mclass[39m=[32m&quot;inline-flex items-center justify-center whitespace-nowrap text-sm font-medium transition-all disabled:pointer-events-none disabled:opacity-50 [&amp;_svg]:pointer-events-none [&amp;_svg:not([class*=&apos;size-&apos;])]:size-4 shrink-0 [&amp;_svg]:shrink-0 outline-none focus-visible:border-ring focus-visible:ring-ring/50 focus-visible:ring-[3px] aria-invalid:ring-destructive/20 dark:aria-invalid:ring-destructive/40 aria-invalid:border-destructive border bg-background shadow-xs hover:bg-accent hover:text-accent-foreground dark:bg-input/30 dark:border-input dark:hover:bg-input/50 h-8 rounded-md gap-1.5 px-3 has-[&gt;svg]:px-2.5&quot;[39m
                [33mdata-ocid[39m=[32m&quot;accounting.period.year&quot;[39m
                [33mdata-slot[39m=[32m&quot;button&quot;[39m
                [33mtype[39m=[32m&quot;button&quot;[39m
              [36m&gt;[39m
                [0mEste año[0m
              [36m&lt;/button&gt;[39m
              [36m&lt;button[39m
                [33mclass[39m=[32m&quot;i..." type="TypeError">
TypeError: Cannot read properties of null (reading &apos;from&apos;)

Ignored nodes: comments, script, style
&lt;html&gt;
  &lt;head /&gt;
  &lt;body&gt;
    &lt;div&gt;
      &lt;div
        class=&quot;mx-auto w-full max-w-7xl animate-fade-in space-y-5&quot;
        data-ocid=&quot;accounting.page&quot;
      &gt;
        &lt;header
          class=&quot;space-y-4&quot;
        &gt;
          &lt;div
            class=&quot;flex flex-wrap items-start justify-between gap-3&quot;
          &gt;
            &lt;div
              class=&quot;min-w-0 space-y-1&quot;
            &gt;
              &lt;p
                class=&quot;font-mono text-[10px] uppercase tracking-[0.18em] text-muted-foreground&quot;
              &gt;
                Administración
              &lt;/p&gt;
              &lt;h1
                class=&quot;font-display text-2xl font-semibold tracking-tight&quot;
              &gt;
                Contabilidad
              &lt;/h1&gt;
              &lt;p
                class=&quot;max-w-2xl text-sm text-muted-foreground&quot;
              &gt;
                Ingresos, gastos y utilidad del taller por periodo, con libro de movimientos y desgloses.
              &lt;/p&gt;
            &lt;/div&gt;
            &lt;div
              class=&quot;flex shrink-0 flex-wrap items-center gap-2&quot;
            &gt;
              &lt;button
                class=&quot;inline-flex items-center justify-center whitespace-nowrap rounded-md text-sm font-medium transition-all disabled:pointer-events-none disabled:opacity-50 [&amp;_svg]:pointer-events-none [&amp;_svg:not([class*=&apos;size-&apos;])]:size-4 shrink-0 [&amp;_svg]:shrink-0 outline-none focus-visible:border-ring focus-visible:ring-ring/50 focus-visible:ring-[3px] aria-invalid:ring-destructive/20 dark:aria-invalid:ring-destructive/40 aria-invalid:border-destructive border bg-background shadow-xs hover:bg-accent hover:text-accent-foreground dark:bg-input/30 dark:border-input dark:hover:bg-input/50 h-9 px-4 py-2 has-[&gt;svg]:px-3 gap-2&quot;
                data-ocid=&quot;accounting.export_button&quot;
                data-slot=&quot;button&quot;
                type=&quot;button&quot;
              &gt;
                &lt;svg
                  aria-hidden=&quot;true&quot;
                  class=&quot;lucide lucide-download size-4&quot;
                  fill=&quot;none&quot;
                  height=&quot;24&quot;
                  stroke=&quot;currentColor&quot;
                  stroke-linecap=&quot;round&quot;
                  stroke-linejoin=&quot;round&quot;
                  stroke-width=&quot;2&quot;
                  viewBox=&quot;0 0 24 24&quot;
                  width=&quot;24&quot;
                  xmlns=&quot;http://www.w3.org/2000/svg&quot;
                &gt;
                  &lt;path
                    d=&quot;M12 15V3&quot;
                  /&gt;
                  &lt;path
                    d=&quot;M21 15v4a2 2 0 0 1-2 2H5a2 2 0 0 1-2-2v-4&quot;
                  /&gt;
                  &lt;path
                    d=&quot;m7 10 5 5 5-5&quot;
                  /&gt;
                &lt;/svg&gt;
                Exportar resumen Excel
              &lt;/button&gt;
            &lt;/div&gt;
          &lt;/div&gt;
        &lt;/header&gt;
        &lt;section
          class=&quot;rounded-lg border border-border bg-card p-3 shadow-subtle&quot;
          data-ocid=&quot;accounting.filters&quot;
        &gt;
          &lt;div
            class=&quot;flex flex-wrap items-end gap-2&quot;
          &gt;
            &lt;div
              class=&quot;flex flex-wrap items-center gap-1.5&quot;
            &gt;
              &lt;button
                class=&quot;inline-flex items-center justify-center whitespace-nowrap text-sm font-medium transition-all disabled:pointer-events-none disabled:opacity-50 [&amp;_svg]:pointer-events-none [&amp;_svg:not([class*=&apos;size-&apos;])]:size-4 shrink-0 [&amp;_svg]:shrink-0 outline-none focus-visible:border-ring focus-visible:ring-ring/50 focus-visible:ring-[3px] aria-invalid:ring-destructive/20 dark:aria-invalid:ring-destructive/40 aria-invalid:border-destructive bg-primary text-primary-foreground shadow-xs hover:bg-primary/90 h-8 rounded-md gap-1.5 px-3 has-[&gt;svg]:px-2.5&quot;
                data-ocid=&quot;accounting.period.month&quot;
                data-slot=&quot;button&quot;
                type=&quot;button&quot;
              &gt;
                Este mes
              &lt;/button&gt;
              &lt;button
                class=&quot;inline-flex items-center justify-center whitespace-nowrap text-sm font-medium transition-all disabled:pointer-events-none disabled:opacity-50 [&amp;_svg]:pointer-events-none [&amp;_svg:not([class*=&apos;size-&apos;])]:size-4 shrink-0 [&amp;_svg]:shrink-0 outline-none focus-visible:border-ring focus-visible:ring-ring/50 focus-visible:ring-[3px] aria-invalid:ring-destructive/20 dark:aria-invalid:ring-destructive/40 aria-invalid:border-destructive border bg-background shadow-xs hover:bg-accent hover:text-accent-foreground dark:bg-input/30 dark:border-input dark:hover:bg-input/50 h-8 rounded-md gap-1.5 px-3 has-[&gt;svg]:px-2.5&quot;
                data-ocid=&quot;accounting.period.quarter&quot;
                data-slot=&quot;button&quot;
                type=&quot;button&quot;
              &gt;
                Trimestre
              &lt;/button&gt;
              &lt;button
                class=&quot;inline-flex items-center justify-center whitespace-nowrap text-sm font-medium transition-all disabled:pointer-events-none disabled:opacity-50 [&amp;_svg]:pointer-events-none [&amp;_svg:not([class*=&apos;size-&apos;])]:size-4 shrink-0 [&amp;_svg]:shrink-0 outline-none focus-visible:border-ring focus-visible:ring-ring/50 focus-visible:ring-[3px] aria-invalid:ring-destructive/20 dark:aria-invalid:ring-destructive/40 aria-invalid:border-destructive border bg-background shadow-xs hover:bg-accent hover:text-accent-foreground dark:bg-input/30 dark:border-input dark:hover:bg-input/50 h-8 rounded-md gap-1.5 px-3 has-[&gt;svg]:px-2.5&quot;
                data-ocid=&quot;accounting.period.year&quot;
                data-slot=&quot;button&quot;
                type=&quot;button&quot;
              &gt;
                Este año
              &lt;/button&gt;
              &lt;button
                class=&quot;i...
 ❯ src/pages/AccountingPage.test.tsx:410:23
 ❯ runWithExpensiveErrorDiagnosticsDisabled ../../../../../../opt/pnpm-templates/build_template/node_modules/.pnpm/@testing-library+dom@10.4.2/node_modules/@testing-library/dom/dist/config.js:47:12
 ❯ checkCallback ../../../../../../opt/pnpm-templates/build_template/node_modules/.pnpm/@testing-library+dom@10.4.2/node_modules/@testing-library/dom/dist/wait-for.js:124:77
 ❯ Timeout.checkRealTimersCallback ../../../../../../opt/pnpm-templates/build_template/node_modules/.pnpm/@testing-library+dom@10.4.2/node_modules/@testing-library/dom/dist/wait-for.js:118:16
            </failure>
        </testcase>
        <testcase classname="src/pages/AccountingPage.test.tsx" name="AccountingPage &gt; clears the active period filters" time="0.092674371">
        </testcase>
        <testcase classname="src/pages/AccountingPage.test.tsx" name="AccountingPage &gt; exports the summary as an Excel download" time="0.046189248">
        </testcase>
        <testcase classname="src/pages/AccountingPage.test.tsx" name="AccountingPage &gt; exports the summary with Concepto and Monto rows for the period" time="0.053444111">
        </testcase>
        <testcase classname="src/pages/AccountingPage.test.tsx" name="AccountingPage &gt; exports the selected period bounds in the summary rows" time="0.140161287">
        </testcase>
        <testcase classname="src/pages/AccountingPage.test.tsx" name="AccountingPage &gt; renders the valuation section below the period report" time="0.006568644">
        </testcase>
        <testcase classname="src/pages/AccountingPage.test.tsx" name="AccountingPage &gt; shows cost, sale and margin summary cards from the valuation totals" time="0.02195996">
        </testcase>
        <testcase classname="src/pages/AccountingPage.test.tsx" name="AccountingPage &gt; renders a per-part row with cost, sale and margin values" time="0.022240633">
        </testcase>
        <testcase classname="src/pages/AccountingPage.test.tsx" name="AccountingPage &gt; renders the category breakdown with the same totals as the summary" time="0.023754662">
        </testcase>
        <testcase classname="src/pages/AccountingPage.test.tsx" name="AccountingPage &gt; filters the table by SKU and reflects the term in the URL" time="0.38208491">
        </testcase>
        <testcase classname="src/pages/AccountingPage.test.tsx" name="AccountingPage &gt; filters the table rows by the search term from the URL" time="0.014289522">
        </testcase>
        <testcase classname="src/pages/AccountingPage.test.tsx" name="AccountingPage &gt; sorts the table when a sortable header is clicked" time="0.050261421">
        </testcase>
        <testcase classname="src/pages/AccountingPage.test.tsx" name="AccountingPage &gt; shows the empty state when the inventory has no valued parts" time="0.020571162">
        </testcase>
        <testcase classname="src/pages/AccountingPage.test.tsx" name="AccountingPage &gt; renders an error state with a retry when the valuation fails to load" time="0.013271039">
        </testcase>
        <testcase classname="src/pages/AccountingPage.test.tsx" name="AccountingPage &gt; exports the valuation as an Excel workbook with one row per part plus totals" time="0.031963187">
        </testcase>
        <testcase classname="src/pages/AccountingPage.test.tsx" name="AccountingPage &gt; keeps the valuation table horizontally scrollable on small screens" time="0.017531594">
        </testcase>
        <testcase classname="src/pages/AccountingPage.test.tsx" name="AccountingPage &gt; keeps the period report usable when the valuation query fails" time="0.012894194">
        </testcase>
        <testcase classname="src/pages/AccountingPage.test.tsx" name="AccountingPage &gt; keeps the valuation section usable when the period report fails" time="0.024623174">
        </testcase>
        <testcase classname="src/pages/AccountingPage.test.tsx" name="AccountingPage &gt; requests the valuation snapshot with no period arguments" time="0.017138199">
            <failure message="expected [ null ] to deeply equal []" type="AssertionError">
AssertionError: expected [ null ] to deeply equal []

- Expected
+ Received

- []
+ [
+   null,
+ ]

 ❯ src/pages/AccountingPage.test.tsx:922:53
            </failure>
        </testcase>
        <testcase classname="src/pages/AccountingPage.test.tsx" name="AccountingPage &gt; renders the valuation money values in COP format from the backend payload" time="0.016549871">
        </testcase>
        <testcase classname="src/pages/AccountingPage.test.tsx" name="AccountingPage &gt; filters the valuation rows by the category from the URL" time="0.022669169">
        </testcase>
        <testcase classname="src/pages/AccountingPage.test.tsx" name="AccountingPage &gt; clears the valuation filters and removes them from the URL" time="0.051175513">
        </testcase>
        <testcase classname="src/pages/AccountingPage.test.tsx" name="AccountingPage &gt; renders the formal document with the company header and cutoff date" time="0.028800177">
        </testcase>
        <testcase classname="src/pages/AccountingPage.test.tsx" name="AccountingPage &gt; renders the company logo in the valuation document header when configured" time="0.025498155">
        </testcase>
        <testcase classname="src/pages/AccountingPage.test.tsx" name="AccountingPage &gt; omits the logo from the valuation document header when none is configured" time="0.024752845">
        </testcase>
        <testcase classname="src/pages/AccountingPage.test.tsx" name="AccountingPage &gt; renders the signature block with elaboró, revisó and aprobó lines" time="0.029393985">
        </testcase>
        <testcase classname="src/pages/AccountingPage.test.tsx" name="AccountingPage &gt; opens the print dialog from the print/PDF action" time="0.033918152">
        </testcase>
        <testcase classname="src/pages/AccountingPage.test.tsx" name="AccountingPage &gt; shows a zero-stock part with zero cost, sale and margin" time="0.022192813">
        </testcase>
        <testcase classname="src/pages/AccountingPage.test.tsx" name="AccountingPage &gt; renders a negative margin with its sign and a zero percentage" time="0.023094164">
        </testcase>
        <testcase classname="src/pages/AccountingPage.test.tsx" name="AccountingPage &gt; renders the accepted COP totals and a margin equal to sale minus cost" time="0.03135492">
        </testcase>
        <testcase classname="src/pages/AccountingPage.test.tsx" name="AccountingPage &gt; repeats the three accepted totals in the formal document and the Excel TOTAL row" time="0.041460029">
        </testcase>
        <testcase classname="src/pages/AccountingPage.test.tsx" name="AccountingPage &gt; reconciles the totals footer with the rows and the category breakdown" time="0.019881743">
        </testcase>
        <testcase classname="src/pages/AccountingPage.test.tsx" name="AccountingPage &gt; renders the parts, services and consolidated profit blocks" time="0.024056847">
        </testcase>
        <testcase classname="src/pages/AccountingPage.test.tsx" name="AccountingPage &gt; shows each service line&apos;s profit as charged minus the technician commission" time="0.013519623">
        </testcase>
        <testcase classname="src/pages/AccountingPage.test.tsx" name="AccountingPage &gt; reconciles the consolidated profit block with the two sides" time="0.014364533">
        </testcase>
        <testcase classname="src/pages/AccountingPage.test.tsx" name="AccountingPage &gt; scopes the profit breakdown to the selected date range" time="1.095490257">
            <failure message="Cannot read properties of null (reading &apos;from&apos;)

Ignored nodes: comments, script, style
[36m&lt;html&gt;[39m
  [36m&lt;head /&gt;[39m
  [36m&lt;body&gt;[39m
    [36m&lt;div&gt;[39m
      [36m&lt;div[39m
        [33mclass[39m=[32m&quot;mx-auto w-full max-w-7xl animate-fade-in space-y-5&quot;[39m
        [33mdata-ocid[39m=[32m&quot;accounting.page&quot;[39m
      [36m&gt;[39m
        [36m&lt;header[39m
          [33mclass[39m=[32m&quot;space-y-4&quot;[39m
        [36m&gt;[39m
          [36m&lt;div[39m
            [33mclass[39m=[32m&quot;flex flex-wrap items-start justify-between gap-3&quot;[39m
          [36m&gt;[39m
            [36m&lt;div[39m
              [33mclass[39m=[32m&quot;min-w-0 space-y-1&quot;[39m
            [36m&gt;[39m
              [36m&lt;p[39m
                [33mclass[39m=[32m&quot;font-mono text-[10px] uppercase tracking-[0.18em] text-muted-foreground&quot;[39m
              [36m&gt;[39m
                [0mAdministración[0m
              [36m&lt;/p&gt;[39m
              [36m&lt;h1[39m
                [33mclass[39m=[32m&quot;font-display text-2xl font-semibold tracking-tight&quot;[39m
              [36m&gt;[39m
                [0mContabilidad[0m
              [36m&lt;/h1&gt;[39m
              [36m&lt;p[39m
                [33mclass[39m=[32m&quot;max-w-2xl text-sm text-muted-foreground&quot;[39m
              [36m&gt;[39m
                [0mIngresos, gastos y utilidad del taller por periodo, con libro de movimientos y desgloses.[0m
              [36m&lt;/p&gt;[39m
            [36m&lt;/div&gt;[39m
            [36m&lt;div[39m
              [33mclass[39m=[32m&quot;flex shrink-0 flex-wrap items-center gap-2&quot;[39m
            [36m&gt;[39m
              [36m&lt;button[39m
                [33mclass[39m=[32m&quot;inline-flex items-center justify-center whitespace-nowrap rounded-md text-sm font-medium transition-all disabled:pointer-events-none disabled:opacity-50 [&amp;_svg]:pointer-events-none [&amp;_svg:not([class*=&apos;size-&apos;])]:size-4 shrink-0 [&amp;_svg]:shrink-0 outline-none focus-visible:border-ring focus-visible:ring-ring/50 focus-visible:ring-[3px] aria-invalid:ring-destructive/20 dark:aria-invalid:ring-destructive/40 aria-invalid:border-destructive border bg-background shadow-xs hover:bg-accent hover:text-accent-foreground dark:bg-input/30 dark:border-input dark:hover:bg-input/50 h-9 px-4 py-2 has-[&gt;svg]:px-3 gap-2&quot;[39m
                [33mdata-ocid[39m=[32m&quot;accounting.export_button&quot;[39m
                [33mdata-slot[39m=[32m&quot;button&quot;[39m
                [33mtype[39m=[32m&quot;button&quot;[39m
              [36m&gt;[39m
                [36m&lt;svg[39m
                  [33maria-hidden[39m=[32m&quot;true&quot;[39m
                  [33mclass[39m=[32m&quot;lucide lucide-download size-4&quot;[39m
                  [33mfill[39m=[32m&quot;none&quot;[39m
                  [33mheight[39m=[32m&quot;24&quot;[39m
                  [33mstroke[39m=[32m&quot;currentColor&quot;[39m
                  [33mstroke-linecap[39m=[32m&quot;round&quot;[39m
                  [33mstroke-linejoin[39m=[32m&quot;round&quot;[39m
                  [33mstroke-width[39m=[32m&quot;2&quot;[39m
                  [33mviewBox[39m=[32m&quot;0 0 24 24&quot;[39m
                  [33mwidth[39m=[32m&quot;24&quot;[39m
                  [33mxmlns[39m=[32m&quot;http://www.w3.org/2000/svg&quot;[39m
                [36m&gt;[39m
                  [36m&lt;path[39m
                    [33md[39m=[32m&quot;M12 15V3&quot;[39m
                  [36m/&gt;[39m
                  [36m&lt;path[39m
                    [33md[39m=[32m&quot;M21 15v4a2 2 0 0 1-2 2H5a2 2 0 0 1-2-2v-4&quot;[39m
                  [36m/&gt;[39m
                  [36m&lt;path[39m
                    [33md[39m=[32m&quot;m7 10 5 5 5-5&quot;[39m
                  [36m/&gt;[39m
                [36m&lt;/svg&gt;[39m
                [0mExportar resumen Excel[0m
              [36m&lt;/button&gt;[39m
            [36m&lt;/div&gt;[39m
          [36m&lt;/div&gt;[39m
        [36m&lt;/header&gt;[39m
        [36m&lt;section[39m
          [33mclass[39m=[32m&quot;rounded-lg border border-border bg-card p-3 shadow-subtle&quot;[39m
          [33mdata-ocid[39m=[32m&quot;accounting.filters&quot;[39m
        [36m&gt;[39m
          [36m&lt;div[39m
            [33mclass[39m=[32m&quot;flex flex-wrap items-end gap-2&quot;[39m
          [36m&gt;[39m
            [36m&lt;div[39m
              [33mclass[39m=[32m&quot;flex flex-wrap items-center gap-1.5&quot;[39m
            [36m&gt;[39m
              [36m&lt;button[39m
                [33mclass[39m=[32m&quot;inline-flex items-center justify-center whitespace-nowrap text-sm font-medium transition-all disabled:pointer-events-none disabled:opacity-50 [&amp;_svg]:pointer-events-none [&amp;_svg:not([class*=&apos;size-&apos;])]:size-4 shrink-0 [&amp;_svg]:shrink-0 outline-none focus-visible:border-ring focus-visible:ring-ring/50 focus-visible:ring-[3px] aria-invalid:ring-destructive/20 dark:aria-invalid:ring-destructive/40 aria-invalid:border-destructive border bg-background shadow-xs hover:bg-accent hover:text-accent-foreground dark:bg-input/30 dark:border-input dark:hover:bg-input/50 h-8 rounded-md gap-1.5 px-3 has-[&gt;svg]:px-2.5&quot;[39m
                [33mdata-ocid[39m=[32m&quot;accounting.period.month&quot;[39m
                [33mdata-slot[39m=[32m&quot;button&quot;[39m
                [33mtype[39m=[32m&quot;button&quot;[39m
              [36m&gt;[39m
                [0mEste mes[0m
              [36m&lt;/button&gt;[39m
              [36m&lt;button[39m
                [33mclass[39m=[32m&quot;inline-flex items-center justify-center whitespace-nowrap text-sm font-medium transition-all disabled:pointer-events-none disabled:opacity-50 [&amp;_svg]:pointer-events-none [&amp;_svg:not([class*=&apos;size-&apos;])]:size-4 shrink-0 [&amp;_svg]:shrink-0 outline-none focus-visible:border-ring focus-visible:ring-ring/50 focus-visible:ring-[3px] aria-invalid:ring-destructive/20 dark:aria-invalid:ring-destructive/40 aria-invalid:border-destructive border bg-background shadow-xs hover:bg-accent hover:text-accent-foreground dark:bg-input/30 dark:border-input dark:hover:bg-input/50 h-8 rounded-md gap-1.5 px-3 has-[&gt;svg]:px-2.5&quot;[39m
                [33mdata-ocid[39m=[32m&quot;accounting.period.quarter&quot;[39m
                [33mdata-slot[39m=[32m&quot;button&quot;[39m
                [33mtype[39m=[32m&quot;button&quot;[39m
              [36m&gt;[39m
                [0mTrimestre[0m
              [36m&lt;/button&gt;[39m
              [36m&lt;button[39m
                [33mclass[39m=[32m&quot;inline-flex items-center justify-center whitespace-nowrap text-sm font-medium transition-all disabled:pointer-events-none disabled:opacity-50 [&amp;_svg]:pointer-events-none [&amp;_svg:not([class*=&apos;size-&apos;])]:size-4 shrink-0 [&amp;_svg]:shrink-0 outline-none focus-visible:border-ring focus-visible:ring-ring/50 focus-visible:ring-[3px] aria-invalid:ring-destructive/20 dark:aria-invalid:ring-destructive/40 aria-invalid:border-destructive border bg-background shadow-xs hover:bg-accent hover:text-accent-foreground dark:bg-input/30 dark:border-input dark:hover:bg-input/50 h-8 rounded-md gap-1.5 px-3 has-[&gt;svg]:px-2.5&quot;[39m
                [33mdata-ocid[39m=[32m&quot;accounting.period.year&quot;[39m
                [33mdata-slot[39m=[32m&quot;button&quot;[39m
                [33mtype[39m=[32m&quot;button&quot;[39m
              [36m&gt;[39m
                [0mEste año[0m
              [36m&lt;/button&gt;[39m
  ..." type="TypeError">
TypeError: Cannot read properties of null (reading &apos;from&apos;)

Ignored nodes: comments, script, style
&lt;html&gt;
  &lt;head /&gt;
  &lt;body&gt;
    &lt;div&gt;
      &lt;div
        class=&quot;mx-auto w-full max-w-7xl animate-fade-in space-y-5&quot;
        data-ocid=&quot;accounting.page&quot;
      &gt;
        &lt;header
          class=&quot;space-y-4&quot;
        &gt;
          &lt;div
            class=&quot;flex flex-wrap items-start justify-between gap-3&quot;
          &gt;
            &lt;div
              class=&quot;min-w-0 space-y-1&quot;
            &gt;
              &lt;p
                class=&quot;font-mono text-[10px] uppercase tracking-[0.18em] text-muted-foreground&quot;
              &gt;
                Administración
              &lt;/p&gt;
              &lt;h1
                class=&quot;font-display text-2xl font-semibold tracking-tight&quot;
              &gt;
                Contabilidad
              &lt;/h1&gt;
              &lt;p
                class=&quot;max-w-2xl text-sm text-muted-foreground&quot;
              &gt;
                Ingresos, gastos y utilidad del taller por periodo, con libro de movimientos y desgloses.
              &lt;/p&gt;
            &lt;/div&gt;
            &lt;div
              class=&quot;flex shrink-0 flex-wrap items-center gap-2&quot;
            &gt;
              &lt;button
                class=&quot;inline-flex items-center justify-center whitespace-nowrap rounded-md text-sm font-medium transition-all disabled:pointer-events-none disabled:opacity-50 [&amp;_svg]:pointer-events-none [&amp;_svg:not([class*=&apos;size-&apos;])]:size-4 shrink-0 [&amp;_svg]:shrink-0 outline-none focus-visible:border-ring focus-visible:ring-ring/50 focus-visible:ring-[3px] aria-invalid:ring-destructive/20 dark:aria-invalid:ring-destructive/40 aria-invalid:border-destructive border bg-background shadow-xs hover:bg-accent hover:text-accent-foreground dark:bg-input/30 dark:border-input dark:hover:bg-input/50 h-9 px-4 py-2 has-[&gt;svg]:px-3 gap-2&quot;
                data-ocid=&quot;accounting.export_button&quot;
                data-slot=&quot;button&quot;
                type=&quot;button&quot;
              &gt;
                &lt;svg
                  aria-hidden=&quot;true&quot;
                  class=&quot;lucide lucide-download size-4&quot;
                  fill=&quot;none&quot;
                  height=&quot;24&quot;
                  stroke=&quot;currentColor&quot;
                  stroke-linecap=&quot;round&quot;
                  stroke-linejoin=&quot;round&quot;
                  stroke-width=&quot;2&quot;
                  viewBox=&quot;0 0 24 24&quot;
                  width=&quot;24&quot;
                  xmlns=&quot;http://www.w3.org/2000/svg&quot;
                &gt;
                  &lt;path
                    d=&quot;M12 15V3&quot;
                  /&gt;
                  &lt;path
                    d=&quot;M21 15v4a2 2 0 0 1-2 2H5a2 2 0 0 1-2-2v-4&quot;
                  /&gt;
                  &lt;path
                    d=&quot;m7 10 5 5 5-5&quot;
                  /&gt;
                &lt;/svg&gt;
                Exportar resumen Excel
              &lt;/button&gt;
            &lt;/div&gt;
          &lt;/div&gt;
        &lt;/header&gt;
        &lt;section
          class=&quot;rounded-lg border border-border bg-card p-3 shadow-subtle&quot;
          data-ocid=&quot;accounting.filters&quot;
        &gt;
          &lt;div
            class=&quot;flex flex-wrap items-end gap-2&quot;
          &gt;
            &lt;div
              class=&quot;flex flex-wrap items-center gap-1.5&quot;
            &gt;
              &lt;button
                class=&quot;inline-flex items-center justify-center whitespace-nowrap text-sm font-medium transition-all disabled:pointer-events-none disabled:opacity-50 [&amp;_svg]:pointer-events-none [&amp;_svg:not([class*=&apos;size-&apos;])]:size-4 shrink-0 [&amp;_svg]:shrink-0 outline-none focus-visible:border-ring focus-visible:ring-ring/50 focus-visible:ring-[3px] aria-invalid:ring-destructive/20 dark:aria-invalid:ring-destructive/40 aria-invalid:border-destructive border bg-background shadow-xs hover:bg-accent hover:text-accent-foreground dark:bg-input/30 dark:border-input dark:hover:bg-input/50 h-8 rounded-md gap-1.5 px-3 has-[&gt;svg]:px-2.5&quot;
                data-ocid=&quot;accounting.period.month&quot;
                data-slot=&quot;button&quot;
                type=&quot;button&quot;
              &gt;
                Este mes
              &lt;/button&gt;
              &lt;button
                class=&quot;inline-flex items-center justify-center whitespace-nowrap text-sm font-medium transition-all disabled:pointer-events-none disabled:opacity-50 [&amp;_svg]:pointer-events-none [&amp;_svg:not([class*=&apos;size-&apos;])]:size-4 shrink-0 [&amp;_svg]:shrink-0 outline-none focus-visible:border-ring focus-visible:ring-ring/50 focus-visible:ring-[3px] aria-invalid:ring-destructive/20 dark:aria-invalid:ring-destructive/40 aria-invalid:border-destructive border bg-background shadow-xs hover:bg-accent hover:text-accent-foreground dark:bg-input/30 dark:border-input dark:hover:bg-input/50 h-8 rounded-md gap-1.5 px-3 has-[&gt;svg]:px-2.5&quot;
                data-ocid=&quot;accounting.period.quarter&quot;
                data-slot=&quot;button&quot;
                type=&quot;button&quot;
              &gt;
                Trimestre
              &lt;/button&gt;
              &lt;button
                class=&quot;inline-flex items-center justify-center whitespace-nowrap text-sm font-medium transition-all disabled:pointer-events-none disabled:opacity-50 [&amp;_svg]:pointer-events-none [&amp;_svg:not([class*=&apos;size-&apos;])]:size-4 shrink-0 [&amp;_svg]:shrink-0 outline-none focus-visible:border-ring focus-visible:ring-ring/50 focus-visible:ring-[3px] aria-invalid:ring-destructive/20 dark:aria-invalid:ring-destructive/40 aria-invalid:border-destructive border bg-background shadow-xs hover:bg-accent hover:text-accent-foreground dark:bg-input/30 dark:border-input dark:hover:bg-input/50 h-8 rounded-md gap-1.5 px-3 has-[&gt;svg]:px-2.5&quot;
                data-ocid=&quot;accounting.period.year&quot;
                data-slot=&quot;button&quot;
                type=&quot;button&quot;
              &gt;
                Este año
              &lt;/button&gt;
  ...
 ❯ src/pages/AccountingPage.test.tsx:1577:23
 ❯ runWithExpensiveErrorDiagnosticsDisabled ../../../../../../opt/pnpm-templates/build_template/node_modules/.pnpm/@testing-library+dom@10.4.2/node_modules/@testing-library/dom/dist/config.js:47:12
 ❯ checkCallback ../../../../../../opt/pnpm-templates/build_template/node_modules/.pnpm/@testing-library+dom@10.4.2/node_modules/@testing-library/dom/dist/wait-for.js:124:77
 ❯ Timeout.checkRealTimersCallback ../../../../../../opt/pnpm-templates/build_template/node_modules/.pnpm/@testing-library+dom@10.4.2/node_modules/@testing-library/dom/dist/wait-for.js:118:16
            </failure>
        </testcase>
    </testsuite>
    <testsuite name="src/pages/AppointmentsPage.customer-search.test.tsx" timestamp="2026-09-25T20:55:14.549Z" hostname="2a82af66d266" tests="4" failures="2" errors="0" skipped="0" time="3.120318044">
        <testcase classname="src/pages/AppointmentsPage.customer-search.test.tsx" name="AppointmentsPage customer search &gt; prompts for a term before the user types instead of listing the whole directory" time="0.171341238">
        </testcase>
        <testcase classname="src/pages/AppointmentsPage.customer-search.test.tsx" name="AppointmentsPage customer search &gt; shows an empty state carrying the typed term when nothing matches" time="0.410166662">
        </testcase>
        <testcase classname="src/pages/AppointmentsPage.customer-search.test.tsx" name="AppointmentsPage customer search &gt; filters by the typed term, selects a match and loads that customer&apos;s motorcycles" time="1.123249622">
            <failure message="expected &quot;spy&quot; to be called with arguments: [ &apos;Ana&apos; ][90m

Received: 

[1m  1st spy call:

[22m[2m  [[22m
[32m-   &quot;Ana&quot;,[90m
[31m+   null,[90m
[31m+   null,[90m
[2m  ][22m

[1m  2nd spy call:

[22m[2m  [[22m
[31m+   null,[90m
[2m    &quot;Ana&quot;,[22m
[2m  ][22m
[39m[90m

Number of calls: [1m2[22m
[39m

Ignored nodes: comments, script, style
[36m&lt;html&gt;[39m
  [36m&lt;head /&gt;[39m
  [36m&lt;body[39m
    [33mdata-scroll-locked[39m=[32m&quot;1&quot;[39m
    [33mstyle[39m=[32m&quot;pointer-events: none;&quot;[39m
  [36m&gt;[39m
    [36m&lt;span[39m
      [33maria-hidden[39m=[32m&quot;true&quot;[39m
      [33mdata-aria-hidden[39m=[32m&quot;true&quot;[39m
      [33mdata-radix-focus-guard[39m=[32m&quot;&quot;[39m
      [33mstyle[39m=[32m&quot;outline: none; opacity: 0; position: fixed; pointer-events: none;&quot;[39m
      [33mtabindex[39m=[32m&quot;0&quot;[39m
    [36m/&gt;[39m
    [36m&lt;div[39m
      [33maria-hidden[39m=[32m&quot;true&quot;[39m
      [33mdata-aria-hidden[39m=[32m&quot;true&quot;[39m
    [36m&gt;[39m
      [36m&lt;div[39m
        [33mclass[39m=[32m&quot;mx-auto w-full max-w-6xl animate-fade-in space-y-5&quot;[39m
        [33mdata-ocid[39m=[32m&quot;appointments.page&quot;[39m
      [36m&gt;[39m
        [36m&lt;header[39m
          [33mclass[39m=[32m&quot;space-y-4&quot;[39m
        [36m&gt;[39m
          [36m&lt;div[39m
            [33mclass[39m=[32m&quot;flex flex-wrap items-start justify-between gap-3&quot;[39m
          [36m&gt;[39m
            [36m&lt;div[39m
              [33mclass[39m=[32m&quot;min-w-0 space-y-1&quot;[39m
            [36m&gt;[39m
              [36m&lt;p[39m
                [33mclass[39m=[32m&quot;font-mono text-[10px] uppercase tracking-[0.18em] text-muted-foreground&quot;[39m
              [36m&gt;[39m
                [0mTaller[0m
              [36m&lt;/p&gt;[39m
              [36m&lt;h1[39m
                [33mclass[39m=[32m&quot;font-display text-2xl font-semibold tracking-tight&quot;[39m
              [36m&gt;[39m
                [0mCitas[0m
              [36m&lt;/h1&gt;[39m
              [36m&lt;p[39m
                [33mclass[39m=[32m&quot;max-w-2xl text-sm text-muted-foreground&quot;[39m
              [36m&gt;[39m
                [0mAgenda de servicios por técnico, día y motocicleta. Confirma, atiende o convierte una cita en orden de taller.[0m
              [36m&lt;/p&gt;[39m
            [36m&lt;/div&gt;[39m
            [36m&lt;div[39m
              [33mclass[39m=[32m&quot;flex shrink-0 flex-wrap items-center gap-2&quot;[39m
            [36m&gt;[39m
              [36m&lt;button[39m
                [33mclass[39m=[32m&quot;inline-flex items-center justify-center whitespace-nowrap rounded-md text-sm font-medium transition-all disabled:pointer-events-none disabled:opacity-50 [&amp;_svg]:pointer-events-none [&amp;_svg:not([class*=&apos;size-&apos;])]:size-4 shrink-0 [&amp;_svg]:shrink-0 outline-none focus-visible:border-ring focus-visible:ring-ring/50 focus-visible:ring-[3px] aria-invalid:ring-destructive/20 dark:aria-invalid:ring-destructive/40 aria-invalid:border-destructive bg-primary text-primary-foreground shadow-xs hover:bg-primary/90 h-9 px-4 py-2 has-[&gt;svg]:px-3 gap-2&quot;[39m
                [33mdata-ocid[39m=[32m&quot;appointments.open_modal_button&quot;[39m
                [33mdata-slot[39m=[32m&quot;button&quot;[39m
                [33mtype[39m=[32m&quot;button&quot;[39m
              [36m&gt;[39m
                [36m&lt;svg[39m
                  [33maria-hidden[39m=[32m&quot;true&quot;[39m
                  [33mclass[39m=[32m&quot;lucide lucide-calendar-plus size-4&quot;[39m
                  [33mfill[39m=[32m&quot;none&quot;[39m
                  [33mheight[39m=[32m&quot;24&quot;[39m
                  [33mstroke[39m=[32m&quot;currentColor&quot;[39m
                  [33mstroke-linecap[39m=[32m&quot;round&quot;[39m
                  [33mstroke-linejoin[39m=[32m&quot;round&quot;[39m
                  [33mstroke-width[39m=[32m&quot;2&quot;[39m
                  [33mviewBox[39m=[32m&quot;0 0 24 24&quot;[39m
                  [33mwidth[39m=[32m&quot;24&quot;[39m
                  [33mxmlns[39m=[32m&quot;http://www.w3.org/2000/svg&quot;[39m
                [36m&gt;[39m
                  [36m&lt;path[39m
                    [33md[39m=[32m&quot;M16 19h6&quot;[39m
                  [36m/&gt;[39m
                  [36m&lt;path[39m
                    [33md[39m=[32m&quot;M16 2v4&quot;[39m
                  [36m/&gt;[39m
                  [36m&lt;path[39m
                    [33md[39m=[32m&quot;M19 16v6&quot;[39m
                  [36m/&gt;[39m
                  [36m&lt;path[39m
                    [33md[39m=[32m&quot;M21 12.598V6a2 2 0 0 0-2-2H5a2 2 0 0 0-2 2v14a2 2 0 0 0 2 2h8.5&quot;[39m
                  [36m/&gt;[39m
                  [36m&lt;path[39m
                    [33md[39m=[32m&quot;M3 10h18&quot;[39m
                  [36m/&gt;[39m
                  [36m&lt;path[39m
                    [33md[39m=[32m&quot;M8 2v4&quot;[39m
                  [36m/&gt;[39m
                [36m&lt;/svg&gt;[39m
                [0mNueva cita[0m
              [36m&lt;/button&gt;[39m
            [36m&lt;/div&gt;[39m
          [36m&lt;/div&gt;[39m
        [36m&lt;/header&gt;[39m
        [36m&lt;div[39m
          [33mclass[39m=[32m&quot;overflow-hidden rounded-lg border border-border bg-card shadow-subtle&quot;[39m
        [36m&gt;[39m
          [36m&lt;div[39m
            [33mclass[39m=[32m&quot;flex flex-col gap-3 border-b border-border bg-muted/30 p-4&quot;[39m
          [36m&gt;[39m
            [36m&lt;div[39m
              [33mclass[39m=[32m&quot;flex flex-wrap items-center justify-between gap-3&quot;[39m
            [36m&gt;[39m
              [36m&lt;div[39m
                [33mclass[39m=[32m&quot;flex items-center gap-1 rounded-md border border-border bg-background p-0.5&quot;[39m
                [33mdata-ocid[39m=[32m&quot;appointments.view.tabs&quot;[39m
              [36m&gt;[39m
                [36m&lt;button[39m
                  [33maria-pressed[39m=[32m&quot;true&quot;[39m
                  [33mclass[39m=[32m&quot;inline-flex items-center gap-1.5 rounded-sm bg-primary/10 px-3 py-1.5 text-xs font-medium text-primary transition-smooth&quot;[39m
                  [33mdata-ocid[39m=[32m&quot;appointments.view.list_tab&quot;[39m
                  [33mtype[39m=[32m&quot;button&quot;[39m
                [36m&gt;[39m
                  [36m&lt;svg[39m
                    [33maria-hidden[39m=[32m&quot;true&quot;[39m
                    [33mclass[39m=[32m&quot;lucide lucide-list size-3.5&quot;[39m
                    [33mfill[39m=[32m&quot;none&quot;[39m
                    [33mheight[39m=[32m&quot;24&quot;[39m
                    [33mstroke[39m=[32m&quot;currentColor&quot;[39m
                    [33mstroke-linecap[39m=[32m&quot;round&quot;[39m
                    [33mstroke-linejoin[39m=[32m&quot;round&quot;[39m
                    [33mstroke-width[39m=[32m&quot;2&quot;[39m
                    [33mviewBox[39m=[32m&quot;0 0 24 24&quot;[39m
                    [33mwidth[39m=[32m&quot;24&quot;[39m
                    [33mxmlns[39m=[32m&quot;http://www.w3.org/2000/svg&quot;[39m
                  [36m&gt;[39m
                    [36m&lt;path[39m
                      [33md[39m=[32m&quot;M3 12h.01&quot;[39m
                    [36m/&gt;[39m
                    [36m&lt;path[39m
                      [33md[39m=[32m&quot;M3 18h.01&quot;[39m
                    [36m/&gt;[39m
                    [36m&lt;path[39m
                      [33md[39m=[32m&quot;M3 6h.01&quot;[39m
                    [36m/&gt;[39m
                    [36m&lt;path[39m
                      [33md[39m=[32m&quot;M8 12h13&quot;[39m
                    [36m/&gt;[39m
                    [36m&lt;path[39m
                      [33md[39m=[32m&quot;M8 18h13&quot;[39m
                    [36m/&gt;[39m
   ..." type="AssertionError">
AssertionError: expected &quot;spy&quot; to be called with arguments: [ &apos;Ana&apos; ]

Received: 

  1st spy call:

  [
-   &quot;Ana&quot;,
+   null,
+   null,
  ]

  2nd spy call:

  [
+   null,
    &quot;Ana&quot;,
  ]


Number of calls: 2


Ignored nodes: comments, script, style
&lt;html&gt;
  &lt;head /&gt;
  &lt;body
    data-scroll-locked=&quot;1&quot;
    style=&quot;pointer-events: none;&quot;
  &gt;
    &lt;span
      aria-hidden=&quot;true&quot;
      data-aria-hidden=&quot;true&quot;
      data-radix-focus-guard=&quot;&quot;
      style=&quot;outline: none; opacity: 0; position: fixed; pointer-events: none;&quot;
      tabindex=&quot;0&quot;
    /&gt;
    &lt;div
      aria-hidden=&quot;true&quot;
      data-aria-hidden=&quot;true&quot;
    &gt;
      &lt;div
        class=&quot;mx-auto w-full max-w-6xl animate-fade-in space-y-5&quot;
        data-ocid=&quot;appointments.page&quot;
      &gt;
        &lt;header
          class=&quot;space-y-4&quot;
        &gt;
          &lt;div
            class=&quot;flex flex-wrap items-start justify-between gap-3&quot;
          &gt;
            &lt;div
              class=&quot;min-w-0 space-y-1&quot;
            &gt;
              &lt;p
                class=&quot;font-mono text-[10px] uppercase tracking-[0.18em] text-muted-foreground&quot;
              &gt;
                Taller
              &lt;/p&gt;
              &lt;h1
                class=&quot;font-display text-2xl font-semibold tracking-tight&quot;
              &gt;
                Citas
              &lt;/h1&gt;
              &lt;p
                class=&quot;max-w-2xl text-sm text-muted-foreground&quot;
              &gt;
                Agenda de servicios por técnico, día y motocicleta. Confirma, atiende o convierte una cita en orden de taller.
              &lt;/p&gt;
            &lt;/div&gt;
            &lt;div
              class=&quot;flex shrink-0 flex-wrap items-center gap-2&quot;
            &gt;
              &lt;button
                class=&quot;inline-flex items-center justify-center whitespace-nowrap rounded-md text-sm font-medium transition-all disabled:pointer-events-none disabled:opacity-50 [&amp;_svg]:pointer-events-none [&amp;_svg:not([class*=&apos;size-&apos;])]:size-4 shrink-0 [&amp;_svg]:shrink-0 outline-none focus-visible:border-ring focus-visible:ring-ring/50 focus-visible:ring-[3px] aria-invalid:ring-destructive/20 dark:aria-invalid:ring-destructive/40 aria-invalid:border-destructive bg-primary text-primary-foreground shadow-xs hover:bg-primary/90 h-9 px-4 py-2 has-[&gt;svg]:px-3 gap-2&quot;
                data-ocid=&quot;appointments.open_modal_button&quot;
                data-slot=&quot;button&quot;
                type=&quot;button&quot;
              &gt;
                &lt;svg
                  aria-hidden=&quot;true&quot;
                  class=&quot;lucide lucide-calendar-plus size-4&quot;
                  fill=&quot;none&quot;
                  height=&quot;24&quot;
                  stroke=&quot;currentColor&quot;
                  stroke-linecap=&quot;round&quot;
                  stroke-linejoin=&quot;round&quot;
                  stroke-width=&quot;2&quot;
                  viewBox=&quot;0 0 24 24&quot;
                  width=&quot;24&quot;
                  xmlns=&quot;http://www.w3.org/2000/svg&quot;
                &gt;
                  &lt;path
                    d=&quot;M16 19h6&quot;
                  /&gt;
                  &lt;path
                    d=&quot;M16 2v4&quot;
                  /&gt;
                  &lt;path
                    d=&quot;M19 16v6&quot;
                  /&gt;
                  &lt;path
                    d=&quot;M21 12.598V6a2 2 0 0 0-2-2H5a2 2 0 0 0-2 2v14a2 2 0 0 0 2 2h8.5&quot;
                  /&gt;
                  &lt;path
                    d=&quot;M3 10h18&quot;
                  /&gt;
                  &lt;path
                    d=&quot;M8 2v4&quot;
                  /&gt;
                &lt;/svg&gt;
                Nueva cita
              &lt;/button&gt;
            &lt;/div&gt;
          &lt;/div&gt;
        &lt;/header&gt;
        &lt;div
          class=&quot;overflow-hidden rounded-lg border border-border bg-card shadow-subtle&quot;
        &gt;
          &lt;div
            class=&quot;flex flex-col gap-3 border-b border-border bg-muted/30 p-4&quot;
          &gt;
            &lt;div
              class=&quot;flex flex-wrap items-center justify-between gap-3&quot;
            &gt;
              &lt;div
                class=&quot;flex items-center gap-1 rounded-md border border-border bg-background p-0.5&quot;
                data-ocid=&quot;appointments.view.tabs&quot;
              &gt;
                &lt;button
                  aria-pressed=&quot;true&quot;
                  class=&quot;inline-flex items-center gap-1.5 rounded-sm bg-primary/10 px-3 py-1.5 text-xs font-medium text-primary transition-smooth&quot;
                  data-ocid=&quot;appointments.view.list_tab&quot;
                  type=&quot;button&quot;
                &gt;
                  &lt;svg
                    aria-hidden=&quot;true&quot;
                    class=&quot;lucide lucide-list size-3.5&quot;
                    fill=&quot;none&quot;
                    height=&quot;24&quot;
                    stroke=&quot;currentColor&quot;
                    stroke-linecap=&quot;round&quot;
                    stroke-linejoin=&quot;round&quot;
                    stroke-width=&quot;2&quot;
                    viewBox=&quot;0 0 24 24&quot;
                    width=&quot;24&quot;
                    xmlns=&quot;http://www.w3.org/2000/svg&quot;
                  &gt;
                    &lt;path
                      d=&quot;M3 12h.01&quot;
                    /&gt;
                    &lt;path
                      d=&quot;M3 18h.01&quot;
                    /&gt;
                    &lt;path
                      d=&quot;M3 6h.01&quot;
                    /&gt;
                    &lt;path
                      d=&quot;M8 12h13&quot;
                    /&gt;
                    &lt;path
                      d=&quot;M8 18h13&quot;
                    /&gt;
   ...
 ❯ src/pages/AppointmentsPage.customer-search.test.tsx:146:51
 ❯ runWithExpensiveErrorDiagnosticsDisabled ../../../../../../opt/pnpm-templates/build_template/node_modules/.pnpm/@testing-library+dom@10.4.2/node_modules/@testing-library/dom/dist/config.js:47:12
 ❯ checkCallback ../../../../../../opt/pnpm-templates/build_template/node_modules/.pnpm/@testing-library+dom@10.4.2/node_modules/@testing-library/dom/dist/wait-for.js:124:77
 ❯ Timeout.checkRealTimersCallback ../../../../../../opt/pnpm-templates/build_template/node_modules/.pnpm/@testing-library+dom@10.4.2/node_modules/@testing-library/dom/dist/wait-for.js:118:16
            </failure>
        </testcase>
        <testcase classname="src/pages/AppointmentsPage.customer-search.test.tsx" name="AppointmentsPage customer search &gt; clears the selected customer and the motorcycle when the user changes the customer" time="1.4144736">
            <failure message="expected &quot;spy&quot; to be called with arguments: [ 7n ][90m

Received: 

[1m  1st spy call:

[22m[2m  [[22m
[31m+   null,[90m
[2m    7n,[22m
[2m  ][22m
[39m[90m

Number of calls: [1m1[22m
[39m

Ignored nodes: comments, script, style
[36m&lt;html&gt;[39m
  [36m&lt;head /&gt;[39m
  [36m&lt;body[39m
    [33mdata-scroll-locked[39m=[32m&quot;1&quot;[39m
    [33mstyle[39m=[32m&quot;pointer-events: none;&quot;[39m
  [36m&gt;[39m
    [36m&lt;span[39m
      [33maria-hidden[39m=[32m&quot;true&quot;[39m
      [33mdata-aria-hidden[39m=[32m&quot;true&quot;[39m
      [33mdata-radix-focus-guard[39m=[32m&quot;&quot;[39m
      [33mstyle[39m=[32m&quot;outline: none; opacity: 0; position: fixed; pointer-events: none;&quot;[39m
      [33mtabindex[39m=[32m&quot;0&quot;[39m
    [36m/&gt;[39m
    [36m&lt;div[39m
      [33maria-hidden[39m=[32m&quot;true&quot;[39m
      [33mdata-aria-hidden[39m=[32m&quot;true&quot;[39m
    [36m&gt;[39m
      [36m&lt;div[39m
        [33mclass[39m=[32m&quot;mx-auto w-full max-w-6xl animate-fade-in space-y-5&quot;[39m
        [33mdata-ocid[39m=[32m&quot;appointments.page&quot;[39m
      [36m&gt;[39m
        [36m&lt;header[39m
          [33mclass[39m=[32m&quot;space-y-4&quot;[39m
        [36m&gt;[39m
          [36m&lt;div[39m
            [33mclass[39m=[32m&quot;flex flex-wrap items-start justify-between gap-3&quot;[39m
          [36m&gt;[39m
            [36m&lt;div[39m
              [33mclass[39m=[32m&quot;min-w-0 space-y-1&quot;[39m
            [36m&gt;[39m
              [36m&lt;p[39m
                [33mclass[39m=[32m&quot;font-mono text-[10px] uppercase tracking-[0.18em] text-muted-foreground&quot;[39m
              [36m&gt;[39m
                [0mTaller[0m
              [36m&lt;/p&gt;[39m
              [36m&lt;h1[39m
                [33mclass[39m=[32m&quot;font-display text-2xl font-semibold tracking-tight&quot;[39m
              [36m&gt;[39m
                [0mCitas[0m
              [36m&lt;/h1&gt;[39m
              [36m&lt;p[39m
                [33mclass[39m=[32m&quot;max-w-2xl text-sm text-muted-foreground&quot;[39m
              [36m&gt;[39m
                [0mAgenda de servicios por técnico, día y motocicleta. Confirma, atiende o convierte una cita en orden de taller.[0m
              [36m&lt;/p&gt;[39m
            [36m&lt;/div&gt;[39m
            [36m&lt;div[39m
              [33mclass[39m=[32m&quot;flex shrink-0 flex-wrap items-center gap-2&quot;[39m
            [36m&gt;[39m
              [36m&lt;button[39m
                [33mclass[39m=[32m&quot;inline-flex items-center justify-center whitespace-nowrap rounded-md text-sm font-medium transition-all disabled:pointer-events-none disabled:opacity-50 [&amp;_svg]:pointer-events-none [&amp;_svg:not([class*=&apos;size-&apos;])]:size-4 shrink-0 [&amp;_svg]:shrink-0 outline-none focus-visible:border-ring focus-visible:ring-ring/50 focus-visible:ring-[3px] aria-invalid:ring-destructive/20 dark:aria-invalid:ring-destructive/40 aria-invalid:border-destructive bg-primary text-primary-foreground shadow-xs hover:bg-primary/90 h-9 px-4 py-2 has-[&gt;svg]:px-3 gap-2&quot;[39m
                [33mdata-ocid[39m=[32m&quot;appointments.open_modal_button&quot;[39m
                [33mdata-slot[39m=[32m&quot;button&quot;[39m
                [33mtype[39m=[32m&quot;button&quot;[39m
              [36m&gt;[39m
                [36m&lt;svg[39m
                  [33maria-hidden[39m=[32m&quot;true&quot;[39m
                  [33mclass[39m=[32m&quot;lucide lucide-calendar-plus size-4&quot;[39m
                  [33mfill[39m=[32m&quot;none&quot;[39m
                  [33mheight[39m=[32m&quot;24&quot;[39m
                  [33mstroke[39m=[32m&quot;currentColor&quot;[39m
                  [33mstroke-linecap[39m=[32m&quot;round&quot;[39m
                  [33mstroke-linejoin[39m=[32m&quot;round&quot;[39m
                  [33mstroke-width[39m=[32m&quot;2&quot;[39m
                  [33mviewBox[39m=[32m&quot;0 0 24 24&quot;[39m
                  [33mwidth[39m=[32m&quot;24&quot;[39m
                  [33mxmlns[39m=[32m&quot;http://www.w3.org/2000/svg&quot;[39m
                [36m&gt;[39m
                  [36m&lt;path[39m
                    [33md[39m=[32m&quot;M16 19h6&quot;[39m
                  [36m/&gt;[39m
                  [36m&lt;path[39m
                    [33md[39m=[32m&quot;M16 2v4&quot;[39m
                  [36m/&gt;[39m
                  [36m&lt;path[39m
                    [33md[39m=[32m&quot;M19 16v6&quot;[39m
                  [36m/&gt;[39m
                  [36m&lt;path[39m
                    [33md[39m=[32m&quot;M21 12.598V6a2 2 0 0 0-2-2H5a2 2 0 0 0-2 2v14a2 2 0 0 0 2 2h8.5&quot;[39m
                  [36m/&gt;[39m
                  [36m&lt;path[39m
                    [33md[39m=[32m&quot;M3 10h18&quot;[39m
                  [36m/&gt;[39m
                  [36m&lt;path[39m
                    [33md[39m=[32m&quot;M8 2v4&quot;[39m
                  [36m/&gt;[39m
                [36m&lt;/svg&gt;[39m
                [0mNueva cita[0m
              [36m&lt;/button&gt;[39m
            [36m&lt;/div&gt;[39m
          [36m&lt;/div&gt;[39m
        [36m&lt;/header&gt;[39m
        [36m&lt;div[39m
          [33mclass[39m=[32m&quot;overflow-hidden rounded-lg border border-border bg-card shadow-subtle&quot;[39m
        [36m&gt;[39m
          [36m&lt;div[39m
            [33mclass[39m=[32m&quot;flex flex-col gap-3 border-b border-border bg-muted/30 p-4&quot;[39m
          [36m&gt;[39m
            [36m&lt;div[39m
              [33mclass[39m=[32m&quot;flex flex-wrap items-center justify-between gap-3&quot;[39m
            [36m&gt;[39m
              [36m&lt;div[39m
                [33mclass[39m=[32m&quot;flex items-center gap-1 rounded-md border border-border bg-background p-0.5&quot;[39m
                [33mdata-ocid[39m=[32m&quot;appointments.view.tabs&quot;[39m
              [36m&gt;[39m
                [36m&lt;button[39m
                  [33maria-pressed[39m=[32m&quot;true&quot;[39m
                  [33mclass[39m=[32m&quot;inline-flex items-center gap-1.5 rounded-sm bg-primary/10 px-3 py-1.5 text-xs font-medium text-primary transition-smooth&quot;[39m
                  [33mdata-ocid[39m=[32m&quot;appointments.view.list_tab&quot;[39m
                  [33mtype[39m=[32m&quot;button&quot;[39m
                [36m&gt;[39m
                  [36m&lt;svg[39m
                    [33maria-hidden[39m=[32m&quot;true&quot;[39m
                    [33mclass[39m=[32m&quot;lucide lucide-list size-3.5&quot;[39m
                    [33mfill[39m=[32m&quot;none&quot;[39m
                    [33mheight[39m=[32m&quot;24&quot;[39m
                    [33mstroke[39m=[32m&quot;currentColor&quot;[39m
                    [33mstroke-linecap[39m=[32m&quot;round&quot;[39m
                    [33mstroke-linejoin[39m=[32m&quot;round&quot;[39m
                    [33mstroke-width[39m=[32m&quot;2&quot;[39m
                    [33mviewBox[39m=[32m&quot;0 0 24 24&quot;[39m
                    [33mwidth[39m=[32m&quot;24&quot;[39m
                    [33mxmlns[39m=[32m&quot;http://www.w3.org/2000/svg&quot;[39m
                  [36m&gt;[39m
                    [36m&lt;path[39m
                      [33md[39m=[32m&quot;M3 12h.01&quot;[39m
                    [36m/&gt;[39m
                    [36m&lt;path[39m
                      [33md[39m=[32m&quot;M3 18h.01&quot;[39m
                    [36m/&gt;[39m
                    [36m&lt;path[39m
                      [33md[39m=[32m&quot;M3 6h.01&quot;[39m
                    [36m/&gt;[39m
                    [36m&lt;path[39m
                      [33md[39m=[32m&quot;M8 12h13&quot;[39m
                    [36m/&gt;[39m
                    [36m&lt;path[39m
                      [33md[39m=[32m&quot;M8 18h13&quot;[39m
                    [36m/&gt;[39m
   ..." type="AssertionError">
AssertionError: expected &quot;spy&quot; to be called with arguments: [ 7n ]

Received: 

  1st spy call:

  [
+   null,
    7n,
  ]


Number of calls: 1


Ignored nodes: comments, script, style
&lt;html&gt;
  &lt;head /&gt;
  &lt;body
    data-scroll-locked=&quot;1&quot;
    style=&quot;pointer-events: none;&quot;
  &gt;
    &lt;span
      aria-hidden=&quot;true&quot;
      data-aria-hidden=&quot;true&quot;
      data-radix-focus-guard=&quot;&quot;
      style=&quot;outline: none; opacity: 0; position: fixed; pointer-events: none;&quot;
      tabindex=&quot;0&quot;
    /&gt;
    &lt;div
      aria-hidden=&quot;true&quot;
      data-aria-hidden=&quot;true&quot;
    &gt;
      &lt;div
        class=&quot;mx-auto w-full max-w-6xl animate-fade-in space-y-5&quot;
        data-ocid=&quot;appointments.page&quot;
      &gt;
        &lt;header
          class=&quot;space-y-4&quot;
        &gt;
          &lt;div
            class=&quot;flex flex-wrap items-start justify-between gap-3&quot;
          &gt;
            &lt;div
              class=&quot;min-w-0 space-y-1&quot;
            &gt;
              &lt;p
                class=&quot;font-mono text-[10px] uppercase tracking-[0.18em] text-muted-foreground&quot;
              &gt;
                Taller
              &lt;/p&gt;
              &lt;h1
                class=&quot;font-display text-2xl font-semibold tracking-tight&quot;
              &gt;
                Citas
              &lt;/h1&gt;
              &lt;p
                class=&quot;max-w-2xl text-sm text-muted-foreground&quot;
              &gt;
                Agenda de servicios por técnico, día y motocicleta. Confirma, atiende o convierte una cita en orden de taller.
              &lt;/p&gt;
            &lt;/div&gt;
            &lt;div
              class=&quot;flex shrink-0 flex-wrap items-center gap-2&quot;
            &gt;
              &lt;button
                class=&quot;inline-flex items-center justify-center whitespace-nowrap rounded-md text-sm font-medium transition-all disabled:pointer-events-none disabled:opacity-50 [&amp;_svg]:pointer-events-none [&amp;_svg:not([class*=&apos;size-&apos;])]:size-4 shrink-0 [&amp;_svg]:shrink-0 outline-none focus-visible:border-ring focus-visible:ring-ring/50 focus-visible:ring-[3px] aria-invalid:ring-destructive/20 dark:aria-invalid:ring-destructive/40 aria-invalid:border-destructive bg-primary text-primary-foreground shadow-xs hover:bg-primary/90 h-9 px-4 py-2 has-[&gt;svg]:px-3 gap-2&quot;
                data-ocid=&quot;appointments.open_modal_button&quot;
                data-slot=&quot;button&quot;
                type=&quot;button&quot;
              &gt;
                &lt;svg
                  aria-hidden=&quot;true&quot;
                  class=&quot;lucide lucide-calendar-plus size-4&quot;
                  fill=&quot;none&quot;
                  height=&quot;24&quot;
                  stroke=&quot;currentColor&quot;
                  stroke-linecap=&quot;round&quot;
                  stroke-linejoin=&quot;round&quot;
                  stroke-width=&quot;2&quot;
                  viewBox=&quot;0 0 24 24&quot;
                  width=&quot;24&quot;
                  xmlns=&quot;http://www.w3.org/2000/svg&quot;
                &gt;
                  &lt;path
                    d=&quot;M16 19h6&quot;
                  /&gt;
                  &lt;path
                    d=&quot;M16 2v4&quot;
                  /&gt;
                  &lt;path
                    d=&quot;M19 16v6&quot;
                  /&gt;
                  &lt;path
                    d=&quot;M21 12.598V6a2 2 0 0 0-2-2H5a2 2 0 0 0-2 2v14a2 2 0 0 0 2 2h8.5&quot;
                  /&gt;
                  &lt;path
                    d=&quot;M3 10h18&quot;
                  /&gt;
                  &lt;path
                    d=&quot;M8 2v4&quot;
                  /&gt;
                &lt;/svg&gt;
                Nueva cita
              &lt;/button&gt;
            &lt;/div&gt;
          &lt;/div&gt;
        &lt;/header&gt;
        &lt;div
          class=&quot;overflow-hidden rounded-lg border border-border bg-card shadow-subtle&quot;
        &gt;
          &lt;div
            class=&quot;flex flex-col gap-3 border-b border-border bg-muted/30 p-4&quot;
          &gt;
            &lt;div
              class=&quot;flex flex-wrap items-center justify-between gap-3&quot;
            &gt;
              &lt;div
                class=&quot;flex items-center gap-1 rounded-md border border-border bg-background p-0.5&quot;
                data-ocid=&quot;appointments.view.tabs&quot;
              &gt;
                &lt;button
                  aria-pressed=&quot;true&quot;
                  class=&quot;inline-flex items-center gap-1.5 rounded-sm bg-primary/10 px-3 py-1.5 text-xs font-medium text-primary transition-smooth&quot;
                  data-ocid=&quot;appointments.view.list_tab&quot;
                  type=&quot;button&quot;
                &gt;
                  &lt;svg
                    aria-hidden=&quot;true&quot;
                    class=&quot;lucide lucide-list size-3.5&quot;
                    fill=&quot;none&quot;
                    height=&quot;24&quot;
                    stroke=&quot;currentColor&quot;
                    stroke-linecap=&quot;round&quot;
                    stroke-linejoin=&quot;round&quot;
                    stroke-width=&quot;2&quot;
                    viewBox=&quot;0 0 24 24&quot;
                    width=&quot;24&quot;
                    xmlns=&quot;http://www.w3.org/2000/svg&quot;
                  &gt;
                    &lt;path
                      d=&quot;M3 12h.01&quot;
                    /&gt;
                    &lt;path
                      d=&quot;M3 18h.01&quot;
                    /&gt;
                    &lt;path
                      d=&quot;M3 6h.01&quot;
                    /&gt;
                    &lt;path
                      d=&quot;M8 12h13&quot;
                    /&gt;
                    &lt;path
                      d=&quot;M8 18h13&quot;
                    /&gt;
   ...
 ❯ src/pages/AppointmentsPage.customer-search.test.tsx:177:53
 ❯ runWithExpensiveErrorDiagnosticsDisabled ../../../../../../opt/pnpm-templates/build_template/node_modules/.pnpm/@testing-library+dom@10.4.2/node_modules/@testing-library/dom/dist/config.js:47:12
 ❯ checkCallback ../../../../../../opt/pnpm-templates/build_template/node_modules/.pnpm/@testing-library+dom@10.4.2/node_modules/@testing-library/dom/dist/wait-for.js:124:77
 ❯ Timeout.checkRealTimersCallback ../../../../../../opt/pnpm-templates/build_template/node_modules/.pnpm/@testing-library+dom@10.4.2/node_modules/@testing-library/dom/dist/wait-for.js:118:16
            </failure>
        </testcase>
    </testsuite>
    <testsuite name="src/pages/AppointmentsPage.dialog.characterize.test.tsx" timestamp="2026-09-25T20:55:14.552Z" hostname="2a82af66d266" tests="5" failures="0" errors="0" skipped="0" time="0.620519553">
        <testcase classname="src/pages/AppointmentsPage.dialog.characterize.test.tsx" name="AppointmentsPage form dialog (characterization) &gt; opens the new-appointment dialog from the page action" time="0.169835439">
        </testcase>
        <testcase classname="src/pages/AppointmentsPage.dialog.characterize.test.tsx" name="AppointmentsPage form dialog (characterization) &gt; offers the duration options in the dialog" time="0.139557487">
        </testcase>
        <testcase classname="src/pages/AppointmentsPage.dialog.characterize.test.tsx" name="AppointmentsPage form dialog (characterization) &gt; blocks the submit with a clear message when no customer or moto is chosen" time="0.188228902">
        </testcase>
        <testcase classname="src/pages/AppointmentsPage.dialog.characterize.test.tsx" name="AppointmentsPage form dialog (characterization) &gt; blocks the submit when the reason is missing" time="0.065829413">
        </testcase>
        <testcase classname="src/pages/AppointmentsPage.dialog.characterize.test.tsx" name="AppointmentsPage form dialog (characterization) &gt; closes the dialog from the cancel action without creating anything" time="0.05609378">
        </testcase>
    </testsuite>
    <testsuite name="src/pages/AppointmentsPage.test.tsx" timestamp="2026-09-25T20:55:14.554Z" hostname="2a82af66d266" tests="8" failures="1" errors="0" skipped="0" time="1.577331261">
        <testcase classname="src/pages/AppointmentsPage.test.tsx" name="AppointmentsPage &gt; lists appointments with customer, technician, reason and status" time="0.101211102">
        </testcase>
        <testcase classname="src/pages/AppointmentsPage.test.tsx" name="AppointmentsPage &gt; falls back to id placeholders when the lookups are unavailable" time="0.058278463">
        </testcase>
        <testcase classname="src/pages/AppointmentsPage.test.tsx" name="AppointmentsPage &gt; renders the empty state when there are no appointments" time="0.038423618">
        </testcase>
        <testcase classname="src/pages/AppointmentsPage.test.tsx" name="AppointmentsPage &gt; renders the error state and retries on demand" time="0.077466531">
        </testcase>
        <testcase classname="src/pages/AppointmentsPage.test.tsx" name="AppointmentsPage &gt; passes the selected status filter to the backend" time="1.10791988">
            <failure message="expected last &quot;spy&quot; call to have been called with [ ObjectContaining{…} ]

Ignored nodes: comments, script, style
[36m&lt;html&gt;[39m
  [36m&lt;head /&gt;[39m
  [36m&lt;body[39m
    [33mstyle[39m=[32m&quot;&quot;[39m
  [36m&gt;[39m
    [36m&lt;div&gt;[39m
      [36m&lt;div[39m
        [33mclass[39m=[32m&quot;mx-auto w-full max-w-6xl animate-fade-in space-y-5&quot;[39m
        [33mdata-ocid[39m=[32m&quot;appointments.page&quot;[39m
      [36m&gt;[39m
        [36m&lt;header[39m
          [33mclass[39m=[32m&quot;space-y-4&quot;[39m
        [36m&gt;[39m
          [36m&lt;div[39m
            [33mclass[39m=[32m&quot;flex flex-wrap items-start justify-between gap-3&quot;[39m
          [36m&gt;[39m
            [36m&lt;div[39m
              [33mclass[39m=[32m&quot;min-w-0 space-y-1&quot;[39m
            [36m&gt;[39m
              [36m&lt;p[39m
                [33mclass[39m=[32m&quot;font-mono text-[10px] uppercase tracking-[0.18em] text-muted-foreground&quot;[39m
              [36m&gt;[39m
                [0mTaller[0m
              [36m&lt;/p&gt;[39m
              [36m&lt;h1[39m
                [33mclass[39m=[32m&quot;font-display text-2xl font-semibold tracking-tight&quot;[39m
              [36m&gt;[39m
                [0mCitas[0m
              [36m&lt;/h1&gt;[39m
              [36m&lt;p[39m
                [33mclass[39m=[32m&quot;max-w-2xl text-sm text-muted-foreground&quot;[39m
              [36m&gt;[39m
                [0mAgenda de servicios por técnico, día y motocicleta. Confirma, atiende o convierte una cita en orden de taller.[0m
              [36m&lt;/p&gt;[39m
            [36m&lt;/div&gt;[39m
            [36m&lt;div[39m
              [33mclass[39m=[32m&quot;flex shrink-0 flex-wrap items-center gap-2&quot;[39m
            [36m&gt;[39m
              [36m&lt;button[39m
                [33mclass[39m=[32m&quot;inline-flex items-center justify-center whitespace-nowrap rounded-md text-sm font-medium transition-all disabled:pointer-events-none disabled:opacity-50 [&amp;_svg]:pointer-events-none [&amp;_svg:not([class*=&apos;size-&apos;])]:size-4 shrink-0 [&amp;_svg]:shrink-0 outline-none focus-visible:border-ring focus-visible:ring-ring/50 focus-visible:ring-[3px] aria-invalid:ring-destructive/20 dark:aria-invalid:ring-destructive/40 aria-invalid:border-destructive bg-primary text-primary-foreground shadow-xs hover:bg-primary/90 h-9 px-4 py-2 has-[&gt;svg]:px-3 gap-2&quot;[39m
                [33mdata-ocid[39m=[32m&quot;appointments.open_modal_button&quot;[39m
                [33mdata-slot[39m=[32m&quot;button&quot;[39m
                [33mtype[39m=[32m&quot;button&quot;[39m
              [36m&gt;[39m
                [36m&lt;svg[39m
                  [33maria-hidden[39m=[32m&quot;true&quot;[39m
                  [33mclass[39m=[32m&quot;lucide lucide-calendar-plus size-4&quot;[39m
                  [33mfill[39m=[32m&quot;none&quot;[39m
                  [33mheight[39m=[32m&quot;24&quot;[39m
                  [33mstroke[39m=[32m&quot;currentColor&quot;[39m
                  [33mstroke-linecap[39m=[32m&quot;round&quot;[39m
                  [33mstroke-linejoin[39m=[32m&quot;round&quot;[39m
                  [33mstroke-width[39m=[32m&quot;2&quot;[39m
                  [33mviewBox[39m=[32m&quot;0 0 24 24&quot;[39m
                  [33mwidth[39m=[32m&quot;24&quot;[39m
                  [33mxmlns[39m=[32m&quot;http://www.w3.org/2000/svg&quot;[39m
                [36m&gt;[39m
                  [36m&lt;path[39m
                    [33md[39m=[32m&quot;M16 19h6&quot;[39m
                  [36m/&gt;[39m
                  [36m&lt;path[39m
                    [33md[39m=[32m&quot;M16 2v4&quot;[39m
                  [36m/&gt;[39m
                  [36m&lt;path[39m
                    [33md[39m=[32m&quot;M19 16v6&quot;[39m
                  [36m/&gt;[39m
                  [36m&lt;path[39m
                    [33md[39m=[32m&quot;M21 12.598V6a2 2 0 0 0-2-2H5a2 2 0 0 0-2 2v14a2 2 0 0 0 2 2h8.5&quot;[39m
                  [36m/&gt;[39m
                  [36m&lt;path[39m
                    [33md[39m=[32m&quot;M3 10h18&quot;[39m
                  [36m/&gt;[39m
                  [36m&lt;path[39m
                    [33md[39m=[32m&quot;M8 2v4&quot;[39m
                  [36m/&gt;[39m
                [36m&lt;/svg&gt;[39m
                [0mNueva cita[0m
              [36m&lt;/button&gt;[39m
            [36m&lt;/div&gt;[39m
          [36m&lt;/div&gt;[39m
        [36m&lt;/header&gt;[39m
        [36m&lt;div[39m
          [33mclass[39m=[32m&quot;overflow-hidden rounded-lg border border-border bg-card shadow-subtle&quot;[39m
        [36m&gt;[39m
          [36m&lt;div[39m
            [33mclass[39m=[32m&quot;flex flex-col gap-3 border-b border-border bg-muted/30 p-4&quot;[39m
          [36m&gt;[39m
            [36m&lt;div[39m
              [33mclass[39m=[32m&quot;flex flex-wrap items-center justify-between gap-3&quot;[39m
            [36m&gt;[39m
              [36m&lt;div[39m
                [33mclass[39m=[32m&quot;flex items-center gap-1 rounded-md border border-border bg-background p-0.5&quot;[39m
                [33mdata-ocid[39m=[32m&quot;appointments.view.tabs&quot;[39m
              [36m&gt;[39m
                [36m&lt;button[39m
                  [33maria-pressed[39m=[32m&quot;true&quot;[39m
                  [33mclass[39m=[32m&quot;inline-flex items-center gap-1.5 rounded-sm bg-primary/10 px-3 py-1.5 text-xs font-medium text-primary transition-smooth&quot;[39m
                  [33mdata-ocid[39m=[32m&quot;appointments.view.list_tab&quot;[39m
                  [33mtype[39m=[32m&quot;button&quot;[39m
                [36m&gt;[39m
                  [36m&lt;svg[39m
                    [33maria-hidden[39m=[32m&quot;true&quot;[39m
                    [33mclass[39m=[32m&quot;lucide lucide-list size-3.5&quot;[39m
                    [33mfill[39m=[32m&quot;none&quot;[39m
                    [33mheight[39m=[32m&quot;24&quot;[39m
                    [33mstroke[39m=[32m&quot;currentColor&quot;[39m
                    [33mstroke-linecap[39m=[32m&quot;round&quot;[39m
                    [33mstroke-linejoin[39m=[32m&quot;round&quot;[39m
                    [33mstroke-width[39m=[32m&quot;2&quot;[39m
                    [33mviewBox[39m=[32m&quot;0 0 24 24&quot;[39m
                    [33mwidth[39m=[32m&quot;24&quot;[39m
                    [33mxmlns[39m=[32m&quot;http://www.w3.org/2000/svg&quot;[39m
                  [36m&gt;[39m
                    [36m&lt;path[39m
                      [33md[39m=[32m&quot;M3 12h.01&quot;[39m
                    [36m/&gt;[39m
                    [36m&lt;path[39m
                      [33md[39m=[32m&quot;M3 18h.01&quot;[39m
                    [36m/&gt;[39m
                    [36m&lt;path[39m
                      [33md[39m=[32m&quot;M3 6h.01&quot;[39m
                    [36m/&gt;[39m
                    [36m&lt;path[39m
                      [33md[39m=[32m&quot;M8 12h13&quot;[39m
                    [36m/&gt;[39m
                    [36m&lt;path[39m
                      [33md[39m=[32m&quot;M8 18h13&quot;[39m
                    [36m/&gt;[39m
                    [36m&lt;path[39m
                      [33md[39m=[32m&quot;M8 6h13&quot;[39m
                    [36m/&gt;[39m
                  [36m&lt;/svg&gt;[39m
                  [0mLista[0m
                [36m&lt;/button&gt;[39m
                [36m&lt;button[39m
                  [33maria-pressed[39m=[32m&quot;false&quot;[39m
                  [33mclass[39m=[32m&quot;inline-flex items-center gap-1.5 rounded-sm px-3 py-1.5 text-xs font-medium text-muted-foreground transition-smooth hover:text-foreground&quot;[39m
 ..." type="AssertionError">
AssertionError: expected last &quot;spy&quot; call to have been called with [ ObjectContaining{…} ]

Ignored nodes: comments, script, style
&lt;html&gt;
  &lt;head /&gt;
  &lt;body
    style=&quot;&quot;
  &gt;
    &lt;div&gt;
      &lt;div
        class=&quot;mx-auto w-full max-w-6xl animate-fade-in space-y-5&quot;
        data-ocid=&quot;appointments.page&quot;
      &gt;
        &lt;header
          class=&quot;space-y-4&quot;
        &gt;
          &lt;div
            class=&quot;flex flex-wrap items-start justify-between gap-3&quot;
          &gt;
            &lt;div
              class=&quot;min-w-0 space-y-1&quot;
            &gt;
              &lt;p
                class=&quot;font-mono text-[10px] uppercase tracking-[0.18em] text-muted-foreground&quot;
              &gt;
                Taller
              &lt;/p&gt;
              &lt;h1
                class=&quot;font-display text-2xl font-semibold tracking-tight&quot;
              &gt;
                Citas
              &lt;/h1&gt;
              &lt;p
                class=&quot;max-w-2xl text-sm text-muted-foreground&quot;
              &gt;
                Agenda de servicios por técnico, día y motocicleta. Confirma, atiende o convierte una cita en orden de taller.
              &lt;/p&gt;
            &lt;/div&gt;
            &lt;div
              class=&quot;flex shrink-0 flex-wrap items-center gap-2&quot;
            &gt;
              &lt;button
                class=&quot;inline-flex items-center justify-center whitespace-nowrap rounded-md text-sm font-medium transition-all disabled:pointer-events-none disabled:opacity-50 [&amp;_svg]:pointer-events-none [&amp;_svg:not([class*=&apos;size-&apos;])]:size-4 shrink-0 [&amp;_svg]:shrink-0 outline-none focus-visible:border-ring focus-visible:ring-ring/50 focus-visible:ring-[3px] aria-invalid:ring-destructive/20 dark:aria-invalid:ring-destructive/40 aria-invalid:border-destructive bg-primary text-primary-foreground shadow-xs hover:bg-primary/90 h-9 px-4 py-2 has-[&gt;svg]:px-3 gap-2&quot;
                data-ocid=&quot;appointments.open_modal_button&quot;
                data-slot=&quot;button&quot;
                type=&quot;button&quot;
              &gt;
                &lt;svg
                  aria-hidden=&quot;true&quot;
                  class=&quot;lucide lucide-calendar-plus size-4&quot;
                  fill=&quot;none&quot;
                  height=&quot;24&quot;
                  stroke=&quot;currentColor&quot;
                  stroke-linecap=&quot;round&quot;
                  stroke-linejoin=&quot;round&quot;
                  stroke-width=&quot;2&quot;
                  viewBox=&quot;0 0 24 24&quot;
                  width=&quot;24&quot;
                  xmlns=&quot;http://www.w3.org/2000/svg&quot;
                &gt;
                  &lt;path
                    d=&quot;M16 19h6&quot;
                  /&gt;
                  &lt;path
                    d=&quot;M16 2v4&quot;
                  /&gt;
                  &lt;path
                    d=&quot;M19 16v6&quot;
                  /&gt;
                  &lt;path
                    d=&quot;M21 12.598V6a2 2 0 0 0-2-2H5a2 2 0 0 0-2 2v14a2 2 0 0 0 2 2h8.5&quot;
                  /&gt;
                  &lt;path
                    d=&quot;M3 10h18&quot;
                  /&gt;
                  &lt;path
                    d=&quot;M8 2v4&quot;
                  /&gt;
                &lt;/svg&gt;
                Nueva cita
              &lt;/button&gt;
            &lt;/div&gt;
          &lt;/div&gt;
        &lt;/header&gt;
        &lt;div
          class=&quot;overflow-hidden rounded-lg border border-border bg-card shadow-subtle&quot;
        &gt;
          &lt;div
            class=&quot;flex flex-col gap-3 border-b border-border bg-muted/30 p-4&quot;
          &gt;
            &lt;div
              class=&quot;flex flex-wrap items-center justify-between gap-3&quot;
            &gt;
              &lt;div
                class=&quot;flex items-center gap-1 rounded-md border border-border bg-background p-0.5&quot;
                data-ocid=&quot;appointments.view.tabs&quot;
              &gt;
                &lt;button
                  aria-pressed=&quot;true&quot;
                  class=&quot;inline-flex items-center gap-1.5 rounded-sm bg-primary/10 px-3 py-1.5 text-xs font-medium text-primary transition-smooth&quot;
                  data-ocid=&quot;appointments.view.list_tab&quot;
                  type=&quot;button&quot;
                &gt;
                  &lt;svg
                    aria-hidden=&quot;true&quot;
                    class=&quot;lucide lucide-list size-3.5&quot;
                    fill=&quot;none&quot;
                    height=&quot;24&quot;
                    stroke=&quot;currentColor&quot;
                    stroke-linecap=&quot;round&quot;
                    stroke-linejoin=&quot;round&quot;
                    stroke-width=&quot;2&quot;
                    viewBox=&quot;0 0 24 24&quot;
                    width=&quot;24&quot;
                    xmlns=&quot;http://www.w3.org/2000/svg&quot;
                  &gt;
                    &lt;path
                      d=&quot;M3 12h.01&quot;
                    /&gt;
                    &lt;path
                      d=&quot;M3 18h.01&quot;
                    /&gt;
                    &lt;path
                      d=&quot;M3 6h.01&quot;
                    /&gt;
                    &lt;path
                      d=&quot;M8 12h13&quot;
                    /&gt;
                    &lt;path
                      d=&quot;M8 18h13&quot;
                    /&gt;
                    &lt;path
                      d=&quot;M8 6h13&quot;
                    /&gt;
                  &lt;/svg&gt;
                  Lista
                &lt;/button&gt;
                &lt;button
                  aria-pressed=&quot;false&quot;
                  class=&quot;inline-flex items-center gap-1.5 rounded-sm px-3 py-1.5 text-xs font-medium text-muted-foreground transition-smooth hover:text-foreground&quot;
 ...

- Expected
+ Received

  [
-   ObjectContaining {
+   null,
+   {
+     &quot;from&quot;: undefined,
      &quot;status&quot;: &quot;confirmed&quot;,
+     &quot;technicianId&quot;: undefined,
+     &quot;to&quot;: undefined,
    },
  ]

 ❯ src/pages/AppointmentsPage.test.tsx:176:36
 ❯ runWithExpensiveErrorDiagnosticsDisabled ../../../../../../opt/pnpm-templates/build_template/node_modules/.pnpm/@testing-library+dom@10.4.2/node_modules/@testing-library/dom/dist/config.js:47:12
 ❯ checkCallback ../../../../../../opt/pnpm-templates/build_template/node_modules/.pnpm/@testing-library+dom@10.4.2/node_modules/@testing-library/dom/dist/wait-for.js:124:77
 ❯ Timeout.checkRealTimersCallback ../../../../../../opt/pnpm-templates/build_template/node_modules/.pnpm/@testing-library+dom@10.4.2/node_modules/@testing-library/dom/dist/wait-for.js:118:16
            </failure>
        </testcase>
        <testcase classname="src/pages/AppointmentsPage.test.tsx" name="AppointmentsPage &gt; switches to the calendar view and renders the month grid" time="0.064868709">
        </testcase>
        <testcase classname="src/pages/AppointmentsPage.test.tsx" name="AppointmentsPage &gt; opens WhatsApp for the appointment&apos;s customer with the appointment context" time="0.070452521">
        </testcase>
        <testcase classname="src/pages/AppointmentsPage.test.tsx" name="AppointmentsPage &gt; explains when the appointment&apos;s customer has no phone registered" time="0.057613366">
        </testcase>
    </testsuite>
    <testsuite name="src/pages/CommissionsPage.test.tsx" timestamp="2026-09-25T20:55:14.556Z" hostname="2a82af66d266" tests="15" failures="3" errors="0" skipped="0" time="1.678327596">
        <testcase classname="src/pages/CommissionsPage.test.tsx" name="CommissionsPage &gt; shows the technician commission KPIs for the selected period" time="0.092884333">
        </testcase>
        <testcase classname="src/pages/CommissionsPage.test.tsx" name="CommissionsPage &gt; opens with no date restriction so every saved commission is visible" time="1.021629501">
            <failure message="expected &quot;spy&quot; to be called with arguments: [ { from: undefined, to: undefined } ][90m

Received: 

[1m  1st spy call:

[22m[2m  [[22m
[31m+   null,[90m
[2m    {[22m
[2m      &quot;from&quot;: undefined,[22m
[2m      &quot;to&quot;: undefined,[22m
[2m    },[22m
[2m  ][22m
[39m[90m

Number of calls: [1m1[22m
[39m

Ignored nodes: comments, script, style
[36m&lt;html&gt;[39m
  [36m&lt;head /&gt;[39m
  [36m&lt;body&gt;[39m
    [36m&lt;div&gt;[39m
      [36m&lt;div[39m
        [33mclass[39m=[32m&quot;space-y-6&quot;[39m
        [33mdata-ocid[39m=[32m&quot;commissions.page&quot;[39m
      [36m&gt;[39m
        [0m [0m
        [36m&lt;header[39m
          [33mclass[39m=[32m&quot;space-y-4&quot;[39m
        [36m&gt;[39m
          [36m&lt;div[39m
            [33mclass[39m=[32m&quot;flex flex-wrap items-start justify-between gap-3&quot;[39m
          [36m&gt;[39m
            [36m&lt;div[39m
              [33mclass[39m=[32m&quot;min-w-0 space-y-1&quot;[39m
            [36m&gt;[39m
              [36m&lt;p[39m
                [33mclass[39m=[32m&quot;font-mono text-[10px] uppercase tracking-[0.18em] text-muted-foreground&quot;[39m
              [36m&gt;[39m
                [0mAdministración[0m
              [36m&lt;/p&gt;[39m
              [36m&lt;h1[39m
                [33mclass[39m=[32m&quot;font-display text-2xl font-semibold tracking-tight&quot;[39m
              [36m&gt;[39m
                [0mComisiones de técnicos[0m
              [36m&lt;/h1&gt;[39m
              [36m&lt;p[39m
                [33mclass[39m=[32m&quot;max-w-2xl text-sm text-muted-foreground&quot;[39m
              [36m&gt;[39m
                [0mComisiones por mano de obra, préstamos deducidos y pagos por técnico.[0m
              [36m&lt;/p&gt;[39m
            [36m&lt;/div&gt;[39m
            [36m&lt;div[39m
              [33mclass[39m=[32m&quot;flex shrink-0 flex-wrap items-center gap-2&quot;[39m
            [36m&gt;[39m
              [36m&lt;button[39m
                [33mclass[39m=[32m&quot;inline-flex items-center justify-center whitespace-nowrap rounded-md text-sm font-medium transition-all disabled:pointer-events-none disabled:opacity-50 [&amp;_svg]:pointer-events-none [&amp;_svg:not([class*=&apos;size-&apos;])]:size-4 shrink-0 [&amp;_svg]:shrink-0 outline-none focus-visible:border-ring focus-visible:ring-ring/50 focus-visible:ring-[3px] aria-invalid:ring-destructive/20 dark:aria-invalid:ring-destructive/40 aria-invalid:border-destructive border bg-background shadow-xs hover:bg-accent hover:text-accent-foreground dark:bg-input/30 dark:border-input dark:hover:bg-input/50 h-9 px-4 py-2 has-[&gt;svg]:px-3 gap-1.5&quot;[39m
                [33mdata-ocid[39m=[32m&quot;commissions.report.download_button&quot;[39m
                [33mdata-slot[39m=[32m&quot;button&quot;[39m
                [33mtype[39m=[32m&quot;button&quot;[39m
              [36m&gt;[39m
                [36m&lt;svg[39m
                  [33maria-hidden[39m=[32m&quot;true&quot;[39m
                  [33mclass[39m=[32m&quot;lucide lucide-download size-4&quot;[39m
                  [33mfill[39m=[32m&quot;none&quot;[39m
                  [33mheight[39m=[32m&quot;24&quot;[39m
                  [33mstroke[39m=[32m&quot;currentColor&quot;[39m
                  [33mstroke-linecap[39m=[32m&quot;round&quot;[39m
                  [33mstroke-linejoin[39m=[32m&quot;round&quot;[39m
                  [33mstroke-width[39m=[32m&quot;2&quot;[39m
                  [33mviewBox[39m=[32m&quot;0 0 24 24&quot;[39m
                  [33mwidth[39m=[32m&quot;24&quot;[39m
                  [33mxmlns[39m=[32m&quot;http://www.w3.org/2000/svg&quot;[39m
                [36m&gt;[39m
                  [36m&lt;path[39m
                    [33md[39m=[32m&quot;M12 15V3&quot;[39m
                  [36m/&gt;[39m
                  [36m&lt;path[39m
                    [33md[39m=[32m&quot;M21 15v4a2 2 0 0 1-2 2H5a2 2 0 0 1-2-2v-4&quot;[39m
                  [36m/&gt;[39m
                  [36m&lt;path[39m
                    [33md[39m=[32m&quot;m7 10 5 5 5-5&quot;[39m
                  [36m/&gt;[39m
                [36m&lt;/svg&gt;[39m
                [0mDescargar reporte PDF[0m
              [36m&lt;/button&gt;[39m
            [36m&lt;/div&gt;[39m
          [36m&lt;/div&gt;[39m
        [36m&lt;/header&gt;[39m
        [36m&lt;section[39m
          [33mclass[39m=[32m&quot;flex flex-wrap items-end gap-3 rounded-lg border border-border bg-card p-4 shadow-subtle&quot;[39m
          [33mdata-ocid[39m=[32m&quot;commissions.period&quot;[39m
        [36m&gt;[39m
          [36m&lt;div[39m
            [33mclass[39m=[32m&quot;flex flex-wrap items-center gap-2&quot;[39m
          [36m&gt;[39m
            [36m&lt;button[39m
              [33mclass[39m=[32m&quot;inline-flex items-center justify-center whitespace-nowrap text-sm font-medium transition-all disabled:pointer-events-none disabled:opacity-50 [&amp;_svg]:pointer-events-none [&amp;_svg:not([class*=&apos;size-&apos;])]:size-4 shrink-0 [&amp;_svg]:shrink-0 outline-none focus-visible:border-ring focus-visible:ring-ring/50 focus-visible:ring-[3px] aria-invalid:ring-destructive/20 dark:aria-invalid:ring-destructive/40 aria-invalid:border-destructive border bg-background shadow-xs hover:bg-accent hover:text-accent-foreground dark:bg-input/30 dark:border-input dark:hover:bg-input/50 h-8 rounded-md gap-1.5 px-3 has-[&gt;svg]:px-2.5&quot;[39m
              [33mdata-ocid[39m=[32m&quot;commissions.period.month&quot;[39m
              [33mdata-slot[39m=[32m&quot;button&quot;[39m
              [33mtype[39m=[32m&quot;button&quot;[39m
            [36m&gt;[39m
              [0mEste mes[0m
            [36m&lt;/button&gt;[39m
            [36m&lt;button[39m
              [33mclass[39m=[32m&quot;inline-flex items-center justify-center whitespace-nowrap text-sm font-medium transition-all disabled:pointer-events-none disabled:opacity-50 [&amp;_svg]:pointer-events-none [&amp;_svg:not([class*=&apos;size-&apos;])]:size-4 shrink-0 [&amp;_svg]:shrink-0 outline-none focus-visible:border-ring focus-visible:ring-ring/50 focus-visible:ring-[3px] aria-invalid:ring-destructive/20 dark:aria-invalid:ring-destructive/40 aria-invalid:border-destructive border bg-background shadow-xs hover:bg-accent hover:text-accent-foreground dark:bg-input/30 dark:border-input dark:hover:bg-input/50 h-8 rounded-md gap-1.5 px-3 has-[&gt;svg]:px-2.5&quot;[39m
              [33mdata-ocid[39m=[32m&quot;commissions.period.quarter&quot;[39m
              [33mdata-slot[39m=[32m&quot;button&quot;[39m
              [33mtype[39m=[32m&quot;button&quot;[39m
            [36m&gt;[39m
              [0mTrimestre[0m
            [36m&lt;/button&gt;[39m
            [36m&lt;button[39m
              [33mclass[39m=[32m&quot;inline-flex items-center justify-center whitespace-nowrap text-sm font-medium transition-all disabled:pointer-events-none disabled:opacity-50 [&amp;_svg]:pointer-events-none [&amp;_svg:not([class*=&apos;size-&apos;])]:size-4 shrink-0 [&amp;_svg]:shrink-0 outline-none focus-visible:border-ring focus-visible:ring-ring/50 focus-visible:ring-[3px] aria-invalid:ring-destructive/20 dark:aria-invalid:ring-destructive/40 aria-invalid:border-destructive border bg-background shadow-xs hover:bg-accent hover:text-accent-foreground dark:bg-input/30 dark:border-input dark:hover:bg-input/50 h-8 rounded-md gap-1.5 px-3 has-[&gt;svg]:px-2.5&quot;[39m
              [33mdata-ocid[39m=[32m&quot;commissions.period.year&quot;[39m
              [33mdata-slot[39m=[32m&quot;button&quot;[39m
              [33mtype[39m=[32m&quot;button&quot;[39m
            [36m&gt;[39m
              [0mEste año[0m
            [36m&lt;/button&gt;[39m
            [36m&lt;button[39m
              [33mclass[39m=[32m&quot;inline-flex items-center justify-center whitespace-nowrap text-sm font-medium transition-all disa..." type="AssertionError">
AssertionError: expected &quot;spy&quot; to be called with arguments: [ { from: undefined, to: undefined } ]

Received: 

  1st spy call:

  [
+   null,
    {
      &quot;from&quot;: undefined,
      &quot;to&quot;: undefined,
    },
  ]


Number of calls: 1


Ignored nodes: comments, script, style
&lt;html&gt;
  &lt;head /&gt;
  &lt;body&gt;
    &lt;div&gt;
      &lt;div
        class=&quot;space-y-6&quot;
        data-ocid=&quot;commissions.page&quot;
      &gt;
         
        &lt;header
          class=&quot;space-y-4&quot;
        &gt;
          &lt;div
            class=&quot;flex flex-wrap items-start justify-between gap-3&quot;
          &gt;
            &lt;div
              class=&quot;min-w-0 space-y-1&quot;
            &gt;
              &lt;p
                class=&quot;font-mono text-[10px] uppercase tracking-[0.18em] text-muted-foreground&quot;
              &gt;
                Administración
              &lt;/p&gt;
              &lt;h1
                class=&quot;font-display text-2xl font-semibold tracking-tight&quot;
              &gt;
                Comisiones de técnicos
              &lt;/h1&gt;
              &lt;p
                class=&quot;max-w-2xl text-sm text-muted-foreground&quot;
              &gt;
                Comisiones por mano de obra, préstamos deducidos y pagos por técnico.
              &lt;/p&gt;
            &lt;/div&gt;
            &lt;div
              class=&quot;flex shrink-0 flex-wrap items-center gap-2&quot;
            &gt;
              &lt;button
                class=&quot;inline-flex items-center justify-center whitespace-nowrap rounded-md text-sm font-medium transition-all disabled:pointer-events-none disabled:opacity-50 [&amp;_svg]:pointer-events-none [&amp;_svg:not([class*=&apos;size-&apos;])]:size-4 shrink-0 [&amp;_svg]:shrink-0 outline-none focus-visible:border-ring focus-visible:ring-ring/50 focus-visible:ring-[3px] aria-invalid:ring-destructive/20 dark:aria-invalid:ring-destructive/40 aria-invalid:border-destructive border bg-background shadow-xs hover:bg-accent hover:text-accent-foreground dark:bg-input/30 dark:border-input dark:hover:bg-input/50 h-9 px-4 py-2 has-[&gt;svg]:px-3 gap-1.5&quot;
                data-ocid=&quot;commissions.report.download_button&quot;
                data-slot=&quot;button&quot;
                type=&quot;button&quot;
              &gt;
                &lt;svg
                  aria-hidden=&quot;true&quot;
                  class=&quot;lucide lucide-download size-4&quot;
                  fill=&quot;none&quot;
                  height=&quot;24&quot;
                  stroke=&quot;currentColor&quot;
                  stroke-linecap=&quot;round&quot;
                  stroke-linejoin=&quot;round&quot;
                  stroke-width=&quot;2&quot;
                  viewBox=&quot;0 0 24 24&quot;
                  width=&quot;24&quot;
                  xmlns=&quot;http://www.w3.org/2000/svg&quot;
                &gt;
                  &lt;path
                    d=&quot;M12 15V3&quot;
                  /&gt;
                  &lt;path
                    d=&quot;M21 15v4a2 2 0 0 1-2 2H5a2 2 0 0 1-2-2v-4&quot;
                  /&gt;
                  &lt;path
                    d=&quot;m7 10 5 5 5-5&quot;
                  /&gt;
                &lt;/svg&gt;
                Descargar reporte PDF
              &lt;/button&gt;
            &lt;/div&gt;
          &lt;/div&gt;
        &lt;/header&gt;
        &lt;section
          class=&quot;flex flex-wrap items-end gap-3 rounded-lg border border-border bg-card p-4 shadow-subtle&quot;
          data-ocid=&quot;commissions.period&quot;
        &gt;
          &lt;div
            class=&quot;flex flex-wrap items-center gap-2&quot;
          &gt;
            &lt;button
              class=&quot;inline-flex items-center justify-center whitespace-nowrap text-sm font-medium transition-all disabled:pointer-events-none disabled:opacity-50 [&amp;_svg]:pointer-events-none [&amp;_svg:not([class*=&apos;size-&apos;])]:size-4 shrink-0 [&amp;_svg]:shrink-0 outline-none focus-visible:border-ring focus-visible:ring-ring/50 focus-visible:ring-[3px] aria-invalid:ring-destructive/20 dark:aria-invalid:ring-destructive/40 aria-invalid:border-destructive border bg-background shadow-xs hover:bg-accent hover:text-accent-foreground dark:bg-input/30 dark:border-input dark:hover:bg-input/50 h-8 rounded-md gap-1.5 px-3 has-[&gt;svg]:px-2.5&quot;
              data-ocid=&quot;commissions.period.month&quot;
              data-slot=&quot;button&quot;
              type=&quot;button&quot;
            &gt;
              Este mes
            &lt;/button&gt;
            &lt;button
              class=&quot;inline-flex items-center justify-center whitespace-nowrap text-sm font-medium transition-all disabled:pointer-events-none disabled:opacity-50 [&amp;_svg]:pointer-events-none [&amp;_svg:not([class*=&apos;size-&apos;])]:size-4 shrink-0 [&amp;_svg]:shrink-0 outline-none focus-visible:border-ring focus-visible:ring-ring/50 focus-visible:ring-[3px] aria-invalid:ring-destructive/20 dark:aria-invalid:ring-destructive/40 aria-invalid:border-destructive border bg-background shadow-xs hover:bg-accent hover:text-accent-foreground dark:bg-input/30 dark:border-input dark:hover:bg-input/50 h-8 rounded-md gap-1.5 px-3 has-[&gt;svg]:px-2.5&quot;
              data-ocid=&quot;commissions.period.quarter&quot;
              data-slot=&quot;button&quot;
              type=&quot;button&quot;
            &gt;
              Trimestre
            &lt;/button&gt;
            &lt;button
              class=&quot;inline-flex items-center justify-center whitespace-nowrap text-sm font-medium transition-all disabled:pointer-events-none disabled:opacity-50 [&amp;_svg]:pointer-events-none [&amp;_svg:not([class*=&apos;size-&apos;])]:size-4 shrink-0 [&amp;_svg]:shrink-0 outline-none focus-visible:border-ring focus-visible:ring-ring/50 focus-visible:ring-[3px] aria-invalid:ring-destructive/20 dark:aria-invalid:ring-destructive/40 aria-invalid:border-destructive border bg-background shadow-xs hover:bg-accent hover:text-accent-foreground dark:bg-input/30 dark:border-input dark:hover:bg-input/50 h-8 rounded-md gap-1.5 px-3 has-[&gt;svg]:px-2.5&quot;
              data-ocid=&quot;commissions.period.year&quot;
              data-slot=&quot;button&quot;
              type=&quot;button&quot;
            &gt;
              Este año
            &lt;/button&gt;
            &lt;button
              class=&quot;inline-flex items-center justify-center whitespace-nowrap text-sm font-medium transition-all disa...
 ❯ src/pages/CommissionsPage.test.tsx:231:39
 ❯ runWithExpensiveErrorDiagnosticsDisabled ../../../../../../opt/pnpm-templates/build_template/node_modules/.pnpm/@testing-library+dom@10.4.2/node_modules/@testing-library/dom/dist/config.js:47:12
 ❯ checkCallback ../../../../../../opt/pnpm-templates/build_template/node_modules/.pnpm/@testing-library+dom@10.4.2/node_modules/@testing-library/dom/dist/wait-for.js:124:77
 ❯ Timeout.checkRealTimersCallback ../../../../../../opt/pnpm-templates/build_template/node_modules/.pnpm/@testing-library+dom@10.4.2/node_modules/@testing-library/dom/dist/wait-for.js:118:16
            </failure>
        </testcase>
        <testcase classname="src/pages/CommissionsPage.test.tsx" name="CommissionsPage &gt; lists the labor lines attributed to the technician" time="0.041491439">
        </testcase>
        <testcase classname="src/pages/CommissionsPage.test.tsx" name="CommissionsPage &gt; marks pending and deducted loans in the loans panel" time="0.037176269">
        </testcase>
        <testcase classname="src/pages/CommissionsPage.test.tsx" name="CommissionsPage &gt; disables the pay button when there are no commission lines" time="0.017104163">
        </testcase>
        <testcase classname="src/pages/CommissionsPage.test.tsx" name="CommissionsPage &gt; pays the pending commissions and renders the receipt with loan deduction" time="0.112959035">
            <failure message="expected null to match object { technicianId: 1n }" type="AssertionError">
AssertionError: expected null to match object { technicianId: 1n }

- Expected: 
{
  &quot;technicianId&quot;: 1n,
}

+ Received: 
null

 ❯ src/pages/CommissionsPage.test.tsx:320:58
            </failure>
        </testcase>
        <testcase classname="src/pages/CommissionsPage.test.tsx" name="CommissionsPage &gt; downloads the payment receipt as a real PDF" time="0.085524465">
        </testcase>
        <testcase classname="src/pages/CommissionsPage.test.tsx" name="CommissionsPage &gt; shows the general report totals and downloads the report PDF" time="0.038814678">
        </testcase>
        <testcase classname="src/pages/CommissionsPage.test.tsx" name="CommissionsPage &gt; registers a technician loan in cents" time="0.109318723">
            <failure message="expected null to match object { technicianId: 1n, amount: 15000000n }" type="AssertionError">
AssertionError: expected null to match object { technicianId: 1n, amount: 15000000n }

- Expected: 
{
  &quot;amount&quot;: 15000000n,
  &quot;technicianId&quot;: 1n,
}

+ Received: 
null

 ❯ src/pages/CommissionsPage.test.tsx:396:55
            </failure>
        </testcase>
        <testcase classname="src/pages/CommissionsPage.test.tsx" name="CommissionsPage &gt; renders an empty state when there are no active technicians" time="0.011109105">
        </testcase>
        <testcase classname="src/pages/CommissionsPage.test.tsx" name="CommissionsPage &gt; shows the service, motorcycle and service date on each pending line" time="0.02749183">
        </testcase>
        <testcase classname="src/pages/CommissionsPage.test.tsx" name="CommissionsPage &gt; moves a line already settled in a payment out of the pending table" time="0.032435806">
        </testcase>
        <testcase classname="src/pages/CommissionsPage.test.tsx" name="CommissionsPage &gt; keeps an unsettled line payable when a payment covers a different line" time="0.025340716">
        </testcase>
        <testcase classname="src/pages/CommissionsPage.test.tsx" name="CommissionsPage &gt; lists each eligible labor line in the report breakdown with date, order, service, moto and commission" time="0.013913107">
        </testcase>
        <testcase classname="src/pages/CommissionsPage.test.tsx" name="CommissionsPage &gt; shows the breakdown empty state when no eligible labor line is returned" time="0.009891012">
        </testcase>
    </testsuite>
    <testsuite name="src/pages/CompanyPage.fiscal-regime.characterize.test.tsx" timestamp="2026-09-25T20:55:14.561Z" hostname="2a82af66d266" tests="4" failures="3" errors="0" skipped="0" time="0.401253394">
        <testcase classname="src/pages/CompanyPage.fiscal-regime.characterize.test.tsx" name="CompanyPage fiscal regime (characterization) &gt; renders the loaded responsableIva regime in the select" time="0.119849829">
        </testcase>
        <testcase classname="src/pages/CompanyPage.fiscal-regime.characterize.test.tsx" name="CompanyPage fiscal regime (characterization) &gt; sends the loaded responsableIva variant unchanged in the payload" time="0.131231072">
            <failure message="expected null to match object { fiscalRegime: &apos;responsableIva&apos; }" type="AssertionError">
AssertionError: expected null to match object { fiscalRegime: &apos;responsableIva&apos; }

- Expected: 
{
  &quot;fiscalRegime&quot;: &quot;responsableIva&quot;,
}

+ Received: 
null

 ❯ src/pages/CompanyPage.fiscal-regime.characterize.test.tsx:115:55
            </failure>
        </testcase>
        <testcase classname="src/pages/CompanyPage.fiscal-regime.characterize.test.tsx" name="CompanyPage fiscal regime (characterization) &gt; coerces an empty loaded regime to a valid variant in the select and payload" time="0.075270243">
            <failure message="Cannot read properties of null (reading &apos;fiscalRegime&apos;)" type="TypeError">
TypeError: Cannot read properties of null (reading &apos;fiscalRegime&apos;)
 ❯ src/pages/CompanyPage.fiscal-regime.characterize.test.tsx:146:60
            </failure>
        </testcase>
        <testcase classname="src/pages/CompanyPage.fiscal-regime.characterize.test.tsx" name="CompanyPage fiscal regime (characterization) &gt; coerces an unknown loaded regime to a valid variant in the payload" time="0.073747786">
            <failure message="Cannot read properties of null (reading &apos;fiscalRegime&apos;)" type="TypeError">
TypeError: Cannot read properties of null (reading &apos;fiscalRegime&apos;)
 ❯ src/pages/CompanyPage.fiscal-regime.characterize.test.tsx:165:54
            </failure>
        </testcase>
    </testsuite>
    <testsuite name="src/pages/CompanyPage.logo.test.tsx" timestamp="2026-09-25T20:55:14.564Z" hostname="2a82af66d266" tests="11" failures="3" errors="0" skipped="0" time="0.753184801">
        <testcase classname="src/pages/CompanyPage.logo.test.tsx" name="CompanyPage logo &gt; shows the stored logo in the preview when the profile has one" time="0.117086654">
        </testcase>
        <testcase classname="src/pages/CompanyPage.logo.test.tsx" name="CompanyPage logo &gt; shows the placeholder instead of an image when there is no logo" time="0.048155305">
        </testcase>
        <testcase classname="src/pages/CompanyPage.logo.test.tsx" name="CompanyPage logo &gt; previews the selected image and offers to remove it" time="0.115860509">
        </testcase>
        <testcase classname="src/pages/CompanyPage.logo.test.tsx" name="CompanyPage logo &gt; rejects a non-image file without changing the preview" time="0.063564666">
        </testcase>
        <testcase classname="src/pages/CompanyPage.logo.test.tsx" name="CompanyPage logo &gt; clears the logo when the remove action is used" time="0.064430316">
        </testcase>
        <testcase classname="src/pages/CompanyPage.logo.test.tsx" name="CompanyPage logo &gt; uploads the bytes and sends the permanent URL in the save payload" time="0.097595105">
            <failure message="expected null to match object { Object (logoUrl) }" type="AssertionError">
AssertionError: expected null to match object { Object (logoUrl) }

- Expected: 
{
  &quot;logoUrl&quot;: &quot;https://gateway.example.com/logo-hash.png&quot;,
}

+ Received: 
null

 ❯ src/pages/CompanyPage.logo.test.tsx:263:19
            </failure>
        </testcase>
        <testcase classname="src/pages/CompanyPage.logo.test.tsx" name="CompanyPage logo &gt; omits the logo from the payload when none is set" time="0.048813223">
            <failure message="Cannot read properties of null (reading &apos;logoUrl&apos;)" type="TypeError">
TypeError: Cannot read properties of null (reading &apos;logoUrl&apos;)
 ❯ src/pages/CompanyPage.logo.test.tsx:279:54
            </failure>
        </testcase>
        <testcase classname="src/pages/CompanyPage.logo.test.tsx" name="CompanyPage logo &gt; keeps the uploaded logo after the profile is reloaded" time="0.064357116">
        </testcase>
        <testcase classname="src/pages/CompanyPage.logo.test.tsx" name="CompanyPage logo &gt; disables the logo controls for a mechanic" time="0.023837711">
        </testcase>
        <testcase classname="src/pages/CompanyPage.logo.test.tsx" name="CompanyPage logo &gt; reports a successful logo upload with a notification" time="0.050852167">
        </testcase>
        <testcase classname="src/pages/CompanyPage.logo.test.tsx" name="CompanyPage logo &gt; surfaces an upload failure and does not persist a logo" time="0.057382295">
            <failure message="Cannot read properties of null (reading &apos;logoUrl&apos;)" type="TypeError">
TypeError: Cannot read properties of null (reading &apos;logoUrl&apos;)
 ❯ src/pages/CompanyPage.logo.test.tsx:360:54
            </failure>
        </testcase>
    </testsuite>
    <testsuite name="src/pages/CompanyPage.test.tsx" timestamp="2026-09-25T20:55:14.568Z" hostname="2a82af66d266" tests="24" failures="5" errors="0" skipped="0" time="1.679909986">
        <testcase classname="src/pages/CompanyPage.test.tsx" name="CompanyPage &gt; loads the company profile into the form" time="0.114524397">
        </testcase>
        <testcase classname="src/pages/CompanyPage.test.tsx" name="CompanyPage &gt; renders the printable document preview with the company data" time="0.027769107">
        </testcase>
        <testcase classname="src/pages/CompanyPage.test.tsx" name="CompanyPage &gt; shows the fiscal block with the NIT check digit, regime and responsibility" time="0.073882018">
        </testcase>
        <testcase classname="src/pages/CompanyPage.test.tsx" name="CompanyPage &gt; enables the save button for an administrator with a valid form" time="0.040582749">
        </testcase>
        <testcase classname="src/pages/CompanyPage.test.tsx" name="CompanyPage &gt; enables the save button after an administrator edits a field" time="0.247743772">
        </testcase>
        <testcase classname="src/pages/CompanyPage.test.tsx" name="CompanyPage &gt; rejects an out-of-range tax rate before saving" time="0.064436425">
        </testcase>
        <testcase classname="src/pages/CompanyPage.test.tsx" name="CompanyPage &gt; disables the save button when a required field is cleared" time="0.038922462">
        </testcase>
        <testcase classname="src/pages/CompanyPage.test.tsx" name="CompanyPage &gt; blocks saving a NIT whose check digit does not match" time="0.058414448">
        </testcase>
        <testcase classname="src/pages/CompanyPage.test.tsx" name="CompanyPage &gt; saves the trimmed profile with the fiscal fields and tax rate as a bigint" time="0.202024581">
            <failure message="expected null to deeply equal { …(14) }" type="AssertionError">
AssertionError: expected null to deeply equal { …(14) }

- Expected: 
{
  &quot;address&quot;: &quot;Calle 45 #12-30, Bogotá&quot;,
  &quot;checkDigit&quot;: 8n,
  &quot;city&quot;: &quot;Bogotá D.C., Cundinamarca&quot;,
  &quot;documentType&quot;: &quot;nit&quot;,
  &quot;email&quot;: &quot;contacto@hrsolucionesintegrales.com&quot;,
  &quot;fiscalRegime&quot;: &quot;responsableIva&quot;,
  &quot;legalName&quot;: &quot;Taller Nuevo S.A.S.&quot;,
  &quot;logoUrl&quot;: undefined,
  &quot;phone&quot;: &quot;+57 300 000 0000&quot;,
  &quot;taxId&quot;: &quot;900123456&quot;,
  &quot;taxRate&quot;: 16n,
  &quot;taxResponsibility&quot;: &quot;noAplica&quot;,
  &quot;tradeName&quot;: &quot;Taller HR Motos&quot;,
  &quot;website&quot;: &quot;https://hrsolucionesintegrales.com&quot;,
}

+ Received: 
null

 ❯ src/pages/CompanyPage.test.tsx:204:55
            </failure>
        </testcase>
        <testcase classname="src/pages/CompanyPage.test.tsx" name="CompanyPage &gt; disables editing and hides the save action for a mechanic" time="0.025064258">
        </testcase>
        <testcase classname="src/pages/CompanyPage.test.tsx" name="CompanyPage &gt; keeps the fiscal regime select editable only for an administrator" time="0.02254235">
        </testcase>
        <testcase classname="src/pages/CompanyPage.test.tsx" name="CompanyPage &gt; keeps the fiscal regime select disabled for a mechanic" time="0.022729562">
        </testcase>
        <testcase classname="src/pages/CompanyPage.test.tsx" name="CompanyPage &gt; renders an error state with a retry when the profile fails to load" time="0.00988708">
        </testcase>
        <testcase classname="src/pages/CompanyPage.test.tsx" name="CompanyPage &gt; lets an administrator edit every company field" time="0.02608609">
        </testcase>
        <testcase classname="src/pages/CompanyPage.test.tsx" name="CompanyPage &gt; shows the required-field messages when an incomplete form is submitted" time="0.091718167">
        </testcase>
        <testcase classname="src/pages/CompanyPage.test.tsx" name="CompanyPage &gt; omits cleared optional fields from the save payload" time="0.090072019">
            <failure message="Cannot read properties of null (reading &apos;tradeName&apos;)" type="TypeError">
TypeError: Cannot read properties of null (reading &apos;tradeName&apos;)
 ❯ src/pages/CompanyPage.test.tsx:349:18
            </failure>
        </testcase>
        <testcase classname="src/pages/CompanyPage.test.tsx" name="CompanyPage &gt; keeps the mismatch message and blocks saving when the check digit is wrong" time="0.068401018">
        </testcase>
        <testcase classname="src/pages/CompanyPage.test.tsx" name="CompanyPage &gt; accepts the inclusive tax-rate bounds of 0 and 100" time="0.084202994">
        </testcase>
        <testcase classname="src/pages/CompanyPage.test.tsx" name="CompanyPage &gt; reports success and sends the fiscal payload when a valid form is saved" time="0.046227642">
            <failure message="expected null to match object { documentType: &apos;nit&apos;, …(3) }" type="AssertionError">
AssertionError: expected null to match object { documentType: &apos;nit&apos;, …(3) }

- Expected: 
{
  &quot;checkDigit&quot;: 8n,
  &quot;documentType&quot;: &quot;nit&quot;,
  &quot;taxId&quot;: &quot;900123456&quot;,
  &quot;taxRate&quot;: 16n,
}

+ Received: 
null

 ❯ src/pages/CompanyPage.test.tsx:424:55
            </failure>
        </testcase>
        <testcase classname="src/pages/CompanyPage.test.tsx" name="CompanyPage &gt; enables saving and computes the check digit when it is left empty" time="0.046267693">
            <failure message="expected null to match object { documentType: &apos;nit&apos;, …(2) }" type="AssertionError">
AssertionError: expected null to match object { documentType: &apos;nit&apos;, …(2) }

- Expected: 
{
  &quot;checkDigit&quot;: 8n,
  &quot;documentType&quot;: &quot;nit&quot;,
  &quot;taxId&quot;: &quot;900123456&quot;,
}

+ Received: 
null

 ❯ src/pages/CompanyPage.test.tsx:460:55
            </failure>
        </testcase>
        <testcase classname="src/pages/CompanyPage.test.tsx" name="CompanyPage &gt; enables saving and defaults the tax rate to 19 when it is left empty" time="0.047726369">
            <failure message="expected null to match object { taxRate: 19n }" type="AssertionError">
AssertionError: expected null to match object { taxRate: 19n }

- Expected: 
{
  &quot;taxRate&quot;: 19n,
}

+ Received: 
null

 ❯ src/pages/CompanyPage.test.tsx:487:55
            </failure>
        </testcase>
        <testcase classname="src/pages/CompanyPage.test.tsx" name="CompanyPage &gt; shows the saving state and disables the button while the save is in flight" time="0.04599379">
        </testcase>
        <testcase classname="src/pages/CompanyPage.test.tsx" name="CompanyPage &gt; reports a failed save with an error notification" time="0.03884299">
        </testcase>
        <testcase classname="src/pages/CompanyPage.test.tsx" name="CompanyPage &gt; keeps the saved values after the profile is reloaded" time="0.144391848">
        </testcase>
    </testsuite>
    <testsuite name="src/pages/CuentasPorCobrarPage.test.tsx" timestamp="2026-09-25T20:55:14.575Z" hostname="2a82af66d266" tests="10" failures="4" errors="0" skipped="0" time="4.603731358">
        <testcase classname="src/pages/CuentasPorCobrarPage.test.tsx" name="CuentasPorCobrarPage &gt; shows the portfolio summary cards" time="0.066026935">
        </testcase>
        <testcase classname="src/pages/CuentasPorCobrarPage.test.tsx" name="CuentasPorCobrarPage &gt; lists the pending balances with customer, invoice and status" time="0.021211559">
        </testcase>
        <testcase classname="src/pages/CuentasPorCobrarPage.test.tsx" name="CuentasPorCobrarPage &gt; shows the due date column for each credit invoice" time="0.018173443">
        </testcase>
        <testcase classname="src/pages/CuentasPorCobrarPage.test.tsx" name="CuentasPorCobrarPage &gt; passes the selected status filter to the backend" time="1.066672226">
            <failure message="expected last &quot;spy&quot; call to have been called with [ { status: &apos;overdue&apos;, …(1) } ]

Ignored nodes: comments, script, style
[36m&lt;html&gt;[39m
  [36m&lt;head /&gt;[39m
  [36m&lt;body&gt;[39m
    [36m&lt;div&gt;[39m
      [36m&lt;div[39m
        [33mclass[39m=[32m&quot;mx-auto w-full max-w-7xl animate-fade-in space-y-5&quot;[39m
        [33mdata-ocid[39m=[32m&quot;receivables.page&quot;[39m
      [36m&gt;[39m
        [36m&lt;header[39m
          [33mclass[39m=[32m&quot;space-y-4&quot;[39m
        [36m&gt;[39m
          [36m&lt;div[39m
            [33mclass[39m=[32m&quot;flex flex-wrap items-start justify-between gap-3&quot;[39m
          [36m&gt;[39m
            [36m&lt;div[39m
              [33mclass[39m=[32m&quot;min-w-0 space-y-1&quot;[39m
            [36m&gt;[39m
              [36m&lt;p[39m
                [33mclass[39m=[32m&quot;font-mono text-[10px] uppercase tracking-[0.18em] text-muted-foreground&quot;[39m
              [36m&gt;[39m
                [0mAdministración[0m
              [36m&lt;/p&gt;[39m
              [36m&lt;h1[39m
                [33mclass[39m=[32m&quot;font-display text-2xl font-semibold tracking-tight&quot;[39m
              [36m&gt;[39m
                [0mCuentas por cobrar[0m
              [36m&lt;/h1&gt;[39m
              [36m&lt;p[39m
                [33mclass[39m=[32m&quot;max-w-2xl text-sm text-muted-foreground&quot;[39m
              [36m&gt;[39m
                [0mSaldos pendientes de facturas a crédito por cliente, con vencimiento y estado de cada cuenta.[0m
              [36m&lt;/p&gt;[39m
            [36m&lt;/div&gt;[39m
          [36m&lt;/div&gt;[39m
        [36m&lt;/header&gt;[39m
        [36m&lt;section[39m
          [33maria-label[39m=[32m&quot;Resumen de cartera&quot;[39m
          [33mclass[39m=[32m&quot;accounts-summary&quot;[39m
          [33mdata-ocid[39m=[32m&quot;receivables.summary.section&quot;[39m
        [36m&gt;[39m
          [36m&lt;div[39m
            [33mclass[39m=[32m&quot;accounts-card&quot;[39m
            [33mdata-emphasis[39m=[32m&quot;primary&quot;[39m
            [33mdata-ocid[39m=[32m&quot;receivables.summary.total_card&quot;[39m
          [36m&gt;[39m
            [36m&lt;p[39m
              [33mclass[39m=[32m&quot;accounts-card-label&quot;[39m
            [36m&gt;[39m
              [0mTotal por cobrar[0m
            [36m&lt;/p&gt;[39m
            [36m&lt;p[39m
              [33mclass[39m=[32m&quot;accounts-card-value&quot;[39m
            [36m&gt;[39m
              [0m$ 3.000[0m
            [36m&lt;/p&gt;[39m
            [36m&lt;p[39m
              [33mclass[39m=[32m&quot;accounts-card-meta&quot;[39m
            [36m&gt;[39m
              [0mSaldo pendiente de toda la cartera[0m
            [36m&lt;/p&gt;[39m
          [36m&lt;/div&gt;[39m
          [36m&lt;div[39m
            [33mclass[39m=[32m&quot;accounts-card&quot;[39m
            [33mdata-emphasis[39m=[32m&quot;overdue&quot;[39m
            [33mdata-ocid[39m=[32m&quot;receivables.summary.overdue_card&quot;[39m
          [36m&gt;[39m
            [36m&lt;p[39m
              [33mclass[39m=[32m&quot;accounts-card-label&quot;[39m
            [36m&gt;[39m
              [0mTotal vencido[0m
            [36m&lt;/p&gt;[39m
            [36m&lt;p[39m
              [33mclass[39m=[32m&quot;accounts-card-value&quot;[39m
            [36m&gt;[39m
              [0m$ 0[0m
            [36m&lt;/p&gt;[39m
            [36m&lt;p[39m
              [33mclass[39m=[32m&quot;accounts-card-meta&quot;[39m
            [36m&gt;[39m
              [0mCuentas con vencimiento cumplido[0m
            [36m&lt;/p&gt;[39m
          [36m&lt;/div&gt;[39m
          [36m&lt;div[39m
            [33mclass[39m=[32m&quot;accounts-card&quot;[39m
            [33mdata-ocid[39m=[32m&quot;receivables.summary.open_card&quot;[39m
          [36m&gt;[39m
            [36m&lt;p[39m
              [33mclass[39m=[32m&quot;accounts-card-label&quot;[39m
            [36m&gt;[39m
              [0mFacturas abiertas[0m
            [36m&lt;/p&gt;[39m
            [36m&lt;p[39m
              [33mclass[39m=[32m&quot;accounts-card-value&quot;[39m
            [36m&gt;[39m
              [0m1[0m
            [36m&lt;/p&gt;[39m
            [36m&lt;p[39m
              [33mclass[39m=[32m&quot;accounts-card-meta&quot;[39m
            [36m&gt;[39m
              [0mCuentas pendientes o vencidas[0m
            [36m&lt;/p&gt;[39m
          [36m&lt;/div&gt;[39m
        [36m&lt;/section&gt;[39m
        [36m&lt;section[39m
          [33mclass[39m=[32m&quot;flex flex-col gap-3 rounded-lg border border-border bg-card p-3 shadow-subtle lg:flex-row lg:items-center lg:justify-between&quot;[39m
          [33mdata-ocid[39m=[32m&quot;receivables.filters&quot;[39m
        [36m&gt;[39m
          [36m&lt;fieldset[39m
            [33mclass[39m=[32m&quot;filter-chips&quot;[39m
            [33mdata-ocid[39m=[32m&quot;receivables.filter.chips&quot;[39m
          [36m&gt;[39m
            [36m&lt;legend[39m
              [33mclass[39m=[32m&quot;sr-only&quot;[39m
            [36m&gt;[39m
              [0mFiltrar por estado[0m
            [36m&lt;/legend&gt;[39m
            [36m&lt;button[39m
              [33maria-pressed[39m=[32m&quot;false&quot;[39m
              [33mclass[39m=[32m&quot;filter-chip&quot;[39m
              [33mdata-active[39m=[32m&quot;false&quot;[39m
              [33mdata-ocid[39m=[32m&quot;receivables.filter.all&quot;[39m
              [33mtype[39m=[32m&quot;button&quot;[39m
            [36m&gt;[39m
              [0mTodas[0m
            [36m&lt;/button&gt;[39m
            [36m&lt;button[39m
              [33maria-pressed[39m=[32m&quot;false&quot;[39m
              [33mclass[39m=[32m&quot;filter-chip&quot;[39m
              [33mdata-active[39m=[32m&quot;false&quot;[39m
              [33mdata-ocid[39m=[32m&quot;receivables.filter.pending&quot;[39m
              [33mtype[39m=[32m&quot;button&quot;[39m
            [36m&gt;[39m
              [0mPendientes[0m
            [36m&lt;/button&gt;[39m
            [36m&lt;button[39m
              [33maria-pressed[39m=[32m&quot;true&quot;[39m
              [33mclass[39m=[32m&quot;filter-chip&quot;[39m
              [33mdata-active[39m=[32m&quot;true&quot;[39m
              [33mdata-ocid[39m=[32m&quot;receivables.filter.overdue&quot;[39m
              [33mtype[39m=[32m&quot;button&quot;[39m
            [36m&gt;[39m
              [0mVencidas[0m
            [36m&lt;/button&gt;[39m
            [36m&lt;button[39m
              [33maria-pressed[39m=[32m&quot;false&quot;[39m
              [33mclass[39m=[32m&quot;filter-chip&quot;[39m
              [33mdata-active[39m=[32m&quot;false&quot;[39m
              [33mdata-ocid[39m=[32m&quot;receivables.filter.paid&quot;[39m
              [33mtype[39m=[32m&quot;button&quot;[39m
            [36m&gt;[39m
              [0mPagadas[0m
            [36m&lt;/button&gt;[39m
          [36m&lt;/fieldset&gt;[39m
          [36m&lt;div[39m
            [33mclass[39m=[32m&quot;flex items-center gap-2&quot;[39m
          [36m&gt;[39m
            [36m&lt;div[39m
              [33mclass[39m=[32m&quot;relative w-full lg:w-72&quot;[39m
            [36m&gt;[39m
              [36m&lt;svg[39m
                [33maria-hidden[39m=[32m&quot;true&quot;[39m
                [33mclass[39m=[32m&quot;lucide lucide-search pointer-events-none absolute left-3 top-1/2 size-4 -translate-y-1/2 text-muted-foreground&quot;[39m
                [33mfill[39m=[32m&quot;none&quot;[39m
                [33mheight[39m=[32m&quot;24&quot;[39m
                [33mstroke[39m=[32m&quot;currentColor&quot;[39m
                [33mstroke-linecap[39m=[32m&quot;round&quot;[39m
                [33mstroke-linejoin[39m=[32m&quot;round&quot;[39m
 ..." type="AssertionError">
AssertionError: expected last &quot;spy&quot; call to have been called with [ { status: &apos;overdue&apos;, …(1) } ]

Ignored nodes: comments, script, style
&lt;html&gt;
  &lt;head /&gt;
  &lt;body&gt;
    &lt;div&gt;
      &lt;div
        class=&quot;mx-auto w-full max-w-7xl animate-fade-in space-y-5&quot;
        data-ocid=&quot;receivables.page&quot;
      &gt;
        &lt;header
          class=&quot;space-y-4&quot;
        &gt;
          &lt;div
            class=&quot;flex flex-wrap items-start justify-between gap-3&quot;
          &gt;
            &lt;div
              class=&quot;min-w-0 space-y-1&quot;
            &gt;
              &lt;p
                class=&quot;font-mono text-[10px] uppercase tracking-[0.18em] text-muted-foreground&quot;
              &gt;
                Administración
              &lt;/p&gt;
              &lt;h1
                class=&quot;font-display text-2xl font-semibold tracking-tight&quot;
              &gt;
                Cuentas por cobrar
              &lt;/h1&gt;
              &lt;p
                class=&quot;max-w-2xl text-sm text-muted-foreground&quot;
              &gt;
                Saldos pendientes de facturas a crédito por cliente, con vencimiento y estado de cada cuenta.
              &lt;/p&gt;
            &lt;/div&gt;
          &lt;/div&gt;
        &lt;/header&gt;
        &lt;section
          aria-label=&quot;Resumen de cartera&quot;
          class=&quot;accounts-summary&quot;
          data-ocid=&quot;receivables.summary.section&quot;
        &gt;
          &lt;div
            class=&quot;accounts-card&quot;
            data-emphasis=&quot;primary&quot;
            data-ocid=&quot;receivables.summary.total_card&quot;
          &gt;
            &lt;p
              class=&quot;accounts-card-label&quot;
            &gt;
              Total por cobrar
            &lt;/p&gt;
            &lt;p
              class=&quot;accounts-card-value&quot;
            &gt;
              $ 3.000
            &lt;/p&gt;
            &lt;p
              class=&quot;accounts-card-meta&quot;
            &gt;
              Saldo pendiente de toda la cartera
            &lt;/p&gt;
          &lt;/div&gt;
          &lt;div
            class=&quot;accounts-card&quot;
            data-emphasis=&quot;overdue&quot;
            data-ocid=&quot;receivables.summary.overdue_card&quot;
          &gt;
            &lt;p
              class=&quot;accounts-card-label&quot;
            &gt;
              Total vencido
            &lt;/p&gt;
            &lt;p
              class=&quot;accounts-card-value&quot;
            &gt;
              $ 0
            &lt;/p&gt;
            &lt;p
              class=&quot;accounts-card-meta&quot;
            &gt;
              Cuentas con vencimiento cumplido
            &lt;/p&gt;
          &lt;/div&gt;
          &lt;div
            class=&quot;accounts-card&quot;
            data-ocid=&quot;receivables.summary.open_card&quot;
          &gt;
            &lt;p
              class=&quot;accounts-card-label&quot;
            &gt;
              Facturas abiertas
            &lt;/p&gt;
            &lt;p
              class=&quot;accounts-card-value&quot;
            &gt;
              1
            &lt;/p&gt;
            &lt;p
              class=&quot;accounts-card-meta&quot;
            &gt;
              Cuentas pendientes o vencidas
            &lt;/p&gt;
          &lt;/div&gt;
        &lt;/section&gt;
        &lt;section
          class=&quot;flex flex-col gap-3 rounded-lg border border-border bg-card p-3 shadow-subtle lg:flex-row lg:items-center lg:justify-between&quot;
          data-ocid=&quot;receivables.filters&quot;
        &gt;
          &lt;fieldset
            class=&quot;filter-chips&quot;
            data-ocid=&quot;receivables.filter.chips&quot;
          &gt;
            &lt;legend
              class=&quot;sr-only&quot;
            &gt;
              Filtrar por estado
            &lt;/legend&gt;
            &lt;button
              aria-pressed=&quot;false&quot;
              class=&quot;filter-chip&quot;
              data-active=&quot;false&quot;
              data-ocid=&quot;receivables.filter.all&quot;
              type=&quot;button&quot;
            &gt;
              Todas
            &lt;/button&gt;
            &lt;button
              aria-pressed=&quot;false&quot;
              class=&quot;filter-chip&quot;
              data-active=&quot;false&quot;
              data-ocid=&quot;receivables.filter.pending&quot;
              type=&quot;button&quot;
            &gt;
              Pendientes
            &lt;/button&gt;
            &lt;button
              aria-pressed=&quot;true&quot;
              class=&quot;filter-chip&quot;
              data-active=&quot;true&quot;
              data-ocid=&quot;receivables.filter.overdue&quot;
              type=&quot;button&quot;
            &gt;
              Vencidas
            &lt;/button&gt;
            &lt;button
              aria-pressed=&quot;false&quot;
              class=&quot;filter-chip&quot;
              data-active=&quot;false&quot;
              data-ocid=&quot;receivables.filter.paid&quot;
              type=&quot;button&quot;
            &gt;
              Pagadas
            &lt;/button&gt;
          &lt;/fieldset&gt;
          &lt;div
            class=&quot;flex items-center gap-2&quot;
          &gt;
            &lt;div
              class=&quot;relative w-full lg:w-72&quot;
            &gt;
              &lt;svg
                aria-hidden=&quot;true&quot;
                class=&quot;lucide lucide-search pointer-events-none absolute left-3 top-1/2 size-4 -translate-y-1/2 text-muted-foreground&quot;
                fill=&quot;none&quot;
                height=&quot;24&quot;
                stroke=&quot;currentColor&quot;
                stroke-linecap=&quot;round&quot;
                stroke-linejoin=&quot;round&quot;
 ...

- Expected
+ Received

  [
+   null,
    {
      &quot;search&quot;: undefined,
      &quot;status&quot;: &quot;overdue&quot;,
    },
  ]

 ❯ src/pages/CuentasPorCobrarPage.test.tsx:221:35
 ❯ runWithExpensiveErrorDiagnosticsDisabled ../../../../../../opt/pnpm-templates/build_template/node_modules/.pnpm/@testing-library+dom@10.4.2/node_modules/@testing-library/dom/dist/config.js:47:12
 ❯ checkCallback ../../../../../../opt/pnpm-templates/build_template/node_modules/.pnpm/@testing-library+dom@10.4.2/node_modules/@testing-library/dom/dist/wait-for.js:124:77
 ❯ Timeout.checkRealTimersCallback ../../../../../../opt/pnpm-templates/build_template/node_modules/.pnpm/@testing-library+dom@10.4.2/node_modules/@testing-library/dom/dist/wait-for.js:118:16
            </failure>
        </testcase>
        <testcase classname="src/pages/CuentasPorCobrarPage.test.tsx" name="CuentasPorCobrarPage &gt; passes the debounced search term to the backend" time="2.048528206">
            <failure message="expected last &quot;spy&quot; call to have been called with [ Array(1) ]

Ignored nodes: comments, script, style
[36m&lt;html&gt;[39m
  [36m&lt;head /&gt;[39m
  [36m&lt;body&gt;[39m
    [36m&lt;div&gt;[39m
      [36m&lt;div[39m
        [33mclass[39m=[32m&quot;mx-auto w-full max-w-7xl animate-fade-in space-y-5&quot;[39m
        [33mdata-ocid[39m=[32m&quot;receivables.page&quot;[39m
      [36m&gt;[39m
        [36m&lt;header[39m
          [33mclass[39m=[32m&quot;space-y-4&quot;[39m
        [36m&gt;[39m
          [36m&lt;div[39m
            [33mclass[39m=[32m&quot;flex flex-wrap items-start justify-between gap-3&quot;[39m
          [36m&gt;[39m
            [36m&lt;div[39m
              [33mclass[39m=[32m&quot;min-w-0 space-y-1&quot;[39m
            [36m&gt;[39m
              [36m&lt;p[39m
                [33mclass[39m=[32m&quot;font-mono text-[10px] uppercase tracking-[0.18em] text-muted-foreground&quot;[39m
              [36m&gt;[39m
                [0mAdministración[0m
              [36m&lt;/p&gt;[39m
              [36m&lt;h1[39m
                [33mclass[39m=[32m&quot;font-display text-2xl font-semibold tracking-tight&quot;[39m
              [36m&gt;[39m
                [0mCuentas por cobrar[0m
              [36m&lt;/h1&gt;[39m
              [36m&lt;p[39m
                [33mclass[39m=[32m&quot;max-w-2xl text-sm text-muted-foreground&quot;[39m
              [36m&gt;[39m
                [0mSaldos pendientes de facturas a crédito por cliente, con vencimiento y estado de cada cuenta.[0m
              [36m&lt;/p&gt;[39m
            [36m&lt;/div&gt;[39m
          [36m&lt;/div&gt;[39m
        [36m&lt;/header&gt;[39m
        [36m&lt;section[39m
          [33maria-label[39m=[32m&quot;Resumen de cartera&quot;[39m
          [33mclass[39m=[32m&quot;accounts-summary&quot;[39m
          [33mdata-ocid[39m=[32m&quot;receivables.summary.section&quot;[39m
        [36m&gt;[39m
          [36m&lt;div[39m
            [33mclass[39m=[32m&quot;accounts-card&quot;[39m
            [33mdata-emphasis[39m=[32m&quot;primary&quot;[39m
            [33mdata-ocid[39m=[32m&quot;receivables.summary.total_card&quot;[39m
          [36m&gt;[39m
            [36m&lt;p[39m
              [33mclass[39m=[32m&quot;accounts-card-label&quot;[39m
            [36m&gt;[39m
              [0mTotal por cobrar[0m
            [36m&lt;/p&gt;[39m
            [36m&lt;p[39m
              [33mclass[39m=[32m&quot;accounts-card-value&quot;[39m
            [36m&gt;[39m
              [0m$ 3.000[0m
            [36m&lt;/p&gt;[39m
            [36m&lt;p[39m
              [33mclass[39m=[32m&quot;accounts-card-meta&quot;[39m
            [36m&gt;[39m
              [0mSaldo pendiente de toda la cartera[0m
            [36m&lt;/p&gt;[39m
          [36m&lt;/div&gt;[39m
          [36m&lt;div[39m
            [33mclass[39m=[32m&quot;accounts-card&quot;[39m
            [33mdata-emphasis[39m=[32m&quot;overdue&quot;[39m
            [33mdata-ocid[39m=[32m&quot;receivables.summary.overdue_card&quot;[39m
          [36m&gt;[39m
            [36m&lt;p[39m
              [33mclass[39m=[32m&quot;accounts-card-label&quot;[39m
            [36m&gt;[39m
              [0mTotal vencido[0m
            [36m&lt;/p&gt;[39m
            [36m&lt;p[39m
              [33mclass[39m=[32m&quot;accounts-card-value&quot;[39m
            [36m&gt;[39m
              [0m$ 0[0m
            [36m&lt;/p&gt;[39m
            [36m&lt;p[39m
              [33mclass[39m=[32m&quot;accounts-card-meta&quot;[39m
            [36m&gt;[39m
              [0mCuentas con vencimiento cumplido[0m
            [36m&lt;/p&gt;[39m
          [36m&lt;/div&gt;[39m
          [36m&lt;div[39m
            [33mclass[39m=[32m&quot;accounts-card&quot;[39m
            [33mdata-ocid[39m=[32m&quot;receivables.summary.open_card&quot;[39m
          [36m&gt;[39m
            [36m&lt;p[39m
              [33mclass[39m=[32m&quot;accounts-card-label&quot;[39m
            [36m&gt;[39m
              [0mFacturas abiertas[0m
            [36m&lt;/p&gt;[39m
            [36m&lt;p[39m
              [33mclass[39m=[32m&quot;accounts-card-value&quot;[39m
            [36m&gt;[39m
              [0m1[0m
            [36m&lt;/p&gt;[39m
            [36m&lt;p[39m
              [33mclass[39m=[32m&quot;accounts-card-meta&quot;[39m
            [36m&gt;[39m
              [0mCuentas pendientes o vencidas[0m
            [36m&lt;/p&gt;[39m
          [36m&lt;/div&gt;[39m
        [36m&lt;/section&gt;[39m
        [36m&lt;section[39m
          [33mclass[39m=[32m&quot;flex flex-col gap-3 rounded-lg border border-border bg-card p-3 shadow-subtle lg:flex-row lg:items-center lg:justify-between&quot;[39m
          [33mdata-ocid[39m=[32m&quot;receivables.filters&quot;[39m
        [36m&gt;[39m
          [36m&lt;fieldset[39m
            [33mclass[39m=[32m&quot;filter-chips&quot;[39m
            [33mdata-ocid[39m=[32m&quot;receivables.filter.chips&quot;[39m
          [36m&gt;[39m
            [36m&lt;legend[39m
              [33mclass[39m=[32m&quot;sr-only&quot;[39m
            [36m&gt;[39m
              [0mFiltrar por estado[0m
            [36m&lt;/legend&gt;[39m
            [36m&lt;button[39m
              [33maria-pressed[39m=[32m&quot;true&quot;[39m
              [33mclass[39m=[32m&quot;filter-chip&quot;[39m
              [33mdata-active[39m=[32m&quot;true&quot;[39m
              [33mdata-ocid[39m=[32m&quot;receivables.filter.all&quot;[39m
              [33mtype[39m=[32m&quot;button&quot;[39m
            [36m&gt;[39m
              [0mTodas[0m
            [36m&lt;/button&gt;[39m
            [36m&lt;button[39m
              [33maria-pressed[39m=[32m&quot;false&quot;[39m
              [33mclass[39m=[32m&quot;filter-chip&quot;[39m
              [33mdata-active[39m=[32m&quot;false&quot;[39m
              [33mdata-ocid[39m=[32m&quot;receivables.filter.pending&quot;[39m
              [33mtype[39m=[32m&quot;button&quot;[39m
            [36m&gt;[39m
              [0mPendientes[0m
            [36m&lt;/button&gt;[39m
            [36m&lt;button[39m
              [33maria-pressed[39m=[32m&quot;false&quot;[39m
              [33mclass[39m=[32m&quot;filter-chip&quot;[39m
              [33mdata-active[39m=[32m&quot;false&quot;[39m
              [33mdata-ocid[39m=[32m&quot;receivables.filter.overdue&quot;[39m
              [33mtype[39m=[32m&quot;button&quot;[39m
            [36m&gt;[39m
              [0mVencidas[0m
            [36m&lt;/button&gt;[39m
            [36m&lt;button[39m
              [33maria-pressed[39m=[32m&quot;false&quot;[39m
              [33mclass[39m=[32m&quot;filter-chip&quot;[39m
              [33mdata-active[39m=[32m&quot;false&quot;[39m
              [33mdata-ocid[39m=[32m&quot;receivables.filter.paid&quot;[39m
              [33mtype[39m=[32m&quot;button&quot;[39m
            [36m&gt;[39m
              [0mPagadas[0m
            [36m&lt;/button&gt;[39m
          [36m&lt;/fieldset&gt;[39m
          [36m&lt;div[39m
            [33mclass[39m=[32m&quot;flex items-center gap-2&quot;[39m
          [36m&gt;[39m
            [36m&lt;div[39m
              [33mclass[39m=[32m&quot;relative w-full lg:w-72&quot;[39m
            [36m&gt;[39m
              [36m&lt;svg[39m
                [33maria-hidden[39m=[32m&quot;true&quot;[39m
                [33mclass[39m=[32m&quot;lucide lucide-search pointer-events-none absolute left-3 top-1/2 size-4 -translate-y-1/2 text-muted-foreground&quot;[39m
                [33mfill[39m=[32m&quot;none&quot;[39m
                [33mheight[39m=[32m&quot;24&quot;[39m
                [33mstroke[39m=[32m&quot;currentColor&quot;[39m
                [33mstroke-linecap[39m=[32m&quot;round&quot;[39m
                [33mstroke-linejoin[39m=[32m&quot;round&quot;[39m
 ..." type="AssertionError">
AssertionError: expected last &quot;spy&quot; call to have been called with [ Array(1) ]

Ignored nodes: comments, script, style
&lt;html&gt;
  &lt;head /&gt;
  &lt;body&gt;
    &lt;div&gt;
      &lt;div
        class=&quot;mx-auto w-full max-w-7xl animate-fade-in space-y-5&quot;
        data-ocid=&quot;receivables.page&quot;
      &gt;
        &lt;header
          class=&quot;space-y-4&quot;
        &gt;
          &lt;div
            class=&quot;flex flex-wrap items-start justify-between gap-3&quot;
          &gt;
            &lt;div
              class=&quot;min-w-0 space-y-1&quot;
            &gt;
              &lt;p
                class=&quot;font-mono text-[10px] uppercase tracking-[0.18em] text-muted-foreground&quot;
              &gt;
                Administración
              &lt;/p&gt;
              &lt;h1
                class=&quot;font-display text-2xl font-semibold tracking-tight&quot;
              &gt;
                Cuentas por cobrar
              &lt;/h1&gt;
              &lt;p
                class=&quot;max-w-2xl text-sm text-muted-foreground&quot;
              &gt;
                Saldos pendientes de facturas a crédito por cliente, con vencimiento y estado de cada cuenta.
              &lt;/p&gt;
            &lt;/div&gt;
          &lt;/div&gt;
        &lt;/header&gt;
        &lt;section
          aria-label=&quot;Resumen de cartera&quot;
          class=&quot;accounts-summary&quot;
          data-ocid=&quot;receivables.summary.section&quot;
        &gt;
          &lt;div
            class=&quot;accounts-card&quot;
            data-emphasis=&quot;primary&quot;
            data-ocid=&quot;receivables.summary.total_card&quot;
          &gt;
            &lt;p
              class=&quot;accounts-card-label&quot;
            &gt;
              Total por cobrar
            &lt;/p&gt;
            &lt;p
              class=&quot;accounts-card-value&quot;
            &gt;
              $ 3.000
            &lt;/p&gt;
            &lt;p
              class=&quot;accounts-card-meta&quot;
            &gt;
              Saldo pendiente de toda la cartera
            &lt;/p&gt;
          &lt;/div&gt;
          &lt;div
            class=&quot;accounts-card&quot;
            data-emphasis=&quot;overdue&quot;
            data-ocid=&quot;receivables.summary.overdue_card&quot;
          &gt;
            &lt;p
              class=&quot;accounts-card-label&quot;
            &gt;
              Total vencido
            &lt;/p&gt;
            &lt;p
              class=&quot;accounts-card-value&quot;
            &gt;
              $ 0
            &lt;/p&gt;
            &lt;p
              class=&quot;accounts-card-meta&quot;
            &gt;
              Cuentas con vencimiento cumplido
            &lt;/p&gt;
          &lt;/div&gt;
          &lt;div
            class=&quot;accounts-card&quot;
            data-ocid=&quot;receivables.summary.open_card&quot;
          &gt;
            &lt;p
              class=&quot;accounts-card-label&quot;
            &gt;
              Facturas abiertas
            &lt;/p&gt;
            &lt;p
              class=&quot;accounts-card-value&quot;
            &gt;
              1
            &lt;/p&gt;
            &lt;p
              class=&quot;accounts-card-meta&quot;
            &gt;
              Cuentas pendientes o vencidas
            &lt;/p&gt;
          &lt;/div&gt;
        &lt;/section&gt;
        &lt;section
          class=&quot;flex flex-col gap-3 rounded-lg border border-border bg-card p-3 shadow-subtle lg:flex-row lg:items-center lg:justify-between&quot;
          data-ocid=&quot;receivables.filters&quot;
        &gt;
          &lt;fieldset
            class=&quot;filter-chips&quot;
            data-ocid=&quot;receivables.filter.chips&quot;
          &gt;
            &lt;legend
              class=&quot;sr-only&quot;
            &gt;
              Filtrar por estado
            &lt;/legend&gt;
            &lt;button
              aria-pressed=&quot;true&quot;
              class=&quot;filter-chip&quot;
              data-active=&quot;true&quot;
              data-ocid=&quot;receivables.filter.all&quot;
              type=&quot;button&quot;
            &gt;
              Todas
            &lt;/button&gt;
            &lt;button
              aria-pressed=&quot;false&quot;
              class=&quot;filter-chip&quot;
              data-active=&quot;false&quot;
              data-ocid=&quot;receivables.filter.pending&quot;
              type=&quot;button&quot;
            &gt;
              Pendientes
            &lt;/button&gt;
            &lt;button
              aria-pressed=&quot;false&quot;
              class=&quot;filter-chip&quot;
              data-active=&quot;false&quot;
              data-ocid=&quot;receivables.filter.overdue&quot;
              type=&quot;button&quot;
            &gt;
              Vencidas
            &lt;/button&gt;
            &lt;button
              aria-pressed=&quot;false&quot;
              class=&quot;filter-chip&quot;
              data-active=&quot;false&quot;
              data-ocid=&quot;receivables.filter.paid&quot;
              type=&quot;button&quot;
            &gt;
              Pagadas
            &lt;/button&gt;
          &lt;/fieldset&gt;
          &lt;div
            class=&quot;flex items-center gap-2&quot;
          &gt;
            &lt;div
              class=&quot;relative w-full lg:w-72&quot;
            &gt;
              &lt;svg
                aria-hidden=&quot;true&quot;
                class=&quot;lucide lucide-search pointer-events-none absolute left-3 top-1/2 size-4 -translate-y-1/2 text-muted-foreground&quot;
                fill=&quot;none&quot;
                height=&quot;24&quot;
                stroke=&quot;currentColor&quot;
                stroke-linecap=&quot;round&quot;
                stroke-linejoin=&quot;round&quot;
 ...

- Expected
+ Received

  [
+   null,
    {
      &quot;search&quot;: &quot;Ana&quot;,
      &quot;status&quot;: undefined,
    },
  ]

 ❯ __vi_import_4__.waitFor.timeout src/pages/CuentasPorCobrarPage.test.tsx:238:37
 ❯ runWithExpensiveErrorDiagnosticsDisabled ../../../../../../opt/pnpm-templates/build_template/node_modules/.pnpm/@testing-library+dom@10.4.2/node_modules/@testing-library/dom/dist/config.js:47:12
 ❯ checkCallback ../../../../../../opt/pnpm-templates/build_template/node_modules/.pnpm/@testing-library+dom@10.4.2/node_modules/@testing-library/dom/dist/wait-for.js:124:77
 ❯ Timeout.checkRealTimersCallback ../../../../../../opt/pnpm-templates/build_template/node_modules/.pnpm/@testing-library+dom@10.4.2/node_modules/@testing-library/dom/dist/wait-for.js:118:16
            </failure>
        </testcase>
        <testcase classname="src/pages/CuentasPorCobrarPage.test.tsx" name="CuentasPorCobrarPage &gt; registers an abono in cents and reduces the pending balance" time="0.152175952">
            <failure message="expected null to match object { Object (invoiceId, amount, ...) }" type="AssertionError">
AssertionError: expected null to match object { Object (invoiceId, amount, ...) }

- Expected: 
{
  &quot;amount&quot;: 300000n,
  &quot;invoiceId&quot;: 1n,
  &quot;method&quot;: &quot;cash&quot;,
}

+ Received: 
null

 ❯ src/pages/CuentasPorCobrarPage.test.tsx:277:60
            </failure>
        </testcase>
        <testcase classname="src/pages/CuentasPorCobrarPage.test.tsx" name="CuentasPorCobrarPage &gt; blocks an abono above the pending balance and does not call the backend" time="0.106937712">
        </testcase>
        <testcase classname="src/pages/CuentasPorCobrarPage.test.tsx" name="CuentasPorCobrarPage &gt; clears the filters and returns to the unfiltered list" time="1.02859081">
            <failure message="expected last &quot;spy&quot; call to have been called with [ { status: &apos;overdue&apos;, …(1) } ]

Ignored nodes: comments, script, style
[36m&lt;html&gt;[39m
  [36m&lt;head /&gt;[39m
  [36m&lt;body[39m
    [33mstyle[39m=[32m&quot;&quot;[39m
  [36m&gt;[39m
    [36m&lt;div&gt;[39m
      [36m&lt;div[39m
        [33mclass[39m=[32m&quot;mx-auto w-full max-w-7xl animate-fade-in space-y-5&quot;[39m
        [33mdata-ocid[39m=[32m&quot;receivables.page&quot;[39m
      [36m&gt;[39m
        [36m&lt;header[39m
          [33mclass[39m=[32m&quot;space-y-4&quot;[39m
        [36m&gt;[39m
          [36m&lt;div[39m
            [33mclass[39m=[32m&quot;flex flex-wrap items-start justify-between gap-3&quot;[39m
          [36m&gt;[39m
            [36m&lt;div[39m
              [33mclass[39m=[32m&quot;min-w-0 space-y-1&quot;[39m
            [36m&gt;[39m
              [36m&lt;p[39m
                [33mclass[39m=[32m&quot;font-mono text-[10px] uppercase tracking-[0.18em] text-muted-foreground&quot;[39m
              [36m&gt;[39m
                [0mAdministración[0m
              [36m&lt;/p&gt;[39m
              [36m&lt;h1[39m
                [33mclass[39m=[32m&quot;font-display text-2xl font-semibold tracking-tight&quot;[39m
              [36m&gt;[39m
                [0mCuentas por cobrar[0m
              [36m&lt;/h1&gt;[39m
              [36m&lt;p[39m
                [33mclass[39m=[32m&quot;max-w-2xl text-sm text-muted-foreground&quot;[39m
              [36m&gt;[39m
                [0mSaldos pendientes de facturas a crédito por cliente, con vencimiento y estado de cada cuenta.[0m
              [36m&lt;/p&gt;[39m
            [36m&lt;/div&gt;[39m
          [36m&lt;/div&gt;[39m
        [36m&lt;/header&gt;[39m
        [36m&lt;section[39m
          [33maria-label[39m=[32m&quot;Resumen de cartera&quot;[39m
          [33mclass[39m=[32m&quot;accounts-summary&quot;[39m
          [33mdata-ocid[39m=[32m&quot;receivables.summary.section&quot;[39m
        [36m&gt;[39m
          [36m&lt;div[39m
            [33mclass[39m=[32m&quot;accounts-card&quot;[39m
            [33mdata-emphasis[39m=[32m&quot;primary&quot;[39m
            [33mdata-ocid[39m=[32m&quot;receivables.summary.total_card&quot;[39m
          [36m&gt;[39m
            [36m&lt;p[39m
              [33mclass[39m=[32m&quot;accounts-card-label&quot;[39m
            [36m&gt;[39m
              [0mTotal por cobrar[0m
            [36m&lt;/p&gt;[39m
            [36m&lt;p[39m
              [33mclass[39m=[32m&quot;accounts-card-value&quot;[39m
            [36m&gt;[39m
              [0m$ 3.000[0m
            [36m&lt;/p&gt;[39m
            [36m&lt;p[39m
              [33mclass[39m=[32m&quot;accounts-card-meta&quot;[39m
            [36m&gt;[39m
              [0mSaldo pendiente de toda la cartera[0m
            [36m&lt;/p&gt;[39m
          [36m&lt;/div&gt;[39m
          [36m&lt;div[39m
            [33mclass[39m=[32m&quot;accounts-card&quot;[39m
            [33mdata-emphasis[39m=[32m&quot;overdue&quot;[39m
            [33mdata-ocid[39m=[32m&quot;receivables.summary.overdue_card&quot;[39m
          [36m&gt;[39m
            [36m&lt;p[39m
              [33mclass[39m=[32m&quot;accounts-card-label&quot;[39m
            [36m&gt;[39m
              [0mTotal vencido[0m
            [36m&lt;/p&gt;[39m
            [36m&lt;p[39m
              [33mclass[39m=[32m&quot;accounts-card-value&quot;[39m
            [36m&gt;[39m
              [0m$ 0[0m
            [36m&lt;/p&gt;[39m
            [36m&lt;p[39m
              [33mclass[39m=[32m&quot;accounts-card-meta&quot;[39m
            [36m&gt;[39m
              [0mCuentas con vencimiento cumplido[0m
            [36m&lt;/p&gt;[39m
          [36m&lt;/div&gt;[39m
          [36m&lt;div[39m
            [33mclass[39m=[32m&quot;accounts-card&quot;[39m
            [33mdata-ocid[39m=[32m&quot;receivables.summary.open_card&quot;[39m
          [36m&gt;[39m
            [36m&lt;p[39m
              [33mclass[39m=[32m&quot;accounts-card-label&quot;[39m
            [36m&gt;[39m
              [0mFacturas abiertas[0m
            [36m&lt;/p&gt;[39m
            [36m&lt;p[39m
              [33mclass[39m=[32m&quot;accounts-card-value&quot;[39m
            [36m&gt;[39m
              [0m1[0m
            [36m&lt;/p&gt;[39m
            [36m&lt;p[39m
              [33mclass[39m=[32m&quot;accounts-card-meta&quot;[39m
            [36m&gt;[39m
              [0mCuentas pendientes o vencidas[0m
            [36m&lt;/p&gt;[39m
          [36m&lt;/div&gt;[39m
        [36m&lt;/section&gt;[39m
        [36m&lt;section[39m
          [33mclass[39m=[32m&quot;flex flex-col gap-3 rounded-lg border border-border bg-card p-3 shadow-subtle lg:flex-row lg:items-center lg:justify-between&quot;[39m
          [33mdata-ocid[39m=[32m&quot;receivables.filters&quot;[39m
        [36m&gt;[39m
          [36m&lt;fieldset[39m
            [33mclass[39m=[32m&quot;filter-chips&quot;[39m
            [33mdata-ocid[39m=[32m&quot;receivables.filter.chips&quot;[39m
          [36m&gt;[39m
            [36m&lt;legend[39m
              [33mclass[39m=[32m&quot;sr-only&quot;[39m
            [36m&gt;[39m
              [0mFiltrar por estado[0m
            [36m&lt;/legend&gt;[39m
            [36m&lt;button[39m
              [33maria-pressed[39m=[32m&quot;false&quot;[39m
              [33mclass[39m=[32m&quot;filter-chip&quot;[39m
              [33mdata-active[39m=[32m&quot;false&quot;[39m
              [33mdata-ocid[39m=[32m&quot;receivables.filter.all&quot;[39m
              [33mtype[39m=[32m&quot;button&quot;[39m
            [36m&gt;[39m
              [0mTodas[0m
            [36m&lt;/button&gt;[39m
            [36m&lt;button[39m
              [33maria-pressed[39m=[32m&quot;false&quot;[39m
              [33mclass[39m=[32m&quot;filter-chip&quot;[39m
              [33mdata-active[39m=[32m&quot;false&quot;[39m
              [33mdata-ocid[39m=[32m&quot;receivables.filter.pending&quot;[39m
              [33mtype[39m=[32m&quot;button&quot;[39m
            [36m&gt;[39m
              [0mPendientes[0m
            [36m&lt;/button&gt;[39m
            [36m&lt;button[39m
              [33maria-pressed[39m=[32m&quot;true&quot;[39m
              [33mclass[39m=[32m&quot;filter-chip&quot;[39m
              [33mdata-active[39m=[32m&quot;true&quot;[39m
              [33mdata-ocid[39m=[32m&quot;receivables.filter.overdue&quot;[39m
              [33mtype[39m=[32m&quot;button&quot;[39m
            [36m&gt;[39m
              [0mVencidas[0m
            [36m&lt;/button&gt;[39m
            [36m&lt;button[39m
              [33maria-pressed[39m=[32m&quot;false&quot;[39m
              [33mclass[39m=[32m&quot;filter-chip&quot;[39m
              [33mdata-active[39m=[32m&quot;false&quot;[39m
              [33mdata-ocid[39m=[32m&quot;receivables.filter.paid&quot;[39m
              [33mtype[39m=[32m&quot;button&quot;[39m
            [36m&gt;[39m
              [0mPagadas[0m
            [36m&lt;/button&gt;[39m
          [36m&lt;/fieldset&gt;[39m
          [36m&lt;div[39m
            [33mclass[39m=[32m&quot;flex items-center gap-2&quot;[39m
          [36m&gt;[39m
            [36m&lt;div[39m
              [33mclass[39m=[32m&quot;relative w-full lg:w-72&quot;[39m
            [36m&gt;[39m
              [36m&lt;svg[39m
                [33maria-hidden[39m=[32m&quot;true&quot;[39m
                [33mclass[39m=[32m&quot;lucide lucide-search pointer-events-none absolute left-3 top-1/2 size-4 -translate-y-1/2 text-muted-foreground&quot;[39m
                [33mfill[39m=[32m&quot;none&quot;[39m
                [33mheight[39m=[32m&quot;24&quot;[39m
                [33mstroke[39m=[32m&quot;currentColor&quot;[39m
                [33mstroke-linecap[39m=[32m&quot;round&quot;[39m
               ..." type="AssertionError">
AssertionError: expected last &quot;spy&quot; call to have been called with [ { status: &apos;overdue&apos;, …(1) } ]

Ignored nodes: comments, script, style
&lt;html&gt;
  &lt;head /&gt;
  &lt;body
    style=&quot;&quot;
  &gt;
    &lt;div&gt;
      &lt;div
        class=&quot;mx-auto w-full max-w-7xl animate-fade-in space-y-5&quot;
        data-ocid=&quot;receivables.page&quot;
      &gt;
        &lt;header
          class=&quot;space-y-4&quot;
        &gt;
          &lt;div
            class=&quot;flex flex-wrap items-start justify-between gap-3&quot;
          &gt;
            &lt;div
              class=&quot;min-w-0 space-y-1&quot;
            &gt;
              &lt;p
                class=&quot;font-mono text-[10px] uppercase tracking-[0.18em] text-muted-foreground&quot;
              &gt;
                Administración
              &lt;/p&gt;
              &lt;h1
                class=&quot;font-display text-2xl font-semibold tracking-tight&quot;
              &gt;
                Cuentas por cobrar
              &lt;/h1&gt;
              &lt;p
                class=&quot;max-w-2xl text-sm text-muted-foreground&quot;
              &gt;
                Saldos pendientes de facturas a crédito por cliente, con vencimiento y estado de cada cuenta.
              &lt;/p&gt;
            &lt;/div&gt;
          &lt;/div&gt;
        &lt;/header&gt;
        &lt;section
          aria-label=&quot;Resumen de cartera&quot;
          class=&quot;accounts-summary&quot;
          data-ocid=&quot;receivables.summary.section&quot;
        &gt;
          &lt;div
            class=&quot;accounts-card&quot;
            data-emphasis=&quot;primary&quot;
            data-ocid=&quot;receivables.summary.total_card&quot;
          &gt;
            &lt;p
              class=&quot;accounts-card-label&quot;
            &gt;
              Total por cobrar
            &lt;/p&gt;
            &lt;p
              class=&quot;accounts-card-value&quot;
            &gt;
              $ 3.000
            &lt;/p&gt;
            &lt;p
              class=&quot;accounts-card-meta&quot;
            &gt;
              Saldo pendiente de toda la cartera
            &lt;/p&gt;
          &lt;/div&gt;
          &lt;div
            class=&quot;accounts-card&quot;
            data-emphasis=&quot;overdue&quot;
            data-ocid=&quot;receivables.summary.overdue_card&quot;
          &gt;
            &lt;p
              class=&quot;accounts-card-label&quot;
            &gt;
              Total vencido
            &lt;/p&gt;
            &lt;p
              class=&quot;accounts-card-value&quot;
            &gt;
              $ 0
            &lt;/p&gt;
            &lt;p
              class=&quot;accounts-card-meta&quot;
            &gt;
              Cuentas con vencimiento cumplido
            &lt;/p&gt;
          &lt;/div&gt;
          &lt;div
            class=&quot;accounts-card&quot;
            data-ocid=&quot;receivables.summary.open_card&quot;
          &gt;
            &lt;p
              class=&quot;accounts-card-label&quot;
            &gt;
              Facturas abiertas
            &lt;/p&gt;
            &lt;p
              class=&quot;accounts-card-value&quot;
            &gt;
              1
            &lt;/p&gt;
            &lt;p
              class=&quot;accounts-card-meta&quot;
            &gt;
              Cuentas pendientes o vencidas
            &lt;/p&gt;
          &lt;/div&gt;
        &lt;/section&gt;
        &lt;section
          class=&quot;flex flex-col gap-3 rounded-lg border border-border bg-card p-3 shadow-subtle lg:flex-row lg:items-center lg:justify-between&quot;
          data-ocid=&quot;receivables.filters&quot;
        &gt;
          &lt;fieldset
            class=&quot;filter-chips&quot;
            data-ocid=&quot;receivables.filter.chips&quot;
          &gt;
            &lt;legend
              class=&quot;sr-only&quot;
            &gt;
              Filtrar por estado
            &lt;/legend&gt;
            &lt;button
              aria-pressed=&quot;false&quot;
              class=&quot;filter-chip&quot;
              data-active=&quot;false&quot;
              data-ocid=&quot;receivables.filter.all&quot;
              type=&quot;button&quot;
            &gt;
              Todas
            &lt;/button&gt;
            &lt;button
              aria-pressed=&quot;false&quot;
              class=&quot;filter-chip&quot;
              data-active=&quot;false&quot;
              data-ocid=&quot;receivables.filter.pending&quot;
              type=&quot;button&quot;
            &gt;
              Pendientes
            &lt;/button&gt;
            &lt;button
              aria-pressed=&quot;true&quot;
              class=&quot;filter-chip&quot;
              data-active=&quot;true&quot;
              data-ocid=&quot;receivables.filter.overdue&quot;
              type=&quot;button&quot;
            &gt;
              Vencidas
            &lt;/button&gt;
            &lt;button
              aria-pressed=&quot;false&quot;
              class=&quot;filter-chip&quot;
              data-active=&quot;false&quot;
              data-ocid=&quot;receivables.filter.paid&quot;
              type=&quot;button&quot;
            &gt;
              Pagadas
            &lt;/button&gt;
          &lt;/fieldset&gt;
          &lt;div
            class=&quot;flex items-center gap-2&quot;
          &gt;
            &lt;div
              class=&quot;relative w-full lg:w-72&quot;
            &gt;
              &lt;svg
                aria-hidden=&quot;true&quot;
                class=&quot;lucide lucide-search pointer-events-none absolute left-3 top-1/2 size-4 -translate-y-1/2 text-muted-foreground&quot;
                fill=&quot;none&quot;
                height=&quot;24&quot;
                stroke=&quot;currentColor&quot;
                stroke-linecap=&quot;round&quot;
               ...

- Expected
+ Received

  [
+   null,
    {
      &quot;search&quot;: undefined,
      &quot;status&quot;: &quot;overdue&quot;,
    },
  ]

 ❯ src/pages/CuentasPorCobrarPage.test.tsx:319:35
 ❯ runWithExpensiveErrorDiagnosticsDisabled ../../../../../../opt/pnpm-templates/build_template/node_modules/.pnpm/@testing-library+dom@10.4.2/node_modules/@testing-library/dom/dist/config.js:47:12
 ❯ checkCallback ../../../../../../opt/pnpm-templates/build_template/node_modules/.pnpm/@testing-library+dom@10.4.2/node_modules/@testing-library/dom/dist/wait-for.js:124:77
 ❯ Timeout.checkRealTimersCallback ../../../../../../opt/pnpm-templates/build_template/node_modules/.pnpm/@testing-library+dom@10.4.2/node_modules/@testing-library/dom/dist/wait-for.js:118:16
            </failure>
        </testcase>
        <testcase classname="src/pages/CuentasPorCobrarPage.test.tsx" name="CuentasPorCobrarPage &gt; opens WhatsApp for the receivable&apos;s customer with the receivable context" time="0.05386003">
        </testcase>
        <testcase classname="src/pages/CuentasPorCobrarPage.test.tsx" name="CuentasPorCobrarPage &gt; explains when the receivable&apos;s customer has no phone registered" time="0.040226959">
        </testcase>
    </testsuite>
    <testsuite name="src/pages/CuentasPorPagarPage.test.tsx" timestamp="2026-09-25T20:55:14.580Z" hostname="2a82af66d266" tests="8" failures="1" errors="0" skipped="0" time="0.747972327">
        <testcase classname="src/pages/CuentasPorPagarPage.test.tsx" name="CuentasPorPagarPage &gt; shows the summary totals derived from the payables" time="0.059302866">
        </testcase>
        <testcase classname="src/pages/CuentasPorPagarPage.test.tsx" name="CuentasPorPagarPage &gt; lists the supplier balance with its purchase reference and status" time="0.018351469">
        </testcase>
        <testcase classname="src/pages/CuentasPorPagarPage.test.tsx" name="CuentasPorPagarPage &gt; shows the due date column for each supplier balance" time="0.019231329">
        </testcase>
        <testcase classname="src/pages/CuentasPorPagarPage.test.tsx" name="CuentasPorPagarPage &gt; filters the listed balances by status" time="0.060076525">
        </testcase>
        <testcase classname="src/pages/CuentasPorPagarPage.test.tsx" name="CuentasPorPagarPage &gt; filters the listed balances by supplier name" time="0.349847489">
        </testcase>
        <testcase classname="src/pages/CuentasPorPagarPage.test.tsx" name="CuentasPorPagarPage &gt; registers a payment in cents against the supplier balance" time="0.128375494">
            <failure message="expected null to match object { supplierId: 1n, …(2) }" type="AssertionError">
AssertionError: expected null to match object { supplierId: 1n, …(2) }

- Expected: 
{
  &quot;amount&quot;: 200000n,
  &quot;method&quot;: &quot;cash&quot;,
  &quot;supplierId&quot;: 1n,
}

+ Received: 
null

 ❯ src/pages/CuentasPorPagarPage.test.tsx:251:50
            </failure>
        </testcase>
        <testcase classname="src/pages/CuentasPorPagarPage.test.tsx" name="CuentasPorPagarPage &gt; blocks a payment above the pending balance and does not call the backend" time="0.100713048">
        </testcase>
        <testcase classname="src/pages/CuentasPorPagarPage.test.tsx" name="CuentasPorPagarPage &gt; disables the pay action for a settled account" time="0.010971755">
        </testcase>
    </testsuite>
    <testsuite name="src/pages/CustomerDetailPage.characterize.test.tsx" timestamp="2026-09-25T20:55:14.583Z" hostname="2a82af66d266" tests="9" failures="1" errors="0" skipped="0" time="1.400526844">
        <testcase classname="src/pages/CustomerDetailPage.characterize.test.tsx" name="CustomerDetailPage (characterization) &gt; shows the customer&apos;s own motorcycles and order history" time="0.067044084">
        </testcase>
        <testcase classname="src/pages/CustomerDetailPage.characterize.test.tsx" name="CustomerDetailPage (characterization) &gt; reads the detail for the id in the route" time="1.012036846">
            <failure message="expected &quot;spy&quot; to be called with arguments: [ 9n ][90m

Received: 

[1m  1st spy call:

[22m[2m  [[22m
[31m+   null,[90m
[2m    9n,[22m
[2m  ][22m
[39m[90m

Number of calls: [1m1[22m
[39m

Ignored nodes: comments, script, style
[36m&lt;html&gt;[39m
  [36m&lt;head /&gt;[39m
  [36m&lt;body&gt;[39m
    [36m&lt;div&gt;[39m
      [36m&lt;div[39m
        [33mclass[39m=[32m&quot;mx-auto w-full max-w-6xl animate-fade-in space-y-5&quot;[39m
        [33mdata-ocid[39m=[32m&quot;customer_detail.page&quot;[39m
      [36m&gt;[39m
        [36m&lt;a[39m
          [33mclass[39m=[32m&quot;inline-flex items-center gap-1.5 text-xs font-medium text-muted-foreground underline-offset-4 hover:text-primary hover:underline&quot;[39m
          [33mdata-ocid[39m=[32m&quot;customer_detail.back_link&quot;[39m
          [33mhref[39m=[32m&quot;/clientes&quot;[39m
        [36m&gt;[39m
          [36m&lt;svg[39m
            [33maria-hidden[39m=[32m&quot;true&quot;[39m
            [33mclass[39m=[32m&quot;lucide lucide-arrow-left size-3.5&quot;[39m
            [33mfill[39m=[32m&quot;none&quot;[39m
            [33mheight[39m=[32m&quot;24&quot;[39m
            [33mstroke[39m=[32m&quot;currentColor&quot;[39m
            [33mstroke-linecap[39m=[32m&quot;round&quot;[39m
            [33mstroke-linejoin[39m=[32m&quot;round&quot;[39m
            [33mstroke-width[39m=[32m&quot;2&quot;[39m
            [33mviewBox[39m=[32m&quot;0 0 24 24&quot;[39m
            [33mwidth[39m=[32m&quot;24&quot;[39m
            [33mxmlns[39m=[32m&quot;http://www.w3.org/2000/svg&quot;[39m
          [36m&gt;[39m
            [36m&lt;path[39m
              [33md[39m=[32m&quot;m12 19-7-7 7-7&quot;[39m
            [36m/&gt;[39m
            [36m&lt;path[39m
              [33md[39m=[32m&quot;M19 12H5&quot;[39m
            [36m/&gt;[39m
          [36m&lt;/svg&gt;[39m
          [0mDirectorio de clientes[0m
        [36m&lt;/a&gt;[39m
        [36m&lt;header[39m
          [33mclass[39m=[32m&quot;overflow-hidden rounded-lg border border-border bg-card shadow-subtle&quot;[39m
        [36m&gt;[39m
          [36m&lt;div[39m
            [33mclass[39m=[32m&quot;flex flex-wrap items-start justify-between gap-4 border-b border-border bg-muted/30 px-5 py-4&quot;[39m
          [36m&gt;[39m
            [36m&lt;div[39m
              [33mclass[39m=[32m&quot;flex min-w-0 items-start gap-3&quot;[39m
            [36m&gt;[39m
              [36m&lt;div[39m
                [33mclass[39m=[32m&quot;flex size-11 shrink-0 items-center justify-center rounded-md border border-primary/40 bg-primary/10&quot;[39m
              [36m&gt;[39m
                [36m&lt;svg[39m
                  [33maria-hidden[39m=[32m&quot;true&quot;[39m
                  [33mclass[39m=[32m&quot;lucide lucide-user-round size-5 text-primary&quot;[39m
                  [33mfill[39m=[32m&quot;none&quot;[39m
                  [33mheight[39m=[32m&quot;24&quot;[39m
                  [33mstroke[39m=[32m&quot;currentColor&quot;[39m
                  [33mstroke-linecap[39m=[32m&quot;round&quot;[39m
                  [33mstroke-linejoin[39m=[32m&quot;round&quot;[39m
                  [33mstroke-width[39m=[32m&quot;2&quot;[39m
                  [33mviewBox[39m=[32m&quot;0 0 24 24&quot;[39m
                  [33mwidth[39m=[32m&quot;24&quot;[39m
                  [33mxmlns[39m=[32m&quot;http://www.w3.org/2000/svg&quot;[39m
                [36m&gt;[39m
                  [36m&lt;circle[39m
                    [33mcx[39m=[32m&quot;12&quot;[39m
                    [33mcy[39m=[32m&quot;8&quot;[39m
                    [33mr[39m=[32m&quot;5&quot;[39m
                  [36m/&gt;[39m
                  [36m&lt;path[39m
                    [33md[39m=[32m&quot;M20 21a8 8 0 0 0-16 0&quot;[39m
                  [36m/&gt;[39m
                [36m&lt;/svg&gt;[39m
              [36m&lt;/div&gt;[39m
              [36m&lt;div[39m
                [33mclass[39m=[32m&quot;min-w-0 space-y-1&quot;[39m
              [36m&gt;[39m
                [36m&lt;p[39m
                  [33mclass[39m=[32m&quot;font-mono text-[10px] uppercase tracking-[0.18em] text-muted-foreground&quot;[39m
                [36m&gt;[39m
                  [0mFicha de cliente[0m
                [36m&lt;/p&gt;[39m
                [36m&lt;h1[39m
                  [33mclass[39m=[32m&quot;truncate font-display text-2xl font-semibold tracking-tight&quot;[39m
                [36m&gt;[39m
                  [0mAda Lovelace[0m
                [36m&lt;/h1&gt;[39m
                [36m&lt;p[39m
                  [33mclass[39m=[32m&quot;text-xs text-muted-foreground&quot;[39m
                [36m&gt;[39m
                  [0mCliente desde [0m
                  [0m14 de nov de 2023[0m
                [36m&lt;/p&gt;[39m
              [36m&lt;/div&gt;[39m
            [36m&lt;/div&gt;[39m
            [36m&lt;div[39m
              [33mclass[39m=[32m&quot;flex flex-wrap items-center gap-2&quot;[39m
            [36m&gt;[39m
              [36m&lt;button[39m
                [33maria-label[39m=[32m&quot;Ver ficha de Ada Lovelace&quot;[39m
                [33mclass[39m=[32m&quot;inline-flex items-center justify-center whitespace-nowrap text-sm font-medium transition-all disabled:pointer-events-none disabled:opacity-50 [&amp;_svg]:pointer-events-none [&amp;_svg:not([class*=&apos;size-&apos;])]:size-4 shrink-0 [&amp;_svg]:shrink-0 outline-none focus-visible:border-ring focus-visible:ring-ring/50 focus-visible:ring-[3px] aria-invalid:ring-destructive/20 dark:aria-invalid:ring-destructive/40 aria-invalid:border-destructive border bg-background shadow-xs hover:bg-accent hover:text-accent-foreground dark:bg-input/30 dark:border-input dark:hover:bg-input/50 h-8 rounded-md gap-1.5 px-3 has-[&gt;svg]:px-2.5&quot;[39m
                [33mdata-ocid[39m=[32m&quot;customer_detail.preview_button&quot;[39m
                [33mdata-slot[39m=[32m&quot;button&quot;[39m
                [33mtype[39m=[32m&quot;button&quot;[39m
              [36m&gt;[39m
                [36m&lt;svg[39m
                  [33maria-hidden[39m=[32m&quot;true&quot;[39m
                  [33mclass[39m=[32m&quot;lucide lucide-file-text size-4&quot;[39m
                  [33mfill[39m=[32m&quot;none&quot;[39m
                  [33mheight[39m=[32m&quot;24&quot;[39m
                  [33mstroke[39m=[32m&quot;currentColor&quot;[39m
                  [33mstroke-linecap[39m=[32m&quot;round&quot;[39m
                  [33mstroke-linejoin[39m=[32m&quot;round&quot;[39m
                  [33mstroke-width[39m=[32m&quot;2&quot;[39m
                  [33mviewBox[39m=[32m&quot;0 0 24 24&quot;[39m
                  [33mwidth[39m=[32m&quot;24&quot;[39m
                  [33mxmlns[39m=[32m&quot;http://www.w3.org/2000/svg&quot;[39m
                [36m&gt;[39m
                  [36m&lt;path[39m
                    [33md[39m=[32m&quot;M15 2H6a2 2 0 0 0-2 2v16a2 2 0 0 0 2 2h12a2 2 0 0 0 2-2V7Z&quot;[39m
                  [36m/&gt;[39m
                  [36m&lt;path[39m
                    [33md[39m=[32m&quot;M14 2v4a2 2 0 0 0 2 2h4&quot;[39m
                  [36m/&gt;[39m
                  [36m&lt;path[39m
                    [33md[39m=[32m&quot;M10 9H8&quot;[39m
                  [36m/&gt;[39m
                  [36m&lt;path[39m
                    [33md[39m=[32m&quot;M16 13H8&quot;[39m
                  [36m/&gt;[39m
                  [36m&lt;path[39m
                    [33md[39m=[32m&quot;M16 17H8&quot;[39m
                  [36m/&gt;[39m
                [36m&lt;/svg&gt;[39m
                [0mVer ficha[0m
              [36m&lt;/button&gt;[39m
              [36m&lt;button[39m
                [33mclass[39m=[32m&quot;inline-flex items-center justify-center whitespace-nowrap rounded-md text-sm font-medium transition-all disabled:pointer-events-none disabled:opacity-50 ..." type="AssertionError">
AssertionError: expected &quot;spy&quot; to be called with arguments: [ 9n ]

Received: 

  1st spy call:

  [
+   null,
    9n,
  ]


Number of calls: 1


Ignored nodes: comments, script, style
&lt;html&gt;
  &lt;head /&gt;
  &lt;body&gt;
    &lt;div&gt;
      &lt;div
        class=&quot;mx-auto w-full max-w-6xl animate-fade-in space-y-5&quot;
        data-ocid=&quot;customer_detail.page&quot;
      &gt;
        &lt;a
          class=&quot;inline-flex items-center gap-1.5 text-xs font-medium text-muted-foreground underline-offset-4 hover:text-primary hover:underline&quot;
          data-ocid=&quot;customer_detail.back_link&quot;
          href=&quot;/clientes&quot;
        &gt;
          &lt;svg
            aria-hidden=&quot;true&quot;
            class=&quot;lucide lucide-arrow-left size-3.5&quot;
            fill=&quot;none&quot;
            height=&quot;24&quot;
            stroke=&quot;currentColor&quot;
            stroke-linecap=&quot;round&quot;
            stroke-linejoin=&quot;round&quot;
            stroke-width=&quot;2&quot;
            viewBox=&quot;0 0 24 24&quot;
            width=&quot;24&quot;
            xmlns=&quot;http://www.w3.org/2000/svg&quot;
          &gt;
            &lt;path
              d=&quot;m12 19-7-7 7-7&quot;
            /&gt;
            &lt;path
              d=&quot;M19 12H5&quot;
            /&gt;
          &lt;/svg&gt;
          Directorio de clientes
        &lt;/a&gt;
        &lt;header
          class=&quot;overflow-hidden rounded-lg border border-border bg-card shadow-subtle&quot;
        &gt;
          &lt;div
            class=&quot;flex flex-wrap items-start justify-between gap-4 border-b border-border bg-muted/30 px-5 py-4&quot;
          &gt;
            &lt;div
              class=&quot;flex min-w-0 items-start gap-3&quot;
            &gt;
              &lt;div
                class=&quot;flex size-11 shrink-0 items-center justify-center rounded-md border border-primary/40 bg-primary/10&quot;
              &gt;
                &lt;svg
                  aria-hidden=&quot;true&quot;
                  class=&quot;lucide lucide-user-round size-5 text-primary&quot;
                  fill=&quot;none&quot;
                  height=&quot;24&quot;
                  stroke=&quot;currentColor&quot;
                  stroke-linecap=&quot;round&quot;
                  stroke-linejoin=&quot;round&quot;
                  stroke-width=&quot;2&quot;
                  viewBox=&quot;0 0 24 24&quot;
                  width=&quot;24&quot;
                  xmlns=&quot;http://www.w3.org/2000/svg&quot;
                &gt;
                  &lt;circle
                    cx=&quot;12&quot;
                    cy=&quot;8&quot;
                    r=&quot;5&quot;
                  /&gt;
                  &lt;path
                    d=&quot;M20 21a8 8 0 0 0-16 0&quot;
                  /&gt;
                &lt;/svg&gt;
              &lt;/div&gt;
              &lt;div
                class=&quot;min-w-0 space-y-1&quot;
              &gt;
                &lt;p
                  class=&quot;font-mono text-[10px] uppercase tracking-[0.18em] text-muted-foreground&quot;
                &gt;
                  Ficha de cliente
                &lt;/p&gt;
                &lt;h1
                  class=&quot;truncate font-display text-2xl font-semibold tracking-tight&quot;
                &gt;
                  Ada Lovelace
                &lt;/h1&gt;
                &lt;p
                  class=&quot;text-xs text-muted-foreground&quot;
                &gt;
                  Cliente desde 
                  14 de nov de 2023
                &lt;/p&gt;
              &lt;/div&gt;
            &lt;/div&gt;
            &lt;div
              class=&quot;flex flex-wrap items-center gap-2&quot;
            &gt;
              &lt;button
                aria-label=&quot;Ver ficha de Ada Lovelace&quot;
                class=&quot;inline-flex items-center justify-center whitespace-nowrap text-sm font-medium transition-all disabled:pointer-events-none disabled:opacity-50 [&amp;_svg]:pointer-events-none [&amp;_svg:not([class*=&apos;size-&apos;])]:size-4 shrink-0 [&amp;_svg]:shrink-0 outline-none focus-visible:border-ring focus-visible:ring-ring/50 focus-visible:ring-[3px] aria-invalid:ring-destructive/20 dark:aria-invalid:ring-destructive/40 aria-invalid:border-destructive border bg-background shadow-xs hover:bg-accent hover:text-accent-foreground dark:bg-input/30 dark:border-input dark:hover:bg-input/50 h-8 rounded-md gap-1.5 px-3 has-[&gt;svg]:px-2.5&quot;
                data-ocid=&quot;customer_detail.preview_button&quot;
                data-slot=&quot;button&quot;
                type=&quot;button&quot;
              &gt;
                &lt;svg
                  aria-hidden=&quot;true&quot;
                  class=&quot;lucide lucide-file-text size-4&quot;
                  fill=&quot;none&quot;
                  height=&quot;24&quot;
                  stroke=&quot;currentColor&quot;
                  stroke-linecap=&quot;round&quot;
                  stroke-linejoin=&quot;round&quot;
                  stroke-width=&quot;2&quot;
                  viewBox=&quot;0 0 24 24&quot;
                  width=&quot;24&quot;
                  xmlns=&quot;http://www.w3.org/2000/svg&quot;
                &gt;
                  &lt;path
                    d=&quot;M15 2H6a2 2 0 0 0-2 2v16a2 2 0 0 0 2 2h12a2 2 0 0 0 2-2V7Z&quot;
                  /&gt;
                  &lt;path
                    d=&quot;M14 2v4a2 2 0 0 0 2 2h4&quot;
                  /&gt;
                  &lt;path
                    d=&quot;M10 9H8&quot;
                  /&gt;
                  &lt;path
                    d=&quot;M16 13H8&quot;
                  /&gt;
                  &lt;path
                    d=&quot;M16 17H8&quot;
                  /&gt;
                &lt;/svg&gt;
                Ver ficha
              &lt;/button&gt;
              &lt;button
                class=&quot;inline-flex items-center justify-center whitespace-nowrap rounded-md text-sm font-medium transition-all disabled:pointer-events-none disabled:opacity-50 ...
 ❯ src/pages/CustomerDetailPage.characterize.test.tsx:150:55
 ❯ runWithExpensiveErrorDiagnosticsDisabled ../../../../../../opt/pnpm-templates/build_template/node_modules/.pnpm/@testing-library+dom@10.4.2/node_modules/@testing-library/dom/dist/config.js:47:12
 ❯ checkCallback ../../../../../../opt/pnpm-templates/build_template/node_modules/.pnpm/@testing-library+dom@10.4.2/node_modules/@testing-library/dom/dist/wait-for.js:124:77
 ❯ Timeout.checkRealTimersCallback ../../../../../../opt/pnpm-templates/build_template/node_modules/.pnpm/@testing-library+dom@10.4.2/node_modules/@testing-library/dom/dist/wait-for.js:118:16
            </failure>
        </testcase>
        <testcase classname="src/pages/CustomerDetailPage.characterize.test.tsx" name="CustomerDetailPage (characterization) &gt; shows the empty states when the customer has no motorcycles or orders" time="0.017893894">
        </testcase>
        <testcase classname="src/pages/CustomerDetailPage.characterize.test.tsx" name="CustomerDetailPage (characterization) &gt; shows the not-found state when the backend returns no customer" time="0.007950001">
        </testcase>
        <testcase classname="src/pages/CustomerDetailPage.characterize.test.tsx" name="CustomerDetailPage (characterization) &gt; shows an error state with a retry when the detail fails to load" time="0.008425716">
        </testcase>
        <testcase classname="src/pages/CustomerDetailPage.characterize.test.tsx" name="CustomerDetailPage (characterization) &gt; opens the customer edit dialog seeded with this customer&apos;s data" time="0.082241978">
        </testcase>
        <testcase classname="src/pages/CustomerDetailPage.characterize.test.tsx" name="CustomerDetailPage (characterization) &gt; opens the motorcycle edit dialog seeded with the clicked bike&apos;s data" time="0.046006324">
        </testcase>
        <testcase classname="src/pages/CustomerDetailPage.characterize.test.tsx" name="CustomerDetailPage (characterization) &gt; opens a blank motorcycle create dialog from the add-moto action" time="0.039203056">
        </testcase>
        <testcase classname="src/pages/CustomerDetailPage.characterize.test.tsx" name="CustomerDetailPage (characterization) &gt; keeps the motorcycle dialog interactive while it is open" time="0.118561871">
        </testcase>
    </testsuite>
    <testsuite name="src/pages/CustomerDetailPage.contact.characterize.test.tsx" timestamp="2026-09-25T20:55:14.585Z" hostname="2a82af66d266" tests="2" failures="0" errors="0" skipped="0" time="0.160168424">
        <testcase classname="src/pages/CustomerDetailPage.contact.characterize.test.tsx" name="CustomerDetailPage contact data and ficha (characterization) &gt; shows the customer&apos;s own contact data in the header" time="0.067297631">
        </testcase>
        <testcase classname="src/pages/CustomerDetailPage.contact.characterize.test.tsx" name="CustomerDetailPage contact data and ficha (characterization) &gt; opens the customer&apos;s printable ficha with its motorcycles" time="0.091971973">
        </testcase>
    </testsuite>
    <testsuite name="src/pages/CustomerDetailPage.modal-open.cover.test.tsx" timestamp="2026-09-25T20:55:14.586Z" hostname="2a82af66d266" tests="5" failures="2" errors="0" skipped="0" time="2.560255948">
        <testcase classname="src/pages/CustomerDetailPage.modal-open.cover.test.tsx" name="CustomerDetailPage modal open (cover) &gt; opens the add-moto modal without writing to the backend" time="0.12303373">
        </testcase>
        <testcase classname="src/pages/CustomerDetailPage.modal-open.cover.test.tsx" name="CustomerDetailPage modal open (cover) &gt; opens the edit-moto modal seeded without writing to the backend" time="0.050191382">
        </testcase>
        <testcase classname="src/pages/CustomerDetailPage.modal-open.cover.test.tsx" name="CustomerDetailPage modal open (cover) &gt; saves a new motorcycle on submit and refreshes the detail" time="1.249819814">
            <failure message="expected &quot;spy&quot; to be called with arguments: [ ObjectContaining{…} ][90m

Received: 

[1m  1st spy call:

[22m[33m@@ -1,7 +1,8 @@[90m
[2m  [[22m
[32m-   ObjectContaining {[90m
[31m+   null,[90m
[31m+   {[90m
[2m      &quot;brand&quot;: &quot;Honda&quot;,[22m
[2m      &quot;customerId&quot;: 1n,[22m
[2m      &quot;mileage&quot;: 1500n,[22m
[2m      &quot;model&quot;: &quot;CB 190&quot;,[22m
[2m      &quot;plate&quot;: &quot;NEW-999&quot;,[22m
[39m[90m

Number of calls: [1m1[22m
[39m

Ignored nodes: comments, script, style
[36m&lt;html&gt;[39m
  [36m&lt;head /&gt;[39m
  [36m&lt;body[39m
    [33mstyle[39m=[32m&quot;&quot;[39m
  [36m&gt;[39m
    [36m&lt;div&gt;[39m
      [36m&lt;div[39m
        [33mclass[39m=[32m&quot;mx-auto w-full max-w-6xl animate-fade-in space-y-5&quot;[39m
        [33mdata-ocid[39m=[32m&quot;customer_detail.page&quot;[39m
      [36m&gt;[39m
        [36m&lt;a[39m
          [33mclass[39m=[32m&quot;inline-flex items-center gap-1.5 text-xs font-medium text-muted-foreground underline-offset-4 hover:text-primary hover:underline&quot;[39m
          [33mdata-ocid[39m=[32m&quot;customer_detail.back_link&quot;[39m
          [33mhref[39m=[32m&quot;/clientes&quot;[39m
        [36m&gt;[39m
          [36m&lt;svg[39m
            [33maria-hidden[39m=[32m&quot;true&quot;[39m
            [33mclass[39m=[32m&quot;lucide lucide-arrow-left size-3.5&quot;[39m
            [33mfill[39m=[32m&quot;none&quot;[39m
            [33mheight[39m=[32m&quot;24&quot;[39m
            [33mstroke[39m=[32m&quot;currentColor&quot;[39m
            [33mstroke-linecap[39m=[32m&quot;round&quot;[39m
            [33mstroke-linejoin[39m=[32m&quot;round&quot;[39m
            [33mstroke-width[39m=[32m&quot;2&quot;[39m
            [33mviewBox[39m=[32m&quot;0 0 24 24&quot;[39m
            [33mwidth[39m=[32m&quot;24&quot;[39m
            [33mxmlns[39m=[32m&quot;http://www.w3.org/2000/svg&quot;[39m
          [36m&gt;[39m
            [36m&lt;path[39m
              [33md[39m=[32m&quot;m12 19-7-7 7-7&quot;[39m
            [36m/&gt;[39m
            [36m&lt;path[39m
              [33md[39m=[32m&quot;M19 12H5&quot;[39m
            [36m/&gt;[39m
          [36m&lt;/svg&gt;[39m
          [0mDirectorio de clientes[0m
        [36m&lt;/a&gt;[39m
        [36m&lt;header[39m
          [33mclass[39m=[32m&quot;overflow-hidden rounded-lg border border-border bg-card shadow-subtle&quot;[39m
        [36m&gt;[39m
          [36m&lt;div[39m
            [33mclass[39m=[32m&quot;flex flex-wrap items-start justify-between gap-4 border-b border-border bg-muted/30 px-5 py-4&quot;[39m
          [36m&gt;[39m
            [36m&lt;div[39m
              [33mclass[39m=[32m&quot;flex min-w-0 items-start gap-3&quot;[39m
            [36m&gt;[39m
              [36m&lt;div[39m
                [33mclass[39m=[32m&quot;flex size-11 shrink-0 items-center justify-center rounded-md border border-primary/40 bg-primary/10&quot;[39m
              [36m&gt;[39m
                [36m&lt;svg[39m
                  [33maria-hidden[39m=[32m&quot;true&quot;[39m
                  [33mclass[39m=[32m&quot;lucide lucide-user-round size-5 text-primary&quot;[39m
                  [33mfill[39m=[32m&quot;none&quot;[39m
                  [33mheight[39m=[32m&quot;24&quot;[39m
                  [33mstroke[39m=[32m&quot;currentColor&quot;[39m
                  [33mstroke-linecap[39m=[32m&quot;round&quot;[39m
                  [33mstroke-linejoin[39m=[32m&quot;round&quot;[39m
                  [33mstroke-width[39m=[32m&quot;2&quot;[39m
                  [33mviewBox[39m=[32m&quot;0 0 24 24&quot;[39m
                  [33mwidth[39m=[32m&quot;24&quot;[39m
                  [33mxmlns[39m=[32m&quot;http://www.w3.org/2000/svg&quot;[39m
                [36m&gt;[39m
                  [36m&lt;circle[39m
                    [33mcx[39m=[32m&quot;12&quot;[39m
                    [33mcy[39m=[32m&quot;8&quot;[39m
                    [33mr[39m=[32m&quot;5&quot;[39m
                  [36m/&gt;[39m
                  [36m&lt;path[39m
                    [33md[39m=[32m&quot;M20 21a8 8 0 0 0-16 0&quot;[39m
                  [36m/&gt;[39m
                [36m&lt;/svg&gt;[39m
              [36m&lt;/div&gt;[39m
              [36m&lt;div[39m
                [33mclass[39m=[32m&quot;min-w-0 space-y-1&quot;[39m
              [36m&gt;[39m
                [36m&lt;p[39m
                  [33mclass[39m=[32m&quot;font-mono text-[10px] uppercase tracking-[0.18em] text-muted-foreground&quot;[39m
                [36m&gt;[39m
                  [0mFicha de cliente[0m
                [36m&lt;/p&gt;[39m
                [36m&lt;h1[39m
                  [33mclass[39m=[32m&quot;truncate font-display text-2xl font-semibold tracking-tight&quot;[39m
                [36m&gt;[39m
                  [0mAda Lovelace[0m
                [36m&lt;/h1&gt;[39m
                [36m&lt;p[39m
                  [33mclass[39m=[32m&quot;text-xs text-muted-foreground&quot;[39m
                [36m&gt;[39m
                  [0mCliente desde [0m
                  [0m14 de nov de 2023[0m
                [36m&lt;/p&gt;[39m
              [36m&lt;/div&gt;[39m
            [36m&lt;/div&gt;[39m
            [36m&lt;div[39m
              [33mclass[39m=[32m&quot;flex flex-wrap items-center gap-2&quot;[39m
            [36m&gt;[39m
              [36m&lt;button[39m
                [33maria-label[39m=[32m&quot;Ver ficha de Ada Lovelace&quot;[39m
                [33mclass[39m=[32m&quot;inline-flex items-center justify-center whitespace-nowrap text-sm font-medium transition-all disabled:pointer-events-none disabled:opacity-50 [&amp;_svg]:pointer-events-none [&amp;_svg:not([class*=&apos;size-&apos;])]:size-4 shrink-0 [&amp;_svg]:shrink-0 outline-none focus-visible:border-ring focus-visible:ring-ring/50 focus-visible:ring-[3px] aria-invalid:ring-destructive/20 dark:aria-invalid:ring-destructive/40 aria-invalid:border-destructive border bg-background shadow-xs hover:bg-accent hover:text-accent-foreground dark:bg-input/30 dark:border-input dark:hover:bg-input/50 h-8 rounded-md gap-1.5 px-3 has-[&gt;svg]:px-2.5&quot;[39m
                [33mdata-ocid[39m=[32m&quot;customer_detail.preview_button&quot;[39m
                [33mdata-slot[39m=[32m&quot;button&quot;[39m
                [33mtype[39m=[32m&quot;button&quot;[39m
              [36m&gt;[39m
                [36m&lt;svg[39m
                  [33maria-hidden[39m=[32m&quot;true&quot;[39m
                  [33mclass[39m=[32m&quot;lucide lucide-file-text size-4&quot;[39m
                  [33mfill[39m=[32m&quot;none&quot;[39m
                  [33mheight[39m=[32m&quot;24&quot;[39m
                  [33mstroke[39m=[32m&quot;currentColor&quot;[39m
                  [33mstroke-linecap[39m=[32m&quot;round&quot;[39m
                  [33mstroke-linejoin[39m=[32m&quot;round&quot;[39m
                  [33mstroke-width[39m=[32m&quot;2&quot;[39m
                  [33mviewBox[39m=[32m&quot;0 0 24 24&quot;[39m
                  [33mwidth[39m=[32m&quot;24&quot;[39m
                  [33mxmlns[39m=[32m&quot;http://www.w3.org/2000/svg&quot;[39m
                [36m&gt;[39m
                  [36m&lt;path[39m
                    [33md[39m=[32m&quot;M15 2H6a2 2 0 0 0-2 2v16a2 2 0 0 0 2 2h12a2 2 0 0 0 2-2V7Z&quot;[39m
                  [36m/&gt;[39m
                  [36m&lt;path[39m
                    [33md[39m=[32m&quot;M14 2v4a2 2 0 0 0 2 2h4&quot;[39m
                  [36m/&gt;[39m
                  [36m&lt;path[39m
                    [33md[39m=[32m&quot;M10 9H8&quot;[39m
                  [36m/&gt;[39m
                  [36m&lt;path[39m
                    [33md[39m=[32m&quot;M16 13H8&quot;[39m
                  [36m/&gt;[39m
                  [36m&lt;path[39m
                    [33md[39m=[32m&quot;M16 17H8&quot;[39m
                  [36m/&gt;[39m
                [36m&lt;/svg&gt;[39m
                [0mVer ficha[0m
              [36m&lt;/button&gt;[39m
              [36m&lt;button[39m
                [33mclass[39m=[32m&quot;inline-flex items-center justify-center whitespace-nowrap rounded-md text-sm font-medium transition-all dis..." type="AssertionError">
AssertionError: expected &quot;spy&quot; to be called with arguments: [ ObjectContaining{…} ]

Received: 

  1st spy call:

@@ -1,7 +1,8 @@
  [
-   ObjectContaining {
+   null,
+   {
      &quot;brand&quot;: &quot;Honda&quot;,
      &quot;customerId&quot;: 1n,
      &quot;mileage&quot;: 1500n,
      &quot;model&quot;: &quot;CB 190&quot;,
      &quot;plate&quot;: &quot;NEW-999&quot;,


Number of calls: 1


Ignored nodes: comments, script, style
&lt;html&gt;
  &lt;head /&gt;
  &lt;body
    style=&quot;&quot;
  &gt;
    &lt;div&gt;
      &lt;div
        class=&quot;mx-auto w-full max-w-6xl animate-fade-in space-y-5&quot;
        data-ocid=&quot;customer_detail.page&quot;
      &gt;
        &lt;a
          class=&quot;inline-flex items-center gap-1.5 text-xs font-medium text-muted-foreground underline-offset-4 hover:text-primary hover:underline&quot;
          data-ocid=&quot;customer_detail.back_link&quot;
          href=&quot;/clientes&quot;
        &gt;
          &lt;svg
            aria-hidden=&quot;true&quot;
            class=&quot;lucide lucide-arrow-left size-3.5&quot;
            fill=&quot;none&quot;
            height=&quot;24&quot;
            stroke=&quot;currentColor&quot;
            stroke-linecap=&quot;round&quot;
            stroke-linejoin=&quot;round&quot;
            stroke-width=&quot;2&quot;
            viewBox=&quot;0 0 24 24&quot;
            width=&quot;24&quot;
            xmlns=&quot;http://www.w3.org/2000/svg&quot;
          &gt;
            &lt;path
              d=&quot;m12 19-7-7 7-7&quot;
            /&gt;
            &lt;path
              d=&quot;M19 12H5&quot;
            /&gt;
          &lt;/svg&gt;
          Directorio de clientes
        &lt;/a&gt;
        &lt;header
          class=&quot;overflow-hidden rounded-lg border border-border bg-card shadow-subtle&quot;
        &gt;
          &lt;div
            class=&quot;flex flex-wrap items-start justify-between gap-4 border-b border-border bg-muted/30 px-5 py-4&quot;
          &gt;
            &lt;div
              class=&quot;flex min-w-0 items-start gap-3&quot;
            &gt;
              &lt;div
                class=&quot;flex size-11 shrink-0 items-center justify-center rounded-md border border-primary/40 bg-primary/10&quot;
              &gt;
                &lt;svg
                  aria-hidden=&quot;true&quot;
                  class=&quot;lucide lucide-user-round size-5 text-primary&quot;
                  fill=&quot;none&quot;
                  height=&quot;24&quot;
                  stroke=&quot;currentColor&quot;
                  stroke-linecap=&quot;round&quot;
                  stroke-linejoin=&quot;round&quot;
                  stroke-width=&quot;2&quot;
                  viewBox=&quot;0 0 24 24&quot;
                  width=&quot;24&quot;
                  xmlns=&quot;http://www.w3.org/2000/svg&quot;
                &gt;
                  &lt;circle
                    cx=&quot;12&quot;
                    cy=&quot;8&quot;
                    r=&quot;5&quot;
                  /&gt;
                  &lt;path
                    d=&quot;M20 21a8 8 0 0 0-16 0&quot;
                  /&gt;
                &lt;/svg&gt;
              &lt;/div&gt;
              &lt;div
                class=&quot;min-w-0 space-y-1&quot;
              &gt;
                &lt;p
                  class=&quot;font-mono text-[10px] uppercase tracking-[0.18em] text-muted-foreground&quot;
                &gt;
                  Ficha de cliente
                &lt;/p&gt;
                &lt;h1
                  class=&quot;truncate font-display text-2xl font-semibold tracking-tight&quot;
                &gt;
                  Ada Lovelace
                &lt;/h1&gt;
                &lt;p
                  class=&quot;text-xs text-muted-foreground&quot;
                &gt;
                  Cliente desde 
                  14 de nov de 2023
                &lt;/p&gt;
              &lt;/div&gt;
            &lt;/div&gt;
            &lt;div
              class=&quot;flex flex-wrap items-center gap-2&quot;
            &gt;
              &lt;button
                aria-label=&quot;Ver ficha de Ada Lovelace&quot;
                class=&quot;inline-flex items-center justify-center whitespace-nowrap text-sm font-medium transition-all disabled:pointer-events-none disabled:opacity-50 [&amp;_svg]:pointer-events-none [&amp;_svg:not([class*=&apos;size-&apos;])]:size-4 shrink-0 [&amp;_svg]:shrink-0 outline-none focus-visible:border-ring focus-visible:ring-ring/50 focus-visible:ring-[3px] aria-invalid:ring-destructive/20 dark:aria-invalid:ring-destructive/40 aria-invalid:border-destructive border bg-background shadow-xs hover:bg-accent hover:text-accent-foreground dark:bg-input/30 dark:border-input dark:hover:bg-input/50 h-8 rounded-md gap-1.5 px-3 has-[&gt;svg]:px-2.5&quot;
                data-ocid=&quot;customer_detail.preview_button&quot;
                data-slot=&quot;button&quot;
                type=&quot;button&quot;
              &gt;
                &lt;svg
                  aria-hidden=&quot;true&quot;
                  class=&quot;lucide lucide-file-text size-4&quot;
                  fill=&quot;none&quot;
                  height=&quot;24&quot;
                  stroke=&quot;currentColor&quot;
                  stroke-linecap=&quot;round&quot;
                  stroke-linejoin=&quot;round&quot;
                  stroke-width=&quot;2&quot;
                  viewBox=&quot;0 0 24 24&quot;
                  width=&quot;24&quot;
                  xmlns=&quot;http://www.w3.org/2000/svg&quot;
                &gt;
                  &lt;path
                    d=&quot;M15 2H6a2 2 0 0 0-2 2v16a2 2 0 0 0 2 2h12a2 2 0 0 0 2-2V7Z&quot;
                  /&gt;
                  &lt;path
                    d=&quot;M14 2v4a2 2 0 0 0 2 2h4&quot;
                  /&gt;
                  &lt;path
                    d=&quot;M10 9H8&quot;
                  /&gt;
                  &lt;path
                    d=&quot;M16 13H8&quot;
                  /&gt;
                  &lt;path
                    d=&quot;M16 17H8&quot;
                  /&gt;
                &lt;/svg&gt;
                Ver ficha
              &lt;/button&gt;
              &lt;button
                class=&quot;inline-flex items-center justify-center whitespace-nowrap rounded-md text-sm font-medium transition-all dis...
 ❯ src/pages/CustomerDetailPage.modal-open.cover.test.tsx:185:36
 ❯ runWithExpensiveErrorDiagnosticsDisabled ../../../../../../opt/pnpm-templates/build_template/node_modules/.pnpm/@testing-library+dom@10.4.2/node_modules/@testing-library/dom/dist/config.js:47:12
 ❯ checkCallback ../../../../../../opt/pnpm-templates/build_template/node_modules/.pnpm/@testing-library+dom@10.4.2/node_modules/@testing-library/dom/dist/wait-for.js:124:77
 ❯ Timeout.checkRealTimersCallback ../../../../../../opt/pnpm-templates/build_template/node_modules/.pnpm/@testing-library+dom@10.4.2/node_modules/@testing-library/dom/dist/wait-for.js:118:16
            </failure>
        </testcase>
        <testcase classname="src/pages/CustomerDetailPage.modal-open.cover.test.tsx" name="CustomerDetailPage modal open (cover) &gt; saves an edited motorcycle on submit with the bike&apos;s id" time="1.097650062">
            <failure message="expected &quot;spy&quot; to be called with arguments: [ 7n, ObjectContaining{…} ][90m

Received: 

[1m  1st spy call:

[22m[2m  [[22m
[31m+   null,[90m
[2m    7n,[22m
[32m-   ObjectContaining {[90m
[31m+   {[90m
[31m+     &quot;brand&quot;: &quot;Yamaha&quot;,[90m
[31m+     &quot;customerId&quot;: 1n,[90m
[31m+     &quot;mileage&quot;: 12000n,[90m
[31m+     &quot;model&quot;: &quot;FZ 2.0&quot;,[90m
[2m      &quot;plate&quot;: &quot;XYZ-789&quot;,[22m
[31m+     &quot;year&quot;: 2021n,[90m
[2m    },[22m
[2m  ][22m
[39m[90m

Number of calls: [1m1[22m
[39m

Ignored nodes: comments, script, style
[36m&lt;html&gt;[39m
  [36m&lt;head /&gt;[39m
  [36m&lt;body[39m
    [33mstyle[39m=[32m&quot;&quot;[39m
  [36m&gt;[39m
    [36m&lt;div&gt;[39m
      [36m&lt;div[39m
        [33mclass[39m=[32m&quot;mx-auto w-full max-w-6xl animate-fade-in space-y-5&quot;[39m
        [33mdata-ocid[39m=[32m&quot;customer_detail.page&quot;[39m
      [36m&gt;[39m
        [36m&lt;a[39m
          [33mclass[39m=[32m&quot;inline-flex items-center gap-1.5 text-xs font-medium text-muted-foreground underline-offset-4 hover:text-primary hover:underline&quot;[39m
          [33mdata-ocid[39m=[32m&quot;customer_detail.back_link&quot;[39m
          [33mhref[39m=[32m&quot;/clientes&quot;[39m
        [36m&gt;[39m
          [36m&lt;svg[39m
            [33maria-hidden[39m=[32m&quot;true&quot;[39m
            [33mclass[39m=[32m&quot;lucide lucide-arrow-left size-3.5&quot;[39m
            [33mfill[39m=[32m&quot;none&quot;[39m
            [33mheight[39m=[32m&quot;24&quot;[39m
            [33mstroke[39m=[32m&quot;currentColor&quot;[39m
            [33mstroke-linecap[39m=[32m&quot;round&quot;[39m
            [33mstroke-linejoin[39m=[32m&quot;round&quot;[39m
            [33mstroke-width[39m=[32m&quot;2&quot;[39m
            [33mviewBox[39m=[32m&quot;0 0 24 24&quot;[39m
            [33mwidth[39m=[32m&quot;24&quot;[39m
            [33mxmlns[39m=[32m&quot;http://www.w3.org/2000/svg&quot;[39m
          [36m&gt;[39m
            [36m&lt;path[39m
              [33md[39m=[32m&quot;m12 19-7-7 7-7&quot;[39m
            [36m/&gt;[39m
            [36m&lt;path[39m
              [33md[39m=[32m&quot;M19 12H5&quot;[39m
            [36m/&gt;[39m
          [36m&lt;/svg&gt;[39m
          [0mDirectorio de clientes[0m
        [36m&lt;/a&gt;[39m
        [36m&lt;header[39m
          [33mclass[39m=[32m&quot;overflow-hidden rounded-lg border border-border bg-card shadow-subtle&quot;[39m
        [36m&gt;[39m
          [36m&lt;div[39m
            [33mclass[39m=[32m&quot;flex flex-wrap items-start justify-between gap-4 border-b border-border bg-muted/30 px-5 py-4&quot;[39m
          [36m&gt;[39m
            [36m&lt;div[39m
              [33mclass[39m=[32m&quot;flex min-w-0 items-start gap-3&quot;[39m
            [36m&gt;[39m
              [36m&lt;div[39m
                [33mclass[39m=[32m&quot;flex size-11 shrink-0 items-center justify-center rounded-md border border-primary/40 bg-primary/10&quot;[39m
              [36m&gt;[39m
                [36m&lt;svg[39m
                  [33maria-hidden[39m=[32m&quot;true&quot;[39m
                  [33mclass[39m=[32m&quot;lucide lucide-user-round size-5 text-primary&quot;[39m
                  [33mfill[39m=[32m&quot;none&quot;[39m
                  [33mheight[39m=[32m&quot;24&quot;[39m
                  [33mstroke[39m=[32m&quot;currentColor&quot;[39m
                  [33mstroke-linecap[39m=[32m&quot;round&quot;[39m
                  [33mstroke-linejoin[39m=[32m&quot;round&quot;[39m
                  [33mstroke-width[39m=[32m&quot;2&quot;[39m
                  [33mviewBox[39m=[32m&quot;0 0 24 24&quot;[39m
                  [33mwidth[39m=[32m&quot;24&quot;[39m
                  [33mxmlns[39m=[32m&quot;http://www.w3.org/2000/svg&quot;[39m
                [36m&gt;[39m
                  [36m&lt;circle[39m
                    [33mcx[39m=[32m&quot;12&quot;[39m
                    [33mcy[39m=[32m&quot;8&quot;[39m
                    [33mr[39m=[32m&quot;5&quot;[39m
                  [36m/&gt;[39m
                  [36m&lt;path[39m
                    [33md[39m=[32m&quot;M20 21a8 8 0 0 0-16 0&quot;[39m
                  [36m/&gt;[39m
                [36m&lt;/svg&gt;[39m
              [36m&lt;/div&gt;[39m
              [36m&lt;div[39m
                [33mclass[39m=[32m&quot;min-w-0 space-y-1&quot;[39m
              [36m&gt;[39m
                [36m&lt;p[39m
                  [33mclass[39m=[32m&quot;font-mono text-[10px] uppercase tracking-[0.18em] text-muted-foreground&quot;[39m
                [36m&gt;[39m
                  [0mFicha de cliente[0m
                [36m&lt;/p&gt;[39m
                [36m&lt;h1[39m
                  [33mclass[39m=[32m&quot;truncate font-display text-2xl font-semibold tracking-tight&quot;[39m
                [36m&gt;[39m
                  [0mAda Lovelace[0m
                [36m&lt;/h1&gt;[39m
                [36m&lt;p[39m
                  [33mclass[39m=[32m&quot;text-xs text-muted-foreground&quot;[39m
                [36m&gt;[39m
                  [0mCliente desde [0m
                  [0m14 de nov de 2023[0m
                [36m&lt;/p&gt;[39m
              [36m&lt;/div&gt;[39m
            [36m&lt;/div&gt;[39m
            [36m&lt;div[39m
              [33mclass[39m=[32m&quot;flex flex-wrap items-center gap-2&quot;[39m
            [36m&gt;[39m
              [36m&lt;button[39m
                [33maria-label[39m=[32m&quot;Ver ficha de Ada Lovelace&quot;[39m
                [33mclass[39m=[32m&quot;inline-flex items-center justify-center whitespace-nowrap text-sm font-medium transition-all disabled:pointer-events-none disabled:opacity-50 [&amp;_svg]:pointer-events-none [&amp;_svg:not([class*=&apos;size-&apos;])]:size-4 shrink-0 [&amp;_svg]:shrink-0 outline-none focus-visible:border-ring focus-visible:ring-ring/50 focus-visible:ring-[3px] aria-invalid:ring-destructive/20 dark:aria-invalid:ring-destructive/40 aria-invalid:border-destructive border bg-background shadow-xs hover:bg-accent hover:text-accent-foreground dark:bg-input/30 dark:border-input dark:hover:bg-input/50 h-8 rounded-md gap-1.5 px-3 has-[&gt;svg]:px-2.5&quot;[39m
                [33mdata-ocid[39m=[32m&quot;customer_detail.preview_button&quot;[39m
                [33mdata-slot[39m=[32m&quot;button&quot;[39m
                [33mtype[39m=[32m&quot;button&quot;[39m
              [36m&gt;[39m
                [36m&lt;svg[39m
                  [33maria-hidden[39m=[32m&quot;true&quot;[39m
                  [33mclass[39m=[32m&quot;lucide lucide-file-text size-4&quot;[39m
                  [33mfill[39m=[32m&quot;none&quot;[39m
                  [33mheight[39m=[32m&quot;24&quot;[39m
                  [33mstroke[39m=[32m&quot;currentColor&quot;[39m
                  [33mstroke-linecap[39m=[32m&quot;round&quot;[39m
                  [33mstroke-linejoin[39m=[32m&quot;round&quot;[39m
                  [33mstroke-width[39m=[32m&quot;2&quot;[39m
                  [33mviewBox[39m=[32m&quot;0 0 24 24&quot;[39m
                  [33mwidth[39m=[32m&quot;24&quot;[39m
                  [33mxmlns[39m=[32m&quot;http://www.w3.org/2000/svg&quot;[39m
                [36m&gt;[39m
                  [36m&lt;path[39m
                    [33md[39m=[32m&quot;M15 2H6a2 2 0 0 0-2 2v16a2 2 0 0 0 2 2h12a2 2 0 0 0 2-2V7Z&quot;[39m
                  [36m/&gt;[39m
                  [36m&lt;path[39m
                    [33md[39m=[32m&quot;M14 2v4a2 2 0 0 0 2 2h4&quot;[39m
                  [36m/&gt;[39m
                  [36m&lt;path[39m
                    [33md[39m=[32m&quot;M10 9H8&quot;[39m
                  [36m/&gt;[39m
                  [36m&lt;path[39m
                    [33md[39m=[32m&quot;M16 13H8&quot;[39m
                  [36m/&gt;[39m
                  [36m&lt;path[39m
                    [33md[39m=[32m&quot;M16 17H8&quot;[39m
                  [36m/&gt;[39m
                [36m&lt;/svg&gt;[39m
                [0mVer ficha[0m
              [36m&lt;/button&gt;[39m
              [36m&lt;button[39m
                [33mclass[39m=[32m&quot;inline-flex items-center justify-center whitespace-nowrap rounded-md text-sm font-medium transition-all dis..." type="AssertionError">
AssertionError: expected &quot;spy&quot; to be called with arguments: [ 7n, ObjectContaining{…} ]

Received: 

  1st spy call:

  [
+   null,
    7n,
-   ObjectContaining {
+   {
+     &quot;brand&quot;: &quot;Yamaha&quot;,
+     &quot;customerId&quot;: 1n,
+     &quot;mileage&quot;: 12000n,
+     &quot;model&quot;: &quot;FZ 2.0&quot;,
      &quot;plate&quot;: &quot;XYZ-789&quot;,
+     &quot;year&quot;: 2021n,
    },
  ]


Number of calls: 1


Ignored nodes: comments, script, style
&lt;html&gt;
  &lt;head /&gt;
  &lt;body
    style=&quot;&quot;
  &gt;
    &lt;div&gt;
      &lt;div
        class=&quot;mx-auto w-full max-w-6xl animate-fade-in space-y-5&quot;
        data-ocid=&quot;customer_detail.page&quot;
      &gt;
        &lt;a
          class=&quot;inline-flex items-center gap-1.5 text-xs font-medium text-muted-foreground underline-offset-4 hover:text-primary hover:underline&quot;
          data-ocid=&quot;customer_detail.back_link&quot;
          href=&quot;/clientes&quot;
        &gt;
          &lt;svg
            aria-hidden=&quot;true&quot;
            class=&quot;lucide lucide-arrow-left size-3.5&quot;
            fill=&quot;none&quot;
            height=&quot;24&quot;
            stroke=&quot;currentColor&quot;
            stroke-linecap=&quot;round&quot;
            stroke-linejoin=&quot;round&quot;
            stroke-width=&quot;2&quot;
            viewBox=&quot;0 0 24 24&quot;
            width=&quot;24&quot;
            xmlns=&quot;http://www.w3.org/2000/svg&quot;
          &gt;
            &lt;path
              d=&quot;m12 19-7-7 7-7&quot;
            /&gt;
            &lt;path
              d=&quot;M19 12H5&quot;
            /&gt;
          &lt;/svg&gt;
          Directorio de clientes
        &lt;/a&gt;
        &lt;header
          class=&quot;overflow-hidden rounded-lg border border-border bg-card shadow-subtle&quot;
        &gt;
          &lt;div
            class=&quot;flex flex-wrap items-start justify-between gap-4 border-b border-border bg-muted/30 px-5 py-4&quot;
          &gt;
            &lt;div
              class=&quot;flex min-w-0 items-start gap-3&quot;
            &gt;
              &lt;div
                class=&quot;flex size-11 shrink-0 items-center justify-center rounded-md border border-primary/40 bg-primary/10&quot;
              &gt;
                &lt;svg
                  aria-hidden=&quot;true&quot;
                  class=&quot;lucide lucide-user-round size-5 text-primary&quot;
                  fill=&quot;none&quot;
                  height=&quot;24&quot;
                  stroke=&quot;currentColor&quot;
                  stroke-linecap=&quot;round&quot;
                  stroke-linejoin=&quot;round&quot;
                  stroke-width=&quot;2&quot;
                  viewBox=&quot;0 0 24 24&quot;
                  width=&quot;24&quot;
                  xmlns=&quot;http://www.w3.org/2000/svg&quot;
                &gt;
                  &lt;circle
                    cx=&quot;12&quot;
                    cy=&quot;8&quot;
                    r=&quot;5&quot;
                  /&gt;
                  &lt;path
                    d=&quot;M20 21a8 8 0 0 0-16 0&quot;
                  /&gt;
                &lt;/svg&gt;
              &lt;/div&gt;
              &lt;div
                class=&quot;min-w-0 space-y-1&quot;
              &gt;
                &lt;p
                  class=&quot;font-mono text-[10px] uppercase tracking-[0.18em] text-muted-foreground&quot;
                &gt;
                  Ficha de cliente
                &lt;/p&gt;
                &lt;h1
                  class=&quot;truncate font-display text-2xl font-semibold tracking-tight&quot;
                &gt;
                  Ada Lovelace
                &lt;/h1&gt;
                &lt;p
                  class=&quot;text-xs text-muted-foreground&quot;
                &gt;
                  Cliente desde 
                  14 de nov de 2023
                &lt;/p&gt;
              &lt;/div&gt;
            &lt;/div&gt;
            &lt;div
              class=&quot;flex flex-wrap items-center gap-2&quot;
            &gt;
              &lt;button
                aria-label=&quot;Ver ficha de Ada Lovelace&quot;
                class=&quot;inline-flex items-center justify-center whitespace-nowrap text-sm font-medium transition-all disabled:pointer-events-none disabled:opacity-50 [&amp;_svg]:pointer-events-none [&amp;_svg:not([class*=&apos;size-&apos;])]:size-4 shrink-0 [&amp;_svg]:shrink-0 outline-none focus-visible:border-ring focus-visible:ring-ring/50 focus-visible:ring-[3px] aria-invalid:ring-destructive/20 dark:aria-invalid:ring-destructive/40 aria-invalid:border-destructive border bg-background shadow-xs hover:bg-accent hover:text-accent-foreground dark:bg-input/30 dark:border-input dark:hover:bg-input/50 h-8 rounded-md gap-1.5 px-3 has-[&gt;svg]:px-2.5&quot;
                data-ocid=&quot;customer_detail.preview_button&quot;
                data-slot=&quot;button&quot;
                type=&quot;button&quot;
              &gt;
                &lt;svg
                  aria-hidden=&quot;true&quot;
                  class=&quot;lucide lucide-file-text size-4&quot;
                  fill=&quot;none&quot;
                  height=&quot;24&quot;
                  stroke=&quot;currentColor&quot;
                  stroke-linecap=&quot;round&quot;
                  stroke-linejoin=&quot;round&quot;
                  stroke-width=&quot;2&quot;
                  viewBox=&quot;0 0 24 24&quot;
                  width=&quot;24&quot;
                  xmlns=&quot;http://www.w3.org/2000/svg&quot;
                &gt;
                  &lt;path
                    d=&quot;M15 2H6a2 2 0 0 0-2 2v16a2 2 0 0 0 2 2h12a2 2 0 0 0 2-2V7Z&quot;
                  /&gt;
                  &lt;path
                    d=&quot;M14 2v4a2 2 0 0 0 2 2h4&quot;
                  /&gt;
                  &lt;path
                    d=&quot;M10 9H8&quot;
                  /&gt;
                  &lt;path
                    d=&quot;M16 13H8&quot;
                  /&gt;
                  &lt;path
                    d=&quot;M16 17H8&quot;
                  /&gt;
                &lt;/svg&gt;
                Ver ficha
              &lt;/button&gt;
              &lt;button
                class=&quot;inline-flex items-center justify-center whitespace-nowrap rounded-md text-sm font-medium transition-all dis...
 ❯ src/pages/CustomerDetailPage.modal-open.cover.test.tsx:223:36
 ❯ runWithExpensiveErrorDiagnosticsDisabled ../../../../../../opt/pnpm-templates/build_template/node_modules/.pnpm/@testing-library+dom@10.4.2/node_modules/@testing-library/dom/dist/config.js:47:12
 ❯ checkCallback ../../../../../../opt/pnpm-templates/build_template/node_modules/.pnpm/@testing-library+dom@10.4.2/node_modules/@testing-library/dom/dist/wait-for.js:124:77
 ❯ Timeout.checkRealTimersCallback ../../../../../../opt/pnpm-templates/build_template/node_modules/.pnpm/@testing-library+dom@10.4.2/node_modules/@testing-library/dom/dist/wait-for.js:118:16
            </failure>
        </testcase>
        <testcase classname="src/pages/CustomerDetailPage.modal-open.cover.test.tsx" name="CustomerDetailPage modal open (cover) &gt; opens the ficha preview on the first click without reading the company profile" time="0.038481178">
        </testcase>
    </testsuite>
    <testsuite name="src/pages/CustomersPage.characterize.test.tsx" timestamp="2026-09-25T20:55:14.589Z" hostname="2a82af66d266" tests="2" failures="0" errors="0" skipped="0" time="0.127242823">
        <testcase classname="src/pages/CustomersPage.characterize.test.tsx" name="CustomersPage motorcycle data (characterization) &gt; shows each row its own customer&apos;s motorcycle count" time="0.090541254">
        </testcase>
        <testcase classname="src/pages/CustomersPage.characterize.test.tsx" name="CustomersPage motorcycle data (characterization) &gt; does not render a WhatsApp action on any row" time="0.035722357">
        </testcase>
    </testsuite>
    <testsuite name="src/pages/CustomersPage.export-motos.characterize.test.tsx" timestamp="2026-09-25T20:55:14.589Z" hostname="2a82af66d266" tests="2" failures="0" errors="0" skipped="0" time="0.243603007">
        <testcase classname="src/pages/CustomersPage.export-motos.characterize.test.tsx" name="CustomersPage Excel export motorcycle summary (characterization) &gt; joins every motorcycle of a customer into the motos cell" time="0.169092752">
        </testcase>
        <testcase classname="src/pages/CustomersPage.export-motos.characterize.test.tsx" name="CustomersPage Excel export motorcycle summary (characterization) &gt; exports an empty motos cell for a customer with no motorcycles" time="0.073530124">
        </testcase>
    </testsuite>
    <testsuite name="src/pages/CustomersPage.import-export.test.tsx" timestamp="2026-09-25T20:55:14.590Z" hostname="2a82af66d266" tests="4" failures="1" errors="0" skipped="0" time="0.445313399">
        <testcase classname="src/pages/CustomersPage.import-export.test.tsx" name="CustomersPage Excel export &gt; downloads the complete directory as an .xlsx with the shared headers" time="0.170662028">
        </testcase>
        <testcase classname="src/pages/CustomersPage.import-export.test.tsx" name="CustomersPage Excel import &gt; previews each row as create, update or invalid before confirming" time="0.091584094">
        </testcase>
        <testcase classname="src/pages/CustomersPage.import-export.test.tsx" name="CustomersPage Excel import &gt; sends creations and updates separately and shows the result summary" time="0.103331477">
            <failure message="expected null to deeply equal [ ObjectContaining{…} ]" type="AssertionError">
AssertionError: expected null to deeply equal [ ObjectContaining{…} ]

- Expected: 
[
  ObjectContaining {
    &quot;name&quot;: &quot;Grace Hopper&quot;,
  },
]

+ Received: 
null

 ❯ src/pages/CustomersPage.import-export.test.tsx:319:54
            </failure>
        </testcase>
        <testcase classname="src/pages/CustomersPage.import-export.test.tsx" name="CustomersPage Excel import &gt; reports a failed row in the summary when the backend rejects it" time="0.07875425">
        </testcase>
    </testsuite>
    <testsuite name="src/pages/CustomersPage.listing.characterize.test.tsx" timestamp="2026-09-25T20:55:14.591Z" hostname="2a82af66d266" tests="7" failures="0" errors="0" skipped="0" time="0.352478842">
        <testcase classname="src/pages/CustomersPage.listing.characterize.test.tsx" name="CustomersPage listing controls (characterization) &gt; shows the page indicator and disables previous on the first page" time="0.092568045">
        </testcase>
        <testcase classname="src/pages/CustomersPage.listing.characterize.test.tsx" name="CustomersPage listing controls (characterization) &gt; requests the next page through the URL when Siguiente is clicked" time="0.07220885">
        </testcase>
        <testcase classname="src/pages/CustomersPage.listing.characterize.test.tsx" name="CustomersPage listing controls (characterization) &gt; requests the previous page through the URL when Anterior is clicked" time="0.04178906">
        </testcase>
        <testcase classname="src/pages/CustomersPage.listing.characterize.test.tsx" name="CustomersPage listing controls (characterization) &gt; sorts by a column header and resets to the first page" time="0.043251528">
        </testcase>
        <testcase classname="src/pages/CustomersPage.listing.characterize.test.tsx" name="CustomersPage listing controls (characterization) &gt; toggles the direction when the active sort header is clicked again" time="0.045754666">
        </testcase>
        <testcase classname="src/pages/CustomersPage.listing.characterize.test.tsx" name="CustomersPage listing controls (characterization) &gt; links each row to that customer&apos;s detail page" time="0.028629059">
        </testcase>
        <testcase classname="src/pages/CustomersPage.listing.characterize.test.tsx" name="CustomersPage listing controls (characterization) &gt; keeps the edit action on each row" time="0.027095762">
        </testcase>
    </testsuite>
    <testsuite name="src/pages/CustomersPage.modal-open.cover.test.tsx" timestamp="2026-09-25T20:55:14.593Z" hostname="2a82af66d266" tests="5" failures="2" errors="0" skipped="0" time="2.661496518">
        <testcase classname="src/pages/CustomersPage.modal-open.cover.test.tsx" name="CustomersPage modal open (cover) &gt; opens the new-customer modal without writing to the backend" time="0.154588788">
        </testcase>
        <testcase classname="src/pages/CustomersPage.modal-open.cover.test.tsx" name="CustomersPage modal open (cover) &gt; opens the edit-customer modal seeded without writing to the backend" time="0.06953644">
        </testcase>
        <testcase classname="src/pages/CustomersPage.modal-open.cover.test.tsx" name="CustomersPage modal open (cover) &gt; saves a new customer on submit and refreshes the directory" time="1.25861381">
            <failure message="expected &quot;spy&quot; to be called with arguments: [ ObjectContaining{…} ][90m

Received: 

[1m  1st spy call:

[22m[2m  [[22m
[32m-   ObjectContaining {[90m
[31m+   null,[90m
[31m+   {[90m
[31m+     &quot;address&quot;: undefined,[90m
[31m+     &quot;document&quot;: undefined,[90m
[31m+     &quot;email&quot;: undefined,[90m
[2m      &quot;name&quot;: &quot;Grace Hopper&quot;,[22m
[2m      &quot;phone&quot;: &quot;+52 555 0200&quot;,[22m
[2m    },[22m
[2m  ][22m
[39m[90m

Number of calls: [1m1[22m
[39m

Ignored nodes: comments, script, style
[36m&lt;html&gt;[39m
  [36m&lt;head /&gt;[39m
  [36m&lt;body[39m
    [33mstyle[39m=[32m&quot;&quot;[39m
  [36m&gt;[39m
    [36m&lt;div&gt;[39m
      [36m&lt;div[39m
        [33mclass[39m=[32m&quot;mx-auto w-full max-w-6xl animate-fade-in space-y-5&quot;[39m
        [33mdata-ocid[39m=[32m&quot;customers.page&quot;[39m
      [36m&gt;[39m
        [36m&lt;header[39m
          [33mclass[39m=[32m&quot;flex flex-wrap items-end justify-between gap-3&quot;[39m
        [36m&gt;[39m
          [36m&lt;div[39m
            [33mclass[39m=[32m&quot;space-y-1&quot;[39m
          [36m&gt;[39m
            [36m&lt;p[39m
              [33mclass[39m=[32m&quot;font-mono text-[10px] uppercase tracking-[0.18em] text-muted-foreground&quot;[39m
            [36m&gt;[39m
              [0mDirectorio[0m
            [36m&lt;/p&gt;[39m
            [36m&lt;h1[39m
              [33mclass[39m=[32m&quot;font-display text-2xl font-semibold tracking-tight&quot;[39m
            [36m&gt;[39m
              [0mClientes y motos[0m
            [36m&lt;/h1&gt;[39m
            [36m&lt;p[39m
              [33mclass[39m=[32m&quot;max-w-2xl text-sm text-muted-foreground&quot;[39m
            [36m&gt;[39m
              [0mBusca por nombre, teléfono o placa y abre la ficha del cliente para ver sus motos e historial de órdenes.[0m
            [36m&lt;/p&gt;[39m
          [36m&lt;/div&gt;[39m
          [36m&lt;div[39m
            [33mclass[39m=[32m&quot;flex flex-wrap items-center gap-2&quot;[39m
          [36m&gt;[39m
            [36m&lt;input[39m
              [33maccept[39m=[32m&quot;.xlsx,.csv,application/vnd.openxmlformats-officedocument.spreadsheetml.sheet,text/csv&quot;[39m
              [33mclass[39m=[32m&quot;sr-only&quot;[39m
              [33mdata-ocid[39m=[32m&quot;customers.import_file_input&quot;[39m
              [33mtype[39m=[32m&quot;file&quot;[39m
            [36m/&gt;[39m
            [36m&lt;button[39m
              [33mclass[39m=[32m&quot;inline-flex items-center justify-center whitespace-nowrap rounded-md text-sm font-medium transition-all disabled:pointer-events-none disabled:opacity-50 [&amp;_svg]:pointer-events-none [&amp;_svg:not([class*=&apos;size-&apos;])]:size-4 shrink-0 [&amp;_svg]:shrink-0 outline-none focus-visible:border-ring focus-visible:ring-ring/50 focus-visible:ring-[3px] aria-invalid:ring-destructive/20 dark:aria-invalid:ring-destructive/40 aria-invalid:border-destructive border bg-background shadow-xs hover:bg-accent hover:text-accent-foreground dark:bg-input/30 dark:border-input dark:hover:bg-input/50 h-9 px-4 py-2 has-[&gt;svg]:px-3 gap-2&quot;[39m
              [33mdata-ocid[39m=[32m&quot;customers.template_button&quot;[39m
              [33mdata-slot[39m=[32m&quot;button&quot;[39m
              [33mtype[39m=[32m&quot;button&quot;[39m
            [36m&gt;[39m
              [36m&lt;svg[39m
                [33maria-hidden[39m=[32m&quot;true&quot;[39m
                [33mclass[39m=[32m&quot;lucide lucide-file-spreadsheet size-4&quot;[39m
                [33mfill[39m=[32m&quot;none&quot;[39m
                [33mheight[39m=[32m&quot;24&quot;[39m
                [33mstroke[39m=[32m&quot;currentColor&quot;[39m
                [33mstroke-linecap[39m=[32m&quot;round&quot;[39m
                [33mstroke-linejoin[39m=[32m&quot;round&quot;[39m
                [33mstroke-width[39m=[32m&quot;2&quot;[39m
                [33mviewBox[39m=[32m&quot;0 0 24 24&quot;[39m
                [33mwidth[39m=[32m&quot;24&quot;[39m
                [33mxmlns[39m=[32m&quot;http://www.w3.org/2000/svg&quot;[39m
              [36m&gt;[39m
                [36m&lt;path[39m
                  [33md[39m=[32m&quot;M15 2H6a2 2 0 0 0-2 2v16a2 2 0 0 0 2 2h12a2 2 0 0 0 2-2V7Z&quot;[39m
                [36m/&gt;[39m
                [36m&lt;path[39m
                  [33md[39m=[32m&quot;M14 2v4a2 2 0 0 0 2 2h4&quot;[39m
                [36m/&gt;[39m
                [36m&lt;path[39m
                  [33md[39m=[32m&quot;M8 13h2&quot;[39m
                [36m/&gt;[39m
                [36m&lt;path[39m
                  [33md[39m=[32m&quot;M14 13h2&quot;[39m
                [36m/&gt;[39m
                [36m&lt;path[39m
                  [33md[39m=[32m&quot;M8 17h2&quot;[39m
                [36m/&gt;[39m
                [36m&lt;path[39m
                  [33md[39m=[32m&quot;M14 17h2&quot;[39m
                [36m/&gt;[39m
              [36m&lt;/svg&gt;[39m
              [0mPlantilla[0m
            [36m&lt;/button&gt;[39m
            [36m&lt;button[39m
              [33mclass[39m=[32m&quot;inline-flex items-center justify-center whitespace-nowrap rounded-md text-sm font-medium transition-all disabled:pointer-events-none disabled:opacity-50 [&amp;_svg]:pointer-events-none [&amp;_svg:not([class*=&apos;size-&apos;])]:size-4 shrink-0 [&amp;_svg]:shrink-0 outline-none focus-visible:border-ring focus-visible:ring-ring/50 focus-visible:ring-[3px] aria-invalid:ring-destructive/20 dark:aria-invalid:ring-destructive/40 aria-invalid:border-destructive border bg-background shadow-xs hover:bg-accent hover:text-accent-foreground dark:bg-input/30 dark:border-input dark:hover:bg-input/50 h-9 px-4 py-2 has-[&gt;svg]:px-3 gap-2&quot;[39m
              [33mdata-ocid[39m=[32m&quot;customers.import_button&quot;[39m
              [33mdata-slot[39m=[32m&quot;button&quot;[39m
              [33mtype[39m=[32m&quot;button&quot;[39m
            [36m&gt;[39m
              [36m&lt;svg[39m
                [33maria-hidden[39m=[32m&quot;true&quot;[39m
                [33mclass[39m=[32m&quot;lucide lucide-upload size-4&quot;[39m
                [33mfill[39m=[32m&quot;none&quot;[39m
                [33mheight[39m=[32m&quot;24&quot;[39m
                [33mstroke[39m=[32m&quot;currentColor&quot;[39m
                [33mstroke-linecap[39m=[32m&quot;round&quot;[39m
                [33mstroke-linejoin[39m=[32m&quot;round&quot;[39m
                [33mstroke-width[39m=[32m&quot;2&quot;[39m
                [33mviewBox[39m=[32m&quot;0 0 24 24&quot;[39m
                [33mwidth[39m=[32m&quot;24&quot;[39m
                [33mxmlns[39m=[32m&quot;http://www.w3.org/2000/svg&quot;[39m
              [36m&gt;[39m
                [36m&lt;path[39m
                  [33md[39m=[32m&quot;M12 3v12&quot;[39m
                [36m/&gt;[39m
                [36m&lt;path[39m
                  [33md[39m=[32m&quot;m17 8-5-5-5 5&quot;[39m
                [36m/&gt;[39m
                [36m&lt;path[39m
                  [33md[39m=[32m&quot;M21 15v4a2 2 0 0 1-2 2H5a2 2 0 0 1-2-2v-4&quot;[39m
                [36m/&gt;[39m
              [36m&lt;/svg&gt;[39m
              [0mImportar[0m
            [36m&lt;/button&gt;[39m
            [36m&lt;button[39m
              [33mclass[39m=[32m&quot;inline-flex items-center justify-center whitespace-nowrap rounded-md text-sm font-medium transition-all disabled:pointer-events-none disabled:opacity-50 [&amp;_svg]:pointer-events-none [&amp;_svg:not([class*=&apos;size-&apos;])]:size-4 shrink-0 [&amp;_svg]:shrink-0 outline-none focus-visible:border-ring focus-visible:ring-ring/50 focus-visible:ring-[3px] aria-invalid:ring-destructive/20 dark:aria-invalid:ring-destructive/40 aria-invalid:border-destructive border bg-background shadow-xs hover:bg-accent hover:text-accent-foreground dark:bg-input/30 dark:border-input dark:hover:bg-input/50 h-9 px-4 py-2 has-[&gt;svg]:px-3 gap-2&quot;[39m
              [33mdata-ocid[39m=[32m&quot;customers.export_button&quot;[39m
              [33mdata-slot[39m=[32m&quot;button&quot;[39m
              [33mty..." type="AssertionError">
AssertionError: expected &quot;spy&quot; to be called with arguments: [ ObjectContaining{…} ]

Received: 

  1st spy call:

  [
-   ObjectContaining {
+   null,
+   {
+     &quot;address&quot;: undefined,
+     &quot;document&quot;: undefined,
+     &quot;email&quot;: undefined,
      &quot;name&quot;: &quot;Grace Hopper&quot;,
      &quot;phone&quot;: &quot;+52 555 0200&quot;,
    },
  ]


Number of calls: 1


Ignored nodes: comments, script, style
&lt;html&gt;
  &lt;head /&gt;
  &lt;body
    style=&quot;&quot;
  &gt;
    &lt;div&gt;
      &lt;div
        class=&quot;mx-auto w-full max-w-6xl animate-fade-in space-y-5&quot;
        data-ocid=&quot;customers.page&quot;
      &gt;
        &lt;header
          class=&quot;flex flex-wrap items-end justify-between gap-3&quot;
        &gt;
          &lt;div
            class=&quot;space-y-1&quot;
          &gt;
            &lt;p
              class=&quot;font-mono text-[10px] uppercase tracking-[0.18em] text-muted-foreground&quot;
            &gt;
              Directorio
            &lt;/p&gt;
            &lt;h1
              class=&quot;font-display text-2xl font-semibold tracking-tight&quot;
            &gt;
              Clientes y motos
            &lt;/h1&gt;
            &lt;p
              class=&quot;max-w-2xl text-sm text-muted-foreground&quot;
            &gt;
              Busca por nombre, teléfono o placa y abre la ficha del cliente para ver sus motos e historial de órdenes.
            &lt;/p&gt;
          &lt;/div&gt;
          &lt;div
            class=&quot;flex flex-wrap items-center gap-2&quot;
          &gt;
            &lt;input
              accept=&quot;.xlsx,.csv,application/vnd.openxmlformats-officedocument.spreadsheetml.sheet,text/csv&quot;
              class=&quot;sr-only&quot;
              data-ocid=&quot;customers.import_file_input&quot;
              type=&quot;file&quot;
            /&gt;
            &lt;button
              class=&quot;inline-flex items-center justify-center whitespace-nowrap rounded-md text-sm font-medium transition-all disabled:pointer-events-none disabled:opacity-50 [&amp;_svg]:pointer-events-none [&amp;_svg:not([class*=&apos;size-&apos;])]:size-4 shrink-0 [&amp;_svg]:shrink-0 outline-none focus-visible:border-ring focus-visible:ring-ring/50 focus-visible:ring-[3px] aria-invalid:ring-destructive/20 dark:aria-invalid:ring-destructive/40 aria-invalid:border-destructive border bg-background shadow-xs hover:bg-accent hover:text-accent-foreground dark:bg-input/30 dark:border-input dark:hover:bg-input/50 h-9 px-4 py-2 has-[&gt;svg]:px-3 gap-2&quot;
              data-ocid=&quot;customers.template_button&quot;
              data-slot=&quot;button&quot;
              type=&quot;button&quot;
            &gt;
              &lt;svg
                aria-hidden=&quot;true&quot;
                class=&quot;lucide lucide-file-spreadsheet size-4&quot;
                fill=&quot;none&quot;
                height=&quot;24&quot;
                stroke=&quot;currentColor&quot;
                stroke-linecap=&quot;round&quot;
                stroke-linejoin=&quot;round&quot;
                stroke-width=&quot;2&quot;
                viewBox=&quot;0 0 24 24&quot;
                width=&quot;24&quot;
                xmlns=&quot;http://www.w3.org/2000/svg&quot;
              &gt;
                &lt;path
                  d=&quot;M15 2H6a2 2 0 0 0-2 2v16a2 2 0 0 0 2 2h12a2 2 0 0 0 2-2V7Z&quot;
                /&gt;
                &lt;path
                  d=&quot;M14 2v4a2 2 0 0 0 2 2h4&quot;
                /&gt;
                &lt;path
                  d=&quot;M8 13h2&quot;
                /&gt;
                &lt;path
                  d=&quot;M14 13h2&quot;
                /&gt;
                &lt;path
                  d=&quot;M8 17h2&quot;
                /&gt;
                &lt;path
                  d=&quot;M14 17h2&quot;
                /&gt;
              &lt;/svg&gt;
              Plantilla
            &lt;/button&gt;
            &lt;button
              class=&quot;inline-flex items-center justify-center whitespace-nowrap rounded-md text-sm font-medium transition-all disabled:pointer-events-none disabled:opacity-50 [&amp;_svg]:pointer-events-none [&amp;_svg:not([class*=&apos;size-&apos;])]:size-4 shrink-0 [&amp;_svg]:shrink-0 outline-none focus-visible:border-ring focus-visible:ring-ring/50 focus-visible:ring-[3px] aria-invalid:ring-destructive/20 dark:aria-invalid:ring-destructive/40 aria-invalid:border-destructive border bg-background shadow-xs hover:bg-accent hover:text-accent-foreground dark:bg-input/30 dark:border-input dark:hover:bg-input/50 h-9 px-4 py-2 has-[&gt;svg]:px-3 gap-2&quot;
              data-ocid=&quot;customers.import_button&quot;
              data-slot=&quot;button&quot;
              type=&quot;button&quot;
            &gt;
              &lt;svg
                aria-hidden=&quot;true&quot;
                class=&quot;lucide lucide-upload size-4&quot;
                fill=&quot;none&quot;
                height=&quot;24&quot;
                stroke=&quot;currentColor&quot;
                stroke-linecap=&quot;round&quot;
                stroke-linejoin=&quot;round&quot;
                stroke-width=&quot;2&quot;
                viewBox=&quot;0 0 24 24&quot;
                width=&quot;24&quot;
                xmlns=&quot;http://www.w3.org/2000/svg&quot;
              &gt;
                &lt;path
                  d=&quot;M12 3v12&quot;
                /&gt;
                &lt;path
                  d=&quot;m17 8-5-5-5 5&quot;
                /&gt;
                &lt;path
                  d=&quot;M21 15v4a2 2 0 0 1-2 2H5a2 2 0 0 1-2-2v-4&quot;
                /&gt;
              &lt;/svg&gt;
              Importar
            &lt;/button&gt;
            &lt;button
              class=&quot;inline-flex items-center justify-center whitespace-nowrap rounded-md text-sm font-medium transition-all disabled:pointer-events-none disabled:opacity-50 [&amp;_svg]:pointer-events-none [&amp;_svg:not([class*=&apos;size-&apos;])]:size-4 shrink-0 [&amp;_svg]:shrink-0 outline-none focus-visible:border-ring focus-visible:ring-ring/50 focus-visible:ring-[3px] aria-invalid:ring-destructive/20 dark:aria-invalid:ring-destructive/40 aria-invalid:border-destructive border bg-background shadow-xs hover:bg-accent hover:text-accent-foreground dark:bg-input/30 dark:border-input dark:hover:bg-input/50 h-9 px-4 py-2 has-[&gt;svg]:px-3 gap-2&quot;
              data-ocid=&quot;customers.export_button&quot;
              data-slot=&quot;button&quot;
              ty...
 ❯ src/pages/CustomersPage.modal-open.cover.test.tsx:154:34
 ❯ runWithExpensiveErrorDiagnosticsDisabled ../../../../../../opt/pnpm-templates/build_template/node_modules/.pnpm/@testing-library+dom@10.4.2/node_modules/@testing-library/dom/dist/config.js:47:12
 ❯ checkCallback ../../../../../../opt/pnpm-templates/build_template/node_modules/.pnpm/@testing-library+dom@10.4.2/node_modules/@testing-library/dom/dist/wait-for.js:124:77
 ❯ Timeout.checkRealTimersCallback ../../../../../../opt/pnpm-templates/build_template/node_modules/.pnpm/@testing-library+dom@10.4.2/node_modules/@testing-library/dom/dist/wait-for.js:118:16
            </failure>
        </testcase>
        <testcase classname="src/pages/CustomersPage.modal-open.cover.test.tsx" name="CustomersPage modal open (cover) &gt; saves an edited customer on submit with the row&apos;s id" time="1.141099047">
            <failure message="expected &quot;spy&quot; to be called with arguments: [ 1n, ObjectContaining{…} ][90m

Received: 

[1m  1st spy call:

[22m[2m  [[22m
[31m+   null,[90m
[2m    1n,[22m
[32m-   ObjectContaining {[90m
[31m+   {[90m
[31m+     &quot;address&quot;: undefined,[90m
[31m+     &quot;document&quot;: &quot;LOAA1815&quot;,[90m
[31m+     &quot;email&quot;: &quot;ada@example.com&quot;,[90m
[2m      &quot;name&quot;: &quot;Ada Byron&quot;,[22m
[31m+     &quot;phone&quot;: &quot;+52 555 0100&quot;,[90m
[2m    },[22m
[2m  ][22m
[39m[90m

Number of calls: [1m1[22m
[39m

Ignored nodes: comments, script, style
[36m&lt;html&gt;[39m
  [36m&lt;head /&gt;[39m
  [36m&lt;body[39m
    [33mstyle[39m=[32m&quot;&quot;[39m
  [36m&gt;[39m
    [36m&lt;div&gt;[39m
      [36m&lt;div[39m
        [33mclass[39m=[32m&quot;mx-auto w-full max-w-6xl animate-fade-in space-y-5&quot;[39m
        [33mdata-ocid[39m=[32m&quot;customers.page&quot;[39m
      [36m&gt;[39m
        [36m&lt;header[39m
          [33mclass[39m=[32m&quot;flex flex-wrap items-end justify-between gap-3&quot;[39m
        [36m&gt;[39m
          [36m&lt;div[39m
            [33mclass[39m=[32m&quot;space-y-1&quot;[39m
          [36m&gt;[39m
            [36m&lt;p[39m
              [33mclass[39m=[32m&quot;font-mono text-[10px] uppercase tracking-[0.18em] text-muted-foreground&quot;[39m
            [36m&gt;[39m
              [0mDirectorio[0m
            [36m&lt;/p&gt;[39m
            [36m&lt;h1[39m
              [33mclass[39m=[32m&quot;font-display text-2xl font-semibold tracking-tight&quot;[39m
            [36m&gt;[39m
              [0mClientes y motos[0m
            [36m&lt;/h1&gt;[39m
            [36m&lt;p[39m
              [33mclass[39m=[32m&quot;max-w-2xl text-sm text-muted-foreground&quot;[39m
            [36m&gt;[39m
              [0mBusca por nombre, teléfono o placa y abre la ficha del cliente para ver sus motos e historial de órdenes.[0m
            [36m&lt;/p&gt;[39m
          [36m&lt;/div&gt;[39m
          [36m&lt;div[39m
            [33mclass[39m=[32m&quot;flex flex-wrap items-center gap-2&quot;[39m
          [36m&gt;[39m
            [36m&lt;input[39m
              [33maccept[39m=[32m&quot;.xlsx,.csv,application/vnd.openxmlformats-officedocument.spreadsheetml.sheet,text/csv&quot;[39m
              [33mclass[39m=[32m&quot;sr-only&quot;[39m
              [33mdata-ocid[39m=[32m&quot;customers.import_file_input&quot;[39m
              [33mtype[39m=[32m&quot;file&quot;[39m
            [36m/&gt;[39m
            [36m&lt;button[39m
              [33mclass[39m=[32m&quot;inline-flex items-center justify-center whitespace-nowrap rounded-md text-sm font-medium transition-all disabled:pointer-events-none disabled:opacity-50 [&amp;_svg]:pointer-events-none [&amp;_svg:not([class*=&apos;size-&apos;])]:size-4 shrink-0 [&amp;_svg]:shrink-0 outline-none focus-visible:border-ring focus-visible:ring-ring/50 focus-visible:ring-[3px] aria-invalid:ring-destructive/20 dark:aria-invalid:ring-destructive/40 aria-invalid:border-destructive border bg-background shadow-xs hover:bg-accent hover:text-accent-foreground dark:bg-input/30 dark:border-input dark:hover:bg-input/50 h-9 px-4 py-2 has-[&gt;svg]:px-3 gap-2&quot;[39m
              [33mdata-ocid[39m=[32m&quot;customers.template_button&quot;[39m
              [33mdata-slot[39m=[32m&quot;button&quot;[39m
              [33mtype[39m=[32m&quot;button&quot;[39m
            [36m&gt;[39m
              [36m&lt;svg[39m
                [33maria-hidden[39m=[32m&quot;true&quot;[39m
                [33mclass[39m=[32m&quot;lucide lucide-file-spreadsheet size-4&quot;[39m
                [33mfill[39m=[32m&quot;none&quot;[39m
                [33mheight[39m=[32m&quot;24&quot;[39m
                [33mstroke[39m=[32m&quot;currentColor&quot;[39m
                [33mstroke-linecap[39m=[32m&quot;round&quot;[39m
                [33mstroke-linejoin[39m=[32m&quot;round&quot;[39m
                [33mstroke-width[39m=[32m&quot;2&quot;[39m
                [33mviewBox[39m=[32m&quot;0 0 24 24&quot;[39m
                [33mwidth[39m=[32m&quot;24&quot;[39m
                [33mxmlns[39m=[32m&quot;http://www.w3.org/2000/svg&quot;[39m
              [36m&gt;[39m
                [36m&lt;path[39m
                  [33md[39m=[32m&quot;M15 2H6a2 2 0 0 0-2 2v16a2 2 0 0 0 2 2h12a2 2 0 0 0 2-2V7Z&quot;[39m
                [36m/&gt;[39m
                [36m&lt;path[39m
                  [33md[39m=[32m&quot;M14 2v4a2 2 0 0 0 2 2h4&quot;[39m
                [36m/&gt;[39m
                [36m&lt;path[39m
                  [33md[39m=[32m&quot;M8 13h2&quot;[39m
                [36m/&gt;[39m
                [36m&lt;path[39m
                  [33md[39m=[32m&quot;M14 13h2&quot;[39m
                [36m/&gt;[39m
                [36m&lt;path[39m
                  [33md[39m=[32m&quot;M8 17h2&quot;[39m
                [36m/&gt;[39m
                [36m&lt;path[39m
                  [33md[39m=[32m&quot;M14 17h2&quot;[39m
                [36m/&gt;[39m
              [36m&lt;/svg&gt;[39m
              [0mPlantilla[0m
            [36m&lt;/button&gt;[39m
            [36m&lt;button[39m
              [33mclass[39m=[32m&quot;inline-flex items-center justify-center whitespace-nowrap rounded-md text-sm font-medium transition-all disabled:pointer-events-none disabled:opacity-50 [&amp;_svg]:pointer-events-none [&amp;_svg:not([class*=&apos;size-&apos;])]:size-4 shrink-0 [&amp;_svg]:shrink-0 outline-none focus-visible:border-ring focus-visible:ring-ring/50 focus-visible:ring-[3px] aria-invalid:ring-destructive/20 dark:aria-invalid:ring-destructive/40 aria-invalid:border-destructive border bg-background shadow-xs hover:bg-accent hover:text-accent-foreground dark:bg-input/30 dark:border-input dark:hover:bg-input/50 h-9 px-4 py-2 has-[&gt;svg]:px-3 gap-2&quot;[39m
              [33mdata-ocid[39m=[32m&quot;customers.import_button&quot;[39m
              [33mdata-slot[39m=[32m&quot;button&quot;[39m
              [33mtype[39m=[32m&quot;button&quot;[39m
            [36m&gt;[39m
              [36m&lt;svg[39m
                [33maria-hidden[39m=[32m&quot;true&quot;[39m
                [33mclass[39m=[32m&quot;lucide lucide-upload size-4&quot;[39m
                [33mfill[39m=[32m&quot;none&quot;[39m
                [33mheight[39m=[32m&quot;24&quot;[39m
                [33mstroke[39m=[32m&quot;currentColor&quot;[39m
                [33mstroke-linecap[39m=[32m&quot;round&quot;[39m
                [33mstroke-linejoin[39m=[32m&quot;round&quot;[39m
                [33mstroke-width[39m=[32m&quot;2&quot;[39m
                [33mviewBox[39m=[32m&quot;0 0 24 24&quot;[39m
                [33mwidth[39m=[32m&quot;24&quot;[39m
                [33mxmlns[39m=[32m&quot;http://www.w3.org/2000/svg&quot;[39m
              [36m&gt;[39m
                [36m&lt;path[39m
                  [33md[39m=[32m&quot;M12 3v12&quot;[39m
                [36m/&gt;[39m
                [36m&lt;path[39m
                  [33md[39m=[32m&quot;m17 8-5-5-5 5&quot;[39m
                [36m/&gt;[39m
                [36m&lt;path[39m
                  [33md[39m=[32m&quot;M21 15v4a2 2 0 0 1-2 2H5a2 2 0 0 1-2-2v-4&quot;[39m
                [36m/&gt;[39m
              [36m&lt;/svg&gt;[39m
              [0mImportar[0m
            [36m&lt;/button&gt;[39m
            [36m&lt;button[39m
              [33mclass[39m=[32m&quot;inline-flex items-center justify-center whitespace-nowrap rounded-md text-sm font-medium transition-all disabled:pointer-events-none disabled:opacity-50 [&amp;_svg]:pointer-events-none [&amp;_svg:not([class*=&apos;size-&apos;])]:size-4 shrink-0 [&amp;_svg]:shrink-0 outline-none focus-visible:border-ring focus-visible:ring-ring/50 focus-visible:ring-[3px] aria-invalid:ring-destructive/20 dark:aria-invalid:ring-destructive/40 aria-invalid:border-destructive border bg-background shadow-xs hover:bg-accent hover:text-accent-foreground dark:bg-input/30 dark:border-input dark:hover:bg-input/50 h-9 px-4 py-2 has-[&gt;svg]:px-3 gap-2&quot;[39m
              [33mdata-ocid[39m=[32m&quot;customers.export_button&quot;[39m
              [33mdata-slot[39m=[32m&quot;button&quot;[39m
              [33mty..." type="AssertionError">
AssertionError: expected &quot;spy&quot; to be called with arguments: [ 1n, ObjectContaining{…} ]

Received: 

  1st spy call:

  [
+   null,
    1n,
-   ObjectContaining {
+   {
+     &quot;address&quot;: undefined,
+     &quot;document&quot;: &quot;LOAA1815&quot;,
+     &quot;email&quot;: &quot;ada@example.com&quot;,
      &quot;name&quot;: &quot;Ada Byron&quot;,
+     &quot;phone&quot;: &quot;+52 555 0100&quot;,
    },
  ]


Number of calls: 1


Ignored nodes: comments, script, style
&lt;html&gt;
  &lt;head /&gt;
  &lt;body
    style=&quot;&quot;
  &gt;
    &lt;div&gt;
      &lt;div
        class=&quot;mx-auto w-full max-w-6xl animate-fade-in space-y-5&quot;
        data-ocid=&quot;customers.page&quot;
      &gt;
        &lt;header
          class=&quot;flex flex-wrap items-end justify-between gap-3&quot;
        &gt;
          &lt;div
            class=&quot;space-y-1&quot;
          &gt;
            &lt;p
              class=&quot;font-mono text-[10px] uppercase tracking-[0.18em] text-muted-foreground&quot;
            &gt;
              Directorio
            &lt;/p&gt;
            &lt;h1
              class=&quot;font-display text-2xl font-semibold tracking-tight&quot;
            &gt;
              Clientes y motos
            &lt;/h1&gt;
            &lt;p
              class=&quot;max-w-2xl text-sm text-muted-foreground&quot;
            &gt;
              Busca por nombre, teléfono o placa y abre la ficha del cliente para ver sus motos e historial de órdenes.
            &lt;/p&gt;
          &lt;/div&gt;
          &lt;div
            class=&quot;flex flex-wrap items-center gap-2&quot;
          &gt;
            &lt;input
              accept=&quot;.xlsx,.csv,application/vnd.openxmlformats-officedocument.spreadsheetml.sheet,text/csv&quot;
              class=&quot;sr-only&quot;
              data-ocid=&quot;customers.import_file_input&quot;
              type=&quot;file&quot;
            /&gt;
            &lt;button
              class=&quot;inline-flex items-center justify-center whitespace-nowrap rounded-md text-sm font-medium transition-all disabled:pointer-events-none disabled:opacity-50 [&amp;_svg]:pointer-events-none [&amp;_svg:not([class*=&apos;size-&apos;])]:size-4 shrink-0 [&amp;_svg]:shrink-0 outline-none focus-visible:border-ring focus-visible:ring-ring/50 focus-visible:ring-[3px] aria-invalid:ring-destructive/20 dark:aria-invalid:ring-destructive/40 aria-invalid:border-destructive border bg-background shadow-xs hover:bg-accent hover:text-accent-foreground dark:bg-input/30 dark:border-input dark:hover:bg-input/50 h-9 px-4 py-2 has-[&gt;svg]:px-3 gap-2&quot;
              data-ocid=&quot;customers.template_button&quot;
              data-slot=&quot;button&quot;
              type=&quot;button&quot;
            &gt;
              &lt;svg
                aria-hidden=&quot;true&quot;
                class=&quot;lucide lucide-file-spreadsheet size-4&quot;
                fill=&quot;none&quot;
                height=&quot;24&quot;
                stroke=&quot;currentColor&quot;
                stroke-linecap=&quot;round&quot;
                stroke-linejoin=&quot;round&quot;
                stroke-width=&quot;2&quot;
                viewBox=&quot;0 0 24 24&quot;
                width=&quot;24&quot;
                xmlns=&quot;http://www.w3.org/2000/svg&quot;
              &gt;
                &lt;path
                  d=&quot;M15 2H6a2 2 0 0 0-2 2v16a2 2 0 0 0 2 2h12a2 2 0 0 0 2-2V7Z&quot;
                /&gt;
                &lt;path
                  d=&quot;M14 2v4a2 2 0 0 0 2 2h4&quot;
                /&gt;
                &lt;path
                  d=&quot;M8 13h2&quot;
                /&gt;
                &lt;path
                  d=&quot;M14 13h2&quot;
                /&gt;
                &lt;path
                  d=&quot;M8 17h2&quot;
                /&gt;
                &lt;path
                  d=&quot;M14 17h2&quot;
                /&gt;
              &lt;/svg&gt;
              Plantilla
            &lt;/button&gt;
            &lt;button
              class=&quot;inline-flex items-center justify-center whitespace-nowrap rounded-md text-sm font-medium transition-all disabled:pointer-events-none disabled:opacity-50 [&amp;_svg]:pointer-events-none [&amp;_svg:not([class*=&apos;size-&apos;])]:size-4 shrink-0 [&amp;_svg]:shrink-0 outline-none focus-visible:border-ring focus-visible:ring-ring/50 focus-visible:ring-[3px] aria-invalid:ring-destructive/20 dark:aria-invalid:ring-destructive/40 aria-invalid:border-destructive border bg-background shadow-xs hover:bg-accent hover:text-accent-foreground dark:bg-input/30 dark:border-input dark:hover:bg-input/50 h-9 px-4 py-2 has-[&gt;svg]:px-3 gap-2&quot;
              data-ocid=&quot;customers.import_button&quot;
              data-slot=&quot;button&quot;
              type=&quot;button&quot;
            &gt;
              &lt;svg
                aria-hidden=&quot;true&quot;
                class=&quot;lucide lucide-upload size-4&quot;
                fill=&quot;none&quot;
                height=&quot;24&quot;
                stroke=&quot;currentColor&quot;
                stroke-linecap=&quot;round&quot;
                stroke-linejoin=&quot;round&quot;
                stroke-width=&quot;2&quot;
                viewBox=&quot;0 0 24 24&quot;
                width=&quot;24&quot;
                xmlns=&quot;http://www.w3.org/2000/svg&quot;
              &gt;
                &lt;path
                  d=&quot;M12 3v12&quot;
                /&gt;
                &lt;path
                  d=&quot;m17 8-5-5-5 5&quot;
                /&gt;
                &lt;path
                  d=&quot;M21 15v4a2 2 0 0 1-2 2H5a2 2 0 0 1-2-2v-4&quot;
                /&gt;
              &lt;/svg&gt;
              Importar
            &lt;/button&gt;
            &lt;button
              class=&quot;inline-flex items-center justify-center whitespace-nowrap rounded-md text-sm font-medium transition-all disabled:pointer-events-none disabled:opacity-50 [&amp;_svg]:pointer-events-none [&amp;_svg:not([class*=&apos;size-&apos;])]:size-4 shrink-0 [&amp;_svg]:shrink-0 outline-none focus-visible:border-ring focus-visible:ring-ring/50 focus-visible:ring-[3px] aria-invalid:ring-destructive/20 dark:aria-invalid:ring-destructive/40 aria-invalid:border-destructive border bg-background shadow-xs hover:bg-accent hover:text-accent-foreground dark:bg-input/30 dark:border-input dark:hover:bg-input/50 h-9 px-4 py-2 has-[&gt;svg]:px-3 gap-2&quot;
              data-ocid=&quot;customers.export_button&quot;
              data-slot=&quot;button&quot;
              ty...
 ❯ src/pages/CustomersPage.modal-open.cover.test.tsx:186:34
 ❯ runWithExpensiveErrorDiagnosticsDisabled ../../../../../../opt/pnpm-templates/build_template/node_modules/.pnpm/@testing-library+dom@10.4.2/node_modules/@testing-library/dom/dist/config.js:47:12
 ❯ checkCallback ../../../../../../opt/pnpm-templates/build_template/node_modules/.pnpm/@testing-library+dom@10.4.2/node_modules/@testing-library/dom/dist/wait-for.js:124:77
 ❯ Timeout.checkRealTimersCallback ../../../../../../opt/pnpm-templates/build_template/node_modules/.pnpm/@testing-library+dom@10.4.2/node_modules/@testing-library/dom/dist/wait-for.js:118:16
            </failure>
        </testcase>
        <testcase classname="src/pages/CustomersPage.modal-open.cover.test.tsx" name="CustomersPage modal open (cover) &gt; does not render a WhatsApp action on any row" time="0.036644992">
        </testcase>
    </testsuite>
    <testsuite name="src/pages/CustomersPage.modal.characterize.test.tsx" timestamp="2026-09-25T20:55:14.595Z" hostname="2a82af66d266" tests="5" failures="0" errors="0" skipped="0" time="0.448722324">
        <testcase classname="src/pages/CustomersPage.modal.characterize.test.tsx" name="CustomersPage customer modal (characterization) &gt; opens the edit modal seeded with the clicked customer&apos;s own data" time="0.152636016">
        </testcase>
        <testcase classname="src/pages/CustomersPage.modal.characterize.test.tsx" name="CustomersPage customer modal (characterization) &gt; opens a blank create modal from the new-customer button" time="0.060203133">
        </testcase>
        <testcase classname="src/pages/CustomersPage.modal.characterize.test.tsx" name="CustomersPage customer modal (characterization) &gt; keeps the modal interactive while it is open" time="0.138353832">
        </testcase>
        <testcase classname="src/pages/CustomersPage.modal.characterize.test.tsx" name="CustomersPage customer modal (characterization) &gt; closes the modal without saving when the user cancels" time="0.070958407">
        </testcase>
        <testcase classname="src/pages/CustomersPage.modal.characterize.test.tsx" name="CustomersPage customer modal (characterization) &gt; still shows each row its own motorcycle count" time="0.025464863">
        </testcase>
    </testsuite>
    <testsuite name="src/pages/CustomersPage.test.tsx" timestamp="2026-09-25T20:55:14.597Z" hostname="2a82af66d266" tests="8" failures="2" errors="0" skipped="0" time="1.708383817">
        <testcase classname="src/pages/CustomersPage.test.tsx" name="CustomersPage &gt; lists customers with contact data and motorcycle count" time="0.092402924">
        </testcase>
        <testcase classname="src/pages/CustomersPage.test.tsx" name="CustomersPage &gt; reads the page and its motorcycle counts in a single backend call" time="0.046805339">
            <failure message="expected &quot;spy&quot; to be called with arguments: [ {}, &apos;name&apos;, false, 0n, 50n ][90m

Received: 

[1m  1st spy call:

[22m[2m  [[22m
[32m-   {},[90m
[31m+   null,[90m
[31m+   {[90m
[31m+     &quot;search&quot;: undefined,[90m
[31m+   },[90m
[2m    &quot;name&quot;,[22m
[2m    false,[22m
[2m    0n,[22m
[2m    50n,[22m
[2m  ][22m
[39m[90m

Number of calls: [1m1[22m
[39m" type="AssertionError">
AssertionError: expected &quot;spy&quot; to be called with arguments: [ {}, &apos;name&apos;, false, 0n, 50n ]

Received: 

  1st spy call:

  [
-   {},
+   null,
+   {
+     &quot;search&quot;: undefined,
+   },
    &quot;name&quot;,
    false,
    0n,
    50n,
  ]


Number of calls: 1

 ❯ src/pages/CustomersPage.test.tsx:129:38
            </failure>
        </testcase>
        <testcase classname="src/pages/CustomersPage.test.tsx" name="CustomersPage &gt; renders an empty state when the directory has no customers" time="0.028415868">
        </testcase>
        <testcase classname="src/pages/CustomersPage.test.tsx" name="CustomersPage &gt; passes the trimmed search term to the backend" time="1.018289178">
            <failure message="expected last &quot;spy&quot; call to have been called with [ { search: &apos;Ada&apos; }, &apos;name&apos;, …(3) ]

Ignored nodes: comments, script, style
[36m&lt;html&gt;[39m
  [36m&lt;head /&gt;[39m
  [36m&lt;body&gt;[39m
    [36m&lt;div&gt;[39m
      [36m&lt;div[39m
        [33mclass[39m=[32m&quot;mx-auto w-full max-w-6xl animate-fade-in space-y-5&quot;[39m
        [33mdata-ocid[39m=[32m&quot;customers.page&quot;[39m
      [36m&gt;[39m
        [36m&lt;header[39m
          [33mclass[39m=[32m&quot;flex flex-wrap items-end justify-between gap-3&quot;[39m
        [36m&gt;[39m
          [36m&lt;div[39m
            [33mclass[39m=[32m&quot;space-y-1&quot;[39m
          [36m&gt;[39m
            [36m&lt;p[39m
              [33mclass[39m=[32m&quot;font-mono text-[10px] uppercase tracking-[0.18em] text-muted-foreground&quot;[39m
            [36m&gt;[39m
              [0mDirectorio[0m
            [36m&lt;/p&gt;[39m
            [36m&lt;h1[39m
              [33mclass[39m=[32m&quot;font-display text-2xl font-semibold tracking-tight&quot;[39m
            [36m&gt;[39m
              [0mClientes y motos[0m
            [36m&lt;/h1&gt;[39m
            [36m&lt;p[39m
              [33mclass[39m=[32m&quot;max-w-2xl text-sm text-muted-foreground&quot;[39m
            [36m&gt;[39m
              [0mBusca por nombre, teléfono o placa y abre la ficha del cliente para ver sus motos e historial de órdenes.[0m
            [36m&lt;/p&gt;[39m
          [36m&lt;/div&gt;[39m
          [36m&lt;div[39m
            [33mclass[39m=[32m&quot;flex flex-wrap items-center gap-2&quot;[39m
          [36m&gt;[39m
            [36m&lt;input[39m
              [33maccept[39m=[32m&quot;.xlsx,.csv,application/vnd.openxmlformats-officedocument.spreadsheetml.sheet,text/csv&quot;[39m
              [33mclass[39m=[32m&quot;sr-only&quot;[39m
              [33mdata-ocid[39m=[32m&quot;customers.import_file_input&quot;[39m
              [33mtype[39m=[32m&quot;file&quot;[39m
            [36m/&gt;[39m
            [36m&lt;button[39m
              [33mclass[39m=[32m&quot;inline-flex items-center justify-center whitespace-nowrap rounded-md text-sm font-medium transition-all disabled:pointer-events-none disabled:opacity-50 [&amp;_svg]:pointer-events-none [&amp;_svg:not([class*=&apos;size-&apos;])]:size-4 shrink-0 [&amp;_svg]:shrink-0 outline-none focus-visible:border-ring focus-visible:ring-ring/50 focus-visible:ring-[3px] aria-invalid:ring-destructive/20 dark:aria-invalid:ring-destructive/40 aria-invalid:border-destructive border bg-background shadow-xs hover:bg-accent hover:text-accent-foreground dark:bg-input/30 dark:border-input dark:hover:bg-input/50 h-9 px-4 py-2 has-[&gt;svg]:px-3 gap-2&quot;[39m
              [33mdata-ocid[39m=[32m&quot;customers.template_button&quot;[39m
              [33mdata-slot[39m=[32m&quot;button&quot;[39m
              [33mtype[39m=[32m&quot;button&quot;[39m
            [36m&gt;[39m
              [36m&lt;svg[39m
                [33maria-hidden[39m=[32m&quot;true&quot;[39m
                [33mclass[39m=[32m&quot;lucide lucide-file-spreadsheet size-4&quot;[39m
                [33mfill[39m=[32m&quot;none&quot;[39m
                [33mheight[39m=[32m&quot;24&quot;[39m
                [33mstroke[39m=[32m&quot;currentColor&quot;[39m
                [33mstroke-linecap[39m=[32m&quot;round&quot;[39m
                [33mstroke-linejoin[39m=[32m&quot;round&quot;[39m
                [33mstroke-width[39m=[32m&quot;2&quot;[39m
                [33mviewBox[39m=[32m&quot;0 0 24 24&quot;[39m
                [33mwidth[39m=[32m&quot;24&quot;[39m
                [33mxmlns[39m=[32m&quot;http://www.w3.org/2000/svg&quot;[39m
              [36m&gt;[39m
                [36m&lt;path[39m
                  [33md[39m=[32m&quot;M15 2H6a2 2 0 0 0-2 2v16a2 2 0 0 0 2 2h12a2 2 0 0 0 2-2V7Z&quot;[39m
                [36m/&gt;[39m
                [36m&lt;path[39m
                  [33md[39m=[32m&quot;M14 2v4a2 2 0 0 0 2 2h4&quot;[39m
                [36m/&gt;[39m
                [36m&lt;path[39m
                  [33md[39m=[32m&quot;M8 13h2&quot;[39m
                [36m/&gt;[39m
                [36m&lt;path[39m
                  [33md[39m=[32m&quot;M14 13h2&quot;[39m
                [36m/&gt;[39m
                [36m&lt;path[39m
                  [33md[39m=[32m&quot;M8 17h2&quot;[39m
                [36m/&gt;[39m
                [36m&lt;path[39m
                  [33md[39m=[32m&quot;M14 17h2&quot;[39m
                [36m/&gt;[39m
              [36m&lt;/svg&gt;[39m
              [0mPlantilla[0m
            [36m&lt;/button&gt;[39m
            [36m&lt;button[39m
              [33mclass[39m=[32m&quot;inline-flex items-center justify-center whitespace-nowrap rounded-md text-sm font-medium transition-all disabled:pointer-events-none disabled:opacity-50 [&amp;_svg]:pointer-events-none [&amp;_svg:not([class*=&apos;size-&apos;])]:size-4 shrink-0 [&amp;_svg]:shrink-0 outline-none focus-visible:border-ring focus-visible:ring-ring/50 focus-visible:ring-[3px] aria-invalid:ring-destructive/20 dark:aria-invalid:ring-destructive/40 aria-invalid:border-destructive border bg-background shadow-xs hover:bg-accent hover:text-accent-foreground dark:bg-input/30 dark:border-input dark:hover:bg-input/50 h-9 px-4 py-2 has-[&gt;svg]:px-3 gap-2&quot;[39m
              [33mdata-ocid[39m=[32m&quot;customers.import_button&quot;[39m
              [33mdata-slot[39m=[32m&quot;button&quot;[39m
              [33mtype[39m=[32m&quot;button&quot;[39m
            [36m&gt;[39m
              [36m&lt;svg[39m
                [33maria-hidden[39m=[32m&quot;true&quot;[39m
                [33mclass[39m=[32m&quot;lucide lucide-upload size-4&quot;[39m
                [33mfill[39m=[32m&quot;none&quot;[39m
                [33mheight[39m=[32m&quot;24&quot;[39m
                [33mstroke[39m=[32m&quot;currentColor&quot;[39m
                [33mstroke-linecap[39m=[32m&quot;round&quot;[39m
                [33mstroke-linejoin[39m=[32m&quot;round&quot;[39m
                [33mstroke-width[39m=[32m&quot;2&quot;[39m
                [33mviewBox[39m=[32m&quot;0 0 24 24&quot;[39m
                [33mwidth[39m=[32m&quot;24&quot;[39m
                [33mxmlns[39m=[32m&quot;http://www.w3.org/2000/svg&quot;[39m
              [36m&gt;[39m
                [36m&lt;path[39m
                  [33md[39m=[32m&quot;M12 3v12&quot;[39m
                [36m/&gt;[39m
                [36m&lt;path[39m
                  [33md[39m=[32m&quot;m17 8-5-5-5 5&quot;[39m
                [36m/&gt;[39m
                [36m&lt;path[39m
                  [33md[39m=[32m&quot;M21 15v4a2 2 0 0 1-2 2H5a2 2 0 0 1-2-2v-4&quot;[39m
                [36m/&gt;[39m
              [36m&lt;/svg&gt;[39m
              [0mImportar[0m
            [36m&lt;/button&gt;[39m
            [36m&lt;button[39m
              [33mclass[39m=[32m&quot;inline-flex items-center justify-center whitespace-nowrap rounded-md text-sm font-medium transition-all disabled:pointer-events-none disabled:opacity-50 [&amp;_svg]:pointer-events-none [&amp;_svg:not([class*=&apos;size-&apos;])]:size-4 shrink-0 [&amp;_svg]:shrink-0 outline-none focus-visible:border-ring focus-visible:ring-ring/50 focus-visible:ring-[3px] aria-invalid:ring-destructive/20 dark:aria-invalid:ring-destructive/40 aria-invalid:border-destructive border bg-background shadow-xs hover:bg-accent hover:text-accent-foreground dark:bg-input/30 dark:border-input dark:hover:bg-input/50 h-9 px-4 py-2 has-[&gt;svg]:px-3 gap-2&quot;[39m
              [33mdata-ocid[39m=[32m&quot;customers.export_button&quot;[39m
              [33mdata-slot[39m=[32m&quot;button&quot;[39m
              [33mtype[39m=[32m&quot;button&quot;[39m
            [36m&gt;..." type="AssertionError">
AssertionError: expected last &quot;spy&quot; call to have been called with [ { search: &apos;Ada&apos; }, &apos;name&apos;, …(3) ]

Ignored nodes: comments, script, style
&lt;html&gt;
  &lt;head /&gt;
  &lt;body&gt;
    &lt;div&gt;
      &lt;div
        class=&quot;mx-auto w-full max-w-6xl animate-fade-in space-y-5&quot;
        data-ocid=&quot;customers.page&quot;
      &gt;
        &lt;header
          class=&quot;flex flex-wrap items-end justify-between gap-3&quot;
        &gt;
          &lt;div
            class=&quot;space-y-1&quot;
          &gt;
            &lt;p
              class=&quot;font-mono text-[10px] uppercase tracking-[0.18em] text-muted-foreground&quot;
            &gt;
              Directorio
            &lt;/p&gt;
            &lt;h1
              class=&quot;font-display text-2xl font-semibold tracking-tight&quot;
            &gt;
              Clientes y motos
            &lt;/h1&gt;
            &lt;p
              class=&quot;max-w-2xl text-sm text-muted-foreground&quot;
            &gt;
              Busca por nombre, teléfono o placa y abre la ficha del cliente para ver sus motos e historial de órdenes.
            &lt;/p&gt;
          &lt;/div&gt;
          &lt;div
            class=&quot;flex flex-wrap items-center gap-2&quot;
          &gt;
            &lt;input
              accept=&quot;.xlsx,.csv,application/vnd.openxmlformats-officedocument.spreadsheetml.sheet,text/csv&quot;
              class=&quot;sr-only&quot;
              data-ocid=&quot;customers.import_file_input&quot;
              type=&quot;file&quot;
            /&gt;
            &lt;button
              class=&quot;inline-flex items-center justify-center whitespace-nowrap rounded-md text-sm font-medium transition-all disabled:pointer-events-none disabled:opacity-50 [&amp;_svg]:pointer-events-none [&amp;_svg:not([class*=&apos;size-&apos;])]:size-4 shrink-0 [&amp;_svg]:shrink-0 outline-none focus-visible:border-ring focus-visible:ring-ring/50 focus-visible:ring-[3px] aria-invalid:ring-destructive/20 dark:aria-invalid:ring-destructive/40 aria-invalid:border-destructive border bg-background shadow-xs hover:bg-accent hover:text-accent-foreground dark:bg-input/30 dark:border-input dark:hover:bg-input/50 h-9 px-4 py-2 has-[&gt;svg]:px-3 gap-2&quot;
              data-ocid=&quot;customers.template_button&quot;
              data-slot=&quot;button&quot;
              type=&quot;button&quot;
            &gt;
              &lt;svg
                aria-hidden=&quot;true&quot;
                class=&quot;lucide lucide-file-spreadsheet size-4&quot;
                fill=&quot;none&quot;
                height=&quot;24&quot;
                stroke=&quot;currentColor&quot;
                stroke-linecap=&quot;round&quot;
                stroke-linejoin=&quot;round&quot;
                stroke-width=&quot;2&quot;
                viewBox=&quot;0 0 24 24&quot;
                width=&quot;24&quot;
                xmlns=&quot;http://www.w3.org/2000/svg&quot;
              &gt;
                &lt;path
                  d=&quot;M15 2H6a2 2 0 0 0-2 2v16a2 2 0 0 0 2 2h12a2 2 0 0 0 2-2V7Z&quot;
                /&gt;
                &lt;path
                  d=&quot;M14 2v4a2 2 0 0 0 2 2h4&quot;
                /&gt;
                &lt;path
                  d=&quot;M8 13h2&quot;
                /&gt;
                &lt;path
                  d=&quot;M14 13h2&quot;
                /&gt;
                &lt;path
                  d=&quot;M8 17h2&quot;
                /&gt;
                &lt;path
                  d=&quot;M14 17h2&quot;
                /&gt;
              &lt;/svg&gt;
              Plantilla
            &lt;/button&gt;
            &lt;button
              class=&quot;inline-flex items-center justify-center whitespace-nowrap rounded-md text-sm font-medium transition-all disabled:pointer-events-none disabled:opacity-50 [&amp;_svg]:pointer-events-none [&amp;_svg:not([class*=&apos;size-&apos;])]:size-4 shrink-0 [&amp;_svg]:shrink-0 outline-none focus-visible:border-ring focus-visible:ring-ring/50 focus-visible:ring-[3px] aria-invalid:ring-destructive/20 dark:aria-invalid:ring-destructive/40 aria-invalid:border-destructive border bg-background shadow-xs hover:bg-accent hover:text-accent-foreground dark:bg-input/30 dark:border-input dark:hover:bg-input/50 h-9 px-4 py-2 has-[&gt;svg]:px-3 gap-2&quot;
              data-ocid=&quot;customers.import_button&quot;
              data-slot=&quot;button&quot;
              type=&quot;button&quot;
            &gt;
              &lt;svg
                aria-hidden=&quot;true&quot;
                class=&quot;lucide lucide-upload size-4&quot;
                fill=&quot;none&quot;
                height=&quot;24&quot;
                stroke=&quot;currentColor&quot;
                stroke-linecap=&quot;round&quot;
                stroke-linejoin=&quot;round&quot;
                stroke-width=&quot;2&quot;
                viewBox=&quot;0 0 24 24&quot;
                width=&quot;24&quot;
                xmlns=&quot;http://www.w3.org/2000/svg&quot;
              &gt;
                &lt;path
                  d=&quot;M12 3v12&quot;
                /&gt;
                &lt;path
                  d=&quot;m17 8-5-5-5 5&quot;
                /&gt;
                &lt;path
                  d=&quot;M21 15v4a2 2 0 0 1-2 2H5a2 2 0 0 1-2-2v-4&quot;
                /&gt;
              &lt;/svg&gt;
              Importar
            &lt;/button&gt;
            &lt;button
              class=&quot;inline-flex items-center justify-center whitespace-nowrap rounded-md text-sm font-medium transition-all disabled:pointer-events-none disabled:opacity-50 [&amp;_svg]:pointer-events-none [&amp;_svg:not([class*=&apos;size-&apos;])]:size-4 shrink-0 [&amp;_svg]:shrink-0 outline-none focus-visible:border-ring focus-visible:ring-ring/50 focus-visible:ring-[3px] aria-invalid:ring-destructive/20 dark:aria-invalid:ring-destructive/40 aria-invalid:border-destructive border bg-background shadow-xs hover:bg-accent hover:text-accent-foreground dark:bg-input/30 dark:border-input dark:hover:bg-input/50 h-9 px-4 py-2 has-[&gt;svg]:px-3 gap-2&quot;
              data-ocid=&quot;customers.export_button&quot;
              data-slot=&quot;button&quot;
              type=&quot;button&quot;
            &gt;...

- Expected
+ Received

@@ -1,6 +1,7 @@
  [
+   null,
    {
      &quot;search&quot;: &quot;Ada&quot;,
    },
    &quot;name&quot;,
    false,

 ❯ src/pages/CustomersPage.test.tsx:156:40
 ❯ runWithExpensiveErrorDiagnosticsDisabled ../../../../../../opt/pnpm-templates/build_template/node_modules/.pnpm/@testing-library+dom@10.4.2/node_modules/@testing-library/dom/dist/config.js:47:12
 ❯ checkCallback ../../../../../../opt/pnpm-templates/build_template/node_modules/.pnpm/@testing-library+dom@10.4.2/node_modules/@testing-library/dom/dist/wait-for.js:124:77
 ❯ Timeout.checkRealTimersCallback ../../../../../../opt/pnpm-templates/build_template/node_modules/.pnpm/@testing-library+dom@10.4.2/node_modules/@testing-library/dom/dist/wait-for.js:118:16
            </failure>
        </testcase>
        <testcase classname="src/pages/CustomersPage.test.tsx" name="CustomersPage &gt; debounces the typed term into the URL and resets to the first page" time="0.39663208">
        </testcase>
        <testcase classname="src/pages/CustomersPage.test.tsx" name="CustomersPage &gt; shows a search-specific empty state when a term matches nothing" time="0.025001247">
        </testcase>
        <testcase classname="src/pages/CustomersPage.test.tsx" name="CustomersPage &gt; renders an error state with a retry when the directory fails" time="0.027862721">
        </testcase>
        <testcase classname="src/pages/CustomersPage.test.tsx" name="CustomersPage &gt; opens the edit dialog seeded with the customer&apos;s data" time="0.071865706">
        </testcase>
    </testsuite>
    <testsuite name="src/pages/DashboardPage.characterize.test.tsx" timestamp="2026-09-25T20:55:14.600Z" hostname="2a82af66d266" tests="1" failures="0" errors="0" skipped="0" time="0.597981849">
        <testcase classname="src/pages/DashboardPage.characterize.test.tsx" name="DashboardPage route (characterization) &gt; renders the operation panel at the main route instead of a blank screen" time="0.59714807">
        </testcase>
    </testsuite>
    <testsuite name="src/pages/DashboardPage.loading.characterize.test.tsx" timestamp="2026-09-25T20:55:14.600Z" hostname="2a82af66d266" tests="3" failures="0" errors="0" skipped="0" time="0.161654479">
        <testcase classname="src/pages/DashboardPage.loading.characterize.test.tsx" name="DashboardPage loading and refresh (characterization) &gt; shows the loading skeleton while the first read is in flight, then the content" time="0.075829063">
        </testcase>
        <testcase classname="src/pages/DashboardPage.loading.characterize.test.tsx" name="DashboardPage loading and refresh (characterization) &gt; refetches the panel reads when the refresh action is used" time="0.073572747">
        </testcase>
        <testcase classname="src/pages/DashboardPage.loading.characterize.test.tsx" name="DashboardPage loading and refresh (characterization) &gt; shows the error state with a retry when a panel read fails" time="0.01138822">
        </testcase>
    </testsuite>
    <testsuite name="src/pages/DashboardPage.test.tsx" timestamp="2026-09-25T20:55:14.601Z" hostname="2a82af66d266" tests="9" failures="0" errors="0" skipped="0" time="0.264611556">
        <testcase classname="src/pages/DashboardPage.test.tsx" name="DashboardPage &gt; shows the company nameplate at the top with its legal data" time="0.070076839">
        </testcase>
        <testcase classname="src/pages/DashboardPage.test.tsx" name="DashboardPage &gt; no longer shows the low-stock list or its indicator" time="0.036621557">
        </testcase>
        <testcase classname="src/pages/DashboardPage.test.tsx" name="DashboardPage &gt; groups the shortcuts by flow and shows each module&apos;s live metric" time="0.025745454">
        </testcase>
        <testcase classname="src/pages/DashboardPage.test.tsx" name="DashboardPage &gt; links each shortcut to its module" time="0.022280174">
        </testcase>
        <testcase classname="src/pages/DashboardPage.test.tsx" name="DashboardPage &gt; hides the administration shortcuts from a mechanic" time="0.019761495">
        </testcase>
        <testcase classname="src/pages/DashboardPage.test.tsx" name="DashboardPage &gt; shows the empty company state when no profile is configured" time="0.017900514">
        </testcase>
        <testcase classname="src/pages/DashboardPage.test.tsx" name="DashboardPage &gt; renders the configured logo in the company header" time="0.023020063">
        </testcase>
        <testcase classname="src/pages/DashboardPage.test.tsx" name="DashboardPage &gt; falls back to the company initials when there is no logo" time="0.022344705">
        </testcase>
        <testcase classname="src/pages/DashboardPage.test.tsx" name="DashboardPage &gt; keeps the flow groups in their fixed operational order" time="0.025726403">
        </testcase>
    </testsuite>
    <testsuite name="src/pages/DocumentDownloadMobile.test.tsx" timestamp="2026-09-25T20:55:14.603Z" hostname="2a82af66d266" tests="5" failures="0" errors="0" skipped="0" time="0.524657546">
        <testcase classname="src/pages/DocumentDownloadMobile.test.tsx" name="document download on mobile and tablet &gt; saves the quote PDF through the shared download helper" time="0.18956517">
        </testcase>
        <testcase classname="src/pages/DocumentDownloadMobile.test.tsx" name="document download on mobile and tablet &gt; shows a Spanish notice and a retry when the quote PDF cannot be saved" time="0.137930332">
        </testcase>
        <testcase classname="src/pages/DocumentDownloadMobile.test.tsx" name="document download on mobile and tablet &gt; saves the POS receipt PDF through the shared download helper" time="0.081108204">
        </testcase>
        <testcase classname="src/pages/DocumentDownloadMobile.test.tsx" name="document download on mobile and tablet &gt; shows a Spanish notice and a retry when the POS receipt cannot be saved" time="0.072276642">
        </testcase>
        <testcase classname="src/pages/DocumentDownloadMobile.test.tsx" name="document download on mobile and tablet &gt; wraps the printable document in a horizontally scrollable container" time="0.042648076">
        </testcase>
    </testsuite>
    <testsuite name="src/pages/DocumentDownloadRetry.test.tsx" timestamp="2026-09-25T20:55:14.604Z" hostname="2a82af66d266" tests="4" failures="0" errors="0" skipped="0" time="0.447161366">
        <testcase classname="src/pages/DocumentDownloadRetry.test.tsx" name="document download failure and retry &gt; shows a Spanish notice and a retry when the invoice PDF cannot be saved" time="0.137283764">
        </testcase>
        <testcase classname="src/pages/DocumentDownloadRetry.test.tsx" name="document download failure and retry &gt; re-runs the invoice download when the retry is pressed" time="0.07718066">
        </testcase>
        <testcase classname="src/pages/DocumentDownloadRetry.test.tsx" name="document download failure and retry &gt; clears the invoice notice once a retry succeeds" time="0.055976708">
        </testcase>
        <testcase classname="src/pages/DocumentDownloadRetry.test.tsx" name="document download failure and retry &gt; shows a Spanish notice and a retry when the POS receipt cannot be saved" time="0.175807224">
        </testcase>
    </testsuite>
    <testsuite name="src/pages/ExpensesPage.test.tsx" timestamp="2026-09-25T20:55:14.605Z" hostname="2a82af66d266" tests="22" failures="11" errors="0" skipped="0" time="11.438077874">
        <testcase classname="src/pages/ExpensesPage.test.tsx" name="ExpensesPage &gt; lists expenses with concept, supplier, method, tax and amount" time="0.104962441">
        </testcase>
        <testcase classname="src/pages/ExpensesPage.test.tsx" name="ExpensesPage &gt; renders an empty state when there are no expenses" time="0.055277912">
        </testcase>
        <testcase classname="src/pages/ExpensesPage.test.tsx" name="ExpensesPage &gt; renders an error state and retries on demand" time="0.093310502">
        </testcase>
        <testcase classname="src/pages/ExpensesPage.test.tsx" name="ExpensesPage &gt; passes the trimmed search term to the backend" time="1.166190018">
            <failure message="expected &quot;spy&quot; to be called with arguments: [ ObjectContaining{…}, Anything, …(1) ][90m

Received: 

[1m  1st spy call:

[22m[2m  [[22m
[32m-   ObjectContaining {[90m
[32m-     &quot;search&quot;: &quot;aceite&quot;,[90m
[31m+   null,[90m
[31m+   {[90m
[31m+     &quot;categoryId&quot;: undefined,[90m
[31m+     &quot;from&quot;: undefined,[90m
[31m+     &quot;paymentMethod&quot;: undefined,[90m
[31m+     &quot;search&quot;: undefined,[90m
[31m+     &quot;to&quot;: undefined,[90m
[2m    },[22m
[32m-   Anything,[90m
[32m-   Anything,[90m
[31m+   0n,[90m
[31m+   20n,[90m
[2m  ][22m

[1m  2nd spy call:

[22m[2m  [[22m
[32m-   ObjectContaining {[90m
[32m-     &quot;search&quot;: &quot;aceite&quot;,[90m
[31m+   null,[90m
[31m+   {[90m
[31m+     &quot;categoryId&quot;: undefined,[90m
[31m+     &quot;from&quot;: undefined,[90m
[31m+     &quot;paymentMethod&quot;: undefined,[90m
[31m+     &quot;search&quot;: &quot;a&quot;,[90m
[31m+     &quot;to&quot;: undefined,[90m
[2m    },[22m
[32m-   Anything,[90m
[32m-   Anything,[90m
[31m+   0n,[90m
[31m+   20n,[90m
[2m  ][22m

[1m  3rd spy call:

[22m[2m  [[22m
[32m-   ObjectContaining {[90m
[32m-     &quot;search&quot;: &quot;aceite&quot;,[90m
[31m+   null,[90m
[31m+   {[90m
[31m+     &quot;categoryId&quot;: undefined,[90m
[31m+     &quot;from&quot;: undefined,[90m
[31m+     &quot;paymentMethod&quot;: undefined,[90m
[31m+     &quot;search&quot;: &quot;ac&quot;,[90m
[31m+     &quot;to&quot;: undefined,[90m
[2m    },[22m
[32m-   Anything,[90m
[32m-   Anything,[90m
[31m+   0n,[90m
[31m+   20n,[90m
[2m  ][22m

[1m  4th spy call:

[22m[2m  [[22m
[32m-   ObjectContaining {[90m
[32m-     &quot;search&quot;: &quot;aceite&quot;,[90m
[31m+   null,[90m
[31m+   {[90m
[31m+     &quot;categoryId&quot;: undefined,[90m
[31m+     &quot;from&quot;: undefined,[90m
[31m+     &quot;paymentMethod&quot;: undefined,[90m
[31m+     &quot;search&quot;: &quot;ace&quot;,[90m
[31m+     &quot;to&quot;: undefined,[90m
[2m    },[22m
[32m-   Anything,[90m
[32m-   Anything,[90m
[31m+   0n,[90m
[31m+   20n,[90m
[2m  ][22m

[1m  5th spy call:

[22m[2m  [[22m
[32m-   ObjectContaining {[90m
[32m-     &quot;search&quot;: &quot;aceite&quot;,[90m
[31m+   null,[90m
[31m+   {[90m
[31m+     &quot;categoryId&quot;: undefined,[90m
[31m+     &quot;from&quot;: undefined,[90m
[31m+     &quot;paymentMethod&quot;: undefined,[90m
[31m+     &quot;search&quot;: &quot;acei&quot;,[90m
[31m+     &quot;to&quot;: undefined,[90m
[2m    },[22m
[32m-   Anything,[90m
[32m-   Anything,[90m
[31m+   0n,[90m
[31m+   20n,[90m
[2m  ][22m

[1m  6th spy call:

[22m[2m  [[22m
[32m-   ObjectContaining {[90m
[32m-     &quot;search&quot;: &quot;aceite&quot;,[90m
[31m+   null,[90m
[31m+   {[90m
[31m+     &quot;categoryId&quot;: undefined,[90m
[31m+     &quot;from&quot;: undefined,[90m
[31m+     &quot;paymentMethod&quot;: undefined,[90m
[31m+     &quot;search&quot;: &quot;aceit&quot;,[90m
[31m+     &quot;to&quot;: undefined,[90m
[2m    },[22m
[32m-   Anything,[90m
[32m-   Anything,[90m
[31m+   0n,[90m
[31m+   20n,[90m
[2m  ][22m

[1m  7th spy call:

[22m[2m  [[22m
[32m-   ObjectContaining {[90m
[31m+   null,[90m
[31m+   {[90m
[31m+     &quot;categoryId&quot;: undefined,[90m
[31m+     &quot;from&quot;: undefined,[90m
[31m+     &quot;paymentMethod&quot;: undefined,[90m
[2m      &quot;search&quot;: &quot;aceite&quot;,[22m
[31m+     &quot;to&quot;: undefined,[90m
[2m    },[22m
[32m-   Anything,[90m
[32m-   Anything,[90m
[31m+   0n,[90m
[31m+   20n,[90m
[2m  ][22m
[39m[90m

Number of calls: [1m7[22m
[39m

Ignored nodes: comments, script, style
[36m&lt;html&gt;[39m
  [36m&lt;head /&gt;[39m
  [36m&lt;body&gt;[39m
    [36m&lt;div&gt;[39m
      [36m&lt;div[39m
        [33mclass[39m=[32m&quot;mx-auto w-full max-w-7xl animate-fade-in space-y-5&quot;[39m
        [33mdata-ocid[39m=[32m&quot;expenses.page&quot;[39m
      [36m&gt;[39m
        [36m&lt;header[39m
          [33mclass[39m=[32m&quot;space-y-4&quot;[39m
        [36m&gt;[39m
          [36m&lt;div[39m
            [33mclass[39m=[32m&quot;flex flex-wrap items-start justify-between gap-3&quot;[39m
          [36m&gt;[39m
            [36m&lt;div[39m
              [33mclass[39m=[32m&quot;min-w-0 space-y-1&quot;[39m
            [36m&gt;[39m
              [36m&lt;p[39m
                [33mclass[39m=[32m&quot;font-mono text-[10px] uppercase tracking-[0.18em] text-muted-foreground&quot;[39m
              [36m&gt;[39m
                [0mAdministración[0m
              [36m&lt;/p&gt;[39m
              [36m&lt;h1[39m
                [33mclass[39m=[32m&quot;font-display text-2xl font-semibold tracking-tight&quot;[39m
              [36m&gt;[39m
                [0mGastos[0m
              [36m&lt;/h1&gt;[39m
              [36m&lt;p[39m
                [33mclass[39m=[32m&quot;max-w-2xl text-sm text-muted-foreground&quot;[39m
              [36m&gt;[39m
                [0mRegistro de gastos operativos por categoría y periodo. Alimentan automáticamente el módulo de Contabilidad.[0m
              [36m&lt;/p&gt;[39m
            [36m&lt;/div&gt;[39m
            [36m&lt;div[39m
              [33mclass[39m=[32m&quot;flex shrink-0 flex-wrap items-center gap-2&quot;[39m
            [36m&gt;[39m
              [36m&lt;div[39m
                [33mclass[39m=[32m&quot;flex items-center gap-2&quot;[39m
              [36m&gt;[39m
                [36m&lt;button[39m
                  [33mclass[39m=[32m&quot;inline-flex items-center justify-center whitespace-nowrap rounded-md text-sm font-medium transition-all disabled:pointer-events-none disabled:opacity-50 [&amp;_svg]:pointer-events-none [&amp;_svg:not([class*=&apos;size-&apos;])]:size-4 shrink-0 [&amp;_svg]:shrink-0 outline-none focus-visible:border-ring focus-visible:ring-ring/50 focus-visible:ring-[3px] aria-invalid:ring-destructive/20 dark:aria-invalid:ring-destructive/40 aria-invalid:border-destructive border bg-background shadow-xs hover:bg-accent hover:text-accent-foreground dark:bg-input/30 dark:border-input dark:hover:bg-input/50 h-9 px-4 py-2 has-[&gt;svg]:px-3 gap-1.5&quot;[39m
                  [33mdata-ocid[39m=[32m&quot;expenses.manage_categories_button&quot;[39m
                  [33mdata-slot[39m=[32m&quot;button&quot;[39m
                  [33mtype[39m=[32m&quot;button&quot;[39m
                [36m&gt;[39m
                  [36m&lt;svg[39m
                    [33maria-hidden[39m=[32m&quot;true&quot;[39m
                    [33mclass[39m=[32m&quot;lucide lucide-tags size-4&quot;[39m
                    [33mfill[39m=[32m&quot;none&quot;[39m
                    [33mheight[39m=[32m&quot;24&quot;[39m
                    [33mstroke[39m=[32m&quot;currentColor&quot;[39m
                    [33mstroke-linecap[39m=[32m&quot;round&quot;[39m
                    [33mstroke-linejoin[39m=[32m&quot;round&quot;[39m
                    [33mstroke-width[39m=[32m&quot;2&quot;[39m
                    [33mviewBox[39m=[32m&quot;0 0 24 24&quot;[39m
                    [33mwidth[39m=[32m&quot;24&quot;[39m
                    [33mxmlns[39m=[32m&quot;http://www.w3.org/2000/svg&quot;[39m
                  [36m&gt;[39m
                    [36m&lt;path[39m
                      [33md[39m=[32m&quot;m15 5 6.3 6.3a2.4 2.4 0 0 1 0 3.4L17 19&quot;[39m
                    [36m/&gt;[39m
                    [36m&lt;path[39m
                      [33md[39m=[32m&quot;M9.586 5.586A2 2 0 0 0 8.172 5H3a1 1 0 0 0-1 1v5.172a2 2 0 0 0 .586 1.414L8.29 18.29a2.426 2.426 0 0 0 3.42 0l3.58-3.58a2.426 2.426 0 0 0 0-3.42z&quot;[39m
                    [36m/&gt;[39m
                    [36m&lt;circle[39m
                      [33mcx[39m=[32m&quot;6.5&quot;[39m
                      [33mcy[39m=[32m&quot;9.5&quot;[39m
                      [33mfill[39m=[32m&quot;currentColor&quot;[39m
                      [33mr[39m=[32m&quot;.5&quot;[39m
                    [36m/&gt;[39m
                  [36m&lt;/svg&gt;[39m
                  [0mCategorías[0m
                [36m&lt;/button&gt;[39m
                [36m&lt;button[39m
                  [33mclass[39m=[32m&quot;inline-flex items-center justify-center whitespace-nowrap rounded-md text-sm font-medium transition-all disabled:pointer-events-none disabled:opacity-50 [&amp;_svg]:pointer-events-none [&amp;_svg:not([class*=&apos;size-&apos;])]:size-4 shrink-0 [&amp;_svg]:shrink-0 outline-none focus-visible:border-ring focus-visible:ring-ring/50 focus-visible:ring-[3px] aria-invalid:ring-destructive/20 dark:aria-invalid:ring-destructive/40 aria-invalid:border-destructive bg-primary text-primary-foreground shadow-xs hover:bg-primary/90 h-9 px-4 py-2 has-[&gt;svg]:px-3 gap-1.5&quot;[39m
                  [33mdata-ocid[39m=[32m&quot;expenses.create_button&quot;[39m
                  [33mdata-slot[39m=[32m&quot;button&quot;[39m
                  [33mtype[39m=[32m&quot;button&quot;[39m
                [36m&gt;[39m
                  [36m&lt;svg[39m
                    [33maria-hidden[39m=[32m&quot;true&quot;[39m
                    [33mclass[39m=[32m&quot;lucide lucide-plus size-4&quot;[39m
                    [33mfill[39m=[32m&quot;none&quot;[39m
                    [33mheight[39m=[32m&quot;24&quot;[39m
                    [33mstroke[39m=[32m&quot;currentColor&quot;[39m
                    [33mstroke-linecap[39m=[32m&quot;round&quot;[39m
                    [33mstroke-linejoin[39m=[32m&quot;round&quot;[39m
                    [33mstroke-width[39m=[32m&quot;2&quot;[39m
                    [33mviewBox[39m=[32m&quot;0 0 24 24&quot;[39m
                    [33mwidth[39m=[32m&quot;24&quot;[39m
                    [33mxmlns[39m=[32m&quot;http://www.w3.org/2000/svg&quot;[39m
                  [36m&gt;[39m
                    [36m&lt;path[39m
                      [33md[39m=[32m&quot;M5 12h14&quot;[39m
                    [36m/&gt;[39m
                    [36m&lt;path[39m
                      [33md[39m=[32m&quot;M12 5v14&quot;[39m
                    [36m/&gt;[39m
                  [36m&lt;/svg&gt;[39m
                  [0mRegistrar gasto[0m
                [36m&lt;/button&gt;[39m
              [36m&lt;/div&gt;[39m
            [36m&lt;/div&gt;[39m
          [36m&lt;/div&gt;[39m
        [36m&lt;/header&gt;[39m
        [36m&lt;section[39m
          [33maria-label[39m=[32m&quot;Totales del periodo&quot;[39m
          [33mclass[39m=[32m&quot;grid gap-4 sm:grid-cols-3&quot;[39m
          [33mdata-ocid[39m=[32m&quot;expenses.kpi.section&quot;[39m
        [36m&gt;[39m
          [36m&lt;div[39m
            [33mclass[39m=[32m&quot;bg-card text-card-foreground flex flex-col border relative gap-0 overflow-hidden rounded-lg py-0 shadow-none&quot;[39m
            [33mdata-slot[39m=[32m&quot;card&quot;[39m
          [36m&gt;[39m
            [36m&lt;span[39m
              [33maria-hidden[39m=[32m&quot;true&quot;[39m
              [33mclass[39m=[32m&quot;absolute inset-y-0 left-0 w-0.5 bg-primary&quot;[39m
            [36m/&gt;[39m
            [36m&lt;div[39m
              [33mclass[39m=[32m&quot;space-y-1 px-5 py-4&quot;[39m
              [33mdata-slot[39m=[32m&quot;card-content&quot;[39m
            [36m&gt;[39m
              [36m&lt;p[39m
       ..." type="AssertionError">
AssertionError: expected &quot;spy&quot; to be called with arguments: [ ObjectContaining{…}, Anything, …(1) ]

Received: 

  1st spy call:

  [
-   ObjectContaining {
-     &quot;search&quot;: &quot;aceite&quot;,
+   null,
+   {
+     &quot;categoryId&quot;: undefined,
+     &quot;from&quot;: undefined,
+     &quot;paymentMethod&quot;: undefined,
+     &quot;search&quot;: undefined,
+     &quot;to&quot;: undefined,
    },
-   Anything,
-   Anything,
+   0n,
+   20n,
  ]

  2nd spy call:

  [
-   ObjectContaining {
-     &quot;search&quot;: &quot;aceite&quot;,
+   null,
+   {
+     &quot;categoryId&quot;: undefined,
+     &quot;from&quot;: undefined,
+     &quot;paymentMethod&quot;: undefined,
+     &quot;search&quot;: &quot;a&quot;,
+     &quot;to&quot;: undefined,
    },
-   Anything,
-   Anything,
+   0n,
+   20n,
  ]

  3rd spy call:

  [
-   ObjectContaining {
-     &quot;search&quot;: &quot;aceite&quot;,
+   null,
+   {
+     &quot;categoryId&quot;: undefined,
+     &quot;from&quot;: undefined,
+     &quot;paymentMethod&quot;: undefined,
+     &quot;search&quot;: &quot;ac&quot;,
+     &quot;to&quot;: undefined,
    },
-   Anything,
-   Anything,
+   0n,
+   20n,
  ]

  4th spy call:

  [
-   ObjectContaining {
-     &quot;search&quot;: &quot;aceite&quot;,
+   null,
+   {
+     &quot;categoryId&quot;: undefined,
+     &quot;from&quot;: undefined,
+     &quot;paymentMethod&quot;: undefined,
+     &quot;search&quot;: &quot;ace&quot;,
+     &quot;to&quot;: undefined,
    },
-   Anything,
-   Anything,
+   0n,
+   20n,
  ]

  5th spy call:

  [
-   ObjectContaining {
-     &quot;search&quot;: &quot;aceite&quot;,
+   null,
+   {
+     &quot;categoryId&quot;: undefined,
+     &quot;from&quot;: undefined,
+     &quot;paymentMethod&quot;: undefined,
+     &quot;search&quot;: &quot;acei&quot;,
+     &quot;to&quot;: undefined,
    },
-   Anything,
-   Anything,
+   0n,
+   20n,
  ]

  6th spy call:

  [
-   ObjectContaining {
-     &quot;search&quot;: &quot;aceite&quot;,
+   null,
+   {
+     &quot;categoryId&quot;: undefined,
+     &quot;from&quot;: undefined,
+     &quot;paymentMethod&quot;: undefined,
+     &quot;search&quot;: &quot;aceit&quot;,
+     &quot;to&quot;: undefined,
    },
-   Anything,
-   Anything,
+   0n,
+   20n,
  ]

  7th spy call:

  [
-   ObjectContaining {
+   null,
+   {
+     &quot;categoryId&quot;: undefined,
+     &quot;from&quot;: undefined,
+     &quot;paymentMethod&quot;: undefined,
      &quot;search&quot;: &quot;aceite&quot;,
+     &quot;to&quot;: undefined,
    },
-   Anything,
-   Anything,
+   0n,
+   20n,
  ]


Number of calls: 7


Ignored nodes: comments, script, style
&lt;html&gt;
  &lt;head /&gt;
  &lt;body&gt;
    &lt;div&gt;
      &lt;div
        class=&quot;mx-auto w-full max-w-7xl animate-fade-in space-y-5&quot;
        data-ocid=&quot;expenses.page&quot;
      &gt;
        &lt;header
          class=&quot;space-y-4&quot;
        &gt;
          &lt;div
            class=&quot;flex flex-wrap items-start justify-between gap-3&quot;
          &gt;
            &lt;div
              class=&quot;min-w-0 space-y-1&quot;
            &gt;
              &lt;p
                class=&quot;font-mono text-[10px] uppercase tracking-[0.18em] text-muted-foreground&quot;
              &gt;
                Administración
              &lt;/p&gt;
              &lt;h1
                class=&quot;font-display text-2xl font-semibold tracking-tight&quot;
              &gt;
                Gastos
              &lt;/h1&gt;
              &lt;p
                class=&quot;max-w-2xl text-sm text-muted-foreground&quot;
              &gt;
                Registro de gastos operativos por categoría y periodo. Alimentan automáticamente el módulo de Contabilidad.
              &lt;/p&gt;
            &lt;/div&gt;
            &lt;div
              class=&quot;flex shrink-0 flex-wrap items-center gap-2&quot;
            &gt;
              &lt;div
                class=&quot;flex items-center gap-2&quot;
              &gt;
                &lt;button
                  class=&quot;inline-flex items-center justify-center whitespace-nowrap rounded-md text-sm font-medium transition-all disabled:pointer-events-none disabled:opacity-50 [&amp;_svg]:pointer-events-none [&amp;_svg:not([class*=&apos;size-&apos;])]:size-4 shrink-0 [&amp;_svg]:shrink-0 outline-none focus-visible:border-ring focus-visible:ring-ring/50 focus-visible:ring-[3px] aria-invalid:ring-destructive/20 dark:aria-invalid:ring-destructive/40 aria-invalid:border-destructive border bg-background shadow-xs hover:bg-accent hover:text-accent-foreground dark:bg-input/30 dark:border-input dark:hover:bg-input/50 h-9 px-4 py-2 has-[&gt;svg]:px-3 gap-1.5&quot;
                  data-ocid=&quot;expenses.manage_categories_button&quot;
                  data-slot=&quot;button&quot;
                  type=&quot;button&quot;
                &gt;
                  &lt;svg
                    aria-hidden=&quot;true&quot;
                    class=&quot;lucide lucide-tags size-4&quot;
                    fill=&quot;none&quot;
                    height=&quot;24&quot;
                    stroke=&quot;currentColor&quot;
                    stroke-linecap=&quot;round&quot;
                    stroke-linejoin=&quot;round&quot;
                    stroke-width=&quot;2&quot;
                    viewBox=&quot;0 0 24 24&quot;
                    width=&quot;24&quot;
                    xmlns=&quot;http://www.w3.org/2000/svg&quot;
                  &gt;
                    &lt;path
                      d=&quot;m15 5 6.3 6.3a2.4 2.4 0 0 1 0 3.4L17 19&quot;
                    /&gt;
                    &lt;path
                      d=&quot;M9.586 5.586A2 2 0 0 0 8.172 5H3a1 1 0 0 0-1 1v5.172a2 2 0 0 0 .586 1.414L8.29 18.29a2.426 2.426 0 0 0 3.42 0l3.58-3.58a2.426 2.426 0 0 0 0-3.42z&quot;
                    /&gt;
                    &lt;circle
                      cx=&quot;6.5&quot;
                      cy=&quot;9.5&quot;
                      fill=&quot;currentColor&quot;
                      r=&quot;.5&quot;
                    /&gt;
                  &lt;/svg&gt;
                  Categorías
                &lt;/button&gt;
                &lt;button
                  class=&quot;inline-flex items-center justify-center whitespace-nowrap rounded-md text-sm font-medium transition-all disabled:pointer-events-none disabled:opacity-50 [&amp;_svg]:pointer-events-none [&amp;_svg:not([class*=&apos;size-&apos;])]:size-4 shrink-0 [&amp;_svg]:shrink-0 outline-none focus-visible:border-ring focus-visible:ring-ring/50 focus-visible:ring-[3px] aria-invalid:ring-destructive/20 dark:aria-invalid:ring-destructive/40 aria-invalid:border-destructive bg-primary text-primary-foreground shadow-xs hover:bg-primary/90 h-9 px-4 py-2 has-[&gt;svg]:px-3 gap-1.5&quot;
                  data-ocid=&quot;expenses.create_button&quot;
                  data-slot=&quot;button&quot;
                  type=&quot;button&quot;
                &gt;
                  &lt;svg
                    aria-hidden=&quot;true&quot;
                    class=&quot;lucide lucide-plus size-4&quot;
                    fill=&quot;none&quot;
                    height=&quot;24&quot;
                    stroke=&quot;currentColor&quot;
                    stroke-linecap=&quot;round&quot;
                    stroke-linejoin=&quot;round&quot;
                    stroke-width=&quot;2&quot;
                    viewBox=&quot;0 0 24 24&quot;
                    width=&quot;24&quot;
                    xmlns=&quot;http://www.w3.org/2000/svg&quot;
                  &gt;
                    &lt;path
                      d=&quot;M5 12h14&quot;
                    /&gt;
                    &lt;path
                      d=&quot;M12 5v14&quot;
                    /&gt;
                  &lt;/svg&gt;
                  Registrar gasto
                &lt;/button&gt;
              &lt;/div&gt;
            &lt;/div&gt;
          &lt;/div&gt;
        &lt;/header&gt;
        &lt;section
          aria-label=&quot;Totales del periodo&quot;
          class=&quot;grid gap-4 sm:grid-cols-3&quot;
          data-ocid=&quot;expenses.kpi.section&quot;
        &gt;
          &lt;div
            class=&quot;bg-card text-card-foreground flex flex-col border relative gap-0 overflow-hidden rounded-lg py-0 shadow-none&quot;
            data-slot=&quot;card&quot;
          &gt;
            &lt;span
              aria-hidden=&quot;true&quot;
              class=&quot;absolute inset-y-0 left-0 w-0.5 bg-primary&quot;
            /&gt;
            &lt;div
              class=&quot;space-y-1 px-5 py-4&quot;
              data-slot=&quot;card-content&quot;
            &gt;
              &lt;p
       ...
 ❯ src/pages/ExpensesPage.test.tsx:208:32
 ❯ runWithExpensiveErrorDiagnosticsDisabled ../../../../../../opt/pnpm-templates/build_template/node_modules/.pnpm/@testing-library+dom@10.4.2/node_modules/@testing-library/dom/dist/config.js:47:12
 ❯ checkCallback ../../../../../../opt/pnpm-templates/build_template/node_modules/.pnpm/@testing-library+dom@10.4.2/node_modules/@testing-library/dom/dist/wait-for.js:124:77
 ❯ Timeout.checkRealTimersCallback ../../../../../../opt/pnpm-templates/build_template/node_modules/.pnpm/@testing-library+dom@10.4.2/node_modules/@testing-library/dom/dist/wait-for.js:118:16
            </failure>
        </testcase>
        <testcase classname="src/pages/ExpensesPage.test.tsx" name="ExpensesPage &gt; passes the selected payment method to the backend" time="1.116566486">
            <failure message="expected &quot;spy&quot; to be called with arguments: [ ObjectContaining{…}, Anything, …(1) ][90m

Received: 

[1m  1st spy call:

[22m[2m  [[22m
[32m-   ObjectContaining {[90m
[32m-     &quot;paymentMethod&quot;: &quot;card&quot;,[90m
[31m+   null,[90m
[31m+   {[90m
[31m+     &quot;categoryId&quot;: undefined,[90m
[31m+     &quot;from&quot;: undefined,[90m
[31m+     &quot;paymentMethod&quot;: undefined,[90m
[31m+     &quot;search&quot;: undefined,[90m
[31m+     &quot;to&quot;: undefined,[90m
[2m    },[22m
[32m-   Anything,[90m
[32m-   Anything,[90m
[31m+   0n,[90m
[31m+   20n,[90m
[2m  ][22m

[1m  2nd spy call:

[22m[2m  [[22m
[32m-   ObjectContaining {[90m
[31m+   null,[90m
[31m+   {[90m
[31m+     &quot;categoryId&quot;: undefined,[90m
[31m+     &quot;from&quot;: undefined,[90m
[2m      &quot;paymentMethod&quot;: &quot;card&quot;,[22m
[31m+     &quot;search&quot;: undefined,[90m
[31m+     &quot;to&quot;: undefined,[90m
[2m    },[22m
[32m-   Anything,[90m
[32m-   Anything,[90m
[31m+   0n,[90m
[31m+   20n,[90m
[2m  ][22m
[39m[90m

Number of calls: [1m2[22m
[39m

Ignored nodes: comments, script, style
[36m&lt;html&gt;[39m
  [36m&lt;head /&gt;[39m
  [36m&lt;body[39m
    [33mstyle[39m=[32m&quot;&quot;[39m
  [36m&gt;[39m
    [36m&lt;div&gt;[39m
      [36m&lt;div[39m
        [33mclass[39m=[32m&quot;mx-auto w-full max-w-7xl animate-fade-in space-y-5&quot;[39m
        [33mdata-ocid[39m=[32m&quot;expenses.page&quot;[39m
      [36m&gt;[39m
        [36m&lt;header[39m
          [33mclass[39m=[32m&quot;space-y-4&quot;[39m
        [36m&gt;[39m
          [36m&lt;div[39m
            [33mclass[39m=[32m&quot;flex flex-wrap items-start justify-between gap-3&quot;[39m
          [36m&gt;[39m
            [36m&lt;div[39m
              [33mclass[39m=[32m&quot;min-w-0 space-y-1&quot;[39m
            [36m&gt;[39m
              [36m&lt;p[39m
                [33mclass[39m=[32m&quot;font-mono text-[10px] uppercase tracking-[0.18em] text-muted-foreground&quot;[39m
              [36m&gt;[39m
                [0mAdministración[0m
              [36m&lt;/p&gt;[39m
              [36m&lt;h1[39m
                [33mclass[39m=[32m&quot;font-display text-2xl font-semibold tracking-tight&quot;[39m
              [36m&gt;[39m
                [0mGastos[0m
              [36m&lt;/h1&gt;[39m
              [36m&lt;p[39m
                [33mclass[39m=[32m&quot;max-w-2xl text-sm text-muted-foreground&quot;[39m
              [36m&gt;[39m
                [0mRegistro de gastos operativos por categoría y periodo. Alimentan automáticamente el módulo de Contabilidad.[0m
              [36m&lt;/p&gt;[39m
            [36m&lt;/div&gt;[39m
            [36m&lt;div[39m
              [33mclass[39m=[32m&quot;flex shrink-0 flex-wrap items-center gap-2&quot;[39m
            [36m&gt;[39m
              [36m&lt;div[39m
                [33mclass[39m=[32m&quot;flex items-center gap-2&quot;[39m
              [36m&gt;[39m
                [36m&lt;button[39m
                  [33mclass[39m=[32m&quot;inline-flex items-center justify-center whitespace-nowrap rounded-md text-sm font-medium transition-all disabled:pointer-events-none disabled:opacity-50 [&amp;_svg]:pointer-events-none [&amp;_svg:not([class*=&apos;size-&apos;])]:size-4 shrink-0 [&amp;_svg]:shrink-0 outline-none focus-visible:border-ring focus-visible:ring-ring/50 focus-visible:ring-[3px] aria-invalid:ring-destructive/20 dark:aria-invalid:ring-destructive/40 aria-invalid:border-destructive border bg-background shadow-xs hover:bg-accent hover:text-accent-foreground dark:bg-input/30 dark:border-input dark:hover:bg-input/50 h-9 px-4 py-2 has-[&gt;svg]:px-3 gap-1.5&quot;[39m
                  [33mdata-ocid[39m=[32m&quot;expenses.manage_categories_button&quot;[39m
                  [33mdata-slot[39m=[32m&quot;button&quot;[39m
                  [33mtype[39m=[32m&quot;button&quot;[39m
                [36m&gt;[39m
                  [36m&lt;svg[39m
                    [33maria-hidden[39m=[32m&quot;true&quot;[39m
                    [33mclass[39m=[32m&quot;lucide lucide-tags size-4&quot;[39m
                    [33mfill[39m=[32m&quot;none&quot;[39m
                    [33mheight[39m=[32m&quot;24&quot;[39m
                    [33mstroke[39m=[32m&quot;currentColor&quot;[39m
                    [33mstroke-linecap[39m=[32m&quot;round&quot;[39m
                    [33mstroke-linejoin[39m=[32m&quot;round&quot;[39m
                    [33mstroke-width[39m=[32m&quot;2&quot;[39m
                    [33mviewBox[39m=[32m&quot;0 0 24 24&quot;[39m
                    [33mwidth[39m=[32m&quot;24&quot;[39m
                    [33mxmlns[39m=[32m&quot;http://www.w3.org/2000/svg&quot;[39m
                  [36m&gt;[39m
                    [36m&lt;path[39m
                      [33md[39m=[32m&quot;m15 5 6.3 6.3a2.4 2.4 0 0 1 0 3.4L17 19&quot;[39m
                    [36m/&gt;[39m
                    [36m&lt;path[39m
                      [33md[39m=[32m&quot;M9.586 5.586A2 2 0 0 0 8.172 5H3a1 1 0 0 0-1 1v5.172a2 2 0 0 0 .586 1.414L8.29 18.29a2.426 2.426 0 0 0 3.42 0l3.58-3.58a2.426 2.426 0 0 0 0-3.42z&quot;[39m
                    [36m/&gt;[39m
                    [36m&lt;circle[39m
                      [33mcx[39m=[32m&quot;6.5&quot;[39m
                      [33mcy[39m=[32m&quot;9.5&quot;[39m
                      [33mfill[39m=[32m&quot;currentColor&quot;[39m
                      [33mr[39m=[32m&quot;.5&quot;[39m
                    [36m/&gt;[39m
                  [36m&lt;/svg&gt;[39m
                  [0mCategorías[0m
                [36m&lt;/button&gt;[39m
                [36m&lt;button[39m
                  [33mclass[39m=[32m&quot;inline-flex items-center justify-center whitespace-nowrap rounded-md text-sm font-medium transition-all disabled:pointer-events-none disabled:opacity-50 [&amp;_svg]:pointer-events-none [&amp;_svg:not([class*=&apos;size-&apos;])]:size-4 shrink-0 [&amp;_svg]:shrink-0 outline-none focus-visible:border-ring focus-visible:ring-ring/50 focus-visible:ring-[3px] aria-invalid:ring-destructive/20 dark:aria-invalid:ring-destructive/40 aria-invalid:border-destructive bg-primary text-primary-foreground shadow-xs hover:bg-primary/90 h-9 px-4 py-2 has-[&gt;svg]:px-3 gap-1.5&quot;[39m
                  [33mdata-ocid[39m=[32m&quot;expenses.create_button&quot;[39m
                  [33mdata-slot[39m=[32m&quot;button&quot;[39m
                  [33mtype[39m=[32m&quot;button&quot;[39m
                [36m&gt;[39m
                  [36m&lt;svg[39m
                    [33maria-hidden[39m=[32m&quot;true&quot;[39m
                    [33mclass[39m=[32m&quot;lucide lucide-plus size-4&quot;[39m
                    [33mfill[39m=[32m&quot;none&quot;[39m
                    [33mheight[39m=[32m&quot;24&quot;[39m
                    [33mstroke[39m=[32m&quot;currentColor&quot;[39m
                    [33mstroke-linecap[39m=[32m&quot;round&quot;[39m
                    [33mstroke-linejoin[39m=[32m&quot;round&quot;[39m
                    [33mstroke-width[39m=[32m&quot;2&quot;[39m
                    [33mviewBox[39m=[32m&quot;0 0 24 24&quot;[39m
                    [33mwidth[39m=[32m&quot;24&quot;[39m
                    [33mxmlns[39m=[32m&quot;http://www.w3.org/2000/svg&quot;[39m
                  [36m&gt;[39m
                    [36m&lt;path[39m
                      [33md[39m=[32m&quot;M5 12h14&quot;[39m
                    [36m/&gt;[39m
                    [36m&lt;path[39m
                      [33md[39m=[32m&quot;M12 5v14&quot;[39m
                    [36m/&gt;[39m
                  [36m&lt;/svg&gt;[39m
                  [0mRegistrar gasto[0m
                [36m&lt;/button&gt;[39m
              [36m&lt;/div&gt;[39m
            [36m&lt;/div&gt;[39m
          [36m&lt;/div&gt;[39m
        [36m&lt;/header&gt;[39m
        [36m&lt;section[39m
          [33maria-label[39m=[32m&quot;Totales del periodo&quot;[39m
          [33mclass[39m=[32m&quot;grid gap-4 sm:grid-cols-3&quot;[39m
          [33mdata-ocid[39m=[32m&quot;expenses.kpi.section&quot;[39m
        [36m&gt;[39m
          [36m&lt;div[39m
            [33mclass[39m=[32m&quot;bg-card text-card-foreground flex flex-col border relative gap-0 overflow-hidden rounded-lg py-0 shadow-none&quot;[39m
            [33mdata-slot[39m=[32m&quot;card&quot;[39m
          [36m&gt;[39m
            [36m&lt;span[39m
              [33maria-hidden[39m=[32m&quot;true&quot;[39m
              [33mclass[39m=[32m&quot;absolute inset-y-0 left-0 w-0.5 bg-primary&quot;[39m
            [36m/&gt;[39m
            [36m&lt;div[39m
              [33mclass[39m=[32m&quot;space-y-1 px-5 py-4&quot;[39m
              [33mdata-slot[39m=[32m&quot;card-content&quot;[39m
            ..." type="AssertionError">
AssertionError: expected &quot;spy&quot; to be called with arguments: [ ObjectContaining{…}, Anything, …(1) ]

Received: 

  1st spy call:

  [
-   ObjectContaining {
-     &quot;paymentMethod&quot;: &quot;card&quot;,
+   null,
+   {
+     &quot;categoryId&quot;: undefined,
+     &quot;from&quot;: undefined,
+     &quot;paymentMethod&quot;: undefined,
+     &quot;search&quot;: undefined,
+     &quot;to&quot;: undefined,
    },
-   Anything,
-   Anything,
+   0n,
+   20n,
  ]

  2nd spy call:

  [
-   ObjectContaining {
+   null,
+   {
+     &quot;categoryId&quot;: undefined,
+     &quot;from&quot;: undefined,
      &quot;paymentMethod&quot;: &quot;card&quot;,
+     &quot;search&quot;: undefined,
+     &quot;to&quot;: undefined,
    },
-   Anything,
-   Anything,
+   0n,
+   20n,
  ]


Number of calls: 2


Ignored nodes: comments, script, style
&lt;html&gt;
  &lt;head /&gt;
  &lt;body
    style=&quot;&quot;
  &gt;
    &lt;div&gt;
      &lt;div
        class=&quot;mx-auto w-full max-w-7xl animate-fade-in space-y-5&quot;
        data-ocid=&quot;expenses.page&quot;
      &gt;
        &lt;header
          class=&quot;space-y-4&quot;
        &gt;
          &lt;div
            class=&quot;flex flex-wrap items-start justify-between gap-3&quot;
          &gt;
            &lt;div
              class=&quot;min-w-0 space-y-1&quot;
            &gt;
              &lt;p
                class=&quot;font-mono text-[10px] uppercase tracking-[0.18em] text-muted-foreground&quot;
              &gt;
                Administración
              &lt;/p&gt;
              &lt;h1
                class=&quot;font-display text-2xl font-semibold tracking-tight&quot;
              &gt;
                Gastos
              &lt;/h1&gt;
              &lt;p
                class=&quot;max-w-2xl text-sm text-muted-foreground&quot;
              &gt;
                Registro de gastos operativos por categoría y periodo. Alimentan automáticamente el módulo de Contabilidad.
              &lt;/p&gt;
            &lt;/div&gt;
            &lt;div
              class=&quot;flex shrink-0 flex-wrap items-center gap-2&quot;
            &gt;
              &lt;div
                class=&quot;flex items-center gap-2&quot;
              &gt;
                &lt;button
                  class=&quot;inline-flex items-center justify-center whitespace-nowrap rounded-md text-sm font-medium transition-all disabled:pointer-events-none disabled:opacity-50 [&amp;_svg]:pointer-events-none [&amp;_svg:not([class*=&apos;size-&apos;])]:size-4 shrink-0 [&amp;_svg]:shrink-0 outline-none focus-visible:border-ring focus-visible:ring-ring/50 focus-visible:ring-[3px] aria-invalid:ring-destructive/20 dark:aria-invalid:ring-destructive/40 aria-invalid:border-destructive border bg-background shadow-xs hover:bg-accent hover:text-accent-foreground dark:bg-input/30 dark:border-input dark:hover:bg-input/50 h-9 px-4 py-2 has-[&gt;svg]:px-3 gap-1.5&quot;
                  data-ocid=&quot;expenses.manage_categories_button&quot;
                  data-slot=&quot;button&quot;
                  type=&quot;button&quot;
                &gt;
                  &lt;svg
                    aria-hidden=&quot;true&quot;
                    class=&quot;lucide lucide-tags size-4&quot;
                    fill=&quot;none&quot;
                    height=&quot;24&quot;
                    stroke=&quot;currentColor&quot;
                    stroke-linecap=&quot;round&quot;
                    stroke-linejoin=&quot;round&quot;
                    stroke-width=&quot;2&quot;
                    viewBox=&quot;0 0 24 24&quot;
                    width=&quot;24&quot;
                    xmlns=&quot;http://www.w3.org/2000/svg&quot;
                  &gt;
                    &lt;path
                      d=&quot;m15 5 6.3 6.3a2.4 2.4 0 0 1 0 3.4L17 19&quot;
                    /&gt;
                    &lt;path
                      d=&quot;M9.586 5.586A2 2 0 0 0 8.172 5H3a1 1 0 0 0-1 1v5.172a2 2 0 0 0 .586 1.414L8.29 18.29a2.426 2.426 0 0 0 3.42 0l3.58-3.58a2.426 2.426 0 0 0 0-3.42z&quot;
                    /&gt;
                    &lt;circle
                      cx=&quot;6.5&quot;
                      cy=&quot;9.5&quot;
                      fill=&quot;currentColor&quot;
                      r=&quot;.5&quot;
                    /&gt;
                  &lt;/svg&gt;
                  Categorías
                &lt;/button&gt;
                &lt;button
                  class=&quot;inline-flex items-center justify-center whitespace-nowrap rounded-md text-sm font-medium transition-all disabled:pointer-events-none disabled:opacity-50 [&amp;_svg]:pointer-events-none [&amp;_svg:not([class*=&apos;size-&apos;])]:size-4 shrink-0 [&amp;_svg]:shrink-0 outline-none focus-visible:border-ring focus-visible:ring-ring/50 focus-visible:ring-[3px] aria-invalid:ring-destructive/20 dark:aria-invalid:ring-destructive/40 aria-invalid:border-destructive bg-primary text-primary-foreground shadow-xs hover:bg-primary/90 h-9 px-4 py-2 has-[&gt;svg]:px-3 gap-1.5&quot;
                  data-ocid=&quot;expenses.create_button&quot;
                  data-slot=&quot;button&quot;
                  type=&quot;button&quot;
                &gt;
                  &lt;svg
                    aria-hidden=&quot;true&quot;
                    class=&quot;lucide lucide-plus size-4&quot;
                    fill=&quot;none&quot;
                    height=&quot;24&quot;
                    stroke=&quot;currentColor&quot;
                    stroke-linecap=&quot;round&quot;
                    stroke-linejoin=&quot;round&quot;
                    stroke-width=&quot;2&quot;
                    viewBox=&quot;0 0 24 24&quot;
                    width=&quot;24&quot;
                    xmlns=&quot;http://www.w3.org/2000/svg&quot;
                  &gt;
                    &lt;path
                      d=&quot;M5 12h14&quot;
                    /&gt;
                    &lt;path
                      d=&quot;M12 5v14&quot;
                    /&gt;
                  &lt;/svg&gt;
                  Registrar gasto
                &lt;/button&gt;
              &lt;/div&gt;
            &lt;/div&gt;
          &lt;/div&gt;
        &lt;/header&gt;
        &lt;section
          aria-label=&quot;Totales del periodo&quot;
          class=&quot;grid gap-4 sm:grid-cols-3&quot;
          data-ocid=&quot;expenses.kpi.section&quot;
        &gt;
          &lt;div
            class=&quot;bg-card text-card-foreground flex flex-col border relative gap-0 overflow-hidden rounded-lg py-0 shadow-none&quot;
            data-slot=&quot;card&quot;
          &gt;
            &lt;span
              aria-hidden=&quot;true&quot;
              class=&quot;absolute inset-y-0 left-0 w-0.5 bg-primary&quot;
            /&gt;
            &lt;div
              class=&quot;space-y-1 px-5 py-4&quot;
              data-slot=&quot;card-content&quot;
            ...
 ❯ src/pages/ExpensesPage.test.tsx:226:32
 ❯ runWithExpensiveErrorDiagnosticsDisabled ../../../../../../opt/pnpm-templates/build_template/node_modules/.pnpm/@testing-library+dom@10.4.2/node_modules/@testing-library/dom/dist/config.js:47:12
 ❯ checkCallback ../../../../../../opt/pnpm-templates/build_template/node_modules/.pnpm/@testing-library+dom@10.4.2/node_modules/@testing-library/dom/dist/wait-for.js:124:77
 ❯ Timeout.checkRealTimersCallback ../../../../../../opt/pnpm-templates/build_template/node_modules/.pnpm/@testing-library+dom@10.4.2/node_modules/@testing-library/dom/dist/wait-for.js:118:16
            </failure>
        </testcase>
        <testcase classname="src/pages/ExpensesPage.test.tsx" name="ExpensesPage &gt; passes the date range to the backend as Colombia day bounds" time="1.142711382">
            <failure message="Cannot read properties of null (reading &apos;from&apos;)

Ignored nodes: comments, script, style
[36m&lt;html&gt;[39m
  [36m&lt;head /&gt;[39m
  [36m&lt;body[39m
    [33mstyle[39m=[32m&quot;&quot;[39m
  [36m&gt;[39m
    [36m&lt;div&gt;[39m
      [36m&lt;div[39m
        [33mclass[39m=[32m&quot;mx-auto w-full max-w-7xl animate-fade-in space-y-5&quot;[39m
        [33mdata-ocid[39m=[32m&quot;expenses.page&quot;[39m
      [36m&gt;[39m
        [36m&lt;header[39m
          [33mclass[39m=[32m&quot;space-y-4&quot;[39m
        [36m&gt;[39m
          [36m&lt;div[39m
            [33mclass[39m=[32m&quot;flex flex-wrap items-start justify-between gap-3&quot;[39m
          [36m&gt;[39m
            [36m&lt;div[39m
              [33mclass[39m=[32m&quot;min-w-0 space-y-1&quot;[39m
            [36m&gt;[39m
              [36m&lt;p[39m
                [33mclass[39m=[32m&quot;font-mono text-[10px] uppercase tracking-[0.18em] text-muted-foreground&quot;[39m
              [36m&gt;[39m
                [0mAdministración[0m
              [36m&lt;/p&gt;[39m
              [36m&lt;h1[39m
                [33mclass[39m=[32m&quot;font-display text-2xl font-semibold tracking-tight&quot;[39m
              [36m&gt;[39m
                [0mGastos[0m
              [36m&lt;/h1&gt;[39m
              [36m&lt;p[39m
                [33mclass[39m=[32m&quot;max-w-2xl text-sm text-muted-foreground&quot;[39m
              [36m&gt;[39m
                [0mRegistro de gastos operativos por categoría y periodo. Alimentan automáticamente el módulo de Contabilidad.[0m
              [36m&lt;/p&gt;[39m
            [36m&lt;/div&gt;[39m
            [36m&lt;div[39m
              [33mclass[39m=[32m&quot;flex shrink-0 flex-wrap items-center gap-2&quot;[39m
            [36m&gt;[39m
              [36m&lt;div[39m
                [33mclass[39m=[32m&quot;flex items-center gap-2&quot;[39m
              [36m&gt;[39m
                [36m&lt;button[39m
                  [33mclass[39m=[32m&quot;inline-flex items-center justify-center whitespace-nowrap rounded-md text-sm font-medium transition-all disabled:pointer-events-none disabled:opacity-50 [&amp;_svg]:pointer-events-none [&amp;_svg:not([class*=&apos;size-&apos;])]:size-4 shrink-0 [&amp;_svg]:shrink-0 outline-none focus-visible:border-ring focus-visible:ring-ring/50 focus-visible:ring-[3px] aria-invalid:ring-destructive/20 dark:aria-invalid:ring-destructive/40 aria-invalid:border-destructive border bg-background shadow-xs hover:bg-accent hover:text-accent-foreground dark:bg-input/30 dark:border-input dark:hover:bg-input/50 h-9 px-4 py-2 has-[&gt;svg]:px-3 gap-1.5&quot;[39m
                  [33mdata-ocid[39m=[32m&quot;expenses.manage_categories_button&quot;[39m
                  [33mdata-slot[39m=[32m&quot;button&quot;[39m
                  [33mtype[39m=[32m&quot;button&quot;[39m
                [36m&gt;[39m
                  [36m&lt;svg[39m
                    [33maria-hidden[39m=[32m&quot;true&quot;[39m
                    [33mclass[39m=[32m&quot;lucide lucide-tags size-4&quot;[39m
                    [33mfill[39m=[32m&quot;none&quot;[39m
                    [33mheight[39m=[32m&quot;24&quot;[39m
                    [33mstroke[39m=[32m&quot;currentColor&quot;[39m
                    [33mstroke-linecap[39m=[32m&quot;round&quot;[39m
                    [33mstroke-linejoin[39m=[32m&quot;round&quot;[39m
                    [33mstroke-width[39m=[32m&quot;2&quot;[39m
                    [33mviewBox[39m=[32m&quot;0 0 24 24&quot;[39m
                    [33mwidth[39m=[32m&quot;24&quot;[39m
                    [33mxmlns[39m=[32m&quot;http://www.w3.org/2000/svg&quot;[39m
                  [36m&gt;[39m
                    [36m&lt;path[39m
                      [33md[39m=[32m&quot;m15 5 6.3 6.3a2.4 2.4 0 0 1 0 3.4L17 19&quot;[39m
                    [36m/&gt;[39m
                    [36m&lt;path[39m
                      [33md[39m=[32m&quot;M9.586 5.586A2 2 0 0 0 8.172 5H3a1 1 0 0 0-1 1v5.172a2 2 0 0 0 .586 1.414L8.29 18.29a2.426 2.426 0 0 0 3.42 0l3.58-3.58a2.426 2.426 0 0 0 0-3.42z&quot;[39m
                    [36m/&gt;[39m
                    [36m&lt;circle[39m
                      [33mcx[39m=[32m&quot;6.5&quot;[39m
                      [33mcy[39m=[32m&quot;9.5&quot;[39m
                      [33mfill[39m=[32m&quot;currentColor&quot;[39m
                      [33mr[39m=[32m&quot;.5&quot;[39m
                    [36m/&gt;[39m
                  [36m&lt;/svg&gt;[39m
                  [0mCategorías[0m
                [36m&lt;/button&gt;[39m
                [36m&lt;button[39m
                  [33mclass[39m=[32m&quot;inline-flex items-center justify-center whitespace-nowrap rounded-md text-sm font-medium transition-all disabled:pointer-events-none disabled:opacity-50 [&amp;_svg]:pointer-events-none [&amp;_svg:not([class*=&apos;size-&apos;])]:size-4 shrink-0 [&amp;_svg]:shrink-0 outline-none focus-visible:border-ring focus-visible:ring-ring/50 focus-visible:ring-[3px] aria-invalid:ring-destructive/20 dark:aria-invalid:ring-destructive/40 aria-invalid:border-destructive bg-primary text-primary-foreground shadow-xs hover:bg-primary/90 h-9 px-4 py-2 has-[&gt;svg]:px-3 gap-1.5&quot;[39m
                  [33mdata-ocid[39m=[32m&quot;expenses.create_button&quot;[39m
                  [33mdata-slot[39m=[32m&quot;button&quot;[39m
                  [33mtype[39m=[32m&quot;button&quot;[39m
                [36m&gt;[39m
                  [36m&lt;svg[39m
                    [33maria-hidden[39m=[32m&quot;true&quot;[39m
                    [33mclass[39m=[32m&quot;lucide lucide-plus size-4&quot;[39m
                    [33mfill[39m=[32m&quot;none&quot;[39m
                    [33mheight[39m=[32m&quot;24&quot;[39m
                    [33mstroke[39m=[32m&quot;currentColor&quot;[39m
                    [33mstroke-linecap[39m=[32m&quot;round&quot;[39m
                    [33mstroke-linejoin[39m=[32m&quot;round&quot;[39m
                    [33mstroke-width[39m=[32m&quot;2&quot;[39m
                    [33mviewBox[39m=[32m&quot;0 0 24 24&quot;[39m
                    [33mwidth[39m=[32m&quot;24&quot;[39m
                    [33mxmlns[39m=[32m&quot;http://www.w3.org/2000/svg&quot;[39m
                  [36m&gt;[39m
                    [36m&lt;path[39m
                      [33md[39m=[32m&quot;M5 12h14&quot;[39m
                    [36m/&gt;[39m
                    [36m&lt;path[39m
                      [33md[39m=[32m&quot;M12 5v14&quot;[39m
                    [36m/&gt;[39m
                  [36m&lt;/svg&gt;[39m
                  [0mRegistrar gasto[0m
                [36m&lt;/button&gt;[39m
              [36m&lt;/div&gt;[39m
            [36m&lt;/div&gt;[39m
          [36m&lt;/div&gt;[39m
        [36m&lt;/header&gt;[39m
        [36m&lt;section[39m
          [33maria-label[39m=[32m&quot;Totales del periodo&quot;[39m
          [33mclass[39m=[32m&quot;grid gap-4 sm:grid-cols-3&quot;[39m
          [33mdata-ocid[39m=[32m&quot;expenses.kpi.section&quot;[39m
        [36m&gt;[39m
          [36m&lt;div[39m
            [33mclass[39m=[32m&quot;bg-card text-card-foreground flex flex-col border relative gap-0 overflow-hidden rounded-lg py-0 shadow-none&quot;[39m
            [33mdata-slot[39m=[32m&quot;card&quot;[39m
          [36m&gt;[39m
            [36m&lt;span[39m
              [33maria-hidden[39m=[32m&quot;true&quot;[39m
              [33mclass[39m=[32m&quot;absolute inset-y-0 left-0 w-0.5 bg-primary&quot;[39m
            [36m/&gt;[39m
            [36m&lt;div[39m
              [33mclass[39m=[32m&quot;space-y-1 px-5 py-4&quot;[39m
              [33mdata-slot[39m=[32m&quot;card-content&quot;[39m
            ..." type="TypeError">
TypeError: Cannot read properties of null (reading &apos;from&apos;)

Ignored nodes: comments, script, style
&lt;html&gt;
  &lt;head /&gt;
  &lt;body
    style=&quot;&quot;
  &gt;
    &lt;div&gt;
      &lt;div
        class=&quot;mx-auto w-full max-w-7xl animate-fade-in space-y-5&quot;
        data-ocid=&quot;expenses.page&quot;
      &gt;
        &lt;header
          class=&quot;space-y-4&quot;
        &gt;
          &lt;div
            class=&quot;flex flex-wrap items-start justify-between gap-3&quot;
          &gt;
            &lt;div
              class=&quot;min-w-0 space-y-1&quot;
            &gt;
              &lt;p
                class=&quot;font-mono text-[10px] uppercase tracking-[0.18em] text-muted-foreground&quot;
              &gt;
                Administración
              &lt;/p&gt;
              &lt;h1
                class=&quot;font-display text-2xl font-semibold tracking-tight&quot;
              &gt;
                Gastos
              &lt;/h1&gt;
              &lt;p
                class=&quot;max-w-2xl text-sm text-muted-foreground&quot;
              &gt;
                Registro de gastos operativos por categoría y periodo. Alimentan automáticamente el módulo de Contabilidad.
              &lt;/p&gt;
            &lt;/div&gt;
            &lt;div
              class=&quot;flex shrink-0 flex-wrap items-center gap-2&quot;
            &gt;
              &lt;div
                class=&quot;flex items-center gap-2&quot;
              &gt;
                &lt;button
                  class=&quot;inline-flex items-center justify-center whitespace-nowrap rounded-md text-sm font-medium transition-all disabled:pointer-events-none disabled:opacity-50 [&amp;_svg]:pointer-events-none [&amp;_svg:not([class*=&apos;size-&apos;])]:size-4 shrink-0 [&amp;_svg]:shrink-0 outline-none focus-visible:border-ring focus-visible:ring-ring/50 focus-visible:ring-[3px] aria-invalid:ring-destructive/20 dark:aria-invalid:ring-destructive/40 aria-invalid:border-destructive border bg-background shadow-xs hover:bg-accent hover:text-accent-foreground dark:bg-input/30 dark:border-input dark:hover:bg-input/50 h-9 px-4 py-2 has-[&gt;svg]:px-3 gap-1.5&quot;
                  data-ocid=&quot;expenses.manage_categories_button&quot;
                  data-slot=&quot;button&quot;
                  type=&quot;button&quot;
                &gt;
                  &lt;svg
                    aria-hidden=&quot;true&quot;
                    class=&quot;lucide lucide-tags size-4&quot;
                    fill=&quot;none&quot;
                    height=&quot;24&quot;
                    stroke=&quot;currentColor&quot;
                    stroke-linecap=&quot;round&quot;
                    stroke-linejoin=&quot;round&quot;
                    stroke-width=&quot;2&quot;
                    viewBox=&quot;0 0 24 24&quot;
                    width=&quot;24&quot;
                    xmlns=&quot;http://www.w3.org/2000/svg&quot;
                  &gt;
                    &lt;path
                      d=&quot;m15 5 6.3 6.3a2.4 2.4 0 0 1 0 3.4L17 19&quot;
                    /&gt;
                    &lt;path
                      d=&quot;M9.586 5.586A2 2 0 0 0 8.172 5H3a1 1 0 0 0-1 1v5.172a2 2 0 0 0 .586 1.414L8.29 18.29a2.426 2.426 0 0 0 3.42 0l3.58-3.58a2.426 2.426 0 0 0 0-3.42z&quot;
                    /&gt;
                    &lt;circle
                      cx=&quot;6.5&quot;
                      cy=&quot;9.5&quot;
                      fill=&quot;currentColor&quot;
                      r=&quot;.5&quot;
                    /&gt;
                  &lt;/svg&gt;
                  Categorías
                &lt;/button&gt;
                &lt;button
                  class=&quot;inline-flex items-center justify-center whitespace-nowrap rounded-md text-sm font-medium transition-all disabled:pointer-events-none disabled:opacity-50 [&amp;_svg]:pointer-events-none [&amp;_svg:not([class*=&apos;size-&apos;])]:size-4 shrink-0 [&amp;_svg]:shrink-0 outline-none focus-visible:border-ring focus-visible:ring-ring/50 focus-visible:ring-[3px] aria-invalid:ring-destructive/20 dark:aria-invalid:ring-destructive/40 aria-invalid:border-destructive bg-primary text-primary-foreground shadow-xs hover:bg-primary/90 h-9 px-4 py-2 has-[&gt;svg]:px-3 gap-1.5&quot;
                  data-ocid=&quot;expenses.create_button&quot;
                  data-slot=&quot;button&quot;
                  type=&quot;button&quot;
                &gt;
                  &lt;svg
                    aria-hidden=&quot;true&quot;
                    class=&quot;lucide lucide-plus size-4&quot;
                    fill=&quot;none&quot;
                    height=&quot;24&quot;
                    stroke=&quot;currentColor&quot;
                    stroke-linecap=&quot;round&quot;
                    stroke-linejoin=&quot;round&quot;
                    stroke-width=&quot;2&quot;
                    viewBox=&quot;0 0 24 24&quot;
                    width=&quot;24&quot;
                    xmlns=&quot;http://www.w3.org/2000/svg&quot;
                  &gt;
                    &lt;path
                      d=&quot;M5 12h14&quot;
                    /&gt;
                    &lt;path
                      d=&quot;M12 5v14&quot;
                    /&gt;
                  &lt;/svg&gt;
                  Registrar gasto
                &lt;/button&gt;
              &lt;/div&gt;
            &lt;/div&gt;
          &lt;/div&gt;
        &lt;/header&gt;
        &lt;section
          aria-label=&quot;Totales del periodo&quot;
          class=&quot;grid gap-4 sm:grid-cols-3&quot;
          data-ocid=&quot;expenses.kpi.section&quot;
        &gt;
          &lt;div
            class=&quot;bg-card text-card-foreground flex flex-col border relative gap-0 overflow-hidden rounded-lg py-0 shadow-none&quot;
            data-slot=&quot;card&quot;
          &gt;
            &lt;span
              aria-hidden=&quot;true&quot;
              class=&quot;absolute inset-y-0 left-0 w-0.5 bg-primary&quot;
            /&gt;
            &lt;div
              class=&quot;space-y-1 px-5 py-4&quot;
              data-slot=&quot;card-content&quot;
            ...
 ❯ src/pages/ExpensesPage.test.tsx:251:21
 ❯ runWithExpensiveErrorDiagnosticsDisabled ../../../../../../opt/pnpm-templates/build_template/node_modules/.pnpm/@testing-library+dom@10.4.2/node_modules/@testing-library/dom/dist/config.js:47:12
 ❯ checkCallback ../../../../../../opt/pnpm-templates/build_template/node_modules/.pnpm/@testing-library+dom@10.4.2/node_modules/@testing-library/dom/dist/wait-for.js:124:77
 ❯ Timeout.checkRealTimersCallback ../../../../../../opt/pnpm-templates/build_template/node_modules/.pnpm/@testing-library+dom@10.4.2/node_modules/@testing-library/dom/dist/wait-for.js:118:16
            </failure>
        </testcase>
        <testcase classname="src/pages/ExpensesPage.test.tsx" name="ExpensesPage &gt; requests the next page when the pagination control is used" time="1.071377389">
            <failure message="expected &quot;spy&quot; to be called with arguments: [ Anything, 20n, Anything ][90m

Received: 

[1m  1st spy call:

[22m[2m  [[22m
[32m-   Anything,[90m
[31m+   null,[90m
[31m+   {[90m
[31m+     &quot;categoryId&quot;: undefined,[90m
[31m+     &quot;from&quot;: undefined,[90m
[31m+     &quot;paymentMethod&quot;: undefined,[90m
[31m+     &quot;search&quot;: undefined,[90m
[31m+     &quot;to&quot;: undefined,[90m
[31m+   },[90m
[31m+   0n,[90m
[2m    20n,[22m
[32m-   Anything,[90m
[2m  ][22m

[1m  2nd spy call:

[22m[2m  [[22m
[32m-   Anything,[90m
[31m+   null,[90m
[31m+   {[90m
[31m+     &quot;categoryId&quot;: undefined,[90m
[31m+     &quot;from&quot;: undefined,[90m
[31m+     &quot;paymentMethod&quot;: undefined,[90m
[31m+     &quot;search&quot;: undefined,[90m
[31m+     &quot;to&quot;: undefined,[90m
[31m+   },[90m
[31m+   20n,[90m
[2m    20n,[22m
[32m-   Anything,[90m
[2m  ][22m
[39m[90m

Number of calls: [1m2[22m
[39m

Ignored nodes: comments, script, style
[36m&lt;html&gt;[39m
  [36m&lt;head /&gt;[39m
  [36m&lt;body[39m
    [33mstyle[39m=[32m&quot;&quot;[39m
  [36m&gt;[39m
    [36m&lt;div&gt;[39m
      [36m&lt;div[39m
        [33mclass[39m=[32m&quot;mx-auto w-full max-w-7xl animate-fade-in space-y-5&quot;[39m
        [33mdata-ocid[39m=[32m&quot;expenses.page&quot;[39m
      [36m&gt;[39m
        [36m&lt;header[39m
          [33mclass[39m=[32m&quot;space-y-4&quot;[39m
        [36m&gt;[39m
          [36m&lt;div[39m
            [33mclass[39m=[32m&quot;flex flex-wrap items-start justify-between gap-3&quot;[39m
          [36m&gt;[39m
            [36m&lt;div[39m
              [33mclass[39m=[32m&quot;min-w-0 space-y-1&quot;[39m
            [36m&gt;[39m
              [36m&lt;p[39m
                [33mclass[39m=[32m&quot;font-mono text-[10px] uppercase tracking-[0.18em] text-muted-foreground&quot;[39m
              [36m&gt;[39m
                [0mAdministración[0m
              [36m&lt;/p&gt;[39m
              [36m&lt;h1[39m
                [33mclass[39m=[32m&quot;font-display text-2xl font-semibold tracking-tight&quot;[39m
              [36m&gt;[39m
                [0mGastos[0m
              [36m&lt;/h1&gt;[39m
              [36m&lt;p[39m
                [33mclass[39m=[32m&quot;max-w-2xl text-sm text-muted-foreground&quot;[39m
              [36m&gt;[39m
                [0mRegistro de gastos operativos por categoría y periodo. Alimentan automáticamente el módulo de Contabilidad.[0m
              [36m&lt;/p&gt;[39m
            [36m&lt;/div&gt;[39m
            [36m&lt;div[39m
              [33mclass[39m=[32m&quot;flex shrink-0 flex-wrap items-center gap-2&quot;[39m
            [36m&gt;[39m
              [36m&lt;div[39m
                [33mclass[39m=[32m&quot;flex items-center gap-2&quot;[39m
              [36m&gt;[39m
                [36m&lt;button[39m
                  [33mclass[39m=[32m&quot;inline-flex items-center justify-center whitespace-nowrap rounded-md text-sm font-medium transition-all disabled:pointer-events-none disabled:opacity-50 [&amp;_svg]:pointer-events-none [&amp;_svg:not([class*=&apos;size-&apos;])]:size-4 shrink-0 [&amp;_svg]:shrink-0 outline-none focus-visible:border-ring focus-visible:ring-ring/50 focus-visible:ring-[3px] aria-invalid:ring-destructive/20 dark:aria-invalid:ring-destructive/40 aria-invalid:border-destructive border bg-background shadow-xs hover:bg-accent hover:text-accent-foreground dark:bg-input/30 dark:border-input dark:hover:bg-input/50 h-9 px-4 py-2 has-[&gt;svg]:px-3 gap-1.5&quot;[39m
                  [33mdata-ocid[39m=[32m&quot;expenses.manage_categories_button&quot;[39m
                  [33mdata-slot[39m=[32m&quot;button&quot;[39m
                  [33mtype[39m=[32m&quot;button&quot;[39m
                [36m&gt;[39m
                  [36m&lt;svg[39m
                    [33maria-hidden[39m=[32m&quot;true&quot;[39m
                    [33mclass[39m=[32m&quot;lucide lucide-tags size-4&quot;[39m
                    [33mfill[39m=[32m&quot;none&quot;[39m
                    [33mheight[39m=[32m&quot;24&quot;[39m
                    [33mstroke[39m=[32m&quot;currentColor&quot;[39m
                    [33mstroke-linecap[39m=[32m&quot;round&quot;[39m
                    [33mstroke-linejoin[39m=[32m&quot;round&quot;[39m
                    [33mstroke-width[39m=[32m&quot;2&quot;[39m
                    [33mviewBox[39m=[32m&quot;0 0 24 24&quot;[39m
                    [33mwidth[39m=[32m&quot;24&quot;[39m
                    [33mxmlns[39m=[32m&quot;http://www.w3.org/2000/svg&quot;[39m
                  [36m&gt;[39m
                    [36m&lt;path[39m
                      [33md[39m=[32m&quot;m15 5 6.3 6.3a2.4 2.4 0 0 1 0 3.4L17 19&quot;[39m
                    [36m/&gt;[39m
                    [36m&lt;path[39m
                      [33md[39m=[32m&quot;M9.586 5.586A2 2 0 0 0 8.172 5H3a1 1 0 0 0-1 1v5.172a2 2 0 0 0 .586 1.414L8.29 18.29a2.426 2.426 0 0 0 3.42 0l3.58-3.58a2.426 2.426 0 0 0 0-3.42z&quot;[39m
                    [36m/&gt;[39m
                    [36m&lt;circle[39m
                      [33mcx[39m=[32m&quot;6.5&quot;[39m
                      [33mcy[39m=[32m&quot;9.5&quot;[39m
                      [33mfill[39m=[32m&quot;currentColor&quot;[39m
                      [33mr[39m=[32m&quot;.5&quot;[39m
                    [36m/&gt;[39m
                  [36m&lt;/svg&gt;[39m
                  [0mCategorías[0m
                [36m&lt;/button&gt;[39m
                [36m&lt;button[39m
                  [33mclass[39m=[32m&quot;inline-flex items-center justify-center whitespace-nowrap rounded-md text-sm font-medium transition-all disabled:pointer-events-none disabled:opacity-50 [&amp;_svg]:pointer-events-none [&amp;_svg:not([class*=&apos;size-&apos;])]:size-4 shrink-0 [&amp;_svg]:shrink-0 outline-none focus-visible:border-ring focus-visible:ring-ring/50 focus-visible:ring-[3px] aria-invalid:ring-destructive/20 dark:aria-invalid:ring-destructive/40 aria-invalid:border-destructive bg-primary text-primary-foreground shadow-xs hover:bg-primary/90 h-9 px-4 py-2 has-[&gt;svg]:px-3 gap-1.5&quot;[39m
                  [33mdata-ocid[39m=[32m&quot;expenses.create_button&quot;[39m
                  [33mdata-slot[39m=[32m&quot;button&quot;[39m
                  [33mtype[39m=[32m&quot;button&quot;[39m
                [36m&gt;[39m
                  [36m&lt;svg[39m
                    [33maria-hidden[39m=[32m&quot;true&quot;[39m
                    [33mclass[39m=[32m&quot;lucide lucide-plus size-4&quot;[39m
                    [33mfill[39m=[32m&quot;none&quot;[39m
                    [33mheight[39m=[32m&quot;24&quot;[39m
                    [33mstroke[39m=[32m&quot;currentColor&quot;[39m
                    [33mstroke-linecap[39m=[32m&quot;round&quot;[39m
                    [33mstroke-linejoin[39m=[32m&quot;round&quot;[39m
                    [33mstroke-width[39m=[32m&quot;2&quot;[39m
                    [33mviewBox[39m=[32m&quot;0 0 24 24&quot;[39m
                    [33mwidth[39m=[32m&quot;24&quot;[39m
                    [33mxmlns[39m=[32m&quot;http://www.w3.org/2000/svg&quot;[39m
                  [36m&gt;[39m
                    [36m&lt;path[39m
                      [33md[39m=[32m&quot;M5 12h14&quot;[39m
                    [36m/&gt;[39m
                    [36m&lt;path[39m
                      [33md[39m=[32m&quot;M12 5v14&quot;[39m
                    [36m/&gt;[39m
                  [36m&lt;/svg&gt;[39m
                  [0mRegistrar gasto[0m
                [36m&lt;/button&gt;[39m
              [36m&lt;/div&gt;[39m
            [36m&lt;/div&gt;[39m
          [36m&lt;/div&gt;[39m
        [36m&lt;/header&gt;[39m
        [36m&lt;section[39m
          [33maria-label[39m=[32m&quot;Totales del periodo&quot;[39m
          [33mclass[39m=[32m&quot;grid gap-4 sm:grid-cols-3&quot;[39m
          [33mdata-ocid[39m=[32m&quot;expenses.kpi.section&quot;[39m
        [36m&gt;[39m
          [36m&lt;div[39m
            [33mclass[39m=[32m&quot;bg-card text-card-foreground flex flex-col border relative gap-0 overflow-hidden rounded-lg py-0 shadow-none&quot;[39m
            [33mdata-slot[39m=[32m&quot;card&quot;[39m
          [36m&gt;[39m
            [36m&lt;span[39m
              [33maria-hidden[39m=[32m&quot;true&quot;[39m
              [33mclass[39m=[32m&quot;absolute inset-y-0 left-0 w-0.5 bg-primary&quot;[39m
            [36m/&gt;[39m
            [36m&lt;div[39m
              [33mclass[39m=[32m&quot;space-y-1 px-5 py-4&quot;[39m
              [33mdata-slot[39m=[32m&quot;card-content&quot;[39m
            ..." type="AssertionError">
AssertionError: expected &quot;spy&quot; to be called with arguments: [ Anything, 20n, Anything ]

Received: 

  1st spy call:

  [
-   Anything,
+   null,
+   {
+     &quot;categoryId&quot;: undefined,
+     &quot;from&quot;: undefined,
+     &quot;paymentMethod&quot;: undefined,
+     &quot;search&quot;: undefined,
+     &quot;to&quot;: undefined,
+   },
+   0n,
    20n,
-   Anything,
  ]

  2nd spy call:

  [
-   Anything,
+   null,
+   {
+     &quot;categoryId&quot;: undefined,
+     &quot;from&quot;: undefined,
+     &quot;paymentMethod&quot;: undefined,
+     &quot;search&quot;: undefined,
+     &quot;to&quot;: undefined,
+   },
+   20n,
    20n,
-   Anything,
  ]


Number of calls: 2


Ignored nodes: comments, script, style
&lt;html&gt;
  &lt;head /&gt;
  &lt;body
    style=&quot;&quot;
  &gt;
    &lt;div&gt;
      &lt;div
        class=&quot;mx-auto w-full max-w-7xl animate-fade-in space-y-5&quot;
        data-ocid=&quot;expenses.page&quot;
      &gt;
        &lt;header
          class=&quot;space-y-4&quot;
        &gt;
          &lt;div
            class=&quot;flex flex-wrap items-start justify-between gap-3&quot;
          &gt;
            &lt;div
              class=&quot;min-w-0 space-y-1&quot;
            &gt;
              &lt;p
                class=&quot;font-mono text-[10px] uppercase tracking-[0.18em] text-muted-foreground&quot;
              &gt;
                Administración
              &lt;/p&gt;
              &lt;h1
                class=&quot;font-display text-2xl font-semibold tracking-tight&quot;
              &gt;
                Gastos
              &lt;/h1&gt;
              &lt;p
                class=&quot;max-w-2xl text-sm text-muted-foreground&quot;
              &gt;
                Registro de gastos operativos por categoría y periodo. Alimentan automáticamente el módulo de Contabilidad.
              &lt;/p&gt;
            &lt;/div&gt;
            &lt;div
              class=&quot;flex shrink-0 flex-wrap items-center gap-2&quot;
            &gt;
              &lt;div
                class=&quot;flex items-center gap-2&quot;
              &gt;
                &lt;button
                  class=&quot;inline-flex items-center justify-center whitespace-nowrap rounded-md text-sm font-medium transition-all disabled:pointer-events-none disabled:opacity-50 [&amp;_svg]:pointer-events-none [&amp;_svg:not([class*=&apos;size-&apos;])]:size-4 shrink-0 [&amp;_svg]:shrink-0 outline-none focus-visible:border-ring focus-visible:ring-ring/50 focus-visible:ring-[3px] aria-invalid:ring-destructive/20 dark:aria-invalid:ring-destructive/40 aria-invalid:border-destructive border bg-background shadow-xs hover:bg-accent hover:text-accent-foreground dark:bg-input/30 dark:border-input dark:hover:bg-input/50 h-9 px-4 py-2 has-[&gt;svg]:px-3 gap-1.5&quot;
                  data-ocid=&quot;expenses.manage_categories_button&quot;
                  data-slot=&quot;button&quot;
                  type=&quot;button&quot;
                &gt;
                  &lt;svg
                    aria-hidden=&quot;true&quot;
                    class=&quot;lucide lucide-tags size-4&quot;
                    fill=&quot;none&quot;
                    height=&quot;24&quot;
                    stroke=&quot;currentColor&quot;
                    stroke-linecap=&quot;round&quot;
                    stroke-linejoin=&quot;round&quot;
                    stroke-width=&quot;2&quot;
                    viewBox=&quot;0 0 24 24&quot;
                    width=&quot;24&quot;
                    xmlns=&quot;http://www.w3.org/2000/svg&quot;
                  &gt;
                    &lt;path
                      d=&quot;m15 5 6.3 6.3a2.4 2.4 0 0 1 0 3.4L17 19&quot;
                    /&gt;
                    &lt;path
                      d=&quot;M9.586 5.586A2 2 0 0 0 8.172 5H3a1 1 0 0 0-1 1v5.172a2 2 0 0 0 .586 1.414L8.29 18.29a2.426 2.426 0 0 0 3.42 0l3.58-3.58a2.426 2.426 0 0 0 0-3.42z&quot;
                    /&gt;
                    &lt;circle
                      cx=&quot;6.5&quot;
                      cy=&quot;9.5&quot;
                      fill=&quot;currentColor&quot;
                      r=&quot;.5&quot;
                    /&gt;
                  &lt;/svg&gt;
                  Categorías
                &lt;/button&gt;
                &lt;button
                  class=&quot;inline-flex items-center justify-center whitespace-nowrap rounded-md text-sm font-medium transition-all disabled:pointer-events-none disabled:opacity-50 [&amp;_svg]:pointer-events-none [&amp;_svg:not([class*=&apos;size-&apos;])]:size-4 shrink-0 [&amp;_svg]:shrink-0 outline-none focus-visible:border-ring focus-visible:ring-ring/50 focus-visible:ring-[3px] aria-invalid:ring-destructive/20 dark:aria-invalid:ring-destructive/40 aria-invalid:border-destructive bg-primary text-primary-foreground shadow-xs hover:bg-primary/90 h-9 px-4 py-2 has-[&gt;svg]:px-3 gap-1.5&quot;
                  data-ocid=&quot;expenses.create_button&quot;
                  data-slot=&quot;button&quot;
                  type=&quot;button&quot;
                &gt;
                  &lt;svg
                    aria-hidden=&quot;true&quot;
                    class=&quot;lucide lucide-plus size-4&quot;
                    fill=&quot;none&quot;
                    height=&quot;24&quot;
                    stroke=&quot;currentColor&quot;
                    stroke-linecap=&quot;round&quot;
                    stroke-linejoin=&quot;round&quot;
                    stroke-width=&quot;2&quot;
                    viewBox=&quot;0 0 24 24&quot;
                    width=&quot;24&quot;
                    xmlns=&quot;http://www.w3.org/2000/svg&quot;
                  &gt;
                    &lt;path
                      d=&quot;M5 12h14&quot;
                    /&gt;
                    &lt;path
                      d=&quot;M12 5v14&quot;
                    /&gt;
                  &lt;/svg&gt;
                  Registrar gasto
                &lt;/button&gt;
              &lt;/div&gt;
            &lt;/div&gt;
          &lt;/div&gt;
        &lt;/header&gt;
        &lt;section
          aria-label=&quot;Totales del periodo&quot;
          class=&quot;grid gap-4 sm:grid-cols-3&quot;
          data-ocid=&quot;expenses.kpi.section&quot;
        &gt;
          &lt;div
            class=&quot;bg-card text-card-foreground flex flex-col border relative gap-0 overflow-hidden rounded-lg py-0 shadow-none&quot;
            data-slot=&quot;card&quot;
          &gt;
            &lt;span
              aria-hidden=&quot;true&quot;
              class=&quot;absolute inset-y-0 left-0 w-0.5 bg-primary&quot;
            /&gt;
            &lt;div
              class=&quot;space-y-1 px-5 py-4&quot;
              data-slot=&quot;card-content&quot;
            ...
 ❯ src/pages/ExpensesPage.test.tsx:266:32
 ❯ runWithExpensiveErrorDiagnosticsDisabled ../../../../../../opt/pnpm-templates/build_template/node_modules/.pnpm/@testing-library+dom@10.4.2/node_modules/@testing-library/dom/dist/config.js:47:12
 ❯ checkCallback ../../../../../../opt/pnpm-templates/build_template/node_modules/.pnpm/@testing-library+dom@10.4.2/node_modules/@testing-library/dom/dist/wait-for.js:124:77
 ❯ Timeout.checkRealTimersCallback ../../../../../../opt/pnpm-templates/build_template/node_modules/.pnpm/@testing-library+dom@10.4.2/node_modules/@testing-library/dom/dist/wait-for.js:118:16
            </failure>
        </testcase>
        <testcase classname="src/pages/ExpensesPage.test.tsx" name="ExpensesPage &gt; shows the period totals from the summary" time="0.030318094">
        </testcase>
        <testcase classname="src/pages/ExpensesPage.test.tsx" name="ExpensesPage &gt; renders the category breakdown panel with its totals" time="0.023779689">
        </testcase>
        <testcase classname="src/pages/ExpensesPage.test.tsx" name="ExpensesPage &gt; clears the filters and returns to the unfiltered list" time="1.142408404">
            <failure message="expected &quot;spy&quot; to be called with arguments: [ ObjectContaining{…}, Anything, …(1) ][90m

Received: 

[1m  1st spy call:

[22m[2m  [[22m
[32m-   ObjectContaining {[90m
[31m+   null,[90m
[31m+   {[90m
[31m+     &quot;categoryId&quot;: undefined,[90m
[31m+     &quot;from&quot;: undefined,[90m
[31m+     &quot;paymentMethod&quot;: undefined,[90m
[2m      &quot;search&quot;: undefined,[22m
[31m+     &quot;to&quot;: undefined,[90m
[2m    },[22m
[32m-   Anything,[90m
[32m-   Anything,[90m
[31m+   0n,[90m
[31m+   20n,[90m
[2m  ][22m

[1m  2nd spy call:

[22m[2m  [[22m
[32m-   ObjectContaining {[90m
[32m-     &quot;search&quot;: undefined,[90m
[31m+   null,[90m
[31m+   {[90m
[31m+     &quot;categoryId&quot;: undefined,[90m
[31m+     &quot;from&quot;: undefined,[90m
[31m+     &quot;paymentMethod&quot;: undefined,[90m
[31m+     &quot;search&quot;: &quot;a&quot;,[90m
[31m+     &quot;to&quot;: undefined,[90m
[2m    },[22m
[32m-   Anything,[90m
[32m-   Anything,[90m
[31m+   0n,[90m
[31m+   20n,[90m
[2m  ][22m

[1m  3rd spy call:

[22m[2m  [[22m
[32m-   ObjectContaining {[90m
[32m-     &quot;search&quot;: undefined,[90m
[31m+   null,[90m
[31m+   {[90m
[31m+     &quot;categoryId&quot;: undefined,[90m
[31m+     &quot;from&quot;: undefined,[90m
[31m+     &quot;paymentMethod&quot;: undefined,[90m
[31m+     &quot;search&quot;: &quot;ac&quot;,[90m
[31m+     &quot;to&quot;: undefined,[90m
[2m    },[22m
[32m-   Anything,[90m
[32m-   Anything,[90m
[31m+   0n,[90m
[31m+   20n,[90m
[2m  ][22m

[1m  4th spy call:

[22m[2m  [[22m
[32m-   ObjectContaining {[90m
[32m-     &quot;search&quot;: undefined,[90m
[31m+   null,[90m
[31m+   {[90m
[31m+     &quot;categoryId&quot;: undefined,[90m
[31m+     &quot;from&quot;: undefined,[90m
[31m+     &quot;paymentMethod&quot;: undefined,[90m
[31m+     &quot;search&quot;: &quot;ace&quot;,[90m
[31m+     &quot;to&quot;: undefined,[90m
[2m    },[22m
[32m-   Anything,[90m
[32m-   Anything,[90m
[31m+   0n,[90m
[31m+   20n,[90m
[2m  ][22m

[1m  5th spy call:

[22m[2m  [[22m
[32m-   ObjectContaining {[90m
[32m-     &quot;search&quot;: undefined,[90m
[31m+   null,[90m
[31m+   {[90m
[31m+     &quot;categoryId&quot;: undefined,[90m
[31m+     &quot;from&quot;: undefined,[90m
[31m+     &quot;paymentMethod&quot;: undefined,[90m
[31m+     &quot;search&quot;: &quot;acei&quot;,[90m
[31m+     &quot;to&quot;: undefined,[90m
[2m    },[22m
[32m-   Anything,[90m
[32m-   Anything,[90m
[31m+   0n,[90m
[31m+   20n,[90m
[2m  ][22m

[1m  6th spy call:

[22m[2m  [[22m
[32m-   ObjectContaining {[90m
[32m-     &quot;search&quot;: undefined,[90m
[31m+   null,[90m
[31m+   {[90m
[31m+     &quot;categoryId&quot;: undefined,[90m
[31m+     &quot;from&quot;: undefined,[90m
[31m+     &quot;paymentMethod&quot;: undefined,[90m
[31m+     &quot;search&quot;: &quot;aceit&quot;,[90m
[31m+     &quot;to&quot;: undefined,[90m
[2m    },[22m
[32m-   Anything,[90m
[32m-   Anything,[90m
[31m+   0n,[90m
[31m+   20n,[90m
[2m  ][22m

[1m  7th spy call:

[22m[2m  [[22m
[32m-   ObjectContaining {[90m
[32m-     &quot;search&quot;: undefined,[90m
[31m+   null,[90m
[31m+   {[90m
[31m+     &quot;categoryId&quot;: undefined,[90m
[31m+     &quot;from&quot;: undefined,[90m
[31m+     &quot;paymentMethod&quot;: undefined,[90m
[31m+     &quot;search&quot;: &quot;aceite&quot;,[90m
[31m+     &quot;to&quot;: undefined,[90m
[2m    },[22m
[32m-   Anything,[90m
[32m-   Anything,[90m
[31m+   0n,[90m
[31m+   20n,[90m
[2m  ][22m

[1m  8th spy call:

[22m[2m  [[22m
[32m-   ObjectContaining {[90m
[31m+   null,[90m
[31m+   {[90m
[31m+     &quot;categoryId&quot;: undefined,[90m
[31m+     &quot;from&quot;: undefined,[90m
[31m+     &quot;paymentMethod&quot;: undefined,[90m
[2m      &quot;search&quot;: undefined,[22m
[31m+     &quot;to&quot;: undefined,[90m
[2m    },[22m
[32m-   Anything,[90m
[32m-   Anything,[90m
[31m+   0n,[90m
[31m+   20n,[90m
[2m  ][22m
[39m[90m

Number of calls: [1m8[22m
[39m

Ignored nodes: comments, script, style
[36m&lt;html&gt;[39m
  [36m&lt;head /&gt;[39m
  [36m&lt;body[39m
    [33mstyle[39m=[32m&quot;&quot;[39m
  [36m&gt;[39m
    [36m&lt;div&gt;[39m
      [36m&lt;div[39m
        [33mclass[39m=[32m&quot;mx-auto w-full max-w-7xl animate-fade-in space-y-5&quot;[39m
        [33mdata-ocid[39m=[32m&quot;expenses.page&quot;[39m
      [36m&gt;[39m
        [36m&lt;header[39m
          [33mclass[39m=[32m&quot;space-y-4&quot;[39m
        [36m&gt;[39m
          [36m&lt;div[39m
            [33mclass[39m=[32m&quot;flex flex-wrap items-start justify-between gap-3&quot;[39m
          [36m&gt;[39m
            [36m&lt;div[39m
              [33mclass[39m=[32m&quot;min-w-0 space-y-1&quot;[39m
            [36m&gt;[39m
              [36m&lt;p[39m
                [33mclass[39m=[32m&quot;font-mono text-[10px] uppercase tracking-[0.18em] text-muted-foreground&quot;[39m
              [36m&gt;[39m
                [0mAdministración[0m
              [36m&lt;/p&gt;[39m
              [36m&lt;h1[39m
                [33mclass[39m=[32m&quot;font-display text-2xl font-semibold tracking-tight&quot;[39m
              [36m&gt;[39m
                [0mGastos[0m
              [36m&lt;/h1&gt;[39m
              [36m&lt;p[39m
                [33mclass[39m=[32m&quot;max-w-2xl text-sm text-muted-foreground&quot;[39m
              [36m&gt;[39m
                [0mRegistro de gastos operativos por categoría y periodo. Alimentan automáticamente el módulo de Contabilidad.[0m
              [36m&lt;/p&gt;[39m
            [36m&lt;/div&gt;[39m
            [36m&lt;div[39m
              [33mclass[39m=[32m&quot;flex shrink-0 flex-wrap items-center gap-2&quot;[39m
            [36m&gt;[39m
              [36m&lt;div[39m
                [33mclass[39m=[32m&quot;flex items-center gap-2&quot;[39m
              [36m&gt;[39m
                [36m&lt;button[39m
                  [33mclass[39m=[32m&quot;inline-flex items-center justify-center whitespace-nowrap rounded-md text-sm font-medium transition-all disabled:pointer-events-none disabled:opacity-50 [&amp;_svg]:pointer-events-none [&amp;_svg:not([class*=&apos;size-&apos;])]:size-4 shrink-0 [&amp;_svg]:shrink-0 outline-none focus-visible:border-ring focus-visible:ring-ring/50 focus-visible:ring-[3px] aria-invalid:ring-destructive/20 dark:aria-invalid:ring-destructive/40 aria-invalid:border-destructive border bg-background shadow-xs hover:bg-accent hover:text-accent-foreground dark:bg-input/30 dark:border-input dark:hover:bg-input/50 h-9 px-4 py-2 has-[&gt;svg]:px-3 gap-1.5&quot;[39m
                  [33mdata-ocid[39m=[32m&quot;expenses.manage_categories_button&quot;[39m
                  [33mdata-slot[39m=[32m&quot;button&quot;[39m
                  [33mtype[39m=[32m&quot;button&quot;[39m
                [36m&gt;[39m
                  [36m&lt;svg[39m
                    [33maria-hidden[39m=[32m&quot;true&quot;[39m
                    [33mclass[39m=[32m&quot;lucide lucide-tags size-4&quot;[39m
                    [33mfill[39m=[32m&quot;none&quot;[39m
                    [33mheight[39m=[32m&quot;24&quot;[39m
                    [33mstroke[39m=[32m&quot;currentColor&quot;[39m
                    [33mstroke-linecap[39m=[32m&quot;round&quot;[39m
                    [33mstroke-linejoin[39m=[32m&quot;round&quot;[39m
                    [33mstroke-width[39m=[32m&quot;2&quot;[39m
                    [33mviewBox[39m=[32m&quot;0 0 24 24&quot;[39m
                    [33mwidth[39m=[32m&quot;24&quot;[39m
                    [33mxmlns[39m=[32m&quot;http://www.w3.org/2000/svg&quot;[39m
                  [36m&gt;[39m
                    [36m&lt;path[39m
                      [33md[39m=[32m&quot;m15 5 6.3 6.3a2.4 2.4 0 0 1 0 3.4L17 19&quot;[39m
                    [36m/&gt;[39m
                    [36m&lt;path[39m
                      [33md[39m=[32m&quot;M9.586 5.586A2 2 0 0 0 8.172 5H3a1 1 0 0 0-1 1v5.172a2 2 0 0 0 .586 1.414L8.29 18.29a2.426 2.426 0 0 0 3.42 0l3.58-3.58a2.426 2.426 0 0 0 0-3.42z&quot;[39m
                    [36m/&gt;[39m
                    [36m&lt;circle[39m
                      [33mcx[39m=[32m&quot;6.5&quot;[39m
                      [33mcy[39m=[32m&quot;9.5&quot;[39m
                      [33mfill[39m=[32m&quot;currentColor&quot;[39m
                      [33mr[39m=[32m&quot;.5&quot;[39m
                    [36m/&gt;[39m
                  [36m&lt;/svg&gt;[39m
                  [0mCategorías[0m
                [36m&lt;/button&gt;[39m
                [36m&lt;button[39m
                  [33mclass[39m=[32m&quot;inline-flex items-center justify-center whitespace-nowrap rounded-md text-sm font-medium transition-all disabled:pointer-events-none disabled:opacity-50 [&amp;_svg]:pointer-events-none [&amp;_svg:not([class*=&apos;size-&apos;])]:size-4 shrink-0 [&amp;_svg]:shrink-0 outline-none focus-visible:border-ring focus-visible:ring-ring/50 focus-visible:ring-[3px] aria-invalid:ring-destructive/20 dark:aria-invalid:ring-destructive/40 aria-invalid:border-destructive bg-primary text-primary-foreground shadow-xs hover:bg-primary/90 h-9 px-4 py-2 has-[&gt;svg]:px-3 gap-1.5&quot;[39m
                  [33mdata-ocid[39m=[32m&quot;expenses.create_button&quot;[39m
                  [33mdata-slot[39m=[32m&quot;button&quot;[39m
                  [33mtype[39m=[32m&quot;button&quot;[39m
                [36m&gt;[39m
                  [36m&lt;svg[39m
                    [33maria-hidden[39m=[32m&quot;true&quot;[39m
                    [33mclass[39m=[32m&quot;lucide lucide-plus size-4&quot;[39m
                    [33mfill[39m=[32m&quot;none&quot;[39m
                    [33mheight[39m=[32m&quot;24&quot;[39m
                    [33mstroke[39m=[32m&quot;currentColor&quot;[39m
                    [33mstroke-linecap[39m=[32m&quot;round&quot;[39m
                    [33mstroke-linejoin[39m=[32m&quot;round&quot;[39m
                    [33mstroke-width[39m=[32m&quot;2&quot;[39m
                    [33mviewBox[39m=[32m&quot;0 0 24 24&quot;[39m
                    [33mwidth[39m=[32m&quot;24&quot;[39m
                    [33mxmlns[39m=[32m&quot;http://www.w3.org/2000/svg&quot;[39m
                  [36m&gt;[39m
                    [36m&lt;path[39m
                      [33md[39m=[32m&quot;M5 12h14&quot;[39m
                    [36m/&gt;[39m
                    [36m&lt;path[39m
                      [33md[39m=[32m&quot;M12 5v14&quot;[39m
                    [36m/&gt;[39m
                  [36m&lt;/svg&gt;[39m
                  [0mRegistrar gasto[0m
                [36m&lt;/button&gt;[39m
              [36m&lt;/div&gt;[39m
            [36m&lt;/div&gt;[39m
          [36m&lt;/div&gt;[39m
        [36m&lt;/header&gt;[39m
        [36m&lt;section[39m
          [33maria-label[39m=[32m&quot;Totales del periodo&quot;[39m
          [33mclass[39m=[32m&quot;grid gap-4 sm:grid-cols-3&quot;[39m
          [33mdata-ocid[39m=[32m&quot;expenses.kpi.section&quot;[39m
        [36m&gt;[39m
          [36m&lt;div[39m
            [33mclass[39m=[32m&quot;bg-card text-card-foreground flex flex-col border relative gap-0 overflow-hidden rounded-lg py-0 shadow-none&quot;[39m
            [33mdata-slot[39m=[32m&quot;card&quot;[39m
          [36m&gt;[39m
            [36m&lt;span[39m
              [33maria-hidden[39m=[32m&quot;true&quot;[39m
              [33mclass[39m=[32m&quot;absolute inset-y-0 left-0 w-0.5 bg-primary&quot;[39m
            [36m/&gt;[39m
            [36m&lt;div[39m
              [33mclass[39m=[32m&quot;space-y-1 px-5 py-4&quot;[39m
              [33mdata-slot[39m=[32m&quot;card-content&quot;[39m
            ..." type="AssertionError">
AssertionError: expected &quot;spy&quot; to be called with arguments: [ ObjectContaining{…}, Anything, …(1) ]

Received: 

  1st spy call:

  [
-   ObjectContaining {
+   null,
+   {
+     &quot;categoryId&quot;: undefined,
+     &quot;from&quot;: undefined,
+     &quot;paymentMethod&quot;: undefined,
      &quot;search&quot;: undefined,
+     &quot;to&quot;: undefined,
    },
-   Anything,
-   Anything,
+   0n,
+   20n,
  ]

  2nd spy call:

  [
-   ObjectContaining {
-     &quot;search&quot;: undefined,
+   null,
+   {
+     &quot;categoryId&quot;: undefined,
+     &quot;from&quot;: undefined,
+     &quot;paymentMethod&quot;: undefined,
+     &quot;search&quot;: &quot;a&quot;,
+     &quot;to&quot;: undefined,
    },
-   Anything,
-   Anything,
+   0n,
+   20n,
  ]

  3rd spy call:

  [
-   ObjectContaining {
-     &quot;search&quot;: undefined,
+   null,
+   {
+     &quot;categoryId&quot;: undefined,
+     &quot;from&quot;: undefined,
+     &quot;paymentMethod&quot;: undefined,
+     &quot;search&quot;: &quot;ac&quot;,
+     &quot;to&quot;: undefined,
    },
-   Anything,
-   Anything,
+   0n,
+   20n,
  ]

  4th spy call:

  [
-   ObjectContaining {
-     &quot;search&quot;: undefined,
+   null,
+   {
+     &quot;categoryId&quot;: undefined,
+     &quot;from&quot;: undefined,
+     &quot;paymentMethod&quot;: undefined,
+     &quot;search&quot;: &quot;ace&quot;,
+     &quot;to&quot;: undefined,
    },
-   Anything,
-   Anything,
+   0n,
+   20n,
  ]

  5th spy call:

  [
-   ObjectContaining {
-     &quot;search&quot;: undefined,
+   null,
+   {
+     &quot;categoryId&quot;: undefined,
+     &quot;from&quot;: undefined,
+     &quot;paymentMethod&quot;: undefined,
+     &quot;search&quot;: &quot;acei&quot;,
+     &quot;to&quot;: undefined,
    },
-   Anything,
-   Anything,
+   0n,
+   20n,
  ]

  6th spy call:

  [
-   ObjectContaining {
-     &quot;search&quot;: undefined,
+   null,
+   {
+     &quot;categoryId&quot;: undefined,
+     &quot;from&quot;: undefined,
+     &quot;paymentMethod&quot;: undefined,
+     &quot;search&quot;: &quot;aceit&quot;,
+     &quot;to&quot;: undefined,
    },
-   Anything,
-   Anything,
+   0n,
+   20n,
  ]

  7th spy call:

  [
-   ObjectContaining {
-     &quot;search&quot;: undefined,
+   null,
+   {
+     &quot;categoryId&quot;: undefined,
+     &quot;from&quot;: undefined,
+     &quot;paymentMethod&quot;: undefined,
+     &quot;search&quot;: &quot;aceite&quot;,
+     &quot;to&quot;: undefined,
    },
-   Anything,
-   Anything,
+   0n,
+   20n,
  ]

  8th spy call:

  [
-   ObjectContaining {
+   null,
+   {
+     &quot;categoryId&quot;: undefined,
+     &quot;from&quot;: undefined,
+     &quot;paymentMethod&quot;: undefined,
      &quot;search&quot;: undefined,
+     &quot;to&quot;: undefined,
    },
-   Anything,
-   Anything,
+   0n,
+   20n,
  ]


Number of calls: 8


Ignored nodes: comments, script, style
&lt;html&gt;
  &lt;head /&gt;
  &lt;body
    style=&quot;&quot;
  &gt;
    &lt;div&gt;
      &lt;div
        class=&quot;mx-auto w-full max-w-7xl animate-fade-in space-y-5&quot;
        data-ocid=&quot;expenses.page&quot;
      &gt;
        &lt;header
          class=&quot;space-y-4&quot;
        &gt;
          &lt;div
            class=&quot;flex flex-wrap items-start justify-between gap-3&quot;
          &gt;
            &lt;div
              class=&quot;min-w-0 space-y-1&quot;
            &gt;
              &lt;p
                class=&quot;font-mono text-[10px] uppercase tracking-[0.18em] text-muted-foreground&quot;
              &gt;
                Administración
              &lt;/p&gt;
              &lt;h1
                class=&quot;font-display text-2xl font-semibold tracking-tight&quot;
              &gt;
                Gastos
              &lt;/h1&gt;
              &lt;p
                class=&quot;max-w-2xl text-sm text-muted-foreground&quot;
              &gt;
                Registro de gastos operativos por categoría y periodo. Alimentan automáticamente el módulo de Contabilidad.
              &lt;/p&gt;
            &lt;/div&gt;
            &lt;div
              class=&quot;flex shrink-0 flex-wrap items-center gap-2&quot;
            &gt;
              &lt;div
                class=&quot;flex items-center gap-2&quot;
              &gt;
                &lt;button
                  class=&quot;inline-flex items-center justify-center whitespace-nowrap rounded-md text-sm font-medium transition-all disabled:pointer-events-none disabled:opacity-50 [&amp;_svg]:pointer-events-none [&amp;_svg:not([class*=&apos;size-&apos;])]:size-4 shrink-0 [&amp;_svg]:shrink-0 outline-none focus-visible:border-ring focus-visible:ring-ring/50 focus-visible:ring-[3px] aria-invalid:ring-destructive/20 dark:aria-invalid:ring-destructive/40 aria-invalid:border-destructive border bg-background shadow-xs hover:bg-accent hover:text-accent-foreground dark:bg-input/30 dark:border-input dark:hover:bg-input/50 h-9 px-4 py-2 has-[&gt;svg]:px-3 gap-1.5&quot;
                  data-ocid=&quot;expenses.manage_categories_button&quot;
                  data-slot=&quot;button&quot;
                  type=&quot;button&quot;
                &gt;
                  &lt;svg
                    aria-hidden=&quot;true&quot;
                    class=&quot;lucide lucide-tags size-4&quot;
                    fill=&quot;none&quot;
                    height=&quot;24&quot;
                    stroke=&quot;currentColor&quot;
                    stroke-linecap=&quot;round&quot;
                    stroke-linejoin=&quot;round&quot;
                    stroke-width=&quot;2&quot;
                    viewBox=&quot;0 0 24 24&quot;
                    width=&quot;24&quot;
                    xmlns=&quot;http://www.w3.org/2000/svg&quot;
                  &gt;
                    &lt;path
                      d=&quot;m15 5 6.3 6.3a2.4 2.4 0 0 1 0 3.4L17 19&quot;
                    /&gt;
                    &lt;path
                      d=&quot;M9.586 5.586A2 2 0 0 0 8.172 5H3a1 1 0 0 0-1 1v5.172a2 2 0 0 0 .586 1.414L8.29 18.29a2.426 2.426 0 0 0 3.42 0l3.58-3.58a2.426 2.426 0 0 0 0-3.42z&quot;
                    /&gt;
                    &lt;circle
                      cx=&quot;6.5&quot;
                      cy=&quot;9.5&quot;
                      fill=&quot;currentColor&quot;
                      r=&quot;.5&quot;
                    /&gt;
                  &lt;/svg&gt;
                  Categorías
                &lt;/button&gt;
                &lt;button
                  class=&quot;inline-flex items-center justify-center whitespace-nowrap rounded-md text-sm font-medium transition-all disabled:pointer-events-none disabled:opacity-50 [&amp;_svg]:pointer-events-none [&amp;_svg:not([class*=&apos;size-&apos;])]:size-4 shrink-0 [&amp;_svg]:shrink-0 outline-none focus-visible:border-ring focus-visible:ring-ring/50 focus-visible:ring-[3px] aria-invalid:ring-destructive/20 dark:aria-invalid:ring-destructive/40 aria-invalid:border-destructive bg-primary text-primary-foreground shadow-xs hover:bg-primary/90 h-9 px-4 py-2 has-[&gt;svg]:px-3 gap-1.5&quot;
                  data-ocid=&quot;expenses.create_button&quot;
                  data-slot=&quot;button&quot;
                  type=&quot;button&quot;
                &gt;
                  &lt;svg
                    aria-hidden=&quot;true&quot;
                    class=&quot;lucide lucide-plus size-4&quot;
                    fill=&quot;none&quot;
                    height=&quot;24&quot;
                    stroke=&quot;currentColor&quot;
                    stroke-linecap=&quot;round&quot;
                    stroke-linejoin=&quot;round&quot;
                    stroke-width=&quot;2&quot;
                    viewBox=&quot;0 0 24 24&quot;
                    width=&quot;24&quot;
                    xmlns=&quot;http://www.w3.org/2000/svg&quot;
                  &gt;
                    &lt;path
                      d=&quot;M5 12h14&quot;
                    /&gt;
                    &lt;path
                      d=&quot;M12 5v14&quot;
                    /&gt;
                  &lt;/svg&gt;
                  Registrar gasto
                &lt;/button&gt;
              &lt;/div&gt;
            &lt;/div&gt;
          &lt;/div&gt;
        &lt;/header&gt;
        &lt;section
          aria-label=&quot;Totales del periodo&quot;
          class=&quot;grid gap-4 sm:grid-cols-3&quot;
          data-ocid=&quot;expenses.kpi.section&quot;
        &gt;
          &lt;div
            class=&quot;bg-card text-card-foreground flex flex-col border relative gap-0 overflow-hidden rounded-lg py-0 shadow-none&quot;
            data-slot=&quot;card&quot;
          &gt;
            &lt;span
              aria-hidden=&quot;true&quot;
              class=&quot;absolute inset-y-0 left-0 w-0.5 bg-primary&quot;
            /&gt;
            &lt;div
              class=&quot;space-y-1 px-5 py-4&quot;
              data-slot=&quot;card-content&quot;
            ...
 ❯ src/pages/ExpensesPage.test.tsx:311:32
 ❯ runWithExpensiveErrorDiagnosticsDisabled ../../../../../../opt/pnpm-templates/build_template/node_modules/.pnpm/@testing-library+dom@10.4.2/node_modules/@testing-library/dom/dist/config.js:47:12
 ❯ checkCallback ../../../../../../opt/pnpm-templates/build_template/node_modules/.pnpm/@testing-library+dom@10.4.2/node_modules/@testing-library/dom/dist/wait-for.js:124:77
 ❯ Timeout.checkRealTimersCallback ../../../../../../opt/pnpm-templates/build_template/node_modules/.pnpm/@testing-library+dom@10.4.2/node_modules/@testing-library/dom/dist/wait-for.js:118:16
            </failure>
        </testcase>
        <testcase classname="src/pages/ExpensesPage.test.tsx" name="ExpensesPage &gt; registers an expense with the typed concept, amount and method" time="0.38321174">
            <failure message="expected null to match object { concept: &apos;Cambio de aceite&apos;, …(4) }" type="AssertionError">
AssertionError: expected null to match object { concept: &apos;Cambio de aceite&apos;, …(4) }

- Expected: 
{
  &quot;amount&quot;: 15050n,
  &quot;categoryId&quot;: 3n,
  &quot;concept&quot;: &quot;Cambio de aceite&quot;,
  &quot;paymentMethod&quot;: &quot;cash&quot;,
  &quot;tax&quot;: 1900n,
}

+ Received: 
null

 ❯ src/pages/ExpensesPage.test.tsx:339:48
            </failure>
        </testcase>
        <testcase classname="src/pages/ExpensesPage.test.tsx" name="ExpensesPage &gt; blocks a zero amount and does not call the backend" time="0.115754208">
        </testcase>
        <testcase classname="src/pages/ExpensesPage.test.tsx" name="ExpensesPage &gt; edits an existing expense with its current values" time="0.171339926">
            <failure message="expected null to be 1n // Object.is equality" type="AssertionError">
AssertionError: expected null to be 1n // Object.is equality

- Expected: 
1n

+ Received: 
null

 ❯ src/pages/ExpensesPage.test.tsx:386:48
            </failure>
        </testcase>
        <testcase classname="src/pages/ExpensesPage.test.tsx" name="ExpensesPage &gt; deletes an expense only after confirming" time="1.04788671">
            <failure message="expected &quot;spy&quot; to be called with arguments: [ 1n ][90m

Received: 

[1m  1st spy call:

[22m[2m  [[22m
[31m+   null,[90m
[2m    1n,[22m
[2m  ][22m
[39m[90m

Number of calls: [1m1[22m
[39m

Ignored nodes: comments, script, style
[36m&lt;html&gt;[39m
  [36m&lt;head /&gt;[39m
  [36m&lt;body[39m
    [33mstyle[39m=[32m&quot;&quot;[39m
  [36m&gt;[39m
    [36m&lt;div&gt;[39m
      [36m&lt;div[39m
        [33mclass[39m=[32m&quot;mx-auto w-full max-w-7xl animate-fade-in space-y-5&quot;[39m
        [33mdata-ocid[39m=[32m&quot;expenses.page&quot;[39m
      [36m&gt;[39m
        [36m&lt;header[39m
          [33mclass[39m=[32m&quot;space-y-4&quot;[39m
        [36m&gt;[39m
          [36m&lt;div[39m
            [33mclass[39m=[32m&quot;flex flex-wrap items-start justify-between gap-3&quot;[39m
          [36m&gt;[39m
            [36m&lt;div[39m
              [33mclass[39m=[32m&quot;min-w-0 space-y-1&quot;[39m
            [36m&gt;[39m
              [36m&lt;p[39m
                [33mclass[39m=[32m&quot;font-mono text-[10px] uppercase tracking-[0.18em] text-muted-foreground&quot;[39m
              [36m&gt;[39m
                [0mAdministración[0m
              [36m&lt;/p&gt;[39m
              [36m&lt;h1[39m
                [33mclass[39m=[32m&quot;font-display text-2xl font-semibold tracking-tight&quot;[39m
              [36m&gt;[39m
                [0mGastos[0m
              [36m&lt;/h1&gt;[39m
              [36m&lt;p[39m
                [33mclass[39m=[32m&quot;max-w-2xl text-sm text-muted-foreground&quot;[39m
              [36m&gt;[39m
                [0mRegistro de gastos operativos por categoría y periodo. Alimentan automáticamente el módulo de Contabilidad.[0m
              [36m&lt;/p&gt;[39m
            [36m&lt;/div&gt;[39m
            [36m&lt;div[39m
              [33mclass[39m=[32m&quot;flex shrink-0 flex-wrap items-center gap-2&quot;[39m
            [36m&gt;[39m
              [36m&lt;div[39m
                [33mclass[39m=[32m&quot;flex items-center gap-2&quot;[39m
              [36m&gt;[39m
                [36m&lt;button[39m
                  [33mclass[39m=[32m&quot;inline-flex items-center justify-center whitespace-nowrap rounded-md text-sm font-medium transition-all disabled:pointer-events-none disabled:opacity-50 [&amp;_svg]:pointer-events-none [&amp;_svg:not([class*=&apos;size-&apos;])]:size-4 shrink-0 [&amp;_svg]:shrink-0 outline-none focus-visible:border-ring focus-visible:ring-ring/50 focus-visible:ring-[3px] aria-invalid:ring-destructive/20 dark:aria-invalid:ring-destructive/40 aria-invalid:border-destructive border bg-background shadow-xs hover:bg-accent hover:text-accent-foreground dark:bg-input/30 dark:border-input dark:hover:bg-input/50 h-9 px-4 py-2 has-[&gt;svg]:px-3 gap-1.5&quot;[39m
                  [33mdata-ocid[39m=[32m&quot;expenses.manage_categories_button&quot;[39m
                  [33mdata-slot[39m=[32m&quot;button&quot;[39m
                  [33mtype[39m=[32m&quot;button&quot;[39m
                [36m&gt;[39m
                  [36m&lt;svg[39m
                    [33maria-hidden[39m=[32m&quot;true&quot;[39m
                    [33mclass[39m=[32m&quot;lucide lucide-tags size-4&quot;[39m
                    [33mfill[39m=[32m&quot;none&quot;[39m
                    [33mheight[39m=[32m&quot;24&quot;[39m
                    [33mstroke[39m=[32m&quot;currentColor&quot;[39m
                    [33mstroke-linecap[39m=[32m&quot;round&quot;[39m
                    [33mstroke-linejoin[39m=[32m&quot;round&quot;[39m
                    [33mstroke-width[39m=[32m&quot;2&quot;[39m
                    [33mviewBox[39m=[32m&quot;0 0 24 24&quot;[39m
                    [33mwidth[39m=[32m&quot;24&quot;[39m
                    [33mxmlns[39m=[32m&quot;http://www.w3.org/2000/svg&quot;[39m
                  [36m&gt;[39m
                    [36m&lt;path[39m
                      [33md[39m=[32m&quot;m15 5 6.3 6.3a2.4 2.4 0 0 1 0 3.4L17 19&quot;[39m
                    [36m/&gt;[39m
                    [36m&lt;path[39m
                      [33md[39m=[32m&quot;M9.586 5.586A2 2 0 0 0 8.172 5H3a1 1 0 0 0-1 1v5.172a2 2 0 0 0 .586 1.414L8.29 18.29a2.426 2.426 0 0 0 3.42 0l3.58-3.58a2.426 2.426 0 0 0 0-3.42z&quot;[39m
                    [36m/&gt;[39m
                    [36m&lt;circle[39m
                      [33mcx[39m=[32m&quot;6.5&quot;[39m
                      [33mcy[39m=[32m&quot;9.5&quot;[39m
                      [33mfill[39m=[32m&quot;currentColor&quot;[39m
                      [33mr[39m=[32m&quot;.5&quot;[39m
                    [36m/&gt;[39m
                  [36m&lt;/svg&gt;[39m
                  [0mCategorías[0m
                [36m&lt;/button&gt;[39m
                [36m&lt;button[39m
                  [33mclass[39m=[32m&quot;inline-flex items-center justify-center whitespace-nowrap rounded-md text-sm font-medium transition-all disabled:pointer-events-none disabled:opacity-50 [&amp;_svg]:pointer-events-none [&amp;_svg:not([class*=&apos;size-&apos;])]:size-4 shrink-0 [&amp;_svg]:shrink-0 outline-none focus-visible:border-ring focus-visible:ring-ring/50 focus-visible:ring-[3px] aria-invalid:ring-destructive/20 dark:aria-invalid:ring-destructive/40 aria-invalid:border-destructive bg-primary text-primary-foreground shadow-xs hover:bg-primary/90 h-9 px-4 py-2 has-[&gt;svg]:px-3 gap-1.5&quot;[39m
                  [33mdata-ocid[39m=[32m&quot;expenses.create_button&quot;[39m
                  [33mdata-slot[39m=[32m&quot;button&quot;[39m
                  [33mtype[39m=[32m&quot;button&quot;[39m
                [36m&gt;[39m
                  [36m&lt;svg[39m
                    [33maria-hidden[39m=[32m&quot;true&quot;[39m
                    [33mclass[39m=[32m&quot;lucide lucide-plus size-4&quot;[39m
                    [33mfill[39m=[32m&quot;none&quot;[39m
                    [33mheight[39m=[32m&quot;24&quot;[39m
                    [33mstroke[39m=[32m&quot;currentColor&quot;[39m
                    [33mstroke-linecap[39m=[32m&quot;round&quot;[39m
                    [33mstroke-linejoin[39m=[32m&quot;round&quot;[39m
                    [33mstroke-width[39m=[32m&quot;2&quot;[39m
                    [33mviewBox[39m=[32m&quot;0 0 24 24&quot;[39m
                    [33mwidth[39m=[32m&quot;24&quot;[39m
                    [33mxmlns[39m=[32m&quot;http://www.w3.org/2000/svg&quot;[39m
                  [36m&gt;[39m
                    [36m&lt;path[39m
                      [33md[39m=[32m&quot;M5 12h14&quot;[39m
                    [36m/&gt;[39m
                    [36m&lt;path[39m
                      [33md[39m=[32m&quot;M12 5v14&quot;[39m
                    [36m/&gt;[39m
                  [36m&lt;/svg&gt;[39m
                  [0mRegistrar gasto[0m
                [36m&lt;/button&gt;[39m
              [36m&lt;/div&gt;[39m
            [36m&lt;/div&gt;[39m
          [36m&lt;/div&gt;[39m
        [36m&lt;/header&gt;[39m
        [36m&lt;section[39m
          [33maria-label[39m=[32m&quot;Totales del periodo&quot;[39m
          [33mclass[39m=[32m&quot;grid gap-4 sm:grid-cols-3&quot;[39m
          [33mdata-ocid[39m=[32m&quot;expenses.kpi.section&quot;[39m
        [36m&gt;[39m
          [36m&lt;div[39m
            [33mclass[39m=[32m&quot;bg-card text-card-foreground flex flex-col border relative gap-0 overflow-hidden rounded-lg py-0 shadow-none&quot;[39m
            [33mdata-slot[39m=[32m&quot;card&quot;[39m
          [36m&gt;[39m
            [36m&lt;span[39m
              [33maria-hidden[39m=[32m&quot;true&quot;[39m
              [33mclass[39m=[32m&quot;absolute inset-y-0 left-0 w-0.5 bg-primary&quot;[39m
            [36m/&gt;[39m
            [36m&lt;div[39m
              [33mclass[39m=[32m&quot;space-y-1 px-5 py-4&quot;[39m
              [33mdata-slot[39m=[32m&quot;card-content&quot;[39m
            ..." type="AssertionError">
AssertionError: expected &quot;spy&quot; to be called with arguments: [ 1n ]

Received: 

  1st spy call:

  [
+   null,
    1n,
  ]


Number of calls: 1


Ignored nodes: comments, script, style
&lt;html&gt;
  &lt;head /&gt;
  &lt;body
    style=&quot;&quot;
  &gt;
    &lt;div&gt;
      &lt;div
        class=&quot;mx-auto w-full max-w-7xl animate-fade-in space-y-5&quot;
        data-ocid=&quot;expenses.page&quot;
      &gt;
        &lt;header
          class=&quot;space-y-4&quot;
        &gt;
          &lt;div
            class=&quot;flex flex-wrap items-start justify-between gap-3&quot;
          &gt;
            &lt;div
              class=&quot;min-w-0 space-y-1&quot;
            &gt;
              &lt;p
                class=&quot;font-mono text-[10px] uppercase tracking-[0.18em] text-muted-foreground&quot;
              &gt;
                Administración
              &lt;/p&gt;
              &lt;h1
                class=&quot;font-display text-2xl font-semibold tracking-tight&quot;
              &gt;
                Gastos
              &lt;/h1&gt;
              &lt;p
                class=&quot;max-w-2xl text-sm text-muted-foreground&quot;
              &gt;
                Registro de gastos operativos por categoría y periodo. Alimentan automáticamente el módulo de Contabilidad.
              &lt;/p&gt;
            &lt;/div&gt;
            &lt;div
              class=&quot;flex shrink-0 flex-wrap items-center gap-2&quot;
            &gt;
              &lt;div
                class=&quot;flex items-center gap-2&quot;
              &gt;
                &lt;button
                  class=&quot;inline-flex items-center justify-center whitespace-nowrap rounded-md text-sm font-medium transition-all disabled:pointer-events-none disabled:opacity-50 [&amp;_svg]:pointer-events-none [&amp;_svg:not([class*=&apos;size-&apos;])]:size-4 shrink-0 [&amp;_svg]:shrink-0 outline-none focus-visible:border-ring focus-visible:ring-ring/50 focus-visible:ring-[3px] aria-invalid:ring-destructive/20 dark:aria-invalid:ring-destructive/40 aria-invalid:border-destructive border bg-background shadow-xs hover:bg-accent hover:text-accent-foreground dark:bg-input/30 dark:border-input dark:hover:bg-input/50 h-9 px-4 py-2 has-[&gt;svg]:px-3 gap-1.5&quot;
                  data-ocid=&quot;expenses.manage_categories_button&quot;
                  data-slot=&quot;button&quot;
                  type=&quot;button&quot;
                &gt;
                  &lt;svg
                    aria-hidden=&quot;true&quot;
                    class=&quot;lucide lucide-tags size-4&quot;
                    fill=&quot;none&quot;
                    height=&quot;24&quot;
                    stroke=&quot;currentColor&quot;
                    stroke-linecap=&quot;round&quot;
                    stroke-linejoin=&quot;round&quot;
                    stroke-width=&quot;2&quot;
                    viewBox=&quot;0 0 24 24&quot;
                    width=&quot;24&quot;
                    xmlns=&quot;http://www.w3.org/2000/svg&quot;
                  &gt;
                    &lt;path
                      d=&quot;m15 5 6.3 6.3a2.4 2.4 0 0 1 0 3.4L17 19&quot;
                    /&gt;
                    &lt;path
                      d=&quot;M9.586 5.586A2 2 0 0 0 8.172 5H3a1 1 0 0 0-1 1v5.172a2 2 0 0 0 .586 1.414L8.29 18.29a2.426 2.426 0 0 0 3.42 0l3.58-3.58a2.426 2.426 0 0 0 0-3.42z&quot;
                    /&gt;
                    &lt;circle
                      cx=&quot;6.5&quot;
                      cy=&quot;9.5&quot;
                      fill=&quot;currentColor&quot;
                      r=&quot;.5&quot;
                    /&gt;
                  &lt;/svg&gt;
                  Categorías
                &lt;/button&gt;
                &lt;button
                  class=&quot;inline-flex items-center justify-center whitespace-nowrap rounded-md text-sm font-medium transition-all disabled:pointer-events-none disabled:opacity-50 [&amp;_svg]:pointer-events-none [&amp;_svg:not([class*=&apos;size-&apos;])]:size-4 shrink-0 [&amp;_svg]:shrink-0 outline-none focus-visible:border-ring focus-visible:ring-ring/50 focus-visible:ring-[3px] aria-invalid:ring-destructive/20 dark:aria-invalid:ring-destructive/40 aria-invalid:border-destructive bg-primary text-primary-foreground shadow-xs hover:bg-primary/90 h-9 px-4 py-2 has-[&gt;svg]:px-3 gap-1.5&quot;
                  data-ocid=&quot;expenses.create_button&quot;
                  data-slot=&quot;button&quot;
                  type=&quot;button&quot;
                &gt;
                  &lt;svg
                    aria-hidden=&quot;true&quot;
                    class=&quot;lucide lucide-plus size-4&quot;
                    fill=&quot;none&quot;
                    height=&quot;24&quot;
                    stroke=&quot;currentColor&quot;
                    stroke-linecap=&quot;round&quot;
                    stroke-linejoin=&quot;round&quot;
                    stroke-width=&quot;2&quot;
                    viewBox=&quot;0 0 24 24&quot;
                    width=&quot;24&quot;
                    xmlns=&quot;http://www.w3.org/2000/svg&quot;
                  &gt;
                    &lt;path
                      d=&quot;M5 12h14&quot;
                    /&gt;
                    &lt;path
                      d=&quot;M12 5v14&quot;
                    /&gt;
                  &lt;/svg&gt;
                  Registrar gasto
                &lt;/button&gt;
              &lt;/div&gt;
            &lt;/div&gt;
          &lt;/div&gt;
        &lt;/header&gt;
        &lt;section
          aria-label=&quot;Totales del periodo&quot;
          class=&quot;grid gap-4 sm:grid-cols-3&quot;
          data-ocid=&quot;expenses.kpi.section&quot;
        &gt;
          &lt;div
            class=&quot;bg-card text-card-foreground flex flex-col border relative gap-0 overflow-hidden rounded-lg py-0 shadow-none&quot;
            data-slot=&quot;card&quot;
          &gt;
            &lt;span
              aria-hidden=&quot;true&quot;
              class=&quot;absolute inset-y-0 left-0 w-0.5 bg-primary&quot;
            /&gt;
            &lt;div
              class=&quot;space-y-1 px-5 py-4&quot;
              data-slot=&quot;card-content&quot;
            ...
 ❯ src/pages/ExpensesPage.test.tsx:403:51
 ❯ runWithExpensiveErrorDiagnosticsDisabled ../../../../../../opt/pnpm-templates/build_template/node_modules/.pnpm/@testing-library+dom@10.4.2/node_modules/@testing-library/dom/dist/config.js:47:12
 ❯ checkCallback ../../../../../../opt/pnpm-templates/build_template/node_modules/.pnpm/@testing-library+dom@10.4.2/node_modules/@testing-library/dom/dist/wait-for.js:124:77
 ❯ Timeout.checkRealTimersCallback ../../../../../../opt/pnpm-templates/build_template/node_modules/.pnpm/@testing-library+dom@10.4.2/node_modules/@testing-library/dom/dist/wait-for.js:118:16
            </failure>
        </testcase>
        <testcase classname="src/pages/ExpensesPage.test.tsx" name="ExpensesPage &gt; offers the registered suppliers in the expense form" time="0.087619641">
        </testcase>
        <testcase classname="src/pages/ExpensesPage.test.tsx" name="ExpensesPage &gt; reports a successful save with a notification" time="0.19453186">
        </testcase>
        <testcase classname="src/pages/ExpensesPage.test.tsx" name="ExpensesPage &gt; sources the category selector from the backend categories" time="0.056166105">
        </testcase>
        <testcase classname="src/pages/ExpensesPage.test.tsx" name="ExpensesPage &gt; creates a category from the management dialog and shows it immediately" time="1.06718758">
            <failure message="expected &quot;spy&quot; to be called with arguments: [ { name: &apos;Lavado&apos;, description: &apos;&apos; } ][90m

Received: 

[1m  1st spy call:

[22m[2m  [[22m
[31m+   null,[90m
[2m    {[22m
[2m      &quot;description&quot;: &quot;&quot;,[22m
[2m      &quot;name&quot;: &quot;Lavado&quot;,[22m
[2m    },[22m
[2m  ][22m
[39m[90m

Number of calls: [1m1[22m
[39m

Ignored nodes: comments, script, style
[36m&lt;html&gt;[39m
  [36m&lt;head /&gt;[39m
  [36m&lt;body[39m
    [33mdata-scroll-locked[39m=[32m&quot;1&quot;[39m
    [33mstyle[39m=[32m&quot;pointer-events: none;&quot;[39m
  [36m&gt;[39m
    [36m&lt;span[39m
      [33maria-hidden[39m=[32m&quot;true&quot;[39m
      [33mdata-aria-hidden[39m=[32m&quot;true&quot;[39m
      [33mdata-radix-focus-guard[39m=[32m&quot;&quot;[39m
      [33mstyle[39m=[32m&quot;outline: none; opacity: 0; position: fixed; pointer-events: none;&quot;[39m
      [33mtabindex[39m=[32m&quot;0&quot;[39m
    [36m/&gt;[39m
    [36m&lt;div[39m
      [33maria-hidden[39m=[32m&quot;true&quot;[39m
      [33mdata-aria-hidden[39m=[32m&quot;true&quot;[39m
    [36m&gt;[39m
      [36m&lt;div[39m
        [33mclass[39m=[32m&quot;mx-auto w-full max-w-7xl animate-fade-in space-y-5&quot;[39m
        [33mdata-ocid[39m=[32m&quot;expenses.page&quot;[39m
      [36m&gt;[39m
        [36m&lt;header[39m
          [33mclass[39m=[32m&quot;space-y-4&quot;[39m
        [36m&gt;[39m
          [36m&lt;div[39m
            [33mclass[39m=[32m&quot;flex flex-wrap items-start justify-between gap-3&quot;[39m
          [36m&gt;[39m
            [36m&lt;div[39m
              [33mclass[39m=[32m&quot;min-w-0 space-y-1&quot;[39m
            [36m&gt;[39m
              [36m&lt;p[39m
                [33mclass[39m=[32m&quot;font-mono text-[10px] uppercase tracking-[0.18em] text-muted-foreground&quot;[39m
              [36m&gt;[39m
                [0mAdministración[0m
              [36m&lt;/p&gt;[39m
              [36m&lt;h1[39m
                [33mclass[39m=[32m&quot;font-display text-2xl font-semibold tracking-tight&quot;[39m
              [36m&gt;[39m
                [0mGastos[0m
              [36m&lt;/h1&gt;[39m
              [36m&lt;p[39m
                [33mclass[39m=[32m&quot;max-w-2xl text-sm text-muted-foreground&quot;[39m
              [36m&gt;[39m
                [0mRegistro de gastos operativos por categoría y periodo. Alimentan automáticamente el módulo de Contabilidad.[0m
              [36m&lt;/p&gt;[39m
            [36m&lt;/div&gt;[39m
            [36m&lt;div[39m
              [33mclass[39m=[32m&quot;flex shrink-0 flex-wrap items-center gap-2&quot;[39m
            [36m&gt;[39m
              [36m&lt;div[39m
                [33mclass[39m=[32m&quot;flex items-center gap-2&quot;[39m
              [36m&gt;[39m
                [36m&lt;button[39m
                  [33mclass[39m=[32m&quot;inline-flex items-center justify-center whitespace-nowrap rounded-md text-sm font-medium transition-all disabled:pointer-events-none disabled:opacity-50 [&amp;_svg]:pointer-events-none [&amp;_svg:not([class*=&apos;size-&apos;])]:size-4 shrink-0 [&amp;_svg]:shrink-0 outline-none focus-visible:border-ring focus-visible:ring-ring/50 focus-visible:ring-[3px] aria-invalid:ring-destructive/20 dark:aria-invalid:ring-destructive/40 aria-invalid:border-destructive border bg-background shadow-xs hover:bg-accent hover:text-accent-foreground dark:bg-input/30 dark:border-input dark:hover:bg-input/50 h-9 px-4 py-2 has-[&gt;svg]:px-3 gap-1.5&quot;[39m
                  [33mdata-ocid[39m=[32m&quot;expenses.manage_categories_button&quot;[39m
                  [33mdata-slot[39m=[32m&quot;button&quot;[39m
                  [33mtype[39m=[32m&quot;button&quot;[39m
                [36m&gt;[39m
                  [36m&lt;svg[39m
                    [33maria-hidden[39m=[32m&quot;true&quot;[39m
                    [33mclass[39m=[32m&quot;lucide lucide-tags size-4&quot;[39m
                    [33mfill[39m=[32m&quot;none&quot;[39m
                    [33mheight[39m=[32m&quot;24&quot;[39m
                    [33mstroke[39m=[32m&quot;currentColor&quot;[39m
                    [33mstroke-linecap[39m=[32m&quot;round&quot;[39m
                    [33mstroke-linejoin[39m=[32m&quot;round&quot;[39m
                    [33mstroke-width[39m=[32m&quot;2&quot;[39m
                    [33mviewBox[39m=[32m&quot;0 0 24 24&quot;[39m
                    [33mwidth[39m=[32m&quot;24&quot;[39m
                    [33mxmlns[39m=[32m&quot;http://www.w3.org/2000/svg&quot;[39m
                  [36m&gt;[39m
                    [36m&lt;path[39m
                      [33md[39m=[32m&quot;m15 5 6.3 6.3a2.4 2.4 0 0 1 0 3.4L17 19&quot;[39m
                    [36m/&gt;[39m
                    [36m&lt;path[39m
                      [33md[39m=[32m&quot;M9.586 5.586A2 2 0 0 0 8.172 5H3a1 1 0 0 0-1 1v5.172a2 2 0 0 0 .586 1.414L8.29 18.29a2.426 2.426 0 0 0 3.42 0l3.58-3.58a2.426 2.426 0 0 0 0-3.42z&quot;[39m
                    [36m/&gt;[39m
                    [36m&lt;circle[39m
                      [33mcx[39m=[32m&quot;6.5&quot;[39m
                      [33mcy[39m=[32m&quot;9.5&quot;[39m
                      [33mfill[39m=[32m&quot;currentColor&quot;[39m
                      [33mr[39m=[32m&quot;.5&quot;[39m
                    [36m/&gt;[39m
                  [36m&lt;/svg&gt;[39m
                  [0mCategorías[0m
                [36m&lt;/button&gt;[39m
                [36m&lt;button[39m
                  [33mclass[39m=[32m&quot;inline-flex items-center justify-center whitespace-nowrap rounded-md text-sm font-medium transition-all disabled:pointer-events-none disabled:opacity-50 [&amp;_svg]:pointer-events-none [&amp;_svg:not([class*=&apos;size-&apos;])]:size-4 shrink-0 [&amp;_svg]:shrink-0 outline-none focus-visible:border-ring focus-visible:ring-ring/50 focus-visible:ring-[3px] aria-invalid:ring-destructive/20 dark:aria-invalid:ring-destructive/40 aria-invalid:border-destructive bg-primary text-primary-foreground shadow-xs hover:bg-primary/90 h-9 px-4 py-2 has-[&gt;svg]:px-3 gap-1.5&quot;[39m
                  [33mdata-ocid[39m=[32m&quot;expenses.create_button&quot;[39m
                  [33mdata-slot[39m=[32m&quot;button&quot;[39m
                  [33mtype[39m=[32m&quot;button&quot;[39m
                [36m&gt;[39m
                  [36m&lt;svg[39m
                    [33maria-hidden[39m=[32m&quot;true&quot;[39m
                    [33mclass[39m=[32m&quot;lucide lucide-plus size-4&quot;[39m
                    [33mfill[39m=[32m&quot;none&quot;[39m
                    [33mheight[39m=[32m&quot;24&quot;[39m
                    [33mstroke[39m=[32m&quot;currentColor&quot;[39m
                    [33mstroke-linecap[39m=[32m&quot;round&quot;[39m
                    [33mstroke-linejoin[39m=[32m&quot;round&quot;[39m
                    [33mstroke-width[39m=[32m&quot;2&quot;[39m
                    [33mviewBox[39m=[32m&quot;0 0 24 24&quot;[39m
                    [33mwidth[39m=[32m&quot;24&quot;[39m
                    [33mxmlns[39m=[32m&quot;http://www.w3.org/2000/svg&quot;[39m
                  [36m&gt;[39m
                    [36m&lt;path[39m
                      [33md[39m=[32m&quot;M5 12h14&quot;[39m
                    [36m/&gt;[39m
                    [36m&lt;path[39m
                      [33md[39m=[32m&quot;M12 5v14&quot;[39m
                    [36m/&gt;[39m
                  [36m&lt;/svg&gt;[39m
                  [0mRegistrar gasto[0m
                [36m&lt;/button&gt;[39m
              [36m&lt;/div&gt;[39m
            [36m&lt;/div&gt;[39m
          [36m&lt;/div&gt;[39m
        [36m&lt;/header&gt;[39m
        [36m&lt;section[39m
          [33maria-label[39m=[32m&quot;Totales del periodo&quot;[39m
          [33mclass[39m=[32m&quot;grid gap-4 sm:grid-cols-3&quot;[39m
          [33mdata-ocid[39m=[32m&quot;expenses.kpi.section&quot;[39m
        [36m&gt;[39m
          [36m&lt;div[39m
            [33mclass[39m=[32m&quot;bg-card text-card-foreground flex fl..." type="AssertionError">
AssertionError: expected &quot;spy&quot; to be called with arguments: [ { name: &apos;Lavado&apos;, description: &apos;&apos; } ]

Received: 

  1st spy call:

  [
+   null,
    {
      &quot;description&quot;: &quot;&quot;,
      &quot;name&quot;: &quot;Lavado&quot;,
    },
  ]


Number of calls: 1


Ignored nodes: comments, script, style
&lt;html&gt;
  &lt;head /&gt;
  &lt;body
    data-scroll-locked=&quot;1&quot;
    style=&quot;pointer-events: none;&quot;
  &gt;
    &lt;span
      aria-hidden=&quot;true&quot;
      data-aria-hidden=&quot;true&quot;
      data-radix-focus-guard=&quot;&quot;
      style=&quot;outline: none; opacity: 0; position: fixed; pointer-events: none;&quot;
      tabindex=&quot;0&quot;
    /&gt;
    &lt;div
      aria-hidden=&quot;true&quot;
      data-aria-hidden=&quot;true&quot;
    &gt;
      &lt;div
        class=&quot;mx-auto w-full max-w-7xl animate-fade-in space-y-5&quot;
        data-ocid=&quot;expenses.page&quot;
      &gt;
        &lt;header
          class=&quot;space-y-4&quot;
        &gt;
          &lt;div
            class=&quot;flex flex-wrap items-start justify-between gap-3&quot;
          &gt;
            &lt;div
              class=&quot;min-w-0 space-y-1&quot;
            &gt;
              &lt;p
                class=&quot;font-mono text-[10px] uppercase tracking-[0.18em] text-muted-foreground&quot;
              &gt;
                Administración
              &lt;/p&gt;
              &lt;h1
                class=&quot;font-display text-2xl font-semibold tracking-tight&quot;
              &gt;
                Gastos
              &lt;/h1&gt;
              &lt;p
                class=&quot;max-w-2xl text-sm text-muted-foreground&quot;
              &gt;
                Registro de gastos operativos por categoría y periodo. Alimentan automáticamente el módulo de Contabilidad.
              &lt;/p&gt;
            &lt;/div&gt;
            &lt;div
              class=&quot;flex shrink-0 flex-wrap items-center gap-2&quot;
            &gt;
              &lt;div
                class=&quot;flex items-center gap-2&quot;
              &gt;
                &lt;button
                  class=&quot;inline-flex items-center justify-center whitespace-nowrap rounded-md text-sm font-medium transition-all disabled:pointer-events-none disabled:opacity-50 [&amp;_svg]:pointer-events-none [&amp;_svg:not([class*=&apos;size-&apos;])]:size-4 shrink-0 [&amp;_svg]:shrink-0 outline-none focus-visible:border-ring focus-visible:ring-ring/50 focus-visible:ring-[3px] aria-invalid:ring-destructive/20 dark:aria-invalid:ring-destructive/40 aria-invalid:border-destructive border bg-background shadow-xs hover:bg-accent hover:text-accent-foreground dark:bg-input/30 dark:border-input dark:hover:bg-input/50 h-9 px-4 py-2 has-[&gt;svg]:px-3 gap-1.5&quot;
                  data-ocid=&quot;expenses.manage_categories_button&quot;
                  data-slot=&quot;button&quot;
                  type=&quot;button&quot;
                &gt;
                  &lt;svg
                    aria-hidden=&quot;true&quot;
                    class=&quot;lucide lucide-tags size-4&quot;
                    fill=&quot;none&quot;
                    height=&quot;24&quot;
                    stroke=&quot;currentColor&quot;
                    stroke-linecap=&quot;round&quot;
                    stroke-linejoin=&quot;round&quot;
                    stroke-width=&quot;2&quot;
                    viewBox=&quot;0 0 24 24&quot;
                    width=&quot;24&quot;
                    xmlns=&quot;http://www.w3.org/2000/svg&quot;
                  &gt;
                    &lt;path
                      d=&quot;m15 5 6.3 6.3a2.4 2.4 0 0 1 0 3.4L17 19&quot;
                    /&gt;
                    &lt;path
                      d=&quot;M9.586 5.586A2 2 0 0 0 8.172 5H3a1 1 0 0 0-1 1v5.172a2 2 0 0 0 .586 1.414L8.29 18.29a2.426 2.426 0 0 0 3.42 0l3.58-3.58a2.426 2.426 0 0 0 0-3.42z&quot;
                    /&gt;
                    &lt;circle
                      cx=&quot;6.5&quot;
                      cy=&quot;9.5&quot;
                      fill=&quot;currentColor&quot;
                      r=&quot;.5&quot;
                    /&gt;
                  &lt;/svg&gt;
                  Categorías
                &lt;/button&gt;
                &lt;button
                  class=&quot;inline-flex items-center justify-center whitespace-nowrap rounded-md text-sm font-medium transition-all disabled:pointer-events-none disabled:opacity-50 [&amp;_svg]:pointer-events-none [&amp;_svg:not([class*=&apos;size-&apos;])]:size-4 shrink-0 [&amp;_svg]:shrink-0 outline-none focus-visible:border-ring focus-visible:ring-ring/50 focus-visible:ring-[3px] aria-invalid:ring-destructive/20 dark:aria-invalid:ring-destructive/40 aria-invalid:border-destructive bg-primary text-primary-foreground shadow-xs hover:bg-primary/90 h-9 px-4 py-2 has-[&gt;svg]:px-3 gap-1.5&quot;
                  data-ocid=&quot;expenses.create_button&quot;
                  data-slot=&quot;button&quot;
                  type=&quot;button&quot;
                &gt;
                  &lt;svg
                    aria-hidden=&quot;true&quot;
                    class=&quot;lucide lucide-plus size-4&quot;
                    fill=&quot;none&quot;
                    height=&quot;24&quot;
                    stroke=&quot;currentColor&quot;
                    stroke-linecap=&quot;round&quot;
                    stroke-linejoin=&quot;round&quot;
                    stroke-width=&quot;2&quot;
                    viewBox=&quot;0 0 24 24&quot;
                    width=&quot;24&quot;
                    xmlns=&quot;http://www.w3.org/2000/svg&quot;
                  &gt;
                    &lt;path
                      d=&quot;M5 12h14&quot;
                    /&gt;
                    &lt;path
                      d=&quot;M12 5v14&quot;
                    /&gt;
                  &lt;/svg&gt;
                  Registrar gasto
                &lt;/button&gt;
              &lt;/div&gt;
            &lt;/div&gt;
          &lt;/div&gt;
        &lt;/header&gt;
        &lt;section
          aria-label=&quot;Totales del periodo&quot;
          class=&quot;grid gap-4 sm:grid-cols-3&quot;
          data-ocid=&quot;expenses.kpi.section&quot;
        &gt;
          &lt;div
            class=&quot;bg-card text-card-foreground flex fl...
 ❯ src/pages/ExpensesPage.test.tsx:495:41
 ❯ runWithExpensiveErrorDiagnosticsDisabled ../../../../../../opt/pnpm-templates/build_template/node_modules/.pnpm/@testing-library+dom@10.4.2/node_modules/@testing-library/dom/dist/config.js:47:12
 ❯ checkCallback ../../../../../../opt/pnpm-templates/build_template/node_modules/.pnpm/@testing-library+dom@10.4.2/node_modules/@testing-library/dom/dist/wait-for.js:124:77
 ❯ Timeout.checkRealTimersCallback ../../../../../../opt/pnpm-templates/build_template/node_modules/.pnpm/@testing-library+dom@10.4.2/node_modules/@testing-library/dom/dist/wait-for.js:118:16
            </failure>
        </testcase>
        <testcase classname="src/pages/ExpensesPage.test.tsx" name="ExpensesPage &gt; renames a category and reflects the change on the expenses that use it" time="1.152587094">
            <failure message="expected &quot;spy&quot; to be called with arguments: [ 3n, { …(2) } ][90m

Received: 

[1m  1st spy call:

[22m[33m@@ -1,6 +1,7 @@[90m
[2m  [[22m
[31m+   null,[90m
[2m    3n,[22m
[2m    {[22m
[2m      &quot;description&quot;: &quot;Compra de repuestos y consumibles&quot;,[22m
[2m      &quot;name&quot;: &quot;Repuestos y consumibles&quot;,[22m
[2m    },[22m
[39m[90m

Number of calls: [1m1[22m
[39m

Ignored nodes: comments, script, style
[36m&lt;html&gt;[39m
  [36m&lt;head /&gt;[39m
  [36m&lt;body[39m
    [33mdata-scroll-locked[39m=[32m&quot;1&quot;[39m
    [33mstyle[39m=[32m&quot;pointer-events: none;&quot;[39m
  [36m&gt;[39m
    [36m&lt;span[39m
      [33maria-hidden[39m=[32m&quot;true&quot;[39m
      [33mdata-aria-hidden[39m=[32m&quot;true&quot;[39m
      [33mdata-radix-focus-guard[39m=[32m&quot;&quot;[39m
      [33mstyle[39m=[32m&quot;outline: none; opacity: 0; position: fixed; pointer-events: none;&quot;[39m
      [33mtabindex[39m=[32m&quot;0&quot;[39m
    [36m/&gt;[39m
    [36m&lt;div[39m
      [33maria-hidden[39m=[32m&quot;true&quot;[39m
      [33mdata-aria-hidden[39m=[32m&quot;true&quot;[39m
    [36m&gt;[39m
      [36m&lt;div[39m
        [33mclass[39m=[32m&quot;mx-auto w-full max-w-7xl animate-fade-in space-y-5&quot;[39m
        [33mdata-ocid[39m=[32m&quot;expenses.page&quot;[39m
      [36m&gt;[39m
        [36m&lt;header[39m
          [33mclass[39m=[32m&quot;space-y-4&quot;[39m
        [36m&gt;[39m
          [36m&lt;div[39m
            [33mclass[39m=[32m&quot;flex flex-wrap items-start justify-between gap-3&quot;[39m
          [36m&gt;[39m
            [36m&lt;div[39m
              [33mclass[39m=[32m&quot;min-w-0 space-y-1&quot;[39m
            [36m&gt;[39m
              [36m&lt;p[39m
                [33mclass[39m=[32m&quot;font-mono text-[10px] uppercase tracking-[0.18em] text-muted-foreground&quot;[39m
              [36m&gt;[39m
                [0mAdministración[0m
              [36m&lt;/p&gt;[39m
              [36m&lt;h1[39m
                [33mclass[39m=[32m&quot;font-display text-2xl font-semibold tracking-tight&quot;[39m
              [36m&gt;[39m
                [0mGastos[0m
              [36m&lt;/h1&gt;[39m
              [36m&lt;p[39m
                [33mclass[39m=[32m&quot;max-w-2xl text-sm text-muted-foreground&quot;[39m
              [36m&gt;[39m
                [0mRegistro de gastos operativos por categoría y periodo. Alimentan automáticamente el módulo de Contabilidad.[0m
              [36m&lt;/p&gt;[39m
            [36m&lt;/div&gt;[39m
            [36m&lt;div[39m
              [33mclass[39m=[32m&quot;flex shrink-0 flex-wrap items-center gap-2&quot;[39m
            [36m&gt;[39m
              [36m&lt;div[39m
                [33mclass[39m=[32m&quot;flex items-center gap-2&quot;[39m
              [36m&gt;[39m
                [36m&lt;button[39m
                  [33mclass[39m=[32m&quot;inline-flex items-center justify-center whitespace-nowrap rounded-md text-sm font-medium transition-all disabled:pointer-events-none disabled:opacity-50 [&amp;_svg]:pointer-events-none [&amp;_svg:not([class*=&apos;size-&apos;])]:size-4 shrink-0 [&amp;_svg]:shrink-0 outline-none focus-visible:border-ring focus-visible:ring-ring/50 focus-visible:ring-[3px] aria-invalid:ring-destructive/20 dark:aria-invalid:ring-destructive/40 aria-invalid:border-destructive border bg-background shadow-xs hover:bg-accent hover:text-accent-foreground dark:bg-input/30 dark:border-input dark:hover:bg-input/50 h-9 px-4 py-2 has-[&gt;svg]:px-3 gap-1.5&quot;[39m
                  [33mdata-ocid[39m=[32m&quot;expenses.manage_categories_button&quot;[39m
                  [33mdata-slot[39m=[32m&quot;button&quot;[39m
                  [33mtype[39m=[32m&quot;button&quot;[39m
                [36m&gt;[39m
                  [36m&lt;svg[39m
                    [33maria-hidden[39m=[32m&quot;true&quot;[39m
                    [33mclass[39m=[32m&quot;lucide lucide-tags size-4&quot;[39m
                    [33mfill[39m=[32m&quot;none&quot;[39m
                    [33mheight[39m=[32m&quot;24&quot;[39m
                    [33mstroke[39m=[32m&quot;currentColor&quot;[39m
                    [33mstroke-linecap[39m=[32m&quot;round&quot;[39m
                    [33mstroke-linejoin[39m=[32m&quot;round&quot;[39m
                    [33mstroke-width[39m=[32m&quot;2&quot;[39m
                    [33mviewBox[39m=[32m&quot;0 0 24 24&quot;[39m
                    [33mwidth[39m=[32m&quot;24&quot;[39m
                    [33mxmlns[39m=[32m&quot;http://www.w3.org/2000/svg&quot;[39m
                  [36m&gt;[39m
                    [36m&lt;path[39m
                      [33md[39m=[32m&quot;m15 5 6.3 6.3a2.4 2.4 0 0 1 0 3.4L17 19&quot;[39m
                    [36m/&gt;[39m
                    [36m&lt;path[39m
                      [33md[39m=[32m&quot;M9.586 5.586A2 2 0 0 0 8.172 5H3a1 1 0 0 0-1 1v5.172a2 2 0 0 0 .586 1.414L8.29 18.29a2.426 2.426 0 0 0 3.42 0l3.58-3.58a2.426 2.426 0 0 0 0-3.42z&quot;[39m
                    [36m/&gt;[39m
                    [36m&lt;circle[39m
                      [33mcx[39m=[32m&quot;6.5&quot;[39m
                      [33mcy[39m=[32m&quot;9.5&quot;[39m
                      [33mfill[39m=[32m&quot;currentColor&quot;[39m
                      [33mr[39m=[32m&quot;.5&quot;[39m
                    [36m/&gt;[39m
                  [36m&lt;/svg&gt;[39m
                  [0mCategorías[0m
                [36m&lt;/button&gt;[39m
                [36m&lt;button[39m
                  [33mclass[39m=[32m&quot;inline-flex items-center justify-center whitespace-nowrap rounded-md text-sm font-medium transition-all disabled:pointer-events-none disabled:opacity-50 [&amp;_svg]:pointer-events-none [&amp;_svg:not([class*=&apos;size-&apos;])]:size-4 shrink-0 [&amp;_svg]:shrink-0 outline-none focus-visible:border-ring focus-visible:ring-ring/50 focus-visible:ring-[3px] aria-invalid:ring-destructive/20 dark:aria-invalid:ring-destructive/40 aria-invalid:border-destructive bg-primary text-primary-foreground shadow-xs hover:bg-primary/90 h-9 px-4 py-2 has-[&gt;svg]:px-3 gap-1.5&quot;[39m
                  [33mdata-ocid[39m=[32m&quot;expenses.create_button&quot;[39m
                  [33mdata-slot[39m=[32m&quot;button&quot;[39m
                  [33mtype[39m=[32m&quot;button&quot;[39m
                [36m&gt;[39m
                  [36m&lt;svg[39m
                    [33maria-hidden[39m=[32m&quot;true&quot;[39m
                    [33mclass[39m=[32m&quot;lucide lucide-plus size-4&quot;[39m
                    [33mfill[39m=[32m&quot;none&quot;[39m
                    [33mheight[39m=[32m&quot;24&quot;[39m
                    [33mstroke[39m=[32m&quot;currentColor&quot;[39m
                    [33mstroke-linecap[39m=[32m&quot;round&quot;[39m
                    [33mstroke-linejoin[39m=[32m&quot;round&quot;[39m
                    [33mstroke-width[39m=[32m&quot;2&quot;[39m
                    [33mviewBox[39m=[32m&quot;0 0 24 24&quot;[39m
                    [33mwidth[39m=[32m&quot;24&quot;[39m
                    [33mxmlns[39m=[32m&quot;http://www.w3.org/2000/svg&quot;[39m
                  [36m&gt;[39m
                    [36m&lt;path[39m
                      [33md[39m=[32m&quot;M5 12h14&quot;[39m
                    [36m/&gt;[39m
                    [36m&lt;path[39m
                      [33md[39m=[32m&quot;M12 5v14&quot;[39m
                    [36m/&gt;[39m
                  [36m&lt;/svg&gt;[39m
                  [0mRegistrar gasto[0m
                [36m&lt;/button&gt;[39m
              [36m&lt;/div&gt;[39m
            [36m&lt;/div&gt;[39m
          [36m&lt;/div&gt;[39m
        [36m&lt;/header&gt;[39m
        [36m&lt;section[39m
          [33maria-label[39m=[32m&quot;Totales del periodo&quot;[39m
          [33mclass[39m=[32m&quot;grid gap-4 sm:grid-cols-3&quot;[39m
          [33mdata-ocid[39m=[32m&quot;expenses.kpi.section&quot;[39m
        [36m&gt;[39m
          [36m&lt;div[39m
            [33mclass[39m=[32m&quot;bg-card text-card-foreground flex fl..." type="AssertionError">
AssertionError: expected &quot;spy&quot; to be called with arguments: [ 3n, { …(2) } ]

Received: 

  1st spy call:

@@ -1,6 +1,7 @@
  [
+   null,
    3n,
    {
      &quot;description&quot;: &quot;Compra de repuestos y consumibles&quot;,
      &quot;name&quot;: &quot;Repuestos y consumibles&quot;,
    },


Number of calls: 1


Ignored nodes: comments, script, style
&lt;html&gt;
  &lt;head /&gt;
  &lt;body
    data-scroll-locked=&quot;1&quot;
    style=&quot;pointer-events: none;&quot;
  &gt;
    &lt;span
      aria-hidden=&quot;true&quot;
      data-aria-hidden=&quot;true&quot;
      data-radix-focus-guard=&quot;&quot;
      style=&quot;outline: none; opacity: 0; position: fixed; pointer-events: none;&quot;
      tabindex=&quot;0&quot;
    /&gt;
    &lt;div
      aria-hidden=&quot;true&quot;
      data-aria-hidden=&quot;true&quot;
    &gt;
      &lt;div
        class=&quot;mx-auto w-full max-w-7xl animate-fade-in space-y-5&quot;
        data-ocid=&quot;expenses.page&quot;
      &gt;
        &lt;header
          class=&quot;space-y-4&quot;
        &gt;
          &lt;div
            class=&quot;flex flex-wrap items-start justify-between gap-3&quot;
          &gt;
            &lt;div
              class=&quot;min-w-0 space-y-1&quot;
            &gt;
              &lt;p
                class=&quot;font-mono text-[10px] uppercase tracking-[0.18em] text-muted-foreground&quot;
              &gt;
                Administración
              &lt;/p&gt;
              &lt;h1
                class=&quot;font-display text-2xl font-semibold tracking-tight&quot;
              &gt;
                Gastos
              &lt;/h1&gt;
              &lt;p
                class=&quot;max-w-2xl text-sm text-muted-foreground&quot;
              &gt;
                Registro de gastos operativos por categoría y periodo. Alimentan automáticamente el módulo de Contabilidad.
              &lt;/p&gt;
            &lt;/div&gt;
            &lt;div
              class=&quot;flex shrink-0 flex-wrap items-center gap-2&quot;
            &gt;
              &lt;div
                class=&quot;flex items-center gap-2&quot;
              &gt;
                &lt;button
                  class=&quot;inline-flex items-center justify-center whitespace-nowrap rounded-md text-sm font-medium transition-all disabled:pointer-events-none disabled:opacity-50 [&amp;_svg]:pointer-events-none [&amp;_svg:not([class*=&apos;size-&apos;])]:size-4 shrink-0 [&amp;_svg]:shrink-0 outline-none focus-visible:border-ring focus-visible:ring-ring/50 focus-visible:ring-[3px] aria-invalid:ring-destructive/20 dark:aria-invalid:ring-destructive/40 aria-invalid:border-destructive border bg-background shadow-xs hover:bg-accent hover:text-accent-foreground dark:bg-input/30 dark:border-input dark:hover:bg-input/50 h-9 px-4 py-2 has-[&gt;svg]:px-3 gap-1.5&quot;
                  data-ocid=&quot;expenses.manage_categories_button&quot;
                  data-slot=&quot;button&quot;
                  type=&quot;button&quot;
                &gt;
                  &lt;svg
                    aria-hidden=&quot;true&quot;
                    class=&quot;lucide lucide-tags size-4&quot;
                    fill=&quot;none&quot;
                    height=&quot;24&quot;
                    stroke=&quot;currentColor&quot;
                    stroke-linecap=&quot;round&quot;
                    stroke-linejoin=&quot;round&quot;
                    stroke-width=&quot;2&quot;
                    viewBox=&quot;0 0 24 24&quot;
                    width=&quot;24&quot;
                    xmlns=&quot;http://www.w3.org/2000/svg&quot;
                  &gt;
                    &lt;path
                      d=&quot;m15 5 6.3 6.3a2.4 2.4 0 0 1 0 3.4L17 19&quot;
                    /&gt;
                    &lt;path
                      d=&quot;M9.586 5.586A2 2 0 0 0 8.172 5H3a1 1 0 0 0-1 1v5.172a2 2 0 0 0 .586 1.414L8.29 18.29a2.426 2.426 0 0 0 3.42 0l3.58-3.58a2.426 2.426 0 0 0 0-3.42z&quot;
                    /&gt;
                    &lt;circle
                      cx=&quot;6.5&quot;
                      cy=&quot;9.5&quot;
                      fill=&quot;currentColor&quot;
                      r=&quot;.5&quot;
                    /&gt;
                  &lt;/svg&gt;
                  Categorías
                &lt;/button&gt;
                &lt;button
                  class=&quot;inline-flex items-center justify-center whitespace-nowrap rounded-md text-sm font-medium transition-all disabled:pointer-events-none disabled:opacity-50 [&amp;_svg]:pointer-events-none [&amp;_svg:not([class*=&apos;size-&apos;])]:size-4 shrink-0 [&amp;_svg]:shrink-0 outline-none focus-visible:border-ring focus-visible:ring-ring/50 focus-visible:ring-[3px] aria-invalid:ring-destructive/20 dark:aria-invalid:ring-destructive/40 aria-invalid:border-destructive bg-primary text-primary-foreground shadow-xs hover:bg-primary/90 h-9 px-4 py-2 has-[&gt;svg]:px-3 gap-1.5&quot;
                  data-ocid=&quot;expenses.create_button&quot;
                  data-slot=&quot;button&quot;
                  type=&quot;button&quot;
                &gt;
                  &lt;svg
                    aria-hidden=&quot;true&quot;
                    class=&quot;lucide lucide-plus size-4&quot;
                    fill=&quot;none&quot;
                    height=&quot;24&quot;
                    stroke=&quot;currentColor&quot;
                    stroke-linecap=&quot;round&quot;
                    stroke-linejoin=&quot;round&quot;
                    stroke-width=&quot;2&quot;
                    viewBox=&quot;0 0 24 24&quot;
                    width=&quot;24&quot;
                    xmlns=&quot;http://www.w3.org/2000/svg&quot;
                  &gt;
                    &lt;path
                      d=&quot;M5 12h14&quot;
                    /&gt;
                    &lt;path
                      d=&quot;M12 5v14&quot;
                    /&gt;
                  &lt;/svg&gt;
                  Registrar gasto
                &lt;/button&gt;
              &lt;/div&gt;
            &lt;/div&gt;
          &lt;/div&gt;
        &lt;/header&gt;
        &lt;section
          aria-label=&quot;Totales del periodo&quot;
          class=&quot;grid gap-4 sm:grid-cols-3&quot;
          data-ocid=&quot;expenses.kpi.section&quot;
        &gt;
          &lt;div
            class=&quot;bg-card text-card-foreground flex fl...
 ❯ src/pages/ExpensesPage.test.tsx:536:41
 ❯ runWithExpensiveErrorDiagnosticsDisabled ../../../../../../opt/pnpm-templates/build_template/node_modules/.pnpm/@testing-library+dom@10.4.2/node_modules/@testing-library/dom/dist/config.js:47:12
 ❯ checkCallback ../../../../../../opt/pnpm-templates/build_template/node_modules/.pnpm/@testing-library+dom@10.4.2/node_modules/@testing-library/dom/dist/wait-for.js:124:77
 ❯ Timeout.checkRealTimersCallback ../../../../../../opt/pnpm-templates/build_template/node_modules/.pnpm/@testing-library+dom@10.4.2/node_modules/@testing-library/dom/dist/wait-for.js:118:16
            </failure>
        </testcase>
        <testcase classname="src/pages/ExpensesPage.test.tsx" name="ExpensesPage &gt; warns and keeps an in-use category when deletion is refused" time="0.056919274">
        </testcase>
        <testcase classname="src/pages/ExpensesPage.test.tsx" name="ExpensesPage &gt; deletes an unused category after confirming" time="1.081426485">
            <failure message="expected &quot;spy&quot; to be called with arguments: [ 3n ][90m

Received: 

[1m  1st spy call:

[22m[2m  [[22m
[31m+   null,[90m
[2m    3n,[22m
[2m  ][22m
[39m[90m

Number of calls: [1m1[22m
[39m

Ignored nodes: comments, script, style
[36m&lt;html&gt;[39m
  [36m&lt;head /&gt;[39m
  [36m&lt;body[39m
    [33mdata-scroll-locked[39m=[32m&quot;1&quot;[39m
    [33mstyle[39m=[32m&quot;pointer-events: none;&quot;[39m
  [36m&gt;[39m
    [36m&lt;span[39m
      [33maria-hidden[39m=[32m&quot;true&quot;[39m
      [33mdata-aria-hidden[39m=[32m&quot;true&quot;[39m
      [33mdata-radix-focus-guard[39m=[32m&quot;&quot;[39m
      [33mstyle[39m=[32m&quot;outline: none; opacity: 0; position: fixed; pointer-events: none;&quot;[39m
      [33mtabindex[39m=[32m&quot;0&quot;[39m
    [36m/&gt;[39m
    [36m&lt;div[39m
      [33maria-hidden[39m=[32m&quot;true&quot;[39m
      [33mdata-aria-hidden[39m=[32m&quot;true&quot;[39m
    [36m&gt;[39m
      [36m&lt;div[39m
        [33mclass[39m=[32m&quot;mx-auto w-full max-w-7xl animate-fade-in space-y-5&quot;[39m
        [33mdata-ocid[39m=[32m&quot;expenses.page&quot;[39m
      [36m&gt;[39m
        [36m&lt;header[39m
          [33mclass[39m=[32m&quot;space-y-4&quot;[39m
        [36m&gt;[39m
          [36m&lt;div[39m
            [33mclass[39m=[32m&quot;flex flex-wrap items-start justify-between gap-3&quot;[39m
          [36m&gt;[39m
            [36m&lt;div[39m
              [33mclass[39m=[32m&quot;min-w-0 space-y-1&quot;[39m
            [36m&gt;[39m
              [36m&lt;p[39m
                [33mclass[39m=[32m&quot;font-mono text-[10px] uppercase tracking-[0.18em] text-muted-foreground&quot;[39m
              [36m&gt;[39m
                [0mAdministración[0m
              [36m&lt;/p&gt;[39m
              [36m&lt;h1[39m
                [33mclass[39m=[32m&quot;font-display text-2xl font-semibold tracking-tight&quot;[39m
              [36m&gt;[39m
                [0mGastos[0m
              [36m&lt;/h1&gt;[39m
              [36m&lt;p[39m
                [33mclass[39m=[32m&quot;max-w-2xl text-sm text-muted-foreground&quot;[39m
              [36m&gt;[39m
                [0mRegistro de gastos operativos por categoría y periodo. Alimentan automáticamente el módulo de Contabilidad.[0m
              [36m&lt;/p&gt;[39m
            [36m&lt;/div&gt;[39m
            [36m&lt;div[39m
              [33mclass[39m=[32m&quot;flex shrink-0 flex-wrap items-center gap-2&quot;[39m
            [36m&gt;[39m
              [36m&lt;div[39m
                [33mclass[39m=[32m&quot;flex items-center gap-2&quot;[39m
              [36m&gt;[39m
                [36m&lt;button[39m
                  [33mclass[39m=[32m&quot;inline-flex items-center justify-center whitespace-nowrap rounded-md text-sm font-medium transition-all disabled:pointer-events-none disabled:opacity-50 [&amp;_svg]:pointer-events-none [&amp;_svg:not([class*=&apos;size-&apos;])]:size-4 shrink-0 [&amp;_svg]:shrink-0 outline-none focus-visible:border-ring focus-visible:ring-ring/50 focus-visible:ring-[3px] aria-invalid:ring-destructive/20 dark:aria-invalid:ring-destructive/40 aria-invalid:border-destructive border bg-background shadow-xs hover:bg-accent hover:text-accent-foreground dark:bg-input/30 dark:border-input dark:hover:bg-input/50 h-9 px-4 py-2 has-[&gt;svg]:px-3 gap-1.5&quot;[39m
                  [33mdata-ocid[39m=[32m&quot;expenses.manage_categories_button&quot;[39m
                  [33mdata-slot[39m=[32m&quot;button&quot;[39m
                  [33mtype[39m=[32m&quot;button&quot;[39m
                [36m&gt;[39m
                  [36m&lt;svg[39m
                    [33maria-hidden[39m=[32m&quot;true&quot;[39m
                    [33mclass[39m=[32m&quot;lucide lucide-tags size-4&quot;[39m
                    [33mfill[39m=[32m&quot;none&quot;[39m
                    [33mheight[39m=[32m&quot;24&quot;[39m
                    [33mstroke[39m=[32m&quot;currentColor&quot;[39m
                    [33mstroke-linecap[39m=[32m&quot;round&quot;[39m
                    [33mstroke-linejoin[39m=[32m&quot;round&quot;[39m
                    [33mstroke-width[39m=[32m&quot;2&quot;[39m
                    [33mviewBox[39m=[32m&quot;0 0 24 24&quot;[39m
                    [33mwidth[39m=[32m&quot;24&quot;[39m
                    [33mxmlns[39m=[32m&quot;http://www.w3.org/2000/svg&quot;[39m
                  [36m&gt;[39m
                    [36m&lt;path[39m
                      [33md[39m=[32m&quot;m15 5 6.3 6.3a2.4 2.4 0 0 1 0 3.4L17 19&quot;[39m
                    [36m/&gt;[39m
                    [36m&lt;path[39m
                      [33md[39m=[32m&quot;M9.586 5.586A2 2 0 0 0 8.172 5H3a1 1 0 0 0-1 1v5.172a2 2 0 0 0 .586 1.414L8.29 18.29a2.426 2.426 0 0 0 3.42 0l3.58-3.58a2.426 2.426 0 0 0 0-3.42z&quot;[39m
                    [36m/&gt;[39m
                    [36m&lt;circle[39m
                      [33mcx[39m=[32m&quot;6.5&quot;[39m
                      [33mcy[39m=[32m&quot;9.5&quot;[39m
                      [33mfill[39m=[32m&quot;currentColor&quot;[39m
                      [33mr[39m=[32m&quot;.5&quot;[39m
                    [36m/&gt;[39m
                  [36m&lt;/svg&gt;[39m
                  [0mCategorías[0m
                [36m&lt;/button&gt;[39m
                [36m&lt;button[39m
                  [33mclass[39m=[32m&quot;inline-flex items-center justify-center whitespace-nowrap rounded-md text-sm font-medium transition-all disabled:pointer-events-none disabled:opacity-50 [&amp;_svg]:pointer-events-none [&amp;_svg:not([class*=&apos;size-&apos;])]:size-4 shrink-0 [&amp;_svg]:shrink-0 outline-none focus-visible:border-ring focus-visible:ring-ring/50 focus-visible:ring-[3px] aria-invalid:ring-destructive/20 dark:aria-invalid:ring-destructive/40 aria-invalid:border-destructive bg-primary text-primary-foreground shadow-xs hover:bg-primary/90 h-9 px-4 py-2 has-[&gt;svg]:px-3 gap-1.5&quot;[39m
                  [33mdata-ocid[39m=[32m&quot;expenses.create_button&quot;[39m
                  [33mdata-slot[39m=[32m&quot;button&quot;[39m
                  [33mtype[39m=[32m&quot;button&quot;[39m
                [36m&gt;[39m
                  [36m&lt;svg[39m
                    [33maria-hidden[39m=[32m&quot;true&quot;[39m
                    [33mclass[39m=[32m&quot;lucide lucide-plus size-4&quot;[39m
                    [33mfill[39m=[32m&quot;none&quot;[39m
                    [33mheight[39m=[32m&quot;24&quot;[39m
                    [33mstroke[39m=[32m&quot;currentColor&quot;[39m
                    [33mstroke-linecap[39m=[32m&quot;round&quot;[39m
                    [33mstroke-linejoin[39m=[32m&quot;round&quot;[39m
                    [33mstroke-width[39m=[32m&quot;2&quot;[39m
                    [33mviewBox[39m=[32m&quot;0 0 24 24&quot;[39m
                    [33mwidth[39m=[32m&quot;24&quot;[39m
                    [33mxmlns[39m=[32m&quot;http://www.w3.org/2000/svg&quot;[39m
                  [36m&gt;[39m
                    [36m&lt;path[39m
                      [33md[39m=[32m&quot;M5 12h14&quot;[39m
                    [36m/&gt;[39m
                    [36m&lt;path[39m
                      [33md[39m=[32m&quot;M12 5v14&quot;[39m
                    [36m/&gt;[39m
                  [36m&lt;/svg&gt;[39m
                  [0mRegistrar gasto[0m
                [36m&lt;/button&gt;[39m
              [36m&lt;/div&gt;[39m
            [36m&lt;/div&gt;[39m
          [36m&lt;/div&gt;[39m
        [36m&lt;/header&gt;[39m
        [36m&lt;section[39m
          [33maria-label[39m=[32m&quot;Totales del periodo&quot;[39m
          [33mclass[39m=[32m&quot;grid gap-4 sm:grid-cols-3&quot;[39m
          [33mdata-ocid[39m=[32m&quot;expenses.kpi.section&quot;[39m
        [36m&gt;[39m
          [36m&lt;div[39m
            [33mclass[39m=[32m&quot;bg-card text-card-foreground flex fl..." type="AssertionError">
AssertionError: expected &quot;spy&quot; to be called with arguments: [ 3n ]

Received: 

  1st spy call:

  [
+   null,
    3n,
  ]


Number of calls: 1


Ignored nodes: comments, script, style
&lt;html&gt;
  &lt;head /&gt;
  &lt;body
    data-scroll-locked=&quot;1&quot;
    style=&quot;pointer-events: none;&quot;
  &gt;
    &lt;span
      aria-hidden=&quot;true&quot;
      data-aria-hidden=&quot;true&quot;
      data-radix-focus-guard=&quot;&quot;
      style=&quot;outline: none; opacity: 0; position: fixed; pointer-events: none;&quot;
      tabindex=&quot;0&quot;
    /&gt;
    &lt;div
      aria-hidden=&quot;true&quot;
      data-aria-hidden=&quot;true&quot;
    &gt;
      &lt;div
        class=&quot;mx-auto w-full max-w-7xl animate-fade-in space-y-5&quot;
        data-ocid=&quot;expenses.page&quot;
      &gt;
        &lt;header
          class=&quot;space-y-4&quot;
        &gt;
          &lt;div
            class=&quot;flex flex-wrap items-start justify-between gap-3&quot;
          &gt;
            &lt;div
              class=&quot;min-w-0 space-y-1&quot;
            &gt;
              &lt;p
                class=&quot;font-mono text-[10px] uppercase tracking-[0.18em] text-muted-foreground&quot;
              &gt;
                Administración
              &lt;/p&gt;
              &lt;h1
                class=&quot;font-display text-2xl font-semibold tracking-tight&quot;
              &gt;
                Gastos
              &lt;/h1&gt;
              &lt;p
                class=&quot;max-w-2xl text-sm text-muted-foreground&quot;
              &gt;
                Registro de gastos operativos por categoría y periodo. Alimentan automáticamente el módulo de Contabilidad.
              &lt;/p&gt;
            &lt;/div&gt;
            &lt;div
              class=&quot;flex shrink-0 flex-wrap items-center gap-2&quot;
            &gt;
              &lt;div
                class=&quot;flex items-center gap-2&quot;
              &gt;
                &lt;button
                  class=&quot;inline-flex items-center justify-center whitespace-nowrap rounded-md text-sm font-medium transition-all disabled:pointer-events-none disabled:opacity-50 [&amp;_svg]:pointer-events-none [&amp;_svg:not([class*=&apos;size-&apos;])]:size-4 shrink-0 [&amp;_svg]:shrink-0 outline-none focus-visible:border-ring focus-visible:ring-ring/50 focus-visible:ring-[3px] aria-invalid:ring-destructive/20 dark:aria-invalid:ring-destructive/40 aria-invalid:border-destructive border bg-background shadow-xs hover:bg-accent hover:text-accent-foreground dark:bg-input/30 dark:border-input dark:hover:bg-input/50 h-9 px-4 py-2 has-[&gt;svg]:px-3 gap-1.5&quot;
                  data-ocid=&quot;expenses.manage_categories_button&quot;
                  data-slot=&quot;button&quot;
                  type=&quot;button&quot;
                &gt;
                  &lt;svg
                    aria-hidden=&quot;true&quot;
                    class=&quot;lucide lucide-tags size-4&quot;
                    fill=&quot;none&quot;
                    height=&quot;24&quot;
                    stroke=&quot;currentColor&quot;
                    stroke-linecap=&quot;round&quot;
                    stroke-linejoin=&quot;round&quot;
                    stroke-width=&quot;2&quot;
                    viewBox=&quot;0 0 24 24&quot;
                    width=&quot;24&quot;
                    xmlns=&quot;http://www.w3.org/2000/svg&quot;
                  &gt;
                    &lt;path
                      d=&quot;m15 5 6.3 6.3a2.4 2.4 0 0 1 0 3.4L17 19&quot;
                    /&gt;
                    &lt;path
                      d=&quot;M9.586 5.586A2 2 0 0 0 8.172 5H3a1 1 0 0 0-1 1v5.172a2 2 0 0 0 .586 1.414L8.29 18.29a2.426 2.426 0 0 0 3.42 0l3.58-3.58a2.426 2.426 0 0 0 0-3.42z&quot;
                    /&gt;
                    &lt;circle
                      cx=&quot;6.5&quot;
                      cy=&quot;9.5&quot;
                      fill=&quot;currentColor&quot;
                      r=&quot;.5&quot;
                    /&gt;
                  &lt;/svg&gt;
                  Categorías
                &lt;/button&gt;
                &lt;button
                  class=&quot;inline-flex items-center justify-center whitespace-nowrap rounded-md text-sm font-medium transition-all disabled:pointer-events-none disabled:opacity-50 [&amp;_svg]:pointer-events-none [&amp;_svg:not([class*=&apos;size-&apos;])]:size-4 shrink-0 [&amp;_svg]:shrink-0 outline-none focus-visible:border-ring focus-visible:ring-ring/50 focus-visible:ring-[3px] aria-invalid:ring-destructive/20 dark:aria-invalid:ring-destructive/40 aria-invalid:border-destructive bg-primary text-primary-foreground shadow-xs hover:bg-primary/90 h-9 px-4 py-2 has-[&gt;svg]:px-3 gap-1.5&quot;
                  data-ocid=&quot;expenses.create_button&quot;
                  data-slot=&quot;button&quot;
                  type=&quot;button&quot;
                &gt;
                  &lt;svg
                    aria-hidden=&quot;true&quot;
                    class=&quot;lucide lucide-plus size-4&quot;
                    fill=&quot;none&quot;
                    height=&quot;24&quot;
                    stroke=&quot;currentColor&quot;
                    stroke-linecap=&quot;round&quot;
                    stroke-linejoin=&quot;round&quot;
                    stroke-width=&quot;2&quot;
                    viewBox=&quot;0 0 24 24&quot;
                    width=&quot;24&quot;
                    xmlns=&quot;http://www.w3.org/2000/svg&quot;
                  &gt;
                    &lt;path
                      d=&quot;M5 12h14&quot;
                    /&gt;
                    &lt;path
                      d=&quot;M12 5v14&quot;
                    /&gt;
                  &lt;/svg&gt;
                  Registrar gasto
                &lt;/button&gt;
              &lt;/div&gt;
            &lt;/div&gt;
          &lt;/div&gt;
        &lt;/header&gt;
        &lt;section
          aria-label=&quot;Totales del periodo&quot;
          class=&quot;grid gap-4 sm:grid-cols-3&quot;
          data-ocid=&quot;expenses.kpi.section&quot;
        &gt;
          &lt;div
            class=&quot;bg-card text-card-foreground flex fl...
 ❯ src/pages/ExpensesPage.test.tsx:591:41
 ❯ runWithExpensiveErrorDiagnosticsDisabled ../../../../../../opt/pnpm-templates/build_template/node_modules/.pnpm/@testing-library+dom@10.4.2/node_modules/@testing-library/dom/dist/config.js:47:12
 ❯ checkCallback ../../../../../../opt/pnpm-templates/build_template/node_modules/.pnpm/@testing-library+dom@10.4.2/node_modules/@testing-library/dom/dist/wait-for.js:124:77
 ❯ Timeout.checkRealTimersCallback ../../../../../../opt/pnpm-templates/build_template/node_modules/.pnpm/@testing-library+dom@10.4.2/node_modules/@testing-library/dom/dist/wait-for.js:118:16
            </failure>
        </testcase>
        <testcase classname="src/pages/ExpensesPage.test.tsx" name="ExpensesPage &gt; surfaces the backend refusal when a category is still in use" time="0.074983668">
        </testcase>
    </testsuite>
    <testsuite name="src/pages/InventoryPage.facets.characterize.test.tsx" timestamp="2026-09-25T20:55:14.617Z" hostname="2a82af66d266" tests="5" failures="1" errors="0" skipped="0" time="0.562048324">
        <testcase classname="src/pages/InventoryPage.facets.characterize.test.tsx" name="InventoryPage filter options (characterization) &gt; offers each distinct category once, in alphabetical order" time="0.227448269">
        </testcase>
        <testcase classname="src/pages/InventoryPage.facets.characterize.test.tsx" name="InventoryPage filter options (characterization) &gt; offers each distinct brand once, in alphabetical order" time="0.105221122">
        </testcase>
        <testcase classname="src/pages/InventoryPage.facets.characterize.test.tsx" name="InventoryPage filter options (characterization) &gt; omits blank category and brand values from the option lists" time="0.13975681">
        </testcase>
        <testcase classname="src/pages/InventoryPage.facets.characterize.test.tsx" name="InventoryPage filter options (characterization) &gt; keeps the selected category and brand visible in their triggers" time="0.043472831">
        </testcase>
        <testcase classname="src/pages/InventoryPage.facets.characterize.test.tsx" name="InventoryPage filter options (characterization) &gt; reads the option lists from a single listPartFacets call" time="0.045070639">
            <failure message="expected &quot;spy&quot; to be called with arguments: [][90m

Received: 

[1m  1st spy call:

[22m[32m- [][90m
[31m+ [[90m
[31m+   null,[90m
[31m+ ][90m
[39m[90m

Number of calls: [1m1[22m
[39m" type="AssertionError">
AssertionError: expected &quot;spy&quot; to be called with arguments: []

Received: 

  1st spy call:

- []
+ [
+   null,
+ ]


Number of calls: 1

 ❯ src/pages/InventoryPage.facets.characterize.test.tsx:239:32
            </failure>
        </testcase>
    </testsuite>
    <testsuite name="src/pages/InventoryPage.filters.test.tsx" timestamp="2026-09-25T20:55:14.618Z" hostname="2a82af66d266" tests="12" failures="1" errors="0" skipped="0" time="0.702793462">
        <testcase classname="src/pages/InventoryPage.filters.test.tsx" name="InventoryPage catalog filters &gt; requests the catalog with no filter when nothing is selected" time="0.130175981">
        </testcase>
        <testcase classname="src/pages/InventoryPage.filters.test.tsx" name="InventoryPage catalog filters &gt; narrows the catalog by the selected category" time="0.149940256">
        </testcase>
        <testcase classname="src/pages/InventoryPage.filters.test.tsx" name="InventoryPage catalog filters &gt; narrows the catalog by the selected brand" time="0.096181274">
        </testcase>
        <testcase classname="src/pages/InventoryPage.filters.test.tsx" name="InventoryPage catalog filters &gt; narrows the catalog to low-stock parts only" time="0.058417784">
        </testcase>
        <testcase classname="src/pages/InventoryPage.filters.test.tsx" name="InventoryPage catalog filters &gt; combines the category, brand and low-stock filters in one request" time="0.051719888">
            <failure message="expected [ {} ] to deep equally contain { category: &apos;Frenos&apos;, …(2) }" type="AssertionError">
AssertionError: expected [ {} ] to deep equally contain { category: &apos;Frenos&apos;, …(2) }

- Expected: 
{
  &quot;brand&quot;: &quot;Brembo&quot;,
  &quot;category&quot;: &quot;Frenos&quot;,
  &quot;lowStockOnly&quot;: true,
}

+ Received: 
[
  {},
]

 ❯ src/pages/InventoryPage.filters.test.tsx:220:32
            </failure>
        </testcase>
        <testcase classname="src/pages/InventoryPage.filters.test.tsx" name="InventoryPage catalog filters &gt; renders exactly the parts the backend returns for the active filter" time="0.0404827">
        </testcase>
        <testcase classname="src/pages/InventoryPage.filters.test.tsx" name="InventoryPage catalog filters &gt; shows the empty state when the active filter matches no part" time="0.025652481">
        </testcase>
        <testcase classname="src/pages/InventoryPage.filters.test.tsx" name="InventoryPage catalog filters &gt; keeps the cost price hidden from a non-admin under an active filter" time="0.029978561">
        </testcase>
        <testcase classname="src/pages/InventoryPage.filters.test.tsx" name="InventoryPage catalog filters &gt; shows the cost price to an administrator under an active filter" time="0.036535655">
        </testcase>
        <testcase classname="src/pages/InventoryPage.filters.test.tsx" name="InventoryPage catalog filters &gt; clears every filter back to the unfiltered catalog" time="0.035299861">
        </testcase>
        <testcase classname="src/pages/InventoryPage.filters.test.tsx" name="InventoryPage catalog filters &gt; keeps the low-stock badge on a part the backend flags as low" time="0.021643356">
        </testcase>
        <testcase classname="src/pages/InventoryPage.filters.test.tsx" name="InventoryPage catalog filters &gt; renders the filtered rows in the order the backend returns them" time="0.025602971">
        </testcase>
    </testsuite>
    <testsuite name="src/pages/InventoryPage.test.tsx" timestamp="2026-09-25T20:55:14.621Z" hostname="2a82af66d266" tests="44" failures="9" errors="0" skipped="0" time="2.311562115">
        <testcase classname="src/pages/InventoryPage.test.tsx" name="InventoryPage &gt; lists parts with sale price and stock" time="0.113879644">
        </testcase>
        <testcase classname="src/pages/InventoryPage.test.tsx" name="InventoryPage &gt; flags a part below its low-stock threshold" time="0.054826921">
        </testcase>
        <testcase classname="src/pages/InventoryPage.test.tsx" name="InventoryPage &gt; shows the cost price column to an administrator" time="0.050374448">
        </testcase>
        <testcase classname="src/pages/InventoryPage.test.tsx" name="InventoryPage &gt; hides the cost price column from a mechanic" time="0.049657738">
        </testcase>
        <testcase classname="src/pages/InventoryPage.test.tsx" name="InventoryPage &gt; renders an empty state when no parts exist" time="0.043856392">
        </testcase>
        <testcase classname="src/pages/InventoryPage.test.tsx" name="InventoryPage &gt; passes the low-stock filter through to the backend" time="0.025353565">
            <failure message="expected &quot;spy&quot; to be called with arguments: [ {}, &apos;sku&apos;, false, 0n, 50n ][90m

Received: 

[1m  1st spy call:

[22m[2m  [[22m
[32m-   {},[90m
[31m+   null,[90m
[31m+   {[90m
[31m+     &quot;brand&quot;: undefined,[90m
[31m+     &quot;category&quot;: undefined,[90m
[31m+     &quot;lowStockOnly&quot;: undefined,[90m
[31m+     &quot;search&quot;: undefined,[90m
[31m+   },[90m
[2m    &quot;sku&quot;,[22m
[2m    false,[22m
[2m    0n,[22m
[2m    50n,[22m
[2m  ][22m
[39m[90m

Number of calls: [1m1[22m
[39m" type="AssertionError">
AssertionError: expected &quot;spy&quot; to be called with arguments: [ {}, &apos;sku&apos;, false, 0n, 50n ]

Received: 

  1st spy call:

  [
-   {},
+   null,
+   {
+     &quot;brand&quot;: undefined,
+     &quot;category&quot;: undefined,
+     &quot;lowStockOnly&quot;: undefined,
+     &quot;search&quot;: undefined,
+   },
    &quot;sku&quot;,
    false,
    0n,
    50n,
  ]


Number of calls: 1

 ❯ src/pages/InventoryPage.test.tsx:370:30
            </failure>
        </testcase>
        <testcase classname="src/pages/InventoryPage.test.tsx" name="InventoryPage &gt; renders an error state when the inventory fails to load" time="0.034083683">
        </testcase>
        <testcase classname="src/pages/InventoryPage.test.tsx" name="InventoryPage &gt; requests the next page when the pagination control is used" time="0.073555145">
        </testcase>
        <testcase classname="src/pages/InventoryPage.test.tsx" name="InventoryPage &gt; sorts by name through the backend when the header is clicked" time="0.0436612">
        </testcase>
        <testcase classname="src/pages/InventoryPage.test.tsx" name="InventoryPage &gt; exports the full inventory from the backend as an Excel download" time="0.064046909">
        </testcase>
        <testcase classname="src/pages/InventoryPage.test.tsx" name="InventoryPage &gt; writes each part&apos;s current stock into the exported existencia column" time="0.059169574">
        </testcase>
        <testcase classname="src/pages/InventoryPage.test.tsx" name="InventoryPage &gt; refreshes the inventory valuation after a successful import" time="0.074472856">
        </testcase>
        <testcase classname="src/pages/InventoryPage.test.tsx" name="InventoryPage &gt; reloads the valuation report with the new totals after an import" time="0.098830049">
        </testcase>
        <testcase classname="src/pages/InventoryPage.test.tsx" name="InventoryPage &gt; shows the file&apos;s existencia quantity in the import preview" time="0.043216915">
        </testcase>
        <testcase classname="src/pages/InventoryPage.test.tsx" name="InventoryPage &gt; previews parsed import rows and flags those without a SKU" time="0.045507421">
        </testcase>
        <testcase classname="src/pages/InventoryPage.test.tsx" name="InventoryPage &gt; imports only rows with a SKU and shows the per-row result" time="0.058453426">
            <failure message="Target cannot be null or undefined." type="AssertionError">
AssertionError: Target cannot be null or undefined.
 ❯ src/pages/InventoryPage.test.tsx:695:21
            </failure>
        </testcase>
        <testcase classname="src/pages/InventoryPage.test.tsx" name="InventoryPage &gt; reports a failed import without closing the dialog" time="0.052768662">
        </testcase>
        <testcase classname="src/pages/InventoryPage.test.tsx" name="InventoryPage &gt; maps every catalog column of an imported row onto the backend payload" time="0.069158876">
            <failure message="Target cannot be null or undefined." type="AssertionError">
AssertionError: Target cannot be null or undefined.
 ❯ src/pages/InventoryPage.test.tsx:780:21
            </failure>
        </testcase>
        <testcase classname="src/pages/InventoryPage.test.tsx" name="InventoryPage &gt; parses locale-formatted amounts and coerces invalid ones to zero" time="0.079884256">
            <failure message="Cannot read properties of null (reading &apos;0&apos;)" type="TypeError">
TypeError: Cannot read properties of null (reading &apos;0&apos;)
 ❯ src/pages/InventoryPage.test.tsx:824:12
            </failure>
        </testcase>
        <testcase classname="src/pages/InventoryPage.test.tsx" name="InventoryPage &gt; forwards a row with a SKU but no name so the backend can reject it" time="0.074043081">
            <failure message="Target cannot be null or undefined." type="AssertionError">
AssertionError: Target cannot be null or undefined.
 ❯ src/pages/InventoryPage.test.tsx:858:21
            </failure>
        </testcase>
        <testcase classname="src/pages/InventoryPage.test.tsx" name="InventoryPage &gt; keeps the shared inventory headers in the documented order" time="0.000245723">
        </testcase>
        <testcase classname="src/pages/InventoryPage.test.tsx" name="InventoryPage &gt; exports the shared inventory headers in the documented column order" time="0.057075421">
        </testcase>
        <testcase classname="src/pages/InventoryPage.test.tsx" name="InventoryPage &gt; downloads the inventory workbook as inventario.xlsx with the Excel MIME type" time="0.047905658">
        </testcase>
        <testcase classname="src/pages/InventoryPage.test.tsx" name="InventoryPage &gt; accepts both .xlsx and .csv files in the import control" time="0.014347981">
        </testcase>
        <testcase classname="src/pages/InventoryPage.test.tsx" name="InventoryPage &gt; round-trips an exported row back through the import parser unchanged" time="0.051234615">
            <failure message="Target cannot be null or undefined." type="AssertionError">
AssertionError: Target cannot be null or undefined.
 ❯ src/pages/InventoryPage.test.tsx:1032:21
            </failure>
        </testcase>
        <testcase classname="src/pages/InventoryPage.test.tsx" name="InventoryPage &gt; defaults a blank or invalid existencia cell to zero stock" time="0.05162303">
            <failure message="Target cannot be null or undefined." type="AssertionError">
AssertionError: Target cannot be null or undefined.
 ❯ src/pages/InventoryPage.test.tsx:1074:21
            </failure>
        </testcase>
        <testcase classname="src/pages/InventoryPage.test.tsx" name="InventoryPage &gt; keeps the import dialog open with the preview when the import fails" time="0.053882324">
        </testcase>
        <testcase classname="src/pages/InventoryPage.test.tsx" name="InventoryPage &gt; previews rows read from the first sheet of an .xlsx file" time="0.0419024">
        </testcase>
        <testcase classname="src/pages/InventoryPage.test.tsx" name="InventoryPage &gt; imports an .xlsx row with its typed numeric cells" time="0.052280627">
            <failure message="Target cannot be null or undefined." type="AssertionError">
AssertionError: Target cannot be null or undefined.
 ❯ src/pages/InventoryPage.test.tsx:1216:21
            </failure>
        </testcase>
        <testcase classname="src/pages/InventoryPage.test.tsx" name="InventoryPage &gt; flags an .xlsx row without a SKU and does not send it to the backend" time="0.063424162">
            <failure message="Target cannot be null or undefined." type="AssertionError">
AssertionError: Target cannot be null or undefined.
 ❯ src/pages/InventoryPage.test.tsx:1280:21
            </failure>
        </testcase>
        <testcase classname="src/pages/InventoryPage.test.tsx" name="InventoryPage &gt; shows a Spanish error and does not open the dialog for a corrupt .xlsx" time="0.022526923">
        </testcase>
        <testcase classname="src/pages/InventoryPage.test.tsx" name="InventoryPage &gt; shows a Spanish error and does not open the dialog for an empty .xlsx" time="0.029937146">
        </testcase>
        <testcase classname="src/pages/InventoryPage.test.tsx" name="InventoryPage &gt; shows the zero-inventory button to an administrator" time="0.019062294">
        </testcase>
        <testcase classname="src/pages/InventoryPage.test.tsx" name="InventoryPage &gt; hides the zero-inventory button from a mechanic" time="0.018910882">
        </testcase>
        <testcase classname="src/pages/InventoryPage.test.tsx" name="InventoryPage &gt; warns that the action is irreversible before confirming" time="0.040426174">
        </testcase>
        <testcase classname="src/pages/InventoryPage.test.tsx" name="InventoryPage &gt; calls the backend and reports the affected count on confirm" time="0.052518629">
        </testcase>
        <testcase classname="src/pages/InventoryPage.test.tsx" name="InventoryPage &gt; uses the singular message when exactly one part was affected" time="0.048206881">
        </testcase>
        <testcase classname="src/pages/InventoryPage.test.tsx" name="InventoryPage &gt; refreshes the inventory, low-stock and valuation views after zeroing" time="0.062469721">
        </testcase>
        <testcase classname="src/pages/InventoryPage.test.tsx" name="InventoryPage &gt; closes the dialog without calling the backend when cancelled" time="0.05082672">
        </testcase>
        <testcase classname="src/pages/InventoryPage.test.tsx" name="InventoryPage &gt; keeps the dialog open and shows an error when the call fails" time="0.04814894">
        </testcase>
        <testcase classname="src/pages/InventoryPage.test.tsx" name="InventoryPage &gt; leaves a persistent, dismissible report of the affected count on the page" time="0.09981907">
        </testcase>
        <testcase classname="src/pages/InventoryPage.test.tsx" name="InventoryPage &gt; uses the singular report when exactly one part was affected" time="0.070193487">
        </testcase>
        <testcase classname="src/pages/InventoryPage.test.tsx" name="InventoryPage &gt; does not report a zeroing when the call fails" time="0.068856755">
        </testcase>
        <testcase classname="src/pages/InventoryPage.test.tsx" name="InventoryPage &gt; renders every part the backend returns in the list" time="0.034799156">
        </testcase>
    </testsuite>
    <testsuite name="src/pages/InvoiceDetailPage.test.tsx" timestamp="2026-09-25T20:55:14.634Z" hostname="2a82af66d266" tests="17" failures="2" errors="0" skipped="0" time="1.546805117">
        <testcase classname="src/pages/InvoiceDetailPage.test.tsx" name="InvoiceDetailPage &gt; renders the fiscal document with lines, totals and business data" time="0.062450797">
        </testcase>
        <testcase classname="src/pages/InvoiceDetailPage.test.tsx" name="InvoiceDetailPage &gt; falls back to the new brand name when no business profile is set" time="0.020174188">
        </testcase>
        <testcase classname="src/pages/InvoiceDetailPage.test.tsx" name="InvoiceDetailPage &gt; shows the mark-paid action for a pending invoice" time="0.029803616">
        </testcase>
        <testcase classname="src/pages/InvoiceDetailPage.test.tsx" name="InvoiceDetailPage &gt; shows the paid badge and hides the mark-paid action when paid" time="0.012415111">
        </testcase>
        <testcase classname="src/pages/InvoiceDetailPage.test.tsx" name="InvoiceDetailPage &gt; marks a pending invoice as paid through the backend" time="1.129332163">
            <failure message="expected &quot;spy&quot; to be called with arguments: [ 1n, &apos;cash&apos; ][90m

Received: 

[1m  1st spy call:

[22m[2m  [[22m
[31m+   null,[90m
[2m    1n,[22m
[2m    &quot;cash&quot;,[22m
[2m  ][22m
[39m[90m

Number of calls: [1m1[22m
[39m

Ignored nodes: comments, script, style
[36m&lt;html&gt;[39m
  [36m&lt;head /&gt;[39m
  [36m&lt;body[39m
    [33mstyle[39m=[32m&quot;&quot;[39m
  [36m&gt;[39m
    [36m&lt;div&gt;[39m
      [36m&lt;div[39m
        [33mclass[39m=[32m&quot;mx-auto w-full max-w-4xl animate-fade-in space-y-5&quot;[39m
        [33mdata-ocid[39m=[32m&quot;invoice_detail.page&quot;[39m
      [36m&gt;[39m
        [36m&lt;div[39m
          [33mclass[39m=[32m&quot;flex flex-wrap items-center justify-between gap-3 print:hidden&quot;[39m
        [36m&gt;[39m
          [36m&lt;a[39m
            [33mclass[39m=[32m&quot;inline-flex items-center justify-center whitespace-nowrap text-sm font-medium transition-all disabled:pointer-events-none disabled:opacity-50 [&amp;_svg]:pointer-events-none [&amp;_svg:not([class*=&apos;size-&apos;])]:size-4 shrink-0 [&amp;_svg]:shrink-0 outline-none focus-visible:border-ring focus-visible:ring-ring/50 focus-visible:ring-[3px] aria-invalid:ring-destructive/20 dark:aria-invalid:ring-destructive/40 aria-invalid:border-destructive hover:bg-accent hover:text-accent-foreground dark:hover:bg-accent/50 h-8 rounded-md gap-1.5 px-3 has-[&gt;svg]:px-2.5 gap-1&quot;[39m
            [33mdata-ocid[39m=[32m&quot;invoice_detail.back_link&quot;[39m
            [33mdata-slot[39m=[32m&quot;button&quot;[39m
            [33mhref[39m=[32m&quot;/facturas&quot;[39m
            [33mtype[39m=[32m&quot;button&quot;[39m
          [36m&gt;[39m
            [36m&lt;svg[39m
              [33maria-hidden[39m=[32m&quot;true&quot;[39m
              [33mclass[39m=[32m&quot;lucide lucide-arrow-left size-4&quot;[39m
              [33mfill[39m=[32m&quot;none&quot;[39m
              [33mheight[39m=[32m&quot;24&quot;[39m
              [33mstroke[39m=[32m&quot;currentColor&quot;[39m
              [33mstroke-linecap[39m=[32m&quot;round&quot;[39m
              [33mstroke-linejoin[39m=[32m&quot;round&quot;[39m
              [33mstroke-width[39m=[32m&quot;2&quot;[39m
              [33mviewBox[39m=[32m&quot;0 0 24 24&quot;[39m
              [33mwidth[39m=[32m&quot;24&quot;[39m
              [33mxmlns[39m=[32m&quot;http://www.w3.org/2000/svg&quot;[39m
            [36m&gt;[39m
              [36m&lt;path[39m
                [33md[39m=[32m&quot;m12 19-7-7 7-7&quot;[39m
              [36m/&gt;[39m
              [36m&lt;path[39m
                [33md[39m=[32m&quot;M19 12H5&quot;[39m
              [36m/&gt;[39m
            [36m&lt;/svg&gt;[39m
            [0mFacturación[0m
          [36m&lt;/a&gt;[39m
          [36m&lt;div[39m
            [33mclass[39m=[32m&quot;flex flex-wrap items-center gap-2&quot;[39m
          [36m&gt;[39m
            [36m&lt;button[39m
              [33mclass[39m=[32m&quot;inline-flex items-center justify-center whitespace-nowrap rounded-md text-sm font-medium transition-all disabled:pointer-events-none disabled:opacity-50 [&amp;_svg]:pointer-events-none [&amp;_svg:not([class*=&apos;size-&apos;])]:size-4 shrink-0 [&amp;_svg]:shrink-0 outline-none focus-visible:border-ring focus-visible:ring-ring/50 focus-visible:ring-[3px] aria-invalid:ring-destructive/20 dark:aria-invalid:ring-destructive/40 aria-invalid:border-destructive bg-primary text-primary-foreground shadow-xs hover:bg-primary/90 h-9 px-4 py-2 has-[&gt;svg]:px-3 gap-2&quot;[39m
              [33mdata-ocid[39m=[32m&quot;invoice_detail.mark_paid_button&quot;[39m
              [33mdata-slot[39m=[32m&quot;button&quot;[39m
              [33mtype[39m=[32m&quot;button&quot;[39m
            [36m&gt;[39m
              [36m&lt;svg[39m
                [33maria-hidden[39m=[32m&quot;true&quot;[39m
                [33mclass[39m=[32m&quot;lucide lucide-badge-check size-4&quot;[39m
                [33mfill[39m=[32m&quot;none&quot;[39m
                [33mheight[39m=[32m&quot;24&quot;[39m
                [33mstroke[39m=[32m&quot;currentColor&quot;[39m
                [33mstroke-linecap[39m=[32m&quot;round&quot;[39m
                [33mstroke-linejoin[39m=[32m&quot;round&quot;[39m
                [33mstroke-width[39m=[32m&quot;2&quot;[39m
                [33mviewBox[39m=[32m&quot;0 0 24 24&quot;[39m
                [33mwidth[39m=[32m&quot;24&quot;[39m
                [33mxmlns[39m=[32m&quot;http://www.w3.org/2000/svg&quot;[39m
              [36m&gt;[39m
                [36m&lt;path[39m
                  [33md[39m=[32m&quot;M3.85 8.62a4 4 0 0 1 4.78-4.77 4 4 0 0 1 6.74 0 4 4 0 0 1 4.78 4.78 4 4 0 0 1 0 6.74 4 4 0 0 1-4.77 4.78 4 4 0 0 1-6.75 0 4 4 0 0 1-4.78-4.77 4 4 0 0 1 0-6.76Z&quot;[39m
                [36m/&gt;[39m
                [36m&lt;path[39m
                  [33md[39m=[32m&quot;m9 12 2 2 4-4&quot;[39m
                [36m/&gt;[39m
              [36m&lt;/svg&gt;[39m
              [0mMarcar como pagada[0m
            [36m&lt;/button&gt;[39m
            [36m&lt;button[39m
              [33mclass[39m=[32m&quot;inline-flex items-center justify-center whitespace-nowrap rounded-md text-sm font-medium transition-all disabled:pointer-events-none disabled:opacity-50 [&amp;_svg]:pointer-events-none [&amp;_svg:not([class*=&apos;size-&apos;])]:size-4 shrink-0 [&amp;_svg]:shrink-0 outline-none focus-visible:border-ring focus-visible:ring-ring/50 focus-visible:ring-[3px] aria-invalid:ring-destructive/20 dark:aria-invalid:ring-destructive/40 aria-invalid:border-destructive border bg-background shadow-xs hover:bg-accent hover:text-accent-foreground dark:bg-input/30 dark:border-input dark:hover:bg-input/50 h-9 px-4 py-2 has-[&gt;svg]:px-3 gap-2&quot;[39m
              [33mdata-ocid[39m=[32m&quot;invoice_detail.notify_button&quot;[39m
              [33mdata-slot[39m=[32m&quot;button&quot;[39m
              [33mtype[39m=[32m&quot;button&quot;[39m
            [36m&gt;[39m
              [36m&lt;svg[39m
                [33maria-hidden[39m=[32m&quot;true&quot;[39m
                [33mclass[39m=[32m&quot;lucide lucide-mail size-4&quot;[39m
                [33mfill[39m=[32m&quot;none&quot;[39m
                [33mheight[39m=[32m&quot;24&quot;[39m
                [33mstroke[39m=[32m&quot;currentColor&quot;[39m
                [33mstroke-linecap[39m=[32m&quot;round&quot;[39m
                [33mstroke-linejoin[39m=[32m&quot;round&quot;[39m
                [33mstroke-width[39m=[32m&quot;2&quot;[39m
                [33mviewBox[39m=[32m&quot;0 0 24 24&quot;[39m
                [33mwidth[39m=[32m&quot;24&quot;[39m
                [33mxmlns[39m=[32m&quot;http://www.w3.org/2000/svg&quot;[39m
              [36m&gt;[39m
                [36m&lt;path[39m
                  [33md[39m=[32m&quot;m22 7-8.991 5.727a2 2 0 0 1-2.009 0L2 7&quot;[39m
                [36m/&gt;[39m
                [36m&lt;rect[39m
                  [33mheight[39m=[32m&quot;16&quot;[39m
                  [33mrx[39m=[32m&quot;2&quot;[39m
                  [33mwidth[39m=[32m&quot;20&quot;[39m
                  [33mx[39m=[32m&quot;2&quot;[39m
                  [33my[39m=[32m&quot;4&quot;[39m
                [36m/&gt;[39m
              [36m&lt;/svg&gt;[39m
              [0mNotificar al cliente[0m
            [36m&lt;/button&gt;[39m
            [36m&lt;button[39m
              [33maria-label[39m=[32m&quot;Enviar por WhatsApp a Ada Lovelace&quot;[39m
              [33mclass[39m=[32m&quot;inline-flex items-center justify-center whitespace-nowrap text-sm font-medium transition-all disabled:pointer-events-none disabled:opacity-50 [&amp;_svg]:pointer-events-none [&amp;_svg:not([class*=&apos;size-&apos;])]:size-4 shrink-0 [&amp;_svg]:shrink-0 outline-none focus-visible:border-ring focus-visible:ring-ring/50 focus-visible:ring-[3px] aria-invalid:ring-destructive/20 dark:aria-invalid:ring..." type="AssertionError">
AssertionError: expected &quot;spy&quot; to be called with arguments: [ 1n, &apos;cash&apos; ]

Received: 

  1st spy call:

  [
+   null,
    1n,
    &quot;cash&quot;,
  ]


Number of calls: 1


Ignored nodes: comments, script, style
&lt;html&gt;
  &lt;head /&gt;
  &lt;body
    style=&quot;&quot;
  &gt;
    &lt;div&gt;
      &lt;div
        class=&quot;mx-auto w-full max-w-4xl animate-fade-in space-y-5&quot;
        data-ocid=&quot;invoice_detail.page&quot;
      &gt;
        &lt;div
          class=&quot;flex flex-wrap items-center justify-between gap-3 print:hidden&quot;
        &gt;
          &lt;a
            class=&quot;inline-flex items-center justify-center whitespace-nowrap text-sm font-medium transition-all disabled:pointer-events-none disabled:opacity-50 [&amp;_svg]:pointer-events-none [&amp;_svg:not([class*=&apos;size-&apos;])]:size-4 shrink-0 [&amp;_svg]:shrink-0 outline-none focus-visible:border-ring focus-visible:ring-ring/50 focus-visible:ring-[3px] aria-invalid:ring-destructive/20 dark:aria-invalid:ring-destructive/40 aria-invalid:border-destructive hover:bg-accent hover:text-accent-foreground dark:hover:bg-accent/50 h-8 rounded-md gap-1.5 px-3 has-[&gt;svg]:px-2.5 gap-1&quot;
            data-ocid=&quot;invoice_detail.back_link&quot;
            data-slot=&quot;button&quot;
            href=&quot;/facturas&quot;
            type=&quot;button&quot;
          &gt;
            &lt;svg
              aria-hidden=&quot;true&quot;
              class=&quot;lucide lucide-arrow-left size-4&quot;
              fill=&quot;none&quot;
              height=&quot;24&quot;
              stroke=&quot;currentColor&quot;
              stroke-linecap=&quot;round&quot;
              stroke-linejoin=&quot;round&quot;
              stroke-width=&quot;2&quot;
              viewBox=&quot;0 0 24 24&quot;
              width=&quot;24&quot;
              xmlns=&quot;http://www.w3.org/2000/svg&quot;
            &gt;
              &lt;path
                d=&quot;m12 19-7-7 7-7&quot;
              /&gt;
              &lt;path
                d=&quot;M19 12H5&quot;
              /&gt;
            &lt;/svg&gt;
            Facturación
          &lt;/a&gt;
          &lt;div
            class=&quot;flex flex-wrap items-center gap-2&quot;
          &gt;
            &lt;button
              class=&quot;inline-flex items-center justify-center whitespace-nowrap rounded-md text-sm font-medium transition-all disabled:pointer-events-none disabled:opacity-50 [&amp;_svg]:pointer-events-none [&amp;_svg:not([class*=&apos;size-&apos;])]:size-4 shrink-0 [&amp;_svg]:shrink-0 outline-none focus-visible:border-ring focus-visible:ring-ring/50 focus-visible:ring-[3px] aria-invalid:ring-destructive/20 dark:aria-invalid:ring-destructive/40 aria-invalid:border-destructive bg-primary text-primary-foreground shadow-xs hover:bg-primary/90 h-9 px-4 py-2 has-[&gt;svg]:px-3 gap-2&quot;
              data-ocid=&quot;invoice_detail.mark_paid_button&quot;
              data-slot=&quot;button&quot;
              type=&quot;button&quot;
            &gt;
              &lt;svg
                aria-hidden=&quot;true&quot;
                class=&quot;lucide lucide-badge-check size-4&quot;
                fill=&quot;none&quot;
                height=&quot;24&quot;
                stroke=&quot;currentColor&quot;
                stroke-linecap=&quot;round&quot;
                stroke-linejoin=&quot;round&quot;
                stroke-width=&quot;2&quot;
                viewBox=&quot;0 0 24 24&quot;
                width=&quot;24&quot;
                xmlns=&quot;http://www.w3.org/2000/svg&quot;
              &gt;
                &lt;path
                  d=&quot;M3.85 8.62a4 4 0 0 1 4.78-4.77 4 4 0 0 1 6.74 0 4 4 0 0 1 4.78 4.78 4 4 0 0 1 0 6.74 4 4 0 0 1-4.77 4.78 4 4 0 0 1-6.75 0 4 4 0 0 1-4.78-4.77 4 4 0 0 1 0-6.76Z&quot;
                /&gt;
                &lt;path
                  d=&quot;m9 12 2 2 4-4&quot;
                /&gt;
              &lt;/svg&gt;
              Marcar como pagada
            &lt;/button&gt;
            &lt;button
              class=&quot;inline-flex items-center justify-center whitespace-nowrap rounded-md text-sm font-medium transition-all disabled:pointer-events-none disabled:opacity-50 [&amp;_svg]:pointer-events-none [&amp;_svg:not([class*=&apos;size-&apos;])]:size-4 shrink-0 [&amp;_svg]:shrink-0 outline-none focus-visible:border-ring focus-visible:ring-ring/50 focus-visible:ring-[3px] aria-invalid:ring-destructive/20 dark:aria-invalid:ring-destructive/40 aria-invalid:border-destructive border bg-background shadow-xs hover:bg-accent hover:text-accent-foreground dark:bg-input/30 dark:border-input dark:hover:bg-input/50 h-9 px-4 py-2 has-[&gt;svg]:px-3 gap-2&quot;
              data-ocid=&quot;invoice_detail.notify_button&quot;
              data-slot=&quot;button&quot;
              type=&quot;button&quot;
            &gt;
              &lt;svg
                aria-hidden=&quot;true&quot;
                class=&quot;lucide lucide-mail size-4&quot;
                fill=&quot;none&quot;
                height=&quot;24&quot;
                stroke=&quot;currentColor&quot;
                stroke-linecap=&quot;round&quot;
                stroke-linejoin=&quot;round&quot;
                stroke-width=&quot;2&quot;
                viewBox=&quot;0 0 24 24&quot;
                width=&quot;24&quot;
                xmlns=&quot;http://www.w3.org/2000/svg&quot;
              &gt;
                &lt;path
                  d=&quot;m22 7-8.991 5.727a2 2 0 0 1-2.009 0L2 7&quot;
                /&gt;
                &lt;rect
                  height=&quot;16&quot;
                  rx=&quot;2&quot;
                  width=&quot;20&quot;
                  x=&quot;2&quot;
                  y=&quot;4&quot;
                /&gt;
              &lt;/svg&gt;
              Notificar al cliente
            &lt;/button&gt;
            &lt;button
              aria-label=&quot;Enviar por WhatsApp a Ada Lovelace&quot;
              class=&quot;inline-flex items-center justify-center whitespace-nowrap text-sm font-medium transition-all disabled:pointer-events-none disabled:opacity-50 [&amp;_svg]:pointer-events-none [&amp;_svg:not([class*=&apos;size-&apos;])]:size-4 shrink-0 [&amp;_svg]:shrink-0 outline-none focus-visible:border-ring focus-visible:ring-ring/50 focus-visible:ring-[3px] aria-invalid:ring-destructive/20 dark:aria-invalid:ring...
 ❯ src/pages/InvoiceDetailPage.test.tsx:272:35
 ❯ runWithExpensiveErrorDiagnosticsDisabled ../../../../../../opt/pnpm-templates/build_template/node_modules/.pnpm/@testing-library+dom@10.4.2/node_modules/@testing-library/dom/dist/config.js:47:12
 ❯ checkCallback ../../../../../../opt/pnpm-templates/build_template/node_modules/.pnpm/@testing-library+dom@10.4.2/node_modules/@testing-library/dom/dist/wait-for.js:124:77
 ❯ Timeout.checkRealTimersCallback ../../../../../../opt/pnpm-templates/build_template/node_modules/.pnpm/@testing-library+dom@10.4.2/node_modules/@testing-library/dom/dist/wait-for.js:118:16
            </failure>
        </testcase>
        <testcase classname="src/pages/InvoiceDetailPage.test.tsx" name="InvoiceDetailPage &gt; surfaces an error when marking as paid fails" time="0.060582806">
        </testcase>
        <testcase classname="src/pages/InvoiceDetailPage.test.tsx" name="InvoiceDetailPage &gt; renders the not-found state when the invoice cannot be loaded" time="0.005115608">
        </testcase>
        <testcase classname="src/pages/InvoiceDetailPage.test.tsx" name="InvoiceDetailPage &gt; keeps the document totals reconciled with the lines and the discount" time="0.015620697">
        </testcase>
        <testcase classname="src/pages/InvoiceDetailPage.test.tsx" name="InvoiceDetailPage &gt; hides the tax row for a non-responsable company" time="0.018632721">
        </testcase>
        <testcase classname="src/pages/InvoiceDetailPage.test.tsx" name="InvoiceDetailPage &gt; renders one row per installment with its due date and amount" time="0.019761534">
        </testcase>
        <testcase classname="src/pages/InvoiceDetailPage.test.tsx" name="InvoiceDetailPage &gt; reconciles the progress badge and pending balance with the rows" time="0.016183454">
        </testcase>
        <testcase classname="src/pages/InvoiceDetailPage.test.tsx" name="InvoiceDetailPage &gt; offers no payment action on an already paid installment" time="0.014976809">
        </testcase>
        <testcase classname="src/pages/InvoiceDetailPage.test.tsx" name="InvoiceDetailPage &gt; registers an installment payment through the backend" time="0.028922468">
            <failure message="expected null to be 1n // Object.is equality" type="AssertionError">
AssertionError: expected null to be 1n // Object.is equality

- Expected: 
1n

+ Received: 
null

 ❯ src/pages/InvoiceDetailPage.test.tsx:484:61
            </failure>
        </testcase>
        <testcase classname="src/pages/InvoiceDetailPage.test.tsx" name="InvoiceDetailPage &gt; surfaces a backend rejection when registering an installment" time="0.025093164">
        </testcase>
        <testcase classname="src/pages/InvoiceDetailPage.test.tsx" name="InvoiceDetailPage &gt; does not render the installment panel for a cash invoice" time="0.009344086">
        </testcase>
        <testcase classname="src/pages/InvoiceDetailPage.test.tsx" name="InvoiceDetailPage &gt; opens WhatsApp for the invoice&apos;s customer with the invoice context" time="0.043104538">
        </testcase>
        <testcase classname="src/pages/InvoiceDetailPage.test.tsx" name="InvoiceDetailPage &gt; explains when the invoice&apos;s customer has no phone registered" time="0.034015795">
        </testcase>
    </testsuite>
    <testsuite name="src/pages/InvoicesPage.test.tsx" timestamp="2026-09-25T20:55:14.639Z" hostname="2a82af66d266" tests="13" failures="2" errors="0" skipped="0" time="0.619997454">
        <testcase classname="src/pages/InvoicesPage.test.tsx" name="InvoicesPage &gt; lists invoices with totals, method and payment status" time="0.075019519">
        </testcase>
        <testcase classname="src/pages/InvoicesPage.test.tsx" name="InvoicesPage &gt; renders an empty state when no invoices exist" time="0.01766276">
        </testcase>
        <testcase classname="src/pages/InvoicesPage.test.tsx" name="InvoicesPage &gt; renders an error state when the invoice list fails" time="0.013337891">
        </testcase>
        <testcase classname="src/pages/InvoicesPage.test.tsx" name="InvoicesPage &gt; requests the first page with the default filter" time="0.013104878">
            <failure message="expected &quot;spy&quot; to be called with arguments: [ Array(3) ][90m

Received: 

[1m  1st spy call:

[22m[33m@@ -1,6 +1,7 @@[90m
[2m  [[22m
[31m+   null,[90m
[2m    {[22m
[2m      &quot;from&quot;: undefined,[22m
[2m      &quot;search&quot;: undefined,[22m
[2m      &quot;to&quot;: undefined,[22m
[2m    },[22m
[39m[90m

Number of calls: [1m1[22m
[39m" type="AssertionError">
AssertionError: expected &quot;spy&quot; to be called with arguments: [ Array(3) ]

Received: 

  1st spy call:

@@ -1,6 +1,7 @@
  [
+   null,
    {
      &quot;from&quot;: undefined,
      &quot;search&quot;: undefined,
      &quot;to&quot;: undefined,
    },


Number of calls: 1

 ❯ src/pages/InvoicesPage.test.tsx:267:30
            </failure>
        </testcase>
        <testcase classname="src/pages/InvoicesPage.test.tsx" name="InvoicesPage &gt; shows pagination controls when more than one page exists" time="0.019637013">
        </testcase>
        <testcase classname="src/pages/InvoicesPage.test.tsx" name="InvoicesPage &gt; hides the tax column for a non-responsable company" time="0.021174589">
        </testcase>
        <testcase classname="src/pages/InvoicesPage.test.tsx" name="InvoicesPage &gt; asks the backend only for delivered orders when generating an invoice" time="0.090234469">
            <failure message="expected &quot;spy&quot; to be called with arguments: [ { status: &apos;delivered&apos; }, 0n, 100n ][90m

Received: 

[1m  1st spy call:

[22m[33m@@ -1,6 +1,7 @@[90m
[2m  [[22m
[31m+   null,[90m
[2m    {[22m
[2m      &quot;status&quot;: &quot;delivered&quot;,[22m
[2m    },[22m
[2m    0n,[22m
[2m    100n,[22m
[39m[90m

Number of calls: [1m1[22m
[39m" type="AssertionError">
AssertionError: expected &quot;spy&quot; to be called with arguments: [ { status: &apos;delivered&apos; }, 0n, 100n ]

Received: 

  1st spy call:

@@ -1,6 +1,7 @@
  [
+   null,
    {
      &quot;status&quot;: &quot;delivered&quot;,
    },
    0n,
    100n,


Number of calls: 1

 ❯ src/pages/InvoicesPage.test.tsx:322:28
            </failure>
        </testcase>
        <testcase classname="src/pages/InvoicesPage.test.tsx" name="InvoicesPage &gt; offers a delivered order and never a ready one" time="0.110134504">
        </testcase>
        <testcase classname="src/pages/InvoicesPage.test.tsx" name="InvoicesPage &gt; shows the empty state when there are no delivered orders to invoice" time="0.049389757">
        </testcase>
        <testcase classname="src/pages/InvoicesPage.test.tsx" name="InvoicesPage &gt; opens the notify dialog for the invoice&apos;s customer and sends to the registered email" time="0.062088491">
        </testcase>
        <testcase classname="src/pages/InvoicesPage.test.tsx" name="InvoicesPage &gt; blocks the notify send when the customer has no registered email" time="0.047469996">
        </testcase>
        <testcase classname="src/pages/InvoicesPage.test.tsx" name="InvoicesPage &gt; opens WhatsApp for the invoice&apos;s customer with the invoice context" time="0.055910831">
        </testcase>
        <testcase classname="src/pages/InvoicesPage.test.tsx" name="InvoicesPage &gt; explains when the invoice&apos;s customer has no phone registered" time="0.043595263">
        </testcase>
    </testsuite>
    <testsuite name="src/pages/ListingsLoadingAndRetry.characterize.test.tsx" timestamp="2026-09-25T20:55:14.643Z" hostname="2a82af66d266" tests="7" failures="0" errors="0" skipped="0" time="0.902386041">
        <testcase classname="src/pages/ListingsLoadingAndRetry.characterize.test.tsx" name="Listings loading, retry and no-polling (characterization) &gt; shows the customers loading state while the page is in flight" time="0.066637209">
        </testcase>
        <testcase classname="src/pages/ListingsLoadingAndRetry.characterize.test.tsx" name="Listings loading, retry and no-polling (characterization) &gt; shows the inventory loading state while the page is in flight" time="0.036909901">
        </testcase>
        <testcase classname="src/pages/ListingsLoadingAndRetry.characterize.test.tsx" name="Listings loading, retry and no-polling (characterization) &gt; re-reads the customers page when the error retry is used" time="0.086500715">
        </testcase>
        <testcase classname="src/pages/ListingsLoadingAndRetry.characterize.test.tsx" name="Listings loading, retry and no-polling (characterization) &gt; re-reads the inventory page when the error retry is used" time="0.077129417">
        </testcase>
        <testcase classname="src/pages/ListingsLoadingAndRetry.characterize.test.tsx" name="Listings loading, retry and no-polling (characterization) &gt; does not poll or repeat the customers read after the page arrives" time="0.285867643">
        </testcase>
        <testcase classname="src/pages/ListingsLoadingAndRetry.characterize.test.tsx" name="Listings loading, retry and no-polling (characterization) &gt; does not poll or repeat the inventory read after the page arrives" time="0.302383762">
        </testcase>
        <testcase classname="src/pages/ListingsLoadingAndRetry.characterize.test.tsx" name="Listings loading, retry and no-polling (characterization) &gt; keeps the inventory sort control driving the backend order" time="0.045750951">
        </testcase>
    </testsuite>
    <testsuite name="src/pages/MotorcyclesPage.cover.test.tsx" timestamp="2026-09-25T20:55:14.644Z" hostname="2a82af66d266" tests="8" failures="2" errors="0" skipped="0" time="1.326682401">
        <testcase classname="src/pages/MotorcyclesPage.cover.test.tsx" name="MotorcyclesPage (cover) &gt; lists motorcycles with their owner&apos;s name and phone" time="0.084825396">
        </testcase>
        <testcase classname="src/pages/MotorcyclesPage.cover.test.tsx" name="MotorcyclesPage (cover) &gt; reads one page in a single backend call with the resolved state" time="0.038418642">
            <failure message="expected &quot;spy&quot; to be called with arguments: [ {}, &apos;plate&apos;, false, 0n, 50n ][90m

Received: 

[1m  1st spy call:

[22m[2m  [[22m
[32m-   {},[90m
[31m+   null,[90m
[31m+   {[90m
[31m+     &quot;brand&quot;: undefined,[90m
[31m+     &quot;search&quot;: undefined,[90m
[31m+   },[90m
[2m    &quot;plate&quot;,[22m
[2m    false,[22m
[2m    0n,[22m
[2m    50n,[22m
[2m  ][22m
[39m[90m

Number of calls: [1m1[22m
[39m" type="AssertionError">
AssertionError: expected &quot;spy&quot; to be called with arguments: [ {}, &apos;plate&apos;, false, 0n, 50n ]

Received: 

  1st spy call:

  [
-   {},
+   null,
+   {
+     &quot;brand&quot;: undefined,
+     &quot;search&quot;: undefined,
+   },
    &quot;plate&quot;,
    false,
    0n,
    50n,
  ]


Number of calls: 1

 ❯ src/pages/MotorcyclesPage.cover.test.tsx:113:40
            </failure>
        </testcase>
        <testcase classname="src/pages/MotorcyclesPage.cover.test.tsx" name="MotorcyclesPage (cover) &gt; forwards the search term and brand filter to the backend" time="1.043799449">
            <failure message="expected last &quot;spy&quot; call to have been called with [ { search: &apos;Yamaha&apos;, …(1) }, …(4) ]

Ignored nodes: comments, script, style
[36m&lt;html&gt;[39m
  [36m&lt;head /&gt;[39m
  [36m&lt;body&gt;[39m
    [36m&lt;div&gt;[39m
      [36m&lt;div[39m
        [33mclass[39m=[32m&quot;mx-auto w-full max-w-6xl animate-fade-in space-y-5&quot;[39m
        [33mdata-ocid[39m=[32m&quot;motorcycles.page&quot;[39m
      [36m&gt;[39m
        [36m&lt;header[39m
          [33mclass[39m=[32m&quot;flex flex-wrap items-end justify-between gap-3&quot;[39m
        [36m&gt;[39m
          [36m&lt;div[39m
            [33mclass[39m=[32m&quot;space-y-1&quot;[39m
          [36m&gt;[39m
            [36m&lt;p[39m
              [33mclass[39m=[32m&quot;font-mono text-[10px] uppercase tracking-[0.18em] text-muted-foreground&quot;[39m
            [36m&gt;[39m
              [0mTaller[0m
            [36m&lt;/p&gt;[39m
            [36m&lt;h1[39m
              [33mclass[39m=[32m&quot;font-display text-2xl font-semibold tracking-tight&quot;[39m
            [36m&gt;[39m
              [0mMotocicletas[0m
            [36m&lt;/h1&gt;[39m
            [36m&lt;p[39m
              [33mclass[39m=[32m&quot;max-w-2xl text-sm text-muted-foreground&quot;[39m
            [36m&gt;[39m
              [0mListado paginado de motos con el cliente propietario incluido en la misma respuesta. Busca por placa, marca, modelo o cliente.[0m
            [36m&lt;/p&gt;[39m
          [36m&lt;/div&gt;[39m
          [36m&lt;span[39m
            [33mclass[39m=[32m&quot;inline-flex items-center justify-center rounded-md border px-2 py-0.5 text-xs font-medium w-fit whitespace-nowrap shrink-0 [&amp;&gt;svg]:size-3 gap-1 [&amp;&gt;svg]:pointer-events-none focus-visible:border-ring focus-visible:ring-ring/50 focus-visible:ring-[3px] aria-invalid:ring-destructive/20 dark:aria-invalid:ring-destructive/40 aria-invalid:border-destructive transition-[color,box-shadow] overflow-hidden [a&amp;]:hover:bg-accent [a&amp;]:hover:text-accent-foreground data-rail border-border bg-background text-muted-foreground&quot;[39m
            [33mdata-ocid[39m=[32m&quot;motorcycles.count_badge&quot;[39m
            [33mdata-slot[39m=[32m&quot;badge&quot;[39m
          [36m&gt;[39m
            [0m1 motos[0m
          [36m&lt;/span&gt;[39m
        [36m&lt;/header&gt;[39m
        [36m&lt;section[39m
          [33mclass[39m=[32m&quot;rounded-lg border border-border bg-card p-3 shadow-subtle&quot;[39m
          [33mdata-ocid[39m=[32m&quot;motorcycles.filters&quot;[39m
        [36m&gt;[39m
          [36m&lt;div[39m
            [33mclass[39m=[32m&quot;flex flex-wrap items-center gap-2&quot;[39m
          [36m&gt;[39m
            [36m&lt;div[39m
              [33mclass[39m=[32m&quot;relative min-w-[220px] flex-1&quot;[39m
            [36m&gt;[39m
              [36m&lt;svg[39m
                [33maria-hidden[39m=[32m&quot;true&quot;[39m
                [33mclass[39m=[32m&quot;lucide lucide-search pointer-events-none absolute left-3 top-1/2 size-4 -translate-y-1/2 text-muted-foreground&quot;[39m
                [33mfill[39m=[32m&quot;none&quot;[39m
                [33mheight[39m=[32m&quot;24&quot;[39m
                [33mstroke[39m=[32m&quot;currentColor&quot;[39m
                [33mstroke-linecap[39m=[32m&quot;round&quot;[39m
                [33mstroke-linejoin[39m=[32m&quot;round&quot;[39m
                [33mstroke-width[39m=[32m&quot;2&quot;[39m
                [33mviewBox[39m=[32m&quot;0 0 24 24&quot;[39m
                [33mwidth[39m=[32m&quot;24&quot;[39m
                [33mxmlns[39m=[32m&quot;http://www.w3.org/2000/svg&quot;[39m
              [36m&gt;[39m
                [36m&lt;path[39m
                  [33md[39m=[32m&quot;m21 21-4.34-4.34&quot;[39m
                [36m/&gt;[39m
                [36m&lt;circle[39m
                  [33mcx[39m=[32m&quot;11&quot;[39m
                  [33mcy[39m=[32m&quot;11&quot;[39m
                  [33mr[39m=[32m&quot;8&quot;[39m
                [36m/&gt;[39m
              [36m&lt;/svg&gt;[39m
              [36m&lt;input[39m
                [33maria-label[39m=[32m&quot;Buscar motocicletas&quot;[39m
                [33mclass[39m=[32m&quot;file:text-foreground placeholder:text-muted-foreground selection:bg-primary selection:text-primary-foreground dark:bg-input/30 border-input flex h-9 w-full min-w-0 rounded-md border bg-transparent px-3 py-1 text-base shadow-xs transition-[color,box-shadow] outline-none file:inline-flex file:h-7 file:border-0 file:bg-transparent file:text-sm file:font-medium disabled:pointer-events-none disabled:cursor-not-allowed disabled:opacity-50 md:text-sm focus-visible:border-ring focus-visible:ring-ring/50 focus-visible:ring-[3px] aria-invalid:ring-destructive/20 dark:aria-invalid:ring-destructive/40 aria-invalid:border-destructive pl-9&quot;[39m
                [33mdata-ocid[39m=[32m&quot;motorcycles.search_input&quot;[39m
                [33mdata-slot[39m=[32m&quot;input&quot;[39m
                [33mplaceholder[39m=[32m&quot;Buscar por placa, marca, modelo o cliente…&quot;[39m
                [33mtype[39m=[32m&quot;search&quot;[39m
                [33mvalue[39m=[32m&quot;Yamaha&quot;[39m
              [36m/&gt;[39m
            [36m&lt;/div&gt;[39m
            [36m&lt;div[39m
              [33mclass[39m=[32m&quot;relative w-[180px]&quot;[39m
            [36m&gt;[39m
              [36m&lt;input[39m
                [33maria-label[39m=[32m&quot;Filtrar por marca&quot;[39m
                [33mclass[39m=[32m&quot;file:text-foreground placeholder:text-muted-foreground selection:bg-primary selection:text-primary-foreground dark:bg-input/30 border-input flex h-9 w-full min-w-0 rounded-md border bg-transparent px-3 py-1 text-base shadow-xs transition-[color,box-shadow] outline-none file:inline-flex file:h-7 file:border-0 file:bg-transparent file:text-sm file:font-medium disabled:pointer-events-none disabled:cursor-not-allowed disabled:opacity-50 md:text-sm focus-visible:border-ring focus-visible:ring-ring/50 focus-visible:ring-[3px] aria-invalid:ring-destructive/20 dark:aria-invalid:ring-destructive/40 aria-invalid:border-destructive&quot;[39m
                [33mdata-ocid[39m=[32m&quot;motorcycles.brand_input&quot;[39m
                [33mdata-slot[39m=[32m&quot;input&quot;[39m
                [33mplaceholder[39m=[32m&quot;Marca&quot;[39m
                [33mvalue[39m=[32m&quot;Yamaha&quot;[39m
              [36m/&gt;[39m
            [36m&lt;/div&gt;[39m
            [36m&lt;button[39m
              [33maria-autocomplete[39m=[32m&quot;none&quot;[39m
              [33maria-controls[39m=[32m&quot;radix-«ra»&quot;[39m
              [33maria-expanded[39m=[32m&quot;false&quot;[39m
              [33maria-label[39m=[32m&quot;Ordenar por&quot;[39m
              [33mclass[39m=[32m&quot;border-input data-[placeholder]:text-muted-foreground [&amp;_svg:not([class*=&apos;text-&apos;])]:text-muted-foreground focus-visible:border-ring focus-visible:ring-ring/50 aria-invalid:ring-destructive/20 dark:aria-invalid:ring-destructive/40 aria-invalid:border-destructive dark:bg-input/30 dark:hover:bg-input/50 flex items-center justify-between gap-2 rounded-md border bg-transparent px-3 py-2 text-sm whitespace-nowrap shadow-xs transition-[color,box-shadow] outline-none focus-visible:ring-[3px] disabled:cursor-not-allowed disabled:opacity-50 data-[size=default]:h-9 data-[size=sm]:h-8 *:data-[slot=select-value]:line-clamp-1 *:data-[slot=select-value]:flex *:data-[slot=select-value]:items-center *:data-[slot=select-value]:gap-2 [&amp;_svg]:pointer-events-none [&amp;_s..." type="AssertionError">
AssertionError: expected last &quot;spy&quot; call to have been called with [ { search: &apos;Yamaha&apos;, …(1) }, …(4) ]

Ignored nodes: comments, script, style
&lt;html&gt;
  &lt;head /&gt;
  &lt;body&gt;
    &lt;div&gt;
      &lt;div
        class=&quot;mx-auto w-full max-w-6xl animate-fade-in space-y-5&quot;
        data-ocid=&quot;motorcycles.page&quot;
      &gt;
        &lt;header
          class=&quot;flex flex-wrap items-end justify-between gap-3&quot;
        &gt;
          &lt;div
            class=&quot;space-y-1&quot;
          &gt;
            &lt;p
              class=&quot;font-mono text-[10px] uppercase tracking-[0.18em] text-muted-foreground&quot;
            &gt;
              Taller
            &lt;/p&gt;
            &lt;h1
              class=&quot;font-display text-2xl font-semibold tracking-tight&quot;
            &gt;
              Motocicletas
            &lt;/h1&gt;
            &lt;p
              class=&quot;max-w-2xl text-sm text-muted-foreground&quot;
            &gt;
              Listado paginado de motos con el cliente propietario incluido en la misma respuesta. Busca por placa, marca, modelo o cliente.
            &lt;/p&gt;
          &lt;/div&gt;
          &lt;span
            class=&quot;inline-flex items-center justify-center rounded-md border px-2 py-0.5 text-xs font-medium w-fit whitespace-nowrap shrink-0 [&amp;&gt;svg]:size-3 gap-1 [&amp;&gt;svg]:pointer-events-none focus-visible:border-ring focus-visible:ring-ring/50 focus-visible:ring-[3px] aria-invalid:ring-destructive/20 dark:aria-invalid:ring-destructive/40 aria-invalid:border-destructive transition-[color,box-shadow] overflow-hidden [a&amp;]:hover:bg-accent [a&amp;]:hover:text-accent-foreground data-rail border-border bg-background text-muted-foreground&quot;
            data-ocid=&quot;motorcycles.count_badge&quot;
            data-slot=&quot;badge&quot;
          &gt;
            1 motos
          &lt;/span&gt;
        &lt;/header&gt;
        &lt;section
          class=&quot;rounded-lg border border-border bg-card p-3 shadow-subtle&quot;
          data-ocid=&quot;motorcycles.filters&quot;
        &gt;
          &lt;div
            class=&quot;flex flex-wrap items-center gap-2&quot;
          &gt;
            &lt;div
              class=&quot;relative min-w-[220px] flex-1&quot;
            &gt;
              &lt;svg
                aria-hidden=&quot;true&quot;
                class=&quot;lucide lucide-search pointer-events-none absolute left-3 top-1/2 size-4 -translate-y-1/2 text-muted-foreground&quot;
                fill=&quot;none&quot;
                height=&quot;24&quot;
                stroke=&quot;currentColor&quot;
                stroke-linecap=&quot;round&quot;
                stroke-linejoin=&quot;round&quot;
                stroke-width=&quot;2&quot;
                viewBox=&quot;0 0 24 24&quot;
                width=&quot;24&quot;
                xmlns=&quot;http://www.w3.org/2000/svg&quot;
              &gt;
                &lt;path
                  d=&quot;m21 21-4.34-4.34&quot;
                /&gt;
                &lt;circle
                  cx=&quot;11&quot;
                  cy=&quot;11&quot;
                  r=&quot;8&quot;
                /&gt;
              &lt;/svg&gt;
              &lt;input
                aria-label=&quot;Buscar motocicletas&quot;
                class=&quot;file:text-foreground placeholder:text-muted-foreground selection:bg-primary selection:text-primary-foreground dark:bg-input/30 border-input flex h-9 w-full min-w-0 rounded-md border bg-transparent px-3 py-1 text-base shadow-xs transition-[color,box-shadow] outline-none file:inline-flex file:h-7 file:border-0 file:bg-transparent file:text-sm file:font-medium disabled:pointer-events-none disabled:cursor-not-allowed disabled:opacity-50 md:text-sm focus-visible:border-ring focus-visible:ring-ring/50 focus-visible:ring-[3px] aria-invalid:ring-destructive/20 dark:aria-invalid:ring-destructive/40 aria-invalid:border-destructive pl-9&quot;
                data-ocid=&quot;motorcycles.search_input&quot;
                data-slot=&quot;input&quot;
                placeholder=&quot;Buscar por placa, marca, modelo o cliente…&quot;
                type=&quot;search&quot;
                value=&quot;Yamaha&quot;
              /&gt;
            &lt;/div&gt;
            &lt;div
              class=&quot;relative w-[180px]&quot;
            &gt;
              &lt;input
                aria-label=&quot;Filtrar por marca&quot;
                class=&quot;file:text-foreground placeholder:text-muted-foreground selection:bg-primary selection:text-primary-foreground dark:bg-input/30 border-input flex h-9 w-full min-w-0 rounded-md border bg-transparent px-3 py-1 text-base shadow-xs transition-[color,box-shadow] outline-none file:inline-flex file:h-7 file:border-0 file:bg-transparent file:text-sm file:font-medium disabled:pointer-events-none disabled:cursor-not-allowed disabled:opacity-50 md:text-sm focus-visible:border-ring focus-visible:ring-ring/50 focus-visible:ring-[3px] aria-invalid:ring-destructive/20 dark:aria-invalid:ring-destructive/40 aria-invalid:border-destructive&quot;
                data-ocid=&quot;motorcycles.brand_input&quot;
                data-slot=&quot;input&quot;
                placeholder=&quot;Marca&quot;
                value=&quot;Yamaha&quot;
              /&gt;
            &lt;/div&gt;
            &lt;button
              aria-autocomplete=&quot;none&quot;
              aria-controls=&quot;radix-«ra»&quot;
              aria-expanded=&quot;false&quot;
              aria-label=&quot;Ordenar por&quot;
              class=&quot;border-input data-[placeholder]:text-muted-foreground [&amp;_svg:not([class*=&apos;text-&apos;])]:text-muted-foreground focus-visible:border-ring focus-visible:ring-ring/50 aria-invalid:ring-destructive/20 dark:aria-invalid:ring-destructive/40 aria-invalid:border-destructive dark:bg-input/30 dark:hover:bg-input/50 flex items-center justify-between gap-2 rounded-md border bg-transparent px-3 py-2 text-sm whitespace-nowrap shadow-xs transition-[color,box-shadow] outline-none focus-visible:ring-[3px] disabled:cursor-not-allowed disabled:opacity-50 data-[size=default]:h-9 data-[size=sm]:h-8 *:data-[slot=select-value]:line-clamp-1 *:data-[slot=select-value]:flex *:data-[slot=select-value]:items-center *:data-[slot=select-value]:gap-2 [&amp;_svg]:pointer-events-none [&amp;_s...

- Expected
+ Received

@@ -1,6 +1,7 @@
  [
+   null,
    {
      &quot;brand&quot;: &quot;Yamaha&quot;,
      &quot;search&quot;: &quot;Yamaha&quot;,
    },
    &quot;plate&quot;,

 ❯ src/pages/MotorcyclesPage.cover.test.tsx:130:42
 ❯ runWithExpensiveErrorDiagnosticsDisabled ../../../../../../opt/pnpm-templates/build_template/node_modules/.pnpm/@testing-library+dom@10.4.2/node_modules/@testing-library/dom/dist/config.js:47:12
 ❯ checkCallback ../../../../../../opt/pnpm-templates/build_template/node_modules/.pnpm/@testing-library+dom@10.4.2/node_modules/@testing-library/dom/dist/wait-for.js:124:77
 ❯ Timeout.checkRealTimersCallback ../../../../../../opt/pnpm-templates/build_template/node_modules/.pnpm/@testing-library+dom@10.4.2/node_modules/@testing-library/dom/dist/wait-for.js:118:16
            </failure>
        </testcase>
        <testcase classname="src/pages/MotorcyclesPage.cover.test.tsx" name="MotorcyclesPage (cover) &gt; renders an empty state when the listing has no motorcycles" time="0.021223853">
        </testcase>
        <testcase classname="src/pages/MotorcyclesPage.cover.test.tsx" name="MotorcyclesPage (cover) &gt; renders an error state with a retry when the listing fails" time="0.019458893">
        </testcase>
        <testcase classname="src/pages/MotorcyclesPage.cover.test.tsx" name="MotorcyclesPage (cover) &gt; requests the next page when the pagination control is used" time="0.057244738">
        </testcase>
        <testcase classname="src/pages/MotorcyclesPage.cover.test.tsx" name="MotorcyclesPage (cover) &gt; sorts through the backend when a column header is clicked" time="0.036076155">
        </testcase>
        <testcase classname="src/pages/MotorcyclesPage.cover.test.tsx" name="MotorcyclesPage (cover) &gt; renders the rows in the order the backend returns them" time="0.024467761">
        </testcase>
    </testsuite>
    <testsuite name="src/pages/NewOrderPage.characterize.test.tsx" timestamp="2026-09-25T20:55:14.647Z" hostname="2a82af66d266" tests="6" failures="1" errors="0" skipped="0" time="2.108290141">
        <testcase classname="src/pages/NewOrderPage.characterize.test.tsx" name="NewOrderPage intake form (characterization) &gt; tells the user to create a customer when the directory is empty" time="0.037515852">
        </testcase>
        <testcase classname="src/pages/NewOrderPage.characterize.test.tsx" name="NewOrderPage intake form (characterization) &gt; asks for a customer before offering the motorcycle field" time="0.010856226">
        </testcase>
        <testcase classname="src/pages/NewOrderPage.characterize.test.tsx" name="NewOrderPage intake form (characterization) &gt; blocks the submit and explains when the mileage is not a whole number" time="0.143517054">
        </testcase>
        <testcase classname="src/pages/NewOrderPage.characterize.test.tsx" name="NewOrderPage intake form (characterization) &gt; blocks the submit until the reported problem is described" time="0.058066969">
        </testcase>
        <testcase classname="src/pages/NewOrderPage.characterize.test.tsx" name="NewOrderPage intake form (characterization) &gt; creates the order with the chosen customer, motorcycle, mileage and problem" time="1.321075784">
            <failure message="expected &quot;spy&quot; to be called with arguments: [ 7n ][90m

Received: 

[1m  1st spy call:

[22m[2m  [[22m
[31m+   null,[90m
[2m    7n,[22m
[2m  ][22m
[39m[90m

Number of calls: [1m1[22m
[39m

Ignored nodes: comments, script, style
[36m&lt;html&gt;[39m
  [36m&lt;head /&gt;[39m
  [36m&lt;body&gt;[39m
    [36m&lt;div&gt;[39m
      [36m&lt;div[39m
        [33mclass[39m=[32m&quot;mx-auto w-full max-w-3xl animate-fade-in space-y-5&quot;[39m
        [33mdata-ocid[39m=[32m&quot;new_order.page&quot;[39m
      [36m&gt;[39m
        [36m&lt;header[39m
          [33mclass[39m=[32m&quot;space-y-1&quot;[39m
        [36m&gt;[39m
          [36m&lt;button[39m
            [33mclass[39m=[32m&quot;inline-flex items-center justify-center whitespace-nowrap text-sm font-medium transition-all disabled:pointer-events-none disabled:opacity-50 [&amp;_svg]:pointer-events-none [&amp;_svg:not([class*=&apos;size-&apos;])]:size-4 shrink-0 [&amp;_svg]:shrink-0 outline-none focus-visible:border-ring focus-visible:ring-ring/50 focus-visible:ring-[3px] aria-invalid:ring-destructive/20 dark:aria-invalid:ring-destructive/40 aria-invalid:border-destructive hover:bg-accent hover:text-accent-foreground dark:hover:bg-accent/50 h-8 rounded-md px-3 has-[&gt;svg]:px-2.5 -ml-2 gap-1.5 text-muted-foreground&quot;[39m
            [33mdata-ocid[39m=[32m&quot;new_order.back_button&quot;[39m
            [33mdata-slot[39m=[32m&quot;button&quot;[39m
            [33mtype[39m=[32m&quot;button&quot;[39m
          [36m&gt;[39m
            [36m&lt;svg[39m
              [33maria-hidden[39m=[32m&quot;true&quot;[39m
              [33mclass[39m=[32m&quot;lucide lucide-arrow-left size-4&quot;[39m
              [33mfill[39m=[32m&quot;none&quot;[39m
              [33mheight[39m=[32m&quot;24&quot;[39m
              [33mstroke[39m=[32m&quot;currentColor&quot;[39m
              [33mstroke-linecap[39m=[32m&quot;round&quot;[39m
              [33mstroke-linejoin[39m=[32m&quot;round&quot;[39m
              [33mstroke-width[39m=[32m&quot;2&quot;[39m
              [33mviewBox[39m=[32m&quot;0 0 24 24&quot;[39m
              [33mwidth[39m=[32m&quot;24&quot;[39m
              [33mxmlns[39m=[32m&quot;http://www.w3.org/2000/svg&quot;[39m
            [36m&gt;[39m
              [36m&lt;path[39m
                [33md[39m=[32m&quot;m12 19-7-7 7-7&quot;[39m
              [36m/&gt;[39m
              [36m&lt;path[39m
                [33md[39m=[32m&quot;M19 12H5&quot;[39m
              [36m/&gt;[39m
            [36m&lt;/svg&gt;[39m
            [0mVolver a órdenes[0m
          [36m&lt;/button&gt;[39m
          [36m&lt;h1[39m
            [33mclass[39m=[32m&quot;font-display text-2xl font-semibold tracking-tight&quot;[39m
          [36m&gt;[39m
            [0mNueva orden de taller[0m
          [36m&lt;/h1&gt;[39m
          [36m&lt;p[39m
            [33mclass[39m=[32m&quot;max-w-2xl text-sm text-muted-foreground&quot;[39m
          [36m&gt;[39m
            [0mRegistra el ingreso de una moto: cliente, motocicleta, kilometraje y falla reportada.[0m
          [36m&lt;/p&gt;[39m
        [36m&lt;/header&gt;[39m
        [36m&lt;form[39m
          [33mnovalidate[39m=[32m&quot;&quot;[39m
        [36m&gt;[39m
          [36m&lt;div[39m
            [33mclass[39m=[32m&quot;bg-card text-card-foreground flex flex-col border gap-0 rounded-lg py-0 shadow-none&quot;[39m
            [33mdata-slot[39m=[32m&quot;card&quot;[39m
          [36m&gt;[39m
            [36m&lt;div[39m
              [33mclass[39m=[32m&quot;@container/card-header grid auto-rows-min grid-rows-[auto_auto] items-start gap-1.5 has-data-[slot=card-action]:grid-cols-[1fr_auto] [.border-b]:pb-6 border-b border-border px-5 py-4&quot;[39m
              [33mdata-slot[39m=[32m&quot;card-header&quot;[39m
            [36m&gt;[39m
              [36m&lt;div[39m
                [33mclass[39m=[32m&quot;flex items-center gap-2 font-display text-sm font-semibold tracking-tight&quot;[39m
                [33mdata-slot[39m=[32m&quot;card-title&quot;[39m
              [36m&gt;[39m
                [36m&lt;svg[39m
                  [33maria-hidden[39m=[32m&quot;true&quot;[39m
                  [33mclass[39m=[32m&quot;lucide lucide-user-round size-4 text-primary&quot;[39m
                  [33mfill[39m=[32m&quot;none&quot;[39m
                  [33mheight[39m=[32m&quot;24&quot;[39m
                  [33mstroke[39m=[32m&quot;currentColor&quot;[39m
                  [33mstroke-linecap[39m=[32m&quot;round&quot;[39m
                  [33mstroke-linejoin[39m=[32m&quot;round&quot;[39m
                  [33mstroke-width[39m=[32m&quot;2&quot;[39m
                  [33mviewBox[39m=[32m&quot;0 0 24 24&quot;[39m
                  [33mwidth[39m=[32m&quot;24&quot;[39m
                  [33mxmlns[39m=[32m&quot;http://www.w3.org/2000/svg&quot;[39m
                [36m&gt;[39m
                  [36m&lt;circle[39m
                    [33mcx[39m=[32m&quot;12&quot;[39m
                    [33mcy[39m=[32m&quot;8&quot;[39m
                    [33mr[39m=[32m&quot;5&quot;[39m
                  [36m/&gt;[39m
                  [36m&lt;path[39m
                    [33md[39m=[32m&quot;M20 21a8 8 0 0 0-16 0&quot;[39m
                  [36m/&gt;[39m
                [36m&lt;/svg&gt;[39m
                [0mDatos de ingreso[0m
              [36m&lt;/div&gt;[39m
            [36m&lt;/div&gt;[39m
            [36m&lt;div[39m
              [33mclass[39m=[32m&quot;space-y-5 px-5 py-5&quot;[39m
              [33mdata-slot[39m=[32m&quot;card-content&quot;[39m
            [36m&gt;[39m
              [36m&lt;div[39m
                [33mclass[39m=[32m&quot;grid gap-5 sm:grid-cols-2&quot;[39m
              [36m&gt;[39m
                [36m&lt;div[39m
                  [33mclass[39m=[32m&quot;space-y-2&quot;[39m
                [36m&gt;[39m
                  [36m&lt;label[39m
                    [33mclass[39m=[32m&quot;flex items-center gap-2 text-sm leading-none font-medium select-none group-data-[disabled=true]:pointer-events-none group-data-[disabled=true]:opacity-50 peer-disabled:cursor-not-allowed peer-disabled:opacity-50&quot;[39m
                    [33mdata-slot[39m=[32m&quot;label&quot;[39m
                    [33mfor[39m=[32m&quot;order-customer-search&quot;[39m
                  [36m&gt;[39m
                    [0mCliente[0m
                  [36m&lt;/label&gt;[39m
                  [36m&lt;div[39m
                    [33mclass[39m=[32m&quot;flex items-center justify-between gap-3 rounded-md border border-primary/40 bg-primary/5 px-3 py-2&quot;[39m
                    [33mdata-ocid[39m=[32m&quot;new_order.customer_selected&quot;[39m
                  [36m&gt;[39m
                    [36m&lt;div[39m
                      [33mclass[39m=[32m&quot;min-w-0&quot;[39m
                    [36m&gt;[39m
                      [36m&lt;p[39m
                        [33mclass[39m=[32m&quot;truncate text-sm font-medium&quot;[39m
                      [36m&gt;[39m
                        [0mAna Pérez[0m
                      [36m&lt;/p&gt;[39m
                      [36m&lt;p[39m
                        [33mclass[39m=[32m&quot;data-rail truncate text-xs text-muted-foreground&quot;[39m
                      [36m&gt;[39m
                        [0m+57 300 111 2222[0m
                      [36m&lt;/p&gt;[39m
                    [36m&lt;/div&gt;[39m
                    [36m&lt;button[39m
                      [33mclass[39m=[32m&quot;inline-flex items-center justify-center whitespace-nowrap text-sm font-medium transition-all disabled:pointer-events-none disabled:opacity-50 [&amp;_svg]:pointer-events-none [&amp;_svg:not([class*=&apos;size-&apos;])]:size-4 [&amp;_svg]:shrink-0 outline-none focus-visible:border-ring focus-visible:ring-ring/50 focus-visible:ring-[3px] aria-invalid:ring-de..." type="AssertionError">
AssertionError: expected &quot;spy&quot; to be called with arguments: [ 7n ]

Received: 

  1st spy call:

  [
+   null,
    7n,
  ]


Number of calls: 1


Ignored nodes: comments, script, style
&lt;html&gt;
  &lt;head /&gt;
  &lt;body&gt;
    &lt;div&gt;
      &lt;div
        class=&quot;mx-auto w-full max-w-3xl animate-fade-in space-y-5&quot;
        data-ocid=&quot;new_order.page&quot;
      &gt;
        &lt;header
          class=&quot;space-y-1&quot;
        &gt;
          &lt;button
            class=&quot;inline-flex items-center justify-center whitespace-nowrap text-sm font-medium transition-all disabled:pointer-events-none disabled:opacity-50 [&amp;_svg]:pointer-events-none [&amp;_svg:not([class*=&apos;size-&apos;])]:size-4 shrink-0 [&amp;_svg]:shrink-0 outline-none focus-visible:border-ring focus-visible:ring-ring/50 focus-visible:ring-[3px] aria-invalid:ring-destructive/20 dark:aria-invalid:ring-destructive/40 aria-invalid:border-destructive hover:bg-accent hover:text-accent-foreground dark:hover:bg-accent/50 h-8 rounded-md px-3 has-[&gt;svg]:px-2.5 -ml-2 gap-1.5 text-muted-foreground&quot;
            data-ocid=&quot;new_order.back_button&quot;
            data-slot=&quot;button&quot;
            type=&quot;button&quot;
          &gt;
            &lt;svg
              aria-hidden=&quot;true&quot;
              class=&quot;lucide lucide-arrow-left size-4&quot;
              fill=&quot;none&quot;
              height=&quot;24&quot;
              stroke=&quot;currentColor&quot;
              stroke-linecap=&quot;round&quot;
              stroke-linejoin=&quot;round&quot;
              stroke-width=&quot;2&quot;
              viewBox=&quot;0 0 24 24&quot;
              width=&quot;24&quot;
              xmlns=&quot;http://www.w3.org/2000/svg&quot;
            &gt;
              &lt;path
                d=&quot;m12 19-7-7 7-7&quot;
              /&gt;
              &lt;path
                d=&quot;M19 12H5&quot;
              /&gt;
            &lt;/svg&gt;
            Volver a órdenes
          &lt;/button&gt;
          &lt;h1
            class=&quot;font-display text-2xl font-semibold tracking-tight&quot;
          &gt;
            Nueva orden de taller
          &lt;/h1&gt;
          &lt;p
            class=&quot;max-w-2xl text-sm text-muted-foreground&quot;
          &gt;
            Registra el ingreso de una moto: cliente, motocicleta, kilometraje y falla reportada.
          &lt;/p&gt;
        &lt;/header&gt;
        &lt;form
          novalidate=&quot;&quot;
        &gt;
          &lt;div
            class=&quot;bg-card text-card-foreground flex flex-col border gap-0 rounded-lg py-0 shadow-none&quot;
            data-slot=&quot;card&quot;
          &gt;
            &lt;div
              class=&quot;@container/card-header grid auto-rows-min grid-rows-[auto_auto] items-start gap-1.5 has-data-[slot=card-action]:grid-cols-[1fr_auto] [.border-b]:pb-6 border-b border-border px-5 py-4&quot;
              data-slot=&quot;card-header&quot;
            &gt;
              &lt;div
                class=&quot;flex items-center gap-2 font-display text-sm font-semibold tracking-tight&quot;
                data-slot=&quot;card-title&quot;
              &gt;
                &lt;svg
                  aria-hidden=&quot;true&quot;
                  class=&quot;lucide lucide-user-round size-4 text-primary&quot;
                  fill=&quot;none&quot;
                  height=&quot;24&quot;
                  stroke=&quot;currentColor&quot;
                  stroke-linecap=&quot;round&quot;
                  stroke-linejoin=&quot;round&quot;
                  stroke-width=&quot;2&quot;
                  viewBox=&quot;0 0 24 24&quot;
                  width=&quot;24&quot;
                  xmlns=&quot;http://www.w3.org/2000/svg&quot;
                &gt;
                  &lt;circle
                    cx=&quot;12&quot;
                    cy=&quot;8&quot;
                    r=&quot;5&quot;
                  /&gt;
                  &lt;path
                    d=&quot;M20 21a8 8 0 0 0-16 0&quot;
                  /&gt;
                &lt;/svg&gt;
                Datos de ingreso
              &lt;/div&gt;
            &lt;/div&gt;
            &lt;div
              class=&quot;space-y-5 px-5 py-5&quot;
              data-slot=&quot;card-content&quot;
            &gt;
              &lt;div
                class=&quot;grid gap-5 sm:grid-cols-2&quot;
              &gt;
                &lt;div
                  class=&quot;space-y-2&quot;
                &gt;
                  &lt;label
                    class=&quot;flex items-center gap-2 text-sm leading-none font-medium select-none group-data-[disabled=true]:pointer-events-none group-data-[disabled=true]:opacity-50 peer-disabled:cursor-not-allowed peer-disabled:opacity-50&quot;
                    data-slot=&quot;label&quot;
                    for=&quot;order-customer-search&quot;
                  &gt;
                    Cliente
                  &lt;/label&gt;
                  &lt;div
                    class=&quot;flex items-center justify-between gap-3 rounded-md border border-primary/40 bg-primary/5 px-3 py-2&quot;
                    data-ocid=&quot;new_order.customer_selected&quot;
                  &gt;
                    &lt;div
                      class=&quot;min-w-0&quot;
                    &gt;
                      &lt;p
                        class=&quot;truncate text-sm font-medium&quot;
                      &gt;
                        Ana Pérez
                      &lt;/p&gt;
                      &lt;p
                        class=&quot;data-rail truncate text-xs text-muted-foreground&quot;
                      &gt;
                        +57 300 111 2222
                      &lt;/p&gt;
                    &lt;/div&gt;
                    &lt;button
                      class=&quot;inline-flex items-center justify-center whitespace-nowrap text-sm font-medium transition-all disabled:pointer-events-none disabled:opacity-50 [&amp;_svg]:pointer-events-none [&amp;_svg:not([class*=&apos;size-&apos;])]:size-4 [&amp;_svg]:shrink-0 outline-none focus-visible:border-ring focus-visible:ring-ring/50 focus-visible:ring-[3px] aria-invalid:ring-de...
 ❯ src/pages/NewOrderPage.characterize.test.tsx:176:53
 ❯ runWithExpensiveErrorDiagnosticsDisabled ../../../../../../opt/pnpm-templates/build_template/node_modules/.pnpm/@testing-library+dom@10.4.2/node_modules/@testing-library/dom/dist/config.js:47:12
 ❯ checkCallback ../../../../../../opt/pnpm-templates/build_template/node_modules/.pnpm/@testing-library+dom@10.4.2/node_modules/@testing-library/dom/dist/wait-for.js:124:77
 ❯ Timeout.checkRealTimersCallback ../../../../../../opt/pnpm-templates/build_template/node_modules/.pnpm/@testing-library+dom@10.4.2/node_modules/@testing-library/dom/dist/wait-for.js:118:16
            </failure>
        </testcase>
        <testcase classname="src/pages/NewOrderPage.characterize.test.tsx" name="NewOrderPage intake form (characterization) &gt; shows the backend error and keeps the form when the create fails" time="0.536179525">
        </testcase>
    </testsuite>
    <testsuite name="src/pages/NewOrderPage.customer-search.test.tsx" timestamp="2026-09-25T20:55:14.649Z" hostname="2a82af66d266" tests="3" failures="1" errors="0" skipped="0" time="1.719877272">
        <testcase classname="src/pages/NewOrderPage.customer-search.test.tsx" name="NewOrderPage customer search &gt; prompts for a term before the user types instead of listing the whole directory" time="0.056969001">
        </testcase>
        <testcase classname="src/pages/NewOrderPage.customer-search.test.tsx" name="NewOrderPage customer search &gt; shows an empty state carrying the typed term when nothing matches" time="0.331938871">
        </testcase>
        <testcase classname="src/pages/NewOrderPage.customer-search.test.tsx" name="NewOrderPage customer search &gt; clears the chosen motorcycle and reloads the new customer&apos;s motorcycles when the customer changes" time="1.33005429">
            <failure message="expected &quot;spy&quot; to be called with arguments: [ 7n ][90m

Received: 

[1m  1st spy call:

[22m[2m  [[22m
[31m+   null,[90m
[2m    7n,[22m
[2m  ][22m
[39m[90m

Number of calls: [1m1[22m
[39m

Ignored nodes: comments, script, style
[36m&lt;html&gt;[39m
  [36m&lt;head /&gt;[39m
  [36m&lt;body&gt;[39m
    [36m&lt;div&gt;[39m
      [36m&lt;div[39m
        [33mclass[39m=[32m&quot;mx-auto w-full max-w-3xl animate-fade-in space-y-5&quot;[39m
        [33mdata-ocid[39m=[32m&quot;new_order.page&quot;[39m
      [36m&gt;[39m
        [36m&lt;header[39m
          [33mclass[39m=[32m&quot;space-y-1&quot;[39m
        [36m&gt;[39m
          [36m&lt;button[39m
            [33mclass[39m=[32m&quot;inline-flex items-center justify-center whitespace-nowrap text-sm font-medium transition-all disabled:pointer-events-none disabled:opacity-50 [&amp;_svg]:pointer-events-none [&amp;_svg:not([class*=&apos;size-&apos;])]:size-4 shrink-0 [&amp;_svg]:shrink-0 outline-none focus-visible:border-ring focus-visible:ring-ring/50 focus-visible:ring-[3px] aria-invalid:ring-destructive/20 dark:aria-invalid:ring-destructive/40 aria-invalid:border-destructive hover:bg-accent hover:text-accent-foreground dark:hover:bg-accent/50 h-8 rounded-md px-3 has-[&gt;svg]:px-2.5 -ml-2 gap-1.5 text-muted-foreground&quot;[39m
            [33mdata-ocid[39m=[32m&quot;new_order.back_button&quot;[39m
            [33mdata-slot[39m=[32m&quot;button&quot;[39m
            [33mtype[39m=[32m&quot;button&quot;[39m
          [36m&gt;[39m
            [36m&lt;svg[39m
              [33maria-hidden[39m=[32m&quot;true&quot;[39m
              [33mclass[39m=[32m&quot;lucide lucide-arrow-left size-4&quot;[39m
              [33mfill[39m=[32m&quot;none&quot;[39m
              [33mheight[39m=[32m&quot;24&quot;[39m
              [33mstroke[39m=[32m&quot;currentColor&quot;[39m
              [33mstroke-linecap[39m=[32m&quot;round&quot;[39m
              [33mstroke-linejoin[39m=[32m&quot;round&quot;[39m
              [33mstroke-width[39m=[32m&quot;2&quot;[39m
              [33mviewBox[39m=[32m&quot;0 0 24 24&quot;[39m
              [33mwidth[39m=[32m&quot;24&quot;[39m
              [33mxmlns[39m=[32m&quot;http://www.w3.org/2000/svg&quot;[39m
            [36m&gt;[39m
              [36m&lt;path[39m
                [33md[39m=[32m&quot;m12 19-7-7 7-7&quot;[39m
              [36m/&gt;[39m
              [36m&lt;path[39m
                [33md[39m=[32m&quot;M19 12H5&quot;[39m
              [36m/&gt;[39m
            [36m&lt;/svg&gt;[39m
            [0mVolver a órdenes[0m
          [36m&lt;/button&gt;[39m
          [36m&lt;h1[39m
            [33mclass[39m=[32m&quot;font-display text-2xl font-semibold tracking-tight&quot;[39m
          [36m&gt;[39m
            [0mNueva orden de taller[0m
          [36m&lt;/h1&gt;[39m
          [36m&lt;p[39m
            [33mclass[39m=[32m&quot;max-w-2xl text-sm text-muted-foreground&quot;[39m
          [36m&gt;[39m
            [0mRegistra el ingreso de una moto: cliente, motocicleta, kilometraje y falla reportada.[0m
          [36m&lt;/p&gt;[39m
        [36m&lt;/header&gt;[39m
        [36m&lt;form[39m
          [33mnovalidate[39m=[32m&quot;&quot;[39m
        [36m&gt;[39m
          [36m&lt;div[39m
            [33mclass[39m=[32m&quot;bg-card text-card-foreground flex flex-col border gap-0 rounded-lg py-0 shadow-none&quot;[39m
            [33mdata-slot[39m=[32m&quot;card&quot;[39m
          [36m&gt;[39m
            [36m&lt;div[39m
              [33mclass[39m=[32m&quot;@container/card-header grid auto-rows-min grid-rows-[auto_auto] items-start gap-1.5 has-data-[slot=card-action]:grid-cols-[1fr_auto] [.border-b]:pb-6 border-b border-border px-5 py-4&quot;[39m
              [33mdata-slot[39m=[32m&quot;card-header&quot;[39m
            [36m&gt;[39m
              [36m&lt;div[39m
                [33mclass[39m=[32m&quot;flex items-center gap-2 font-display text-sm font-semibold tracking-tight&quot;[39m
                [33mdata-slot[39m=[32m&quot;card-title&quot;[39m
              [36m&gt;[39m
                [36m&lt;svg[39m
                  [33maria-hidden[39m=[32m&quot;true&quot;[39m
                  [33mclass[39m=[32m&quot;lucide lucide-user-round size-4 text-primary&quot;[39m
                  [33mfill[39m=[32m&quot;none&quot;[39m
                  [33mheight[39m=[32m&quot;24&quot;[39m
                  [33mstroke[39m=[32m&quot;currentColor&quot;[39m
                  [33mstroke-linecap[39m=[32m&quot;round&quot;[39m
                  [33mstroke-linejoin[39m=[32m&quot;round&quot;[39m
                  [33mstroke-width[39m=[32m&quot;2&quot;[39m
                  [33mviewBox[39m=[32m&quot;0 0 24 24&quot;[39m
                  [33mwidth[39m=[32m&quot;24&quot;[39m
                  [33mxmlns[39m=[32m&quot;http://www.w3.org/2000/svg&quot;[39m
                [36m&gt;[39m
                  [36m&lt;circle[39m
                    [33mcx[39m=[32m&quot;12&quot;[39m
                    [33mcy[39m=[32m&quot;8&quot;[39m
                    [33mr[39m=[32m&quot;5&quot;[39m
                  [36m/&gt;[39m
                  [36m&lt;path[39m
                    [33md[39m=[32m&quot;M20 21a8 8 0 0 0-16 0&quot;[39m
                  [36m/&gt;[39m
                [36m&lt;/svg&gt;[39m
                [0mDatos de ingreso[0m
              [36m&lt;/div&gt;[39m
            [36m&lt;/div&gt;[39m
            [36m&lt;div[39m
              [33mclass[39m=[32m&quot;space-y-5 px-5 py-5&quot;[39m
              [33mdata-slot[39m=[32m&quot;card-content&quot;[39m
            [36m&gt;[39m
              [36m&lt;div[39m
                [33mclass[39m=[32m&quot;grid gap-5 sm:grid-cols-2&quot;[39m
              [36m&gt;[39m
                [36m&lt;div[39m
                  [33mclass[39m=[32m&quot;space-y-2&quot;[39m
                [36m&gt;[39m
                  [36m&lt;label[39m
                    [33mclass[39m=[32m&quot;flex items-center gap-2 text-sm leading-none font-medium select-none group-data-[disabled=true]:pointer-events-none group-data-[disabled=true]:opacity-50 peer-disabled:cursor-not-allowed peer-disabled:opacity-50&quot;[39m
                    [33mdata-slot[39m=[32m&quot;label&quot;[39m
                    [33mfor[39m=[32m&quot;order-customer-search&quot;[39m
                  [36m&gt;[39m
                    [0mCliente[0m
                  [36m&lt;/label&gt;[39m
                  [36m&lt;div[39m
                    [33mclass[39m=[32m&quot;flex items-center justify-between gap-3 rounded-md border border-primary/40 bg-primary/5 px-3 py-2&quot;[39m
                    [33mdata-ocid[39m=[32m&quot;new_order.customer_selected&quot;[39m
                  [36m&gt;[39m
                    [36m&lt;div[39m
                      [33mclass[39m=[32m&quot;min-w-0&quot;[39m
                    [36m&gt;[39m
                      [36m&lt;p[39m
                        [33mclass[39m=[32m&quot;truncate text-sm font-medium&quot;[39m
                      [36m&gt;[39m
                        [0mAna Pérez[0m
                      [36m&lt;/p&gt;[39m
                      [36m&lt;p[39m
                        [33mclass[39m=[32m&quot;data-rail truncate text-xs text-muted-foreground&quot;[39m
                      [36m&gt;[39m
                        [0m+57 300 111 2222[0m
                      [36m&lt;/p&gt;[39m
                    [36m&lt;/div&gt;[39m
                    [36m&lt;button[39m
                      [33mclass[39m=[32m&quot;inline-flex items-center justify-center whitespace-nowrap text-sm font-medium transition-all disabled:pointer-events-none disabled:opacity-50 [&amp;_svg]:pointer-events-none [&amp;_svg:not([class*=&apos;size-&apos;])]:size-4 [&amp;_svg]:shrink-0 outline-none focus-visible:border-ring focus-visible:ring-ring/50 focus-visible:ring-[3px] aria-invalid:ring-de..." type="AssertionError">
AssertionError: expected &quot;spy&quot; to be called with arguments: [ 7n ]

Received: 

  1st spy call:

  [
+   null,
    7n,
  ]


Number of calls: 1


Ignored nodes: comments, script, style
&lt;html&gt;
  &lt;head /&gt;
  &lt;body&gt;
    &lt;div&gt;
      &lt;div
        class=&quot;mx-auto w-full max-w-3xl animate-fade-in space-y-5&quot;
        data-ocid=&quot;new_order.page&quot;
      &gt;
        &lt;header
          class=&quot;space-y-1&quot;
        &gt;
          &lt;button
            class=&quot;inline-flex items-center justify-center whitespace-nowrap text-sm font-medium transition-all disabled:pointer-events-none disabled:opacity-50 [&amp;_svg]:pointer-events-none [&amp;_svg:not([class*=&apos;size-&apos;])]:size-4 shrink-0 [&amp;_svg]:shrink-0 outline-none focus-visible:border-ring focus-visible:ring-ring/50 focus-visible:ring-[3px] aria-invalid:ring-destructive/20 dark:aria-invalid:ring-destructive/40 aria-invalid:border-destructive hover:bg-accent hover:text-accent-foreground dark:hover:bg-accent/50 h-8 rounded-md px-3 has-[&gt;svg]:px-2.5 -ml-2 gap-1.5 text-muted-foreground&quot;
            data-ocid=&quot;new_order.back_button&quot;
            data-slot=&quot;button&quot;
            type=&quot;button&quot;
          &gt;
            &lt;svg
              aria-hidden=&quot;true&quot;
              class=&quot;lucide lucide-arrow-left size-4&quot;
              fill=&quot;none&quot;
              height=&quot;24&quot;
              stroke=&quot;currentColor&quot;
              stroke-linecap=&quot;round&quot;
              stroke-linejoin=&quot;round&quot;
              stroke-width=&quot;2&quot;
              viewBox=&quot;0 0 24 24&quot;
              width=&quot;24&quot;
              xmlns=&quot;http://www.w3.org/2000/svg&quot;
            &gt;
              &lt;path
                d=&quot;m12 19-7-7 7-7&quot;
              /&gt;
              &lt;path
                d=&quot;M19 12H5&quot;
              /&gt;
            &lt;/svg&gt;
            Volver a órdenes
          &lt;/button&gt;
          &lt;h1
            class=&quot;font-display text-2xl font-semibold tracking-tight&quot;
          &gt;
            Nueva orden de taller
          &lt;/h1&gt;
          &lt;p
            class=&quot;max-w-2xl text-sm text-muted-foreground&quot;
          &gt;
            Registra el ingreso de una moto: cliente, motocicleta, kilometraje y falla reportada.
          &lt;/p&gt;
        &lt;/header&gt;
        &lt;form
          novalidate=&quot;&quot;
        &gt;
          &lt;div
            class=&quot;bg-card text-card-foreground flex flex-col border gap-0 rounded-lg py-0 shadow-none&quot;
            data-slot=&quot;card&quot;
          &gt;
            &lt;div
              class=&quot;@container/card-header grid auto-rows-min grid-rows-[auto_auto] items-start gap-1.5 has-data-[slot=card-action]:grid-cols-[1fr_auto] [.border-b]:pb-6 border-b border-border px-5 py-4&quot;
              data-slot=&quot;card-header&quot;
            &gt;
              &lt;div
                class=&quot;flex items-center gap-2 font-display text-sm font-semibold tracking-tight&quot;
                data-slot=&quot;card-title&quot;
              &gt;
                &lt;svg
                  aria-hidden=&quot;true&quot;
                  class=&quot;lucide lucide-user-round size-4 text-primary&quot;
                  fill=&quot;none&quot;
                  height=&quot;24&quot;
                  stroke=&quot;currentColor&quot;
                  stroke-linecap=&quot;round&quot;
                  stroke-linejoin=&quot;round&quot;
                  stroke-width=&quot;2&quot;
                  viewBox=&quot;0 0 24 24&quot;
                  width=&quot;24&quot;
                  xmlns=&quot;http://www.w3.org/2000/svg&quot;
                &gt;
                  &lt;circle
                    cx=&quot;12&quot;
                    cy=&quot;8&quot;
                    r=&quot;5&quot;
                  /&gt;
                  &lt;path
                    d=&quot;M20 21a8 8 0 0 0-16 0&quot;
                  /&gt;
                &lt;/svg&gt;
                Datos de ingreso
              &lt;/div&gt;
            &lt;/div&gt;
            &lt;div
              class=&quot;space-y-5 px-5 py-5&quot;
              data-slot=&quot;card-content&quot;
            &gt;
              &lt;div
                class=&quot;grid gap-5 sm:grid-cols-2&quot;
              &gt;
                &lt;div
                  class=&quot;space-y-2&quot;
                &gt;
                  &lt;label
                    class=&quot;flex items-center gap-2 text-sm leading-none font-medium select-none group-data-[disabled=true]:pointer-events-none group-data-[disabled=true]:opacity-50 peer-disabled:cursor-not-allowed peer-disabled:opacity-50&quot;
                    data-slot=&quot;label&quot;
                    for=&quot;order-customer-search&quot;
                  &gt;
                    Cliente
                  &lt;/label&gt;
                  &lt;div
                    class=&quot;flex items-center justify-between gap-3 rounded-md border border-primary/40 bg-primary/5 px-3 py-2&quot;
                    data-ocid=&quot;new_order.customer_selected&quot;
                  &gt;
                    &lt;div
                      class=&quot;min-w-0&quot;
                    &gt;
                      &lt;p
                        class=&quot;truncate text-sm font-medium&quot;
                      &gt;
                        Ana Pérez
                      &lt;/p&gt;
                      &lt;p
                        class=&quot;data-rail truncate text-xs text-muted-foreground&quot;
                      &gt;
                        +57 300 111 2222
                      &lt;/p&gt;
                    &lt;/div&gt;
                    &lt;button
                      class=&quot;inline-flex items-center justify-center whitespace-nowrap text-sm font-medium transition-all disabled:pointer-events-none disabled:opacity-50 [&amp;_svg]:pointer-events-none [&amp;_svg:not([class*=&apos;size-&apos;])]:size-4 [&amp;_svg]:shrink-0 outline-none focus-visible:border-ring focus-visible:ring-ring/50 focus-visible:ring-[3px] aria-invalid:ring-de...
 ❯ src/pages/NewOrderPage.customer-search.test.tsx:150:53
 ❯ runWithExpensiveErrorDiagnosticsDisabled ../../../../../../opt/pnpm-templates/build_template/node_modules/.pnpm/@testing-library+dom@10.4.2/node_modules/@testing-library/dom/dist/config.js:47:12
 ❯ checkCallback ../../../../../../opt/pnpm-templates/build_template/node_modules/.pnpm/@testing-library+dom@10.4.2/node_modules/@testing-library/dom/dist/wait-for.js:124:77
 ❯ Timeout.checkRealTimersCallback ../../../../../../opt/pnpm-templates/build_template/node_modules/.pnpm/@testing-library+dom@10.4.2/node_modules/@testing-library/dom/dist/wait-for.js:118:16
            </failure>
        </testcase>
    </testsuite>
    <testsuite name="src/pages/OrderDetailPage.lines.test.tsx" timestamp="2026-09-25T20:55:14.651Z" hostname="2a82af66d266" tests="9" failures="0" errors="0" skipped="0" time="0.429229304">
        <testcase classname="src/pages/OrderDetailPage.lines.test.tsx" name="OrderDetailPage line management &gt; removes a part line through the backend" time="0.146763843">
        </testcase>
        <testcase classname="src/pages/OrderDetailPage.lines.test.tsx" name="OrderDetailPage line management &gt; removes a labor line through the backend" time="0.064983611">
        </testcase>
        <testcase classname="src/pages/OrderDetailPage.lines.test.tsx" name="OrderDetailPage line management &gt; shows the responsible technician on a labor line" time="0.036633738">
        </testcase>
        <testcase classname="src/pages/OrderDetailPage.lines.test.tsx" name="OrderDetailPage line management &gt; labels a labor line with no responsible technician" time="0.034788517">
        </testcase>
        <testcase classname="src/pages/OrderDetailPage.lines.test.tsx" name="OrderDetailPage line management &gt; renders empty states for parts and labor when the order has none" time="0.018643953">
        </testcase>
        <testcase classname="src/pages/OrderDetailPage.lines.test.tsx" name="OrderDetailPage line management &gt; shows the assigned-technicians empty state when none are assigned" time="0.026386391">
        </testcase>
        <testcase classname="src/pages/OrderDetailPage.lines.test.tsx" name="OrderDetailPage line management &gt; renders a part row with quantity, unit price and the line amount" time="0.031244326">
        </testcase>
        <testcase classname="src/pages/OrderDetailPage.lines.test.tsx" name="OrderDetailPage line management &gt; labels a part row with its lot reference" time="0.03064174">
        </testcase>
        <testcase classname="src/pages/OrderDetailPage.lines.test.tsx" name="OrderDetailPage line management &gt; labels a part row with no lot as unassigned" time="0.037923782">
        </testcase>
    </testsuite>
    <testsuite name="src/pages/OrderDetailPage.test.tsx" timestamp="2026-09-25T20:55:14.653Z" hostname="2a82af66d266" tests="9" failures="0" errors="0" skipped="0" time="0.51158883">
        <testcase classname="src/pages/OrderDetailPage.test.tsx" name="OrderDetailPage &gt; shows parts, labor and the taxed total" time="0.121587059">
        </testcase>
        <testcase classname="src/pages/OrderDetailPage.test.tsx" name="OrderDetailPage &gt; advances the order to the next status" time="0.096259861">
        </testcase>
        <testcase classname="src/pages/OrderDetailPage.test.tsx" name="OrderDetailPage &gt; disables advancing once the order is delivered" time="0.02978055">
        </testcase>
        <testcase classname="src/pages/OrderDetailPage.test.tsx" name="OrderDetailPage &gt; renders a not-found state when the order does not exist" time="0.004462352">
        </testcase>
        <testcase classname="src/pages/OrderDetailPage.test.tsx" name="OrderDetailPage &gt; keeps the totals panel rows and reconciles the subtotal with its parts" time="0.026900456">
        </testcase>
        <testcase classname="src/pages/OrderDetailPage.test.tsx" name="OrderDetailPage &gt; shows the same total in the header and the totals panel" time="0.031859304">
        </testcase>
        <testcase classname="src/pages/OrderDetailPage.test.tsx" name="OrderDetailPage &gt; hides the tax row for a non-responsable company" time="0.027436663">
        </testcase>
        <testcase classname="src/pages/OrderDetailPage.test.tsx" name="OrderDetailPage &gt; opens WhatsApp for the order&apos;s customer with the order context" time="0.099720872">
        </testcase>
        <testcase classname="src/pages/OrderDetailPage.test.tsx" name="OrderDetailPage &gt; explains when the order&apos;s customer has no phone registered" time="0.07233532">
        </testcase>
    </testsuite>
    <testsuite name="src/pages/OrdersPage.test.tsx" timestamp="2026-09-25T20:55:14.655Z" hostname="2a82af66d266" tests="11" failures="2" errors="0" skipped="0" time="3.47978738">
        <testcase classname="src/pages/OrdersPage.test.tsx" name="OrdersPage &gt; lists orders with customer, plate, status and total" time="0.071161666">
        </testcase>
        <testcase classname="src/pages/OrdersPage.test.tsx" name="OrdersPage &gt; falls back to id placeholders when lookups are unavailable" time="0.022859698">
        </testcase>
        <testcase classname="src/pages/OrdersPage.test.tsx" name="OrdersPage &gt; renders the empty state when there are no orders" time="0.010912908">
        </testcase>
        <testcase classname="src/pages/OrdersPage.test.tsx" name="OrdersPage &gt; renders the error state and retries on demand" time="0.056109299">
        </testcase>
        <testcase classname="src/pages/OrdersPage.test.tsx" name="OrdersPage &gt; filters by status through the backend filter" time="1.028827035">
            <failure message="expected last &quot;spy&quot; call to have been called with [ { status: &apos;ready&apos;, …(1) }, 0n, 10n ]

Ignored nodes: comments, script, style
[36m&lt;html&gt;[39m
  [36m&lt;head /&gt;[39m
  [36m&lt;body&gt;[39m
    [36m&lt;div&gt;[39m
      [36m&lt;div[39m
        [33mclass[39m=[32m&quot;mx-auto w-full max-w-6xl animate-fade-in space-y-5&quot;[39m
        [33mdata-ocid[39m=[32m&quot;orders.page&quot;[39m
      [36m&gt;[39m
        [36m&lt;header[39m
          [33mclass[39m=[32m&quot;flex flex-wrap items-end justify-between gap-3&quot;[39m
        [36m&gt;[39m
          [36m&lt;div[39m
            [33mclass[39m=[32m&quot;space-y-1&quot;[39m
          [36m&gt;[39m
            [36m&lt;h1[39m
              [33mclass[39m=[32m&quot;font-display text-2xl font-semibold tracking-tight&quot;[39m
            [36m&gt;[39m
              [0mÓrdenes de taller[0m
            [36m&lt;/h1&gt;[39m
            [36m&lt;p[39m
              [33mclass[39m=[32m&quot;max-w-2xl text-sm text-muted-foreground&quot;[39m
            [36m&gt;[39m
              [0mIngresos, reparaciones en curso y entregas con su estado, moto y total facturable.[0m
            [36m&lt;/p&gt;[39m
          [36m&lt;/div&gt;[39m
          [36m&lt;a[39m
            [33mclass[39m=[32m&quot;inline-flex items-center justify-center whitespace-nowrap rounded-md text-sm font-medium transition-all disabled:pointer-events-none disabled:opacity-50 [&amp;_svg]:pointer-events-none [&amp;_svg:not([class*=&apos;size-&apos;])]:size-4 shrink-0 [&amp;_svg]:shrink-0 outline-none focus-visible:border-ring focus-visible:ring-ring/50 focus-visible:ring-[3px] aria-invalid:ring-destructive/20 dark:aria-invalid:ring-destructive/40 aria-invalid:border-destructive bg-primary text-primary-foreground shadow-xs hover:bg-primary/90 h-9 px-4 py-2 has-[&gt;svg]:px-3 gap-2&quot;[39m
            [33mdata-ocid[39m=[32m&quot;orders.new_order_button&quot;[39m
            [33mdata-slot[39m=[32m&quot;button&quot;[39m
            [33mhref[39m=[32m&quot;/ordenes/nueva&quot;[39m
          [36m&gt;[39m
            [36m&lt;svg[39m
              [33maria-hidden[39m=[32m&quot;true&quot;[39m
              [33mclass[39m=[32m&quot;lucide lucide-plus size-4&quot;[39m
              [33mfill[39m=[32m&quot;none&quot;[39m
              [33mheight[39m=[32m&quot;24&quot;[39m
              [33mstroke[39m=[32m&quot;currentColor&quot;[39m
              [33mstroke-linecap[39m=[32m&quot;round&quot;[39m
              [33mstroke-linejoin[39m=[32m&quot;round&quot;[39m
              [33mstroke-width[39m=[32m&quot;2&quot;[39m
              [33mviewBox[39m=[32m&quot;0 0 24 24&quot;[39m
              [33mwidth[39m=[32m&quot;24&quot;[39m
              [33mxmlns[39m=[32m&quot;http://www.w3.org/2000/svg&quot;[39m
            [36m&gt;[39m
              [36m&lt;path[39m
                [33md[39m=[32m&quot;M5 12h14&quot;[39m
              [36m/&gt;[39m
              [36m&lt;path[39m
                [33md[39m=[32m&quot;M12 5v14&quot;[39m
              [36m/&gt;[39m
            [36m&lt;/svg&gt;[39m
            [0mNueva orden[0m
          [36m&lt;/a&gt;[39m
        [36m&lt;/header&gt;[39m
        [36m&lt;div[39m
          [33mclass[39m=[32m&quot;bg-card text-card-foreground flex flex-col border gap-0 rounded-lg py-0 shadow-none&quot;[39m
          [33mdata-slot[39m=[32m&quot;card&quot;[39m
        [36m&gt;[39m
          [36m&lt;div[39m
            [33mclass[39m=[32m&quot;flex flex-col gap-3 border-b border-border p-4 lg:flex-row lg:items-center lg:justify-between&quot;[39m
          [36m&gt;[39m
            [36m&lt;div[39m
              [33mclass[39m=[32m&quot;flex flex-wrap items-center gap-1&quot;[39m
              [33mdata-ocid[39m=[32m&quot;orders.filter.tabs&quot;[39m
            [36m&gt;[39m
              [36m&lt;button[39m
                [33maria-pressed[39m=[32m&quot;false&quot;[39m
                [33mclass[39m=[32m&quot;rounded-md border border-transparent px-3 py-1.5 text-xs font-medium text-muted-foreground transition-smooth hover:bg-muted/50 hover:text-foreground&quot;[39m
                [33mdata-ocid[39m=[32m&quot;orders.filter.all&quot;[39m
                [33mtype[39m=[32m&quot;button&quot;[39m
              [36m&gt;[39m
                [0mTodas[0m
              [36m&lt;/button&gt;[39m
              [36m&lt;button[39m
                [33maria-pressed[39m=[32m&quot;false&quot;[39m
                [33mclass[39m=[32m&quot;rounded-md border border-transparent px-3 py-1.5 text-xs font-medium text-muted-foreground transition-smooth hover:bg-muted/50 hover:text-foreground&quot;[39m
                [33mdata-ocid[39m=[32m&quot;orders.filter.received&quot;[39m
                [33mtype[39m=[32m&quot;button&quot;[39m
              [36m&gt;[39m
                [0mRecibida[0m
              [36m&lt;/button&gt;[39m
              [36m&lt;button[39m
                [33maria-pressed[39m=[32m&quot;false&quot;[39m
                [33mclass[39m=[32m&quot;rounded-md border border-transparent px-3 py-1.5 text-xs font-medium text-muted-foreground transition-smooth hover:bg-muted/50 hover:text-foreground&quot;[39m
                [33mdata-ocid[39m=[32m&quot;orders.filter.inRepair&quot;[39m
                [33mtype[39m=[32m&quot;button&quot;[39m
              [36m&gt;[39m
                [0mEn reparación[0m
              [36m&lt;/button&gt;[39m
              [36m&lt;button[39m
                [33maria-pressed[39m=[32m&quot;true&quot;[39m
                [33mclass[39m=[32m&quot;rounded-md border border-primary/40 bg-primary/10 px-3 py-1.5 text-xs font-medium text-primary transition-smooth&quot;[39m
                [33mdata-ocid[39m=[32m&quot;orders.filter.ready&quot;[39m
                [33mtype[39m=[32m&quot;button&quot;[39m
              [36m&gt;[39m
                [0mLista[0m
              [36m&lt;/button&gt;[39m
              [36m&lt;button[39m
                [33maria-pressed[39m=[32m&quot;false&quot;[39m
                [33mclass[39m=[32m&quot;rounded-md border border-transparent px-3 py-1.5 text-xs font-medium text-muted-foreground transition-smooth hover:bg-muted/50 hover:text-foreground&quot;[39m
                [33mdata-ocid[39m=[32m&quot;orders.filter.delivered&quot;[39m
                [33mtype[39m=[32m&quot;button&quot;[39m
              [36m&gt;[39m
                [0mEntregada[0m
              [36m&lt;/button&gt;[39m
              [36m&lt;button[39m
                [33maria-pressed[39m=[32m&quot;false&quot;[39m
                [33mclass[39m=[32m&quot;rounded-md border border-transparent px-3 py-1.5 text-xs font-medium text-muted-foreground transition-smooth hover:bg-muted/50 hover:text-foreground&quot;[39m
                [33mdata-ocid[39m=[32m&quot;orders.filter.cancelled&quot;[39m
                [33mtype[39m=[32m&quot;button&quot;[39m
              [36m&gt;[39m
                [0mCancelada[0m
              [36m&lt;/button&gt;[39m
            [36m&lt;/div&gt;[39m
            [36m&lt;div[39m
              [33mclass[39m=[32m&quot;relative w-full lg:w-72&quot;[39m
            [36m&gt;[39m
              [36m&lt;svg[39m
                [33maria-hidden[39m=[32m&quot;true&quot;[39m
                [33mclass[39m=[32m&quot;lucide lucide-search pointer-events-none absolute left-3 top-1/2 size-4 -translate-y-1/2 text-muted-foreground&quot;[39m
                [33mfill[39m=[32m&quot;none&quot;[39m
                [33mheight[39m=[32m&quot;24&quot;[39m
                [33mstroke[39m=[32m&quot;currentColor&quot;[39m
                [33mstroke-linecap[39m=[32m&quot;round&quot;[39m
                [33mstroke-linejoin[39m=[32m&quot;round&quot;[39m
                [33mstroke-width[39m=[32m&quot;2&quot;[39m
                [33mviewBox[39m=[32m&quot;0 0 24 24&quot;[39m
                [33mwidth[39m=[32m&quot;24&quot;[39m
                [33mxmlns[39m=[32m&quot;http://www.w3.org/2000/svg&quot;[39m
              [36m&gt;[39m
                [36m&lt;path[39m
                  [33md[39m=[32m&quot;m21 21-4.34-4.34&quot;[39m
                [36m/&gt;[39m
                [36m&lt;circle[39m
                  [33mcx[39m=[32m&quot;11&quot;[39m
                  [33mcy[39m=[32m&quot;11&quot;[39m
                  [33mr[39m=[32m&quot;8&quot;[39m
                [36m/&gt;[39m
              [36m&lt;/svg&gt;[39m
              [36m&lt;input[39m
                [33maria-label[39m=[32m&quot;Buscar órdenes por número, cliente, moto o placa&quot;[39m
                [33mclass[39m=[32m&quot;file:text-foreground placeholder:text-muted-foreground selection:bg-primary selection:text-primary-foreground dark:bg-input/30 border-input flex w-full min-w-0 rounded-md border bg-transparent px-3 py-1 text-base shadow-xs transition-[color,box-shadow] outline-none file:inline-flex file:h-7 file:border-0 file:bg-transparent file:text-sm file:font-medium disabled:pointer-events-none disabled:cursor-not-allowed disabled:opacity-50 md:text-sm focus-visible:border-ring focus-visible:ring-ring/50 focus-visible:ring-[3px] aria-invalid:ring-destructive/20 dark:aria-invalid:ring-destructive/40 aria-invalid:border-destructive h-9 pl-9&quot;[39m
                [33mdata-ocid[39m=[32m&quot;orders.search_input&quot;[39m
                [33mdata-slot[39m=[32m&quot;input&quot;[39m
                [33mplaceholder[39m=[32m&quot;Buscar por orden, cliente, moto o placa…&quot;[39m
                [33mtype[39m=[32m&quot;search&quot;[39m
                [33mvalue[39m=[32m&quot;&quot;[39m
              [36m/&gt;[39m
            [36m&lt;/div&gt;[39m
          [36m&lt;/div&gt;[39m
          [36m&lt;div[39m
            [33mclass[39m=[32m&quot;flex flex-col items-center gap-3 px-6 py-16 text-center&quot;[39m
            [33mdata-ocid[39m=[32m&quot;orders.empty_state&quot;[39m
          [36m&gt;[39m
            [36m&lt;div[39m
              [33mclass[39m=[32m&quot;flex size-11 items-center justify-center rounded-md border border-border bg-muted/40&quot;[39m
            [36m&gt;[39m
              [36m&lt;svg[39m
                [33maria-hidden[39m=[32m&quot;true&quot;[39m
                [33mclass[39m=[32m&quot;lucide lucide-clipboard-list size-5 text-muted-foreground&quot;[39m
                [33mfill[39m=[32m&quot;none&quot;[39m
                [33mheight[39m=[32m&quot;24&quot;[39m
                [33mstroke[39m=[32m&quot;currentColor&quot;[39m
                [33mstroke-linecap[39m=[32m&quot;round&quot;[39m
                [33mstroke-linejoin[39m=[32m&quot;round&quot;[39m
                [33mstroke-width[39m=[32m&quot;2&quot;[39m
                [33mviewBox[39m=[32m&quot;0 0 24 24&quot;[39m
                [33mwidth[39m=[32m&quot;24&quot;[39m
                [33mxmlns[39m=[32m&quot;http://www.w3.org/2000/svg&quot;[39m
              [36m&gt;[39m
                [36m&lt;rect[39m
                  [33mheight[39m=[32m&quot;4&quot;[39m
                  [33mrx[39m=[32m&quot;1&quot;[39m
                  [33mry[39m=[32m&quot;1&quot;[39m
                  [33mwidth[39m=[32m&quot;8&quot;[39m
                  [33mx[39m=[32m&quot;8&quot;[39m
                  [33my[39m=[32m&quot;2&quot;[39m
                [36m/&gt;[39m
                [36m&lt;path[39m
                  [33md[39m=[32m&quot;M16 4h2a2 2 0 0 1 2 2v14a2 2 0 0 1-2 2H6a2 2 0 0 1-2-2V6a2 2 0 0 1 2-2h2&quot;[39m
                [36m/&gt;[39m
                [36m&lt;path[39m
                  [33md[39m=[32m&quot;M12 11h4&quot;[39m
                [36m/&gt;[39m
                [36m&lt;path[39m
                  [33md[39m=[32m&quot;M12 16h4&quot;[39m
                [36m/&gt;[39m
                [36m&lt;path[39m
                  [33md[39m=[32m&quot;M8 11h.01&quot;[39m
                [36m/&gt;[39m
                [36m&lt;path[39m
                  [33md[39m=[32m&quot;M8 16h.01&quot;[39m
                [36m/&gt;[39m
              [36m&lt;/svg&gt;[39m
            [36m&lt;/div&gt;[39m
            [36m&lt;div[39m
              [33mclass[39m=[32m&quot;space-y-1&quot;[39m
            [36m&gt;[39m
              [36m&lt;p[39m
                [33mclass[39m=[32m&quot;font-display text-sm font-semibold&quot;[39m
              [36m&gt;[39m
                [0mSin resultados[0m
              [36m&lt;/p&gt;[39m
              [36m&lt;p[39m
                [33mclass[39m=[32m&quot;max-w-sm text-xs text-muted-foreground&quot;[39m
              [36m&gt;[39m
                [0mAjusta el filtro de estado o la búsqueda para encontrar la orden.[0m
              [36m&lt;/p&gt;[39m
            [36m&lt;/div&gt;[39m
            [36m&lt;a[39m
              [33mclass[39m=[32m&quot;inline-flex items-center justify-center whitespace-nowrap text-sm font-medium transition-all disabled:pointer-events-none disabled:opacity-50 [&amp;_svg]:pointer-events-none [&amp;_svg:not([class*=&apos;size-&apos;])]:size-4 shrink-0 [&amp;_svg]:shrink-0 outline-none focus-visible:border-ring focus-visible:ring-ring/50 focus-visible:ring-[3px] aria-invalid:ring-destructive/20 dark:aria-invalid:ring-destructive/40 aria-invalid:border-destructive border bg-background shadow-xs hover:bg-accent hover:text-accent-foreground dark:bg-input/30 dark:border-input dark:hover:bg-input/50 h-8 rounded-md gap-1.5 px-3 has-[&gt;svg]:px-2.5&quot;[39m
              [33mdata-ocid[39m=[32m&quot;orders.empty_state.new_order_button&quot;[39m
              [33mdata-slot[39m=[32m&quot;button&quot;[39m
              [33mhref[39m=[32m&quot;/ordenes/nueva&quot;[39m
            [36m&gt;[39m
              [0mNueva orden[0m
            [36m&lt;/a&gt;[39m
          [36m&lt;/div&gt;[39m
        [36m&lt;/div&gt;[39m
      [36m&lt;/div&gt;[39m
    [36m&lt;/div&gt;[39m
  [36m&lt;/body&gt;[39m
[36m&lt;/html&gt;[39m" type="AssertionError">
AssertionError: expected last &quot;spy&quot; call to have been called with [ { status: &apos;ready&apos;, …(1) }, 0n, 10n ]

Ignored nodes: comments, script, style
&lt;html&gt;
  &lt;head /&gt;
  &lt;body&gt;
    &lt;div&gt;
      &lt;div
        class=&quot;mx-auto w-full max-w-6xl animate-fade-in space-y-5&quot;
        data-ocid=&quot;orders.page&quot;
      &gt;
        &lt;header
          class=&quot;flex flex-wrap items-end justify-between gap-3&quot;
        &gt;
          &lt;div
            class=&quot;space-y-1&quot;
          &gt;
            &lt;h1
              class=&quot;font-display text-2xl font-semibold tracking-tight&quot;
            &gt;
              Órdenes de taller
            &lt;/h1&gt;
            &lt;p
              class=&quot;max-w-2xl text-sm text-muted-foreground&quot;
            &gt;
              Ingresos, reparaciones en curso y entregas con su estado, moto y total facturable.
            &lt;/p&gt;
          &lt;/div&gt;
          &lt;a
            class=&quot;inline-flex items-center justify-center whitespace-nowrap rounded-md text-sm font-medium transition-all disabled:pointer-events-none disabled:opacity-50 [&amp;_svg]:pointer-events-none [&amp;_svg:not([class*=&apos;size-&apos;])]:size-4 shrink-0 [&amp;_svg]:shrink-0 outline-none focus-visible:border-ring focus-visible:ring-ring/50 focus-visible:ring-[3px] aria-invalid:ring-destructive/20 dark:aria-invalid:ring-destructive/40 aria-invalid:border-destructive bg-primary text-primary-foreground shadow-xs hover:bg-primary/90 h-9 px-4 py-2 has-[&gt;svg]:px-3 gap-2&quot;
            data-ocid=&quot;orders.new_order_button&quot;
            data-slot=&quot;button&quot;
            href=&quot;/ordenes/nueva&quot;
          &gt;
            &lt;svg
              aria-hidden=&quot;true&quot;
              class=&quot;lucide lucide-plus size-4&quot;
              fill=&quot;none&quot;
              height=&quot;24&quot;
              stroke=&quot;currentColor&quot;
              stroke-linecap=&quot;round&quot;
              stroke-linejoin=&quot;round&quot;
              stroke-width=&quot;2&quot;
              viewBox=&quot;0 0 24 24&quot;
              width=&quot;24&quot;
              xmlns=&quot;http://www.w3.org/2000/svg&quot;
            &gt;
              &lt;path
                d=&quot;M5 12h14&quot;
              /&gt;
              &lt;path
                d=&quot;M12 5v14&quot;
              /&gt;
            &lt;/svg&gt;
            Nueva orden
          &lt;/a&gt;
        &lt;/header&gt;
        &lt;div
          class=&quot;bg-card text-card-foreground flex flex-col border gap-0 rounded-lg py-0 shadow-none&quot;
          data-slot=&quot;card&quot;
        &gt;
          &lt;div
            class=&quot;flex flex-col gap-3 border-b border-border p-4 lg:flex-row lg:items-center lg:justify-between&quot;
          &gt;
            &lt;div
              class=&quot;flex flex-wrap items-center gap-1&quot;
              data-ocid=&quot;orders.filter.tabs&quot;
            &gt;
              &lt;button
                aria-pressed=&quot;false&quot;
                class=&quot;rounded-md border border-transparent px-3 py-1.5 text-xs font-medium text-muted-foreground transition-smooth hover:bg-muted/50 hover:text-foreground&quot;
                data-ocid=&quot;orders.filter.all&quot;
                type=&quot;button&quot;
              &gt;
                Todas
              &lt;/button&gt;
              &lt;button
                aria-pressed=&quot;false&quot;
                class=&quot;rounded-md border border-transparent px-3 py-1.5 text-xs font-medium text-muted-foreground transition-smooth hover:bg-muted/50 hover:text-foreground&quot;
                data-ocid=&quot;orders.filter.received&quot;
                type=&quot;button&quot;
              &gt;
                Recibida
              &lt;/button&gt;
              &lt;button
                aria-pressed=&quot;false&quot;
                class=&quot;rounded-md border border-transparent px-3 py-1.5 text-xs font-medium text-muted-foreground transition-smooth hover:bg-muted/50 hover:text-foreground&quot;
                data-ocid=&quot;orders.filter.inRepair&quot;
                type=&quot;button&quot;
              &gt;
                En reparación
              &lt;/button&gt;
              &lt;button
                aria-pressed=&quot;true&quot;
                class=&quot;rounded-md border border-primary/40 bg-primary/10 px-3 py-1.5 text-xs font-medium text-primary transition-smooth&quot;
                data-ocid=&quot;orders.filter.ready&quot;
                type=&quot;button&quot;
              &gt;
                Lista
              &lt;/button&gt;
              &lt;button
                aria-pressed=&quot;false&quot;
                class=&quot;rounded-md border border-transparent px-3 py-1.5 text-xs font-medium text-muted-foreground transition-smooth hover:bg-muted/50 hover:text-foreground&quot;
                data-ocid=&quot;orders.filter.delivered&quot;
                type=&quot;button&quot;
              &gt;
                Entregada
              &lt;/button&gt;
              &lt;button
                aria-pressed=&quot;false&quot;
                class=&quot;rounded-md border border-transparent px-3 py-1.5 text-xs font-medium text-muted-foreground transition-smooth hover:bg-muted/50 hover:text-foreground&quot;
                data-ocid=&quot;orders.filter.cancelled&quot;
                type=&quot;button&quot;
              &gt;
                Cancelada
              &lt;/button&gt;
            &lt;/div&gt;
            &lt;div
              class=&quot;relative w-full lg:w-72&quot;
            &gt;
              &lt;svg
                aria-hidden=&quot;true&quot;
                class=&quot;lucide lucide-search pointer-events-none absolute left-3 top-1/2 size-4 -translate-y-1/2 text-muted-foreground&quot;
                fill=&quot;none&quot;
                height=&quot;24&quot;
                stroke=&quot;currentColor&quot;
                stroke-linecap=&quot;round&quot;
                stroke-linejoin=&quot;round&quot;
                stroke-width=&quot;2&quot;
                viewBox=&quot;0 0 24 24&quot;
                width=&quot;24&quot;
                xmlns=&quot;http://www.w3.org/2000/svg&quot;
              &gt;
                &lt;path
                  d=&quot;m21 21-4.34-4.34&quot;
                /&gt;
                &lt;circle
                  cx=&quot;11&quot;
                  cy=&quot;11&quot;
                  r=&quot;8&quot;
                /&gt;
              &lt;/svg&gt;
              &lt;input
                aria-label=&quot;Buscar órdenes por número, cliente, moto o placa&quot;
                class=&quot;file:text-foreground placeholder:text-muted-foreground selection:bg-primary selection:text-primary-foreground dark:bg-input/30 border-input flex w-full min-w-0 rounded-md border bg-transparent px-3 py-1 text-base shadow-xs transition-[color,box-shadow] outline-none file:inline-flex file:h-7 file:border-0 file:bg-transparent file:text-sm file:font-medium disabled:pointer-events-none disabled:cursor-not-allowed disabled:opacity-50 md:text-sm focus-visible:border-ring focus-visible:ring-ring/50 focus-visible:ring-[3px] aria-invalid:ring-destructive/20 dark:aria-invalid:ring-destructive/40 aria-invalid:border-destructive h-9 pl-9&quot;
                data-ocid=&quot;orders.search_input&quot;
                data-slot=&quot;input&quot;
                placeholder=&quot;Buscar por orden, cliente, moto o placa…&quot;
                type=&quot;search&quot;
                value=&quot;&quot;
              /&gt;
            &lt;/div&gt;
          &lt;/div&gt;
          &lt;div
            class=&quot;flex flex-col items-center gap-3 px-6 py-16 text-center&quot;
            data-ocid=&quot;orders.empty_state&quot;
          &gt;
            &lt;div
              class=&quot;flex size-11 items-center justify-center rounded-md border border-border bg-muted/40&quot;
            &gt;
              &lt;svg
                aria-hidden=&quot;true&quot;
                class=&quot;lucide lucide-clipboard-list size-5 text-muted-foreground&quot;
                fill=&quot;none&quot;
                height=&quot;24&quot;
                stroke=&quot;currentColor&quot;
                stroke-linecap=&quot;round&quot;
                stroke-linejoin=&quot;round&quot;
                stroke-width=&quot;2&quot;
                viewBox=&quot;0 0 24 24&quot;
                width=&quot;24&quot;
                xmlns=&quot;http://www.w3.org/2000/svg&quot;
              &gt;
                &lt;rect
                  height=&quot;4&quot;
                  rx=&quot;1&quot;
                  ry=&quot;1&quot;
                  width=&quot;8&quot;
                  x=&quot;8&quot;
                  y=&quot;2&quot;
                /&gt;
                &lt;path
                  d=&quot;M16 4h2a2 2 0 0 1 2 2v14a2 2 0 0 1-2 2H6a2 2 0 0 1-2-2V6a2 2 0 0 1 2-2h2&quot;
                /&gt;
                &lt;path
                  d=&quot;M12 11h4&quot;
                /&gt;
                &lt;path
                  d=&quot;M12 16h4&quot;
                /&gt;
                &lt;path
                  d=&quot;M8 11h.01&quot;
                /&gt;
                &lt;path
                  d=&quot;M8 16h.01&quot;
                /&gt;
              &lt;/svg&gt;
            &lt;/div&gt;
            &lt;div
              class=&quot;space-y-1&quot;
            &gt;
              &lt;p
                class=&quot;font-display text-sm font-semibold&quot;
              &gt;
                Sin resultados
              &lt;/p&gt;
              &lt;p
                class=&quot;max-w-sm text-xs text-muted-foreground&quot;
              &gt;
                Ajusta el filtro de estado o la búsqueda para encontrar la orden.
              &lt;/p&gt;
            &lt;/div&gt;
            &lt;a
              class=&quot;inline-flex items-center justify-center whitespace-nowrap text-sm font-medium transition-all disabled:pointer-events-none disabled:opacity-50 [&amp;_svg]:pointer-events-none [&amp;_svg:not([class*=&apos;size-&apos;])]:size-4 shrink-0 [&amp;_svg]:shrink-0 outline-none focus-visible:border-ring focus-visible:ring-ring/50 focus-visible:ring-[3px] aria-invalid:ring-destructive/20 dark:aria-invalid:ring-destructive/40 aria-invalid:border-destructive border bg-background shadow-xs hover:bg-accent hover:text-accent-foreground dark:bg-input/30 dark:border-input dark:hover:bg-input/50 h-8 rounded-md gap-1.5 px-3 has-[&gt;svg]:px-2.5&quot;
              data-ocid=&quot;orders.empty_state.new_order_button&quot;
              data-slot=&quot;button&quot;
              href=&quot;/ordenes/nueva&quot;
            &gt;
              Nueva orden
            &lt;/a&gt;
          &lt;/div&gt;
        &lt;/div&gt;
      &lt;/div&gt;
    &lt;/div&gt;
  &lt;/body&gt;
&lt;/html&gt;

- Expected
+ Received

@@ -1,6 +1,7 @@
  [
+   null,
    {
      &quot;search&quot;: undefined,
      &quot;status&quot;: &quot;ready&quot;,
    },
    0n,

 ❯ src/pages/OrdersPage.test.tsx:249:30
 ❯ runWithExpensiveErrorDiagnosticsDisabled ../../../../../../opt/pnpm-templates/build_template/node_modules/.pnpm/@testing-library+dom@10.4.2/node_modules/@testing-library/dom/dist/config.js:47:12
 ❯ checkCallback ../../../../../../opt/pnpm-templates/build_template/node_modules/.pnpm/@testing-library+dom@10.4.2/node_modules/@testing-library/dom/dist/wait-for.js:124:77
 ❯ Timeout.checkRealTimersCallback ../../../../../../opt/pnpm-templates/build_template/node_modules/.pnpm/@testing-library+dom@10.4.2/node_modules/@testing-library/dom/dist/wait-for.js:118:16
            </failure>
        </testcase>
        <testcase classname="src/pages/OrdersPage.test.tsx" name="OrdersPage &gt; shows pagination summary and disables prev on the first page" time="0.018590158">
        </testcase>
        <testcase classname="src/pages/OrdersPage.test.tsx" name="OrdersPage &gt; passes the debounced search term to the backend filter" time="2.042653072">
            <failure message="expected last &quot;spy&quot; call to have been called with [ Array(3) ]

Ignored nodes: comments, script, style
[36m&lt;html&gt;[39m
  [36m&lt;head /&gt;[39m
  [36m&lt;body&gt;[39m
    [36m&lt;div&gt;[39m
      [36m&lt;div[39m
        [33mclass[39m=[32m&quot;mx-auto w-full max-w-6xl animate-fade-in space-y-5&quot;[39m
        [33mdata-ocid[39m=[32m&quot;orders.page&quot;[39m
      [36m&gt;[39m
        [36m&lt;header[39m
          [33mclass[39m=[32m&quot;flex flex-wrap items-end justify-between gap-3&quot;[39m
        [36m&gt;[39m
          [36m&lt;div[39m
            [33mclass[39m=[32m&quot;space-y-1&quot;[39m
          [36m&gt;[39m
            [36m&lt;h1[39m
              [33mclass[39m=[32m&quot;font-display text-2xl font-semibold tracking-tight&quot;[39m
            [36m&gt;[39m
              [0mÓrdenes de taller[0m
            [36m&lt;/h1&gt;[39m
            [36m&lt;p[39m
              [33mclass[39m=[32m&quot;max-w-2xl text-sm text-muted-foreground&quot;[39m
            [36m&gt;[39m
              [0mIngresos, reparaciones en curso y entregas con su estado, moto y total facturable.[0m
            [36m&lt;/p&gt;[39m
          [36m&lt;/div&gt;[39m
          [36m&lt;a[39m
            [33mclass[39m=[32m&quot;inline-flex items-center justify-center whitespace-nowrap rounded-md text-sm font-medium transition-all disabled:pointer-events-none disabled:opacity-50 [&amp;_svg]:pointer-events-none [&amp;_svg:not([class*=&apos;size-&apos;])]:size-4 shrink-0 [&amp;_svg]:shrink-0 outline-none focus-visible:border-ring focus-visible:ring-ring/50 focus-visible:ring-[3px] aria-invalid:ring-destructive/20 dark:aria-invalid:ring-destructive/40 aria-invalid:border-destructive bg-primary text-primary-foreground shadow-xs hover:bg-primary/90 h-9 px-4 py-2 has-[&gt;svg]:px-3 gap-2&quot;[39m
            [33mdata-ocid[39m=[32m&quot;orders.new_order_button&quot;[39m
            [33mdata-slot[39m=[32m&quot;button&quot;[39m
            [33mhref[39m=[32m&quot;/ordenes/nueva&quot;[39m
          [36m&gt;[39m
            [36m&lt;svg[39m
              [33maria-hidden[39m=[32m&quot;true&quot;[39m
              [33mclass[39m=[32m&quot;lucide lucide-plus size-4&quot;[39m
              [33mfill[39m=[32m&quot;none&quot;[39m
              [33mheight[39m=[32m&quot;24&quot;[39m
              [33mstroke[39m=[32m&quot;currentColor&quot;[39m
              [33mstroke-linecap[39m=[32m&quot;round&quot;[39m
              [33mstroke-linejoin[39m=[32m&quot;round&quot;[39m
              [33mstroke-width[39m=[32m&quot;2&quot;[39m
              [33mviewBox[39m=[32m&quot;0 0 24 24&quot;[39m
              [33mwidth[39m=[32m&quot;24&quot;[39m
              [33mxmlns[39m=[32m&quot;http://www.w3.org/2000/svg&quot;[39m
            [36m&gt;[39m
              [36m&lt;path[39m
                [33md[39m=[32m&quot;M5 12h14&quot;[39m
              [36m/&gt;[39m
              [36m&lt;path[39m
                [33md[39m=[32m&quot;M12 5v14&quot;[39m
              [36m/&gt;[39m
            [36m&lt;/svg&gt;[39m
            [0mNueva orden[0m
          [36m&lt;/a&gt;[39m
        [36m&lt;/header&gt;[39m
        [36m&lt;div[39m
          [33mclass[39m=[32m&quot;bg-card text-card-foreground flex flex-col border gap-0 rounded-lg py-0 shadow-none&quot;[39m
          [33mdata-slot[39m=[32m&quot;card&quot;[39m
        [36m&gt;[39m
          [36m&lt;div[39m
            [33mclass[39m=[32m&quot;flex flex-col gap-3 border-b border-border p-4 lg:flex-row lg:items-center lg:justify-between&quot;[39m
          [36m&gt;[39m
            [36m&lt;div[39m
              [33mclass[39m=[32m&quot;flex flex-wrap items-center gap-1&quot;[39m
              [33mdata-ocid[39m=[32m&quot;orders.filter.tabs&quot;[39m
            [36m&gt;[39m
              [36m&lt;button[39m
                [33maria-pressed[39m=[32m&quot;true&quot;[39m
                [33mclass[39m=[32m&quot;rounded-md border border-primary/40 bg-primary/10 px-3 py-1.5 text-xs font-medium text-primary transition-smooth&quot;[39m
                [33mdata-ocid[39m=[32m&quot;orders.filter.all&quot;[39m
                [33mtype[39m=[32m&quot;button&quot;[39m
              [36m&gt;[39m
                [0mTodas[0m
              [36m&lt;/button&gt;[39m
              [36m&lt;button[39m
                [33maria-pressed[39m=[32m&quot;false&quot;[39m
                [33mclass[39m=[32m&quot;rounded-md border border-transparent px-3 py-1.5 text-xs font-medium text-muted-foreground transition-smooth hover:bg-muted/50 hover:text-foreground&quot;[39m
                [33mdata-ocid[39m=[32m&quot;orders.filter.received&quot;[39m
                [33mtype[39m=[32m&quot;button&quot;[39m
              [36m&gt;[39m
                [0mRecibida[0m
              [36m&lt;/button&gt;[39m
              [36m&lt;button[39m
                [33maria-pressed[39m=[32m&quot;false&quot;[39m
                [33mclass[39m=[32m&quot;rounded-md border border-transparent px-3 py-1.5 text-xs font-medium text-muted-foreground transition-smooth hover:bg-muted/50 hover:text-foreground&quot;[39m
                [33mdata-ocid[39m=[32m&quot;orders.filter.inRepair&quot;[39m
                [33mtype[39m=[32m&quot;button&quot;[39m
              [36m&gt;[39m
                [0mEn reparación[0m
              [36m&lt;/button&gt;[39m
              [36m&lt;button[39m
                [33maria-pressed[39m=[32m&quot;false&quot;[39m
                [33mclass[39m=[32m&quot;rounded-md border border-transparent px-3 py-1.5 text-xs font-medium text-muted-foreground transition-smooth hover:bg-muted/50 hover:text-foreground&quot;[39m
                [33mdata-ocid[39m=[32m&quot;orders.filter.ready&quot;[39m
                [33mtype[39m=[32m&quot;button&quot;[39m
              [36m&gt;[39m
                [0mLista[0m
              [36m&lt;/button&gt;[39m
              [36m&lt;button[39m
                [33maria-pressed[39m=[32m&quot;false&quot;[39m
                [33mclass[39m=[32m&quot;rounded-md border border-transparent px-3 py-1.5 text-xs font-medium text-muted-foreground transition-smooth hover:bg-muted/50 hover:text-foreground&quot;[39m
                [33mdata-ocid[39m=[32m&quot;orders.filter.delivered&quot;[39m
                [33mtype[39m=[32m&quot;button&quot;[39m
              [36m&gt;[39m
                [0mEntregada[0m
              [36m&lt;/button&gt;[39m
              [36m&lt;button[39m
                [33maria-pressed[39m=[32m&quot;false&quot;[39m
                [33mclass[39m=[32m&quot;rounded-md border border-transparent px-3 py-1.5 text-xs font-medium text-muted-foreground transition-smooth hover:bg-muted/50 hover:text-foreground&quot;[39m
                [33mdata-ocid[39m=[32m&quot;orders.filter.cancelled&quot;[39m
                [33mtype[39m=[32m&quot;button&quot;[39m
              [36m&gt;[39m
                [0mCancelada[0m
              [36m&lt;/button&gt;[39m
            [36m&lt;/div&gt;[39m
            [36m&lt;div[39m
              [33mclass[39m=[32m&quot;relative w-full lg:w-72&quot;[39m
            [36m&gt;[39m
              [36m&lt;svg[39m
                [33maria-hidden[39m=[32m&quot;true&quot;[39m
                [33mclass[39m=[32m&quot;lucide lucide-search pointer-events-none absolute left-3 top-1/2 size-4 -translate-y-1/2 text-muted-foreground&quot;[39m
                [33mfill[39m=[32m&quot;none&quot;[39m
                [33mheight[39m=[32m&quot;24&quot;[39m
                [33mstroke[39m=[32m&quot;currentColor&quot;[39m
                [33mstroke-linecap[39m=[32m&quot;round&quot;[39m
                [33mstroke-linejoin[39m=[32m&quot;round&quot;[39m
                [33mstroke-width[39m=[32m&quot;2&quot;[39m
                [33mviewBox[39m=[32m&quot;0 0 24 24&quot;[39m
                [33mwidth[39m=[32m&quot;24&quot;[39m
                [33mxmlns[39m=[32m&quot;http://www.w3.org/2000/svg&quot;[39m
              [36m&gt;[39m
                [36m&lt;path[39m
                  [33md[39m=[32m&quot;m21 21-4.34-4.34&quot;[39m
                [36m/&gt;[39m
                [36m&lt;circle[39m
                  [33mcx[39m=[32m&quot;11&quot;[39m
                  [33mcy[39m=[32m&quot;11&quot;[39m
                  [33mr[39m=[32m&quot;8&quot;[39m
                [36m/&gt;[39m
              [36m&lt;/svg&gt;[39m
              [36m&lt;input[39m
                [33maria-label[39m=[32m&quot;Buscar órdenes por número, cliente, moto o placa&quot;[39m
                [33mclass[39m=[32m&quot;file:text-foreground placeholder:text-muted-foreground selection:bg-primary selection:text-primary-foreground dark:bg-input/30 border-input flex w-full min-w-0 rounded-md border bg-transparent px-3 py-1 text-base shadow-xs transition-[color,box-shadow] outline-none file:inline-flex file:h-7 file:border-0 file:bg-transparent file:text-sm file:font-medium disabled:pointer-events-none disabled:cursor-not-allowed disabled:opacity-50 md:text-sm focus-visible:border-ring focus-visible:ring-ring/50 focus-visible:ring-[3px] aria-invalid:ring-destructive/20 dark:aria-invalid:ring-destructive/40 aria-invalid:border-destructive h-9 pl-9&quot;[39m
                [33mdata-ocid[39m=[32m&quot;orders.search_input&quot;[39m
                [33mdata-slot[39m=[32m&quot;input&quot;[39m
                [33mplaceholder[39m=[32m&quot;Buscar por orden, cliente, moto o placa…&quot;[39m
                [33mtype[39m=[32m&quot;search&quot;[39m
                [33mvalue[39m=[32m&quot;frenos&quot;[39m
              [36m/&gt;[39m
            [36m&lt;/div&gt;[39m
          [36m&lt;/div&gt;[39m
          [36m&lt;div[39m
            [33mclass[39m=[32m&quot;flex flex-col items-center gap-3 px-6 py-16 text-center&quot;[39m
            [33mdata-ocid[39m=[32m&quot;orders.empty_state&quot;[39m
          [36m&gt;[39m
            [36m&lt;div[39m
              [33mclass[39m=[32m&quot;flex size-11 items-center justify-center rounded-md border border-border bg-muted/40&quot;[39m
            [36m&gt;[39m
              [36m&lt;svg[39m
                [33maria-hidden[39m=[32m&quot;true&quot;[39m
                [33mclass[39m=[32m&quot;lucide lucide-clipboard-list size-5 text-muted-foreground&quot;[39m
                [33mfill[39m=[32m&quot;none&quot;[39m
                [33mheight[39m=[32m&quot;24&quot;[39m
                [33mstroke[39m=[32m&quot;currentColor&quot;[39m
                [33mstroke-linecap[39m=[32m&quot;round&quot;[39m
                [33mstroke-linejoin[39m=[32m&quot;round&quot;[39m
                [33mstroke-width[39m=[32m&quot;2&quot;[39m
                [33mviewBox[39m=[32m&quot;0 0 24 24&quot;[39m
                [33mwidth[39m=[32m&quot;24&quot;[39m
                [33mxmlns[39m=[32m&quot;http://www.w3.org/2000/svg&quot;[39m
              [36m&gt;[39m
                [36m&lt;rect[39m
                  [33mheight[39m=[32m&quot;4&quot;[39m
                  [33mrx[39m=[32m&quot;1&quot;[39m
                  [33mry[39m=[32m&quot;1&quot;[39m
                  [33mwidth[39m=[32m&quot;8&quot;[39m
                  [33mx[39m=[32m&quot;8&quot;[39m
                  [33my[39m=[32m&quot;2&quot;[39m
                [36m/&gt;[39m
                [36m&lt;path[39m
                  [33md[39m=[32m&quot;M16 4h2a2 2 0 0 1 2 2v14a2 2 0 0 1-2 2H6a2 2 0 0 1-2-2V6a2 2 0 0 1 2-2h2&quot;[39m
                [36m/&gt;[39m
                [36m&lt;path[39m
                  [33md[39m=[32m&quot;M12 11h4&quot;[39m
                [36m/&gt;[39m
                [36m&lt;path[39m
                  [33md[39m=[32m&quot;M12 16h4&quot;[39m
                [36m/&gt;[39m
                [36m&lt;path[39m
                  [33md[39m=[32m&quot;M8 11h.01&quot;[39m
                [36m/&gt;[39m
                [36m&lt;path[39m
                  [33md[39m=[32m&quot;M8 16h.01&quot;[39m
                [36m/&gt;[39m
              [36m&lt;/svg&gt;[39m
            [36m&lt;/div&gt;[39m
            [36m&lt;div[39m
              [33mclass[39m=[32m&quot;space-y-1&quot;[39m
            [36m&gt;[39m
              [36m&lt;p[39m
                [33mclass[39m=[32m&quot;font-display text-sm font-semibold&quot;[39m
              [36m&gt;[39m
                [0mSin resultados[0m
              [36m&lt;/p&gt;[39m
              [36m&lt;p[39m
                [33mclass[39m=[32m&quot;max-w-sm text-xs text-muted-foreground&quot;[39m
              [36m&gt;[39m
                [0mAjusta el filtro de estado o la búsqueda para encontrar la orden.[0m
              [36m&lt;/p&gt;[39m
            [36m&lt;/div&gt;[39m
            [36m&lt;a[39m
              [33mclass[39m=[32m&quot;inline-flex items-center justify-center whitespace-nowrap text-sm font-medium transition-all disabled:pointer-events-none disabled:opacity-50 [&amp;_svg]:pointer-events-none [&amp;_svg:not([class*=&apos;size-&apos;])]:size-4 shrink-0 [&amp;_svg]:shrink-0 outline-none focus-visible:border-ring focus-visible:ring-ring/50 focus-visible:ring-[3px] aria-invalid:ring-destructive/20 dark:aria-invalid:ring-destructive/40 aria-invalid:border-destructive border bg-background shadow-xs hover:bg-accent hover:text-accent-foreground dark:bg-input/30 dark:border-input dark:hover:bg-input/50 h-8 rounded-md gap-1.5 px-3 has-[&gt;svg]:px-2.5&quot;[39m
              [33mdata-ocid[39m=[32m&quot;orders.empty_state.new_order_button&quot;[39m
              [33mdata-slot[39m=[32m&quot;button&quot;[39m
              [33mhref[39m=[32m&quot;/ordenes/nueva&quot;[39m
            [36m&gt;[39m
              [0mNueva orden[0m
            [36m&lt;/a&gt;[39m
          [36m&lt;/div&gt;[39m
        [36m&lt;/div&gt;[39m
      [36m&lt;/div&gt;[39m
    [36m&lt;/div&gt;[39m
  [36m&lt;/body&gt;[39m
[36m&lt;/html&gt;[39m" type="AssertionError">
AssertionError: expected last &quot;spy&quot; call to have been called with [ Array(3) ]

Ignored nodes: comments, script, style
&lt;html&gt;
  &lt;head /&gt;
  &lt;body&gt;
    &lt;div&gt;
      &lt;div
        class=&quot;mx-auto w-full max-w-6xl animate-fade-in space-y-5&quot;
        data-ocid=&quot;orders.page&quot;
      &gt;
        &lt;header
          class=&quot;flex flex-wrap items-end justify-between gap-3&quot;
        &gt;
          &lt;div
            class=&quot;space-y-1&quot;
          &gt;
            &lt;h1
              class=&quot;font-display text-2xl font-semibold tracking-tight&quot;
            &gt;
              Órdenes de taller
            &lt;/h1&gt;
            &lt;p
              class=&quot;max-w-2xl text-sm text-muted-foreground&quot;
            &gt;
              Ingresos, reparaciones en curso y entregas con su estado, moto y total facturable.
            &lt;/p&gt;
          &lt;/div&gt;
          &lt;a
            class=&quot;inline-flex items-center justify-center whitespace-nowrap rounded-md text-sm font-medium transition-all disabled:pointer-events-none disabled:opacity-50 [&amp;_svg]:pointer-events-none [&amp;_svg:not([class*=&apos;size-&apos;])]:size-4 shrink-0 [&amp;_svg]:shrink-0 outline-none focus-visible:border-ring focus-visible:ring-ring/50 focus-visible:ring-[3px] aria-invalid:ring-destructive/20 dark:aria-invalid:ring-destructive/40 aria-invalid:border-destructive bg-primary text-primary-foreground shadow-xs hover:bg-primary/90 h-9 px-4 py-2 has-[&gt;svg]:px-3 gap-2&quot;
            data-ocid=&quot;orders.new_order_button&quot;
            data-slot=&quot;button&quot;
            href=&quot;/ordenes/nueva&quot;
          &gt;
            &lt;svg
              aria-hidden=&quot;true&quot;
              class=&quot;lucide lucide-plus size-4&quot;
              fill=&quot;none&quot;
              height=&quot;24&quot;
              stroke=&quot;currentColor&quot;
              stroke-linecap=&quot;round&quot;
              stroke-linejoin=&quot;round&quot;
              stroke-width=&quot;2&quot;
              viewBox=&quot;0 0 24 24&quot;
              width=&quot;24&quot;
              xmlns=&quot;http://www.w3.org/2000/svg&quot;
            &gt;
              &lt;path
                d=&quot;M5 12h14&quot;
              /&gt;
              &lt;path
                d=&quot;M12 5v14&quot;
              /&gt;
            &lt;/svg&gt;
            Nueva orden
          &lt;/a&gt;
        &lt;/header&gt;
        &lt;div
          class=&quot;bg-card text-card-foreground flex flex-col border gap-0 rounded-lg py-0 shadow-none&quot;
          data-slot=&quot;card&quot;
        &gt;
          &lt;div
            class=&quot;flex flex-col gap-3 border-b border-border p-4 lg:flex-row lg:items-center lg:justify-between&quot;
          &gt;
            &lt;div
              class=&quot;flex flex-wrap items-center gap-1&quot;
              data-ocid=&quot;orders.filter.tabs&quot;
            &gt;
              &lt;button
                aria-pressed=&quot;true&quot;
                class=&quot;rounded-md border border-primary/40 bg-primary/10 px-3 py-1.5 text-xs font-medium text-primary transition-smooth&quot;
                data-ocid=&quot;orders.filter.all&quot;
                type=&quot;button&quot;
              &gt;
                Todas
              &lt;/button&gt;
              &lt;button
                aria-pressed=&quot;false&quot;
                class=&quot;rounded-md border border-transparent px-3 py-1.5 text-xs font-medium text-muted-foreground transition-smooth hover:bg-muted/50 hover:text-foreground&quot;
                data-ocid=&quot;orders.filter.received&quot;
                type=&quot;button&quot;
              &gt;
                Recibida
              &lt;/button&gt;
              &lt;button
                aria-pressed=&quot;false&quot;
                class=&quot;rounded-md border border-transparent px-3 py-1.5 text-xs font-medium text-muted-foreground transition-smooth hover:bg-muted/50 hover:text-foreground&quot;
                data-ocid=&quot;orders.filter.inRepair&quot;
                type=&quot;button&quot;
              &gt;
                En reparación
              &lt;/button&gt;
              &lt;button
                aria-pressed=&quot;false&quot;
                class=&quot;rounded-md border border-transparent px-3 py-1.5 text-xs font-medium text-muted-foreground transition-smooth hover:bg-muted/50 hover:text-foreground&quot;
                data-ocid=&quot;orders.filter.ready&quot;
                type=&quot;button&quot;
              &gt;
                Lista
              &lt;/button&gt;
              &lt;button
                aria-pressed=&quot;false&quot;
                class=&quot;rounded-md border border-transparent px-3 py-1.5 text-xs font-medium text-muted-foreground transition-smooth hover:bg-muted/50 hover:text-foreground&quot;
                data-ocid=&quot;orders.filter.delivered&quot;
                type=&quot;button&quot;
              &gt;
                Entregada
              &lt;/button&gt;
              &lt;button
                aria-pressed=&quot;false&quot;
                class=&quot;rounded-md border border-transparent px-3 py-1.5 text-xs font-medium text-muted-foreground transition-smooth hover:bg-muted/50 hover:text-foreground&quot;
                data-ocid=&quot;orders.filter.cancelled&quot;
                type=&quot;button&quot;
              &gt;
                Cancelada
              &lt;/button&gt;
            &lt;/div&gt;
            &lt;div
              class=&quot;relative w-full lg:w-72&quot;
            &gt;
              &lt;svg
                aria-hidden=&quot;true&quot;
                class=&quot;lucide lucide-search pointer-events-none absolute left-3 top-1/2 size-4 -translate-y-1/2 text-muted-foreground&quot;
                fill=&quot;none&quot;
                height=&quot;24&quot;
                stroke=&quot;currentColor&quot;
                stroke-linecap=&quot;round&quot;
                stroke-linejoin=&quot;round&quot;
                stroke-width=&quot;2&quot;
                viewBox=&quot;0 0 24 24&quot;
                width=&quot;24&quot;
                xmlns=&quot;http://www.w3.org/2000/svg&quot;
              &gt;
                &lt;path
                  d=&quot;m21 21-4.34-4.34&quot;
                /&gt;
                &lt;circle
                  cx=&quot;11&quot;
                  cy=&quot;11&quot;
                  r=&quot;8&quot;
                /&gt;
              &lt;/svg&gt;
              &lt;input
                aria-label=&quot;Buscar órdenes por número, cliente, moto o placa&quot;
                class=&quot;file:text-foreground placeholder:text-muted-foreground selection:bg-primary selection:text-primary-foreground dark:bg-input/30 border-input flex w-full min-w-0 rounded-md border bg-transparent px-3 py-1 text-base shadow-xs transition-[color,box-shadow] outline-none file:inline-flex file:h-7 file:border-0 file:bg-transparent file:text-sm file:font-medium disabled:pointer-events-none disabled:cursor-not-allowed disabled:opacity-50 md:text-sm focus-visible:border-ring focus-visible:ring-ring/50 focus-visible:ring-[3px] aria-invalid:ring-destructive/20 dark:aria-invalid:ring-destructive/40 aria-invalid:border-destructive h-9 pl-9&quot;
                data-ocid=&quot;orders.search_input&quot;
                data-slot=&quot;input&quot;
                placeholder=&quot;Buscar por orden, cliente, moto o placa…&quot;
                type=&quot;search&quot;
                value=&quot;frenos&quot;
              /&gt;
            &lt;/div&gt;
          &lt;/div&gt;
          &lt;div
            class=&quot;flex flex-col items-center gap-3 px-6 py-16 text-center&quot;
            data-ocid=&quot;orders.empty_state&quot;
          &gt;
            &lt;div
              class=&quot;flex size-11 items-center justify-center rounded-md border border-border bg-muted/40&quot;
            &gt;
              &lt;svg
                aria-hidden=&quot;true&quot;
                class=&quot;lucide lucide-clipboard-list size-5 text-muted-foreground&quot;
                fill=&quot;none&quot;
                height=&quot;24&quot;
                stroke=&quot;currentColor&quot;
                stroke-linecap=&quot;round&quot;
                stroke-linejoin=&quot;round&quot;
                stroke-width=&quot;2&quot;
                viewBox=&quot;0 0 24 24&quot;
                width=&quot;24&quot;
                xmlns=&quot;http://www.w3.org/2000/svg&quot;
              &gt;
                &lt;rect
                  height=&quot;4&quot;
                  rx=&quot;1&quot;
                  ry=&quot;1&quot;
                  width=&quot;8&quot;
                  x=&quot;8&quot;
                  y=&quot;2&quot;
                /&gt;
                &lt;path
                  d=&quot;M16 4h2a2 2 0 0 1 2 2v14a2 2 0 0 1-2 2H6a2 2 0 0 1-2-2V6a2 2 0 0 1 2-2h2&quot;
                /&gt;
                &lt;path
                  d=&quot;M12 11h4&quot;
                /&gt;
                &lt;path
                  d=&quot;M12 16h4&quot;
                /&gt;
                &lt;path
                  d=&quot;M8 11h.01&quot;
                /&gt;
                &lt;path
                  d=&quot;M8 16h.01&quot;
                /&gt;
              &lt;/svg&gt;
            &lt;/div&gt;
            &lt;div
              class=&quot;space-y-1&quot;
            &gt;
              &lt;p
                class=&quot;font-display text-sm font-semibold&quot;
              &gt;
                Sin resultados
              &lt;/p&gt;
              &lt;p
                class=&quot;max-w-sm text-xs text-muted-foreground&quot;
              &gt;
                Ajusta el filtro de estado o la búsqueda para encontrar la orden.
              &lt;/p&gt;
            &lt;/div&gt;
            &lt;a
              class=&quot;inline-flex items-center justify-center whitespace-nowrap text-sm font-medium transition-all disabled:pointer-events-none disabled:opacity-50 [&amp;_svg]:pointer-events-none [&amp;_svg:not([class*=&apos;size-&apos;])]:size-4 shrink-0 [&amp;_svg]:shrink-0 outline-none focus-visible:border-ring focus-visible:ring-ring/50 focus-visible:ring-[3px] aria-invalid:ring-destructive/20 dark:aria-invalid:ring-destructive/40 aria-invalid:border-destructive border bg-background shadow-xs hover:bg-accent hover:text-accent-foreground dark:bg-input/30 dark:border-input dark:hover:bg-input/50 h-8 rounded-md gap-1.5 px-3 has-[&gt;svg]:px-2.5&quot;
              data-ocid=&quot;orders.empty_state.new_order_button&quot;
              data-slot=&quot;button&quot;
              href=&quot;/ordenes/nueva&quot;
            &gt;
              Nueva orden
            &lt;/a&gt;
          &lt;/div&gt;
        &lt;/div&gt;
      &lt;/div&gt;
    &lt;/div&gt;
  &lt;/body&gt;
&lt;/html&gt;

- Expected
+ Received

@@ -1,6 +1,7 @@
  [
+   null,
    {
      &quot;search&quot;: &quot;frenos&quot;,
      &quot;status&quot;: undefined,
    },
    0n,

 ❯ __vi_import_4__.waitFor.timeout src/pages/OrdersPage.test.tsx:286:32
 ❯ runWithExpensiveErrorDiagnosticsDisabled ../../../../../../opt/pnpm-templates/build_template/node_modules/.pnpm/@testing-library+dom@10.4.2/node_modules/@testing-library/dom/dist/config.js:47:12
 ❯ checkCallback ../../../../../../opt/pnpm-templates/build_template/node_modules/.pnpm/@testing-library+dom@10.4.2/node_modules/@testing-library/dom/dist/wait-for.js:124:77
 ❯ Timeout.checkRealTimersCallback ../../../../../../opt/pnpm-templates/build_template/node_modules/.pnpm/@testing-library+dom@10.4.2/node_modules/@testing-library/dom/dist/wait-for.js:118:16
            </failure>
        </testcase>
        <testcase classname="src/pages/OrdersPage.test.tsx" name="OrdersPage &gt; opens the notify dialog for the order&apos;s customer and sends to the registered email" time="0.080493585">
        </testcase>
        <testcase classname="src/pages/OrdersPage.test.tsx" name="OrdersPage &gt; blocks the notify send when the customer has no registered email" time="0.053116983">
        </testcase>
        <testcase classname="src/pages/OrdersPage.test.tsx" name="OrdersPage &gt; opens WhatsApp for the order&apos;s customer with the order context" time="0.05542346">
        </testcase>
        <testcase classname="src/pages/OrdersPage.test.tsx" name="OrdersPage &gt; explains when the order&apos;s customer has no phone registered" time="0.038266509">
        </testcase>
    </testsuite>
    <testsuite name="src/pages/PartDetailPage.test.tsx" timestamp="2026-09-25T20:55:14.658Z" hostname="2a82af66d266" tests="14" failures="1" errors="0" skipped="0" time="0.77505959">
        <testcase classname="src/pages/PartDetailPage.test.tsx" name="PartDetailPage &gt; renders the part header with stock, sale price and threshold" time="0.048307566">
        </testcase>
        <testcase classname="src/pages/PartDetailPage.test.tsx" name="PartDetailPage &gt; flags a part below its low-stock threshold" time="0.014034099">
        </testcase>
        <testcase classname="src/pages/PartDetailPage.test.tsx" name="PartDetailPage &gt; shows the cost price tile to an administrator" time="0.016577718">
        </testcase>
        <testcase classname="src/pages/PartDetailPage.test.tsx" name="PartDetailPage &gt; hides the cost price tile from a mechanic" time="0.024931292">
        </testcase>
        <testcase classname="src/pages/PartDetailPage.test.tsx" name="PartDetailPage &gt; renders the lots table with supplier and unit cost" time="0.012035006">
        </testcase>
        <testcase classname="src/pages/PartDetailPage.test.tsx" name="PartDetailPage &gt; renders an empty state when the part has no lots" time="0.008934051">
        </testcase>
        <testcase classname="src/pages/PartDetailPage.test.tsx" name="PartDetailPage &gt; renders the movements table with a signed quantity and reason" time="0.017187234">
        </testcase>
        <testcase classname="src/pages/PartDetailPage.test.tsx" name="PartDetailPage &gt; renders an empty state when the part has no movements" time="0.009486107">
        </testcase>
        <testcase classname="src/pages/PartDetailPage.test.tsx" name="PartDetailPage &gt; renders an error state when the part cannot be loaded" time="0.005898867">
        </testcase>
        <testcase classname="src/pages/PartDetailPage.test.tsx" name="PartDetailPage &gt; submits an adjustment with the entered direction, quantity and reason" time="0.260959214">
            <failure message="expected &quot;spy&quot; to be called with arguments: [ { partId: 1n, …(4) } ][90m

Received: 

[1m  1st spy call:

[22m[33m@@ -1,6 +1,7 @@[90m
[2m  [[22m
[31m+   null,[90m
[2m    {[22m
[2m      &quot;direction&quot;: &quot;out&quot;,[22m
[2m      &quot;lotId&quot;: undefined,[22m
[2m      &quot;partId&quot;: 1n,[22m
[2m      &quot;quantity&quot;: 4n,[22m
[39m[90m

Number of calls: [1m1[22m
[39m" type="AssertionError">
AssertionError: expected &quot;spy&quot; to be called with arguments: [ { partId: 1n, …(4) } ]

Received: 

  1st spy call:

@@ -1,6 +1,7 @@
  [
+   null,
    {
      &quot;direction&quot;: &quot;out&quot;,
      &quot;lotId&quot;: undefined,
      &quot;partId&quot;: 1n,
      &quot;quantity&quot;: 4n,


Number of calls: 1

 ❯ src/pages/PartDetailPage.test.tsx:252:29
            </failure>
        </testcase>
        <testcase classname="src/pages/PartDetailPage.test.tsx" name="PartDetailPage &gt; does not submit an adjustment with a zero quantity" time="0.162018492">
        </testcase>
        <testcase classname="src/pages/PartDetailPage.test.tsx" name="PartDetailPage &gt; does not submit an adjustment without a reason" time="0.053821232">
        </testcase>
        <testcase classname="src/pages/PartDetailPage.test.tsx" name="PartDetailPage &gt; keeps the dialog open and reports an error when the adjustment fails" time="0.111085253">
        </testcase>
        <testcase classname="src/pages/PartDetailPage.test.tsx" name="PartDetailPage &gt; paginates the movement history when it exceeds one page" time="0.028201941">
        </testcase>
    </testsuite>
    <testsuite name="src/pages/PosHistoryPage.test.tsx" timestamp="2026-09-25T20:55:14.662Z" hostname="2a82af66d266" tests="3" failures="0" errors="0" skipped="0" time="0.258049381">
        <testcase classname="src/pages/PosHistoryPage.test.tsx" name="PosHistoryPage &gt; lists sales and opens the reprintable receipt" time="0.134758122">
        </testcase>
        <testcase classname="src/pages/PosHistoryPage.test.tsx" name="PosHistoryPage &gt; shows the tax line on the receipt for a responsable company" time="0.063893171">
        </testcase>
        <testcase classname="src/pages/PosHistoryPage.test.tsx" name="PosHistoryPage &gt; hides the tax line on the receipt for a non-responsable company" time="0.058334466">
        </testcase>
    </testsuite>
    <testsuite name="src/pages/PosPage.credit.test.tsx" timestamp="2026-09-25T20:55:14.663Z" hostname="2a82af66d266" tests="5" failures="2" errors="0" skipped="0" time="0.849073424">
        <testcase classname="src/pages/PosPage.credit.test.tsx" name="PosPage credit sale &gt; blocks a credit sale until a registered customer is selected" time="0.265552062">
        </testcase>
        <testcase classname="src/pages/PosPage.credit.test.tsx" name="PosPage credit sale &gt; shows one installment row per requested installment" time="0.176974864">
        </testcase>
        <testcase classname="src/pages/PosPage.credit.test.tsx" name="PosPage credit sale &gt; sends the credit condition, customer and installment plan to the backend" time="0.236890796">
            <failure message="expected null to match object { …(3) }" type="AssertionError">
AssertionError: expected null to match object { …(3) }

- Expected: 
{
  &quot;customerId&quot;: 7n,
  &quot;lines&quot;: [
    {
      &quot;discount&quot;: 0n,
      &quot;partId&quot;: 1n,
      &quot;quantity&quot;: 1n,
    },
  ],
  &quot;paymentCondition&quot;: &quot;credit&quot;,
}

+ Received: 
null

 ❯ src/pages/PosPage.credit.test.tsx:222:21
            </failure>
        </testcase>
        <testcase classname="src/pages/PosPage.credit.test.tsx" name="PosPage credit sale &gt; charges a cash sale immediately without a credit plan" time="0.089816602">
            <failure message="expected null to match object { paymentCondition: &apos;cash&apos;, …(2) }" type="AssertionError">
AssertionError: expected null to match object { paymentCondition: &apos;cash&apos;, …(2) }

- Expected: 
{
  &quot;creditPlan&quot;: undefined,
  &quot;customerId&quot;: undefined,
  &quot;paymentCondition&quot;: &quot;cash&quot;,
}

+ Received: 
null

 ❯ src/pages/PosPage.credit.test.tsx:247:48
            </failure>
        </testcase>
        <testcase classname="src/pages/PosPage.credit.test.tsx" name="PosPage credit sale &gt; rejects an out-of-range installment count" time="0.078674745">
        </testcase>
    </testsuite>
    <testsuite name="src/pages/PosPage.customer.test.tsx" timestamp="2026-09-25T20:55:14.665Z" hostname="2a82af66d266" tests="12" failures="4" errors="0" skipped="0" time="3.571272236">
        <testcase classname="src/pages/PosPage.customer.test.tsx" name="PosPage customer seam &gt; loads the customer list from the backend" time="0.066553672">
        </testcase>
        <testcase classname="src/pages/PosPage.customer.test.tsx" name="PosPage customer seam &gt; offers every registered customer in the customer dropdown" time="0.141398347">
        </testcase>
        <testcase classname="src/pages/PosPage.customer.test.tsx" name="PosPage customer seam &gt; sends the selected customer with a cash sale" time="0.2052897">
            <failure message="expected null to match object { paymentCondition: &apos;cash&apos;, …(1) }" type="AssertionError">
AssertionError: expected null to match object { paymentCondition: &apos;cash&apos;, …(1) }

- Expected: 
{
  &quot;customerId&quot;: 7n,
  &quot;paymentCondition&quot;: &quot;cash&quot;,
}

+ Received: 
null

 ❯ src/pages/PosPage.customer.test.tsx:246:48
            </failure>
        </testcase>
        <testcase classname="src/pages/PosPage.customer.test.tsx" name="PosPage customer seam &gt; keeps the counter sale customerless when none is chosen" time="0.11682151">
            <failure message="expected null to match object { customerId: undefined }" type="AssertionError">
AssertionError: expected null to match object { customerId: undefined }

- Expected: 
{
  &quot;customerId&quot;: undefined,
}

+ Received: 
null

 ❯ src/pages/PosPage.customer.test.tsx:264:48
            </failure>
        </testcase>
        <testcase classname="src/pages/PosPage.customer.test.tsx" name="PosPage customer seam &gt; shows the chosen customer on the receipt" time="0.138147082">
        </testcase>
        <testcase classname="src/pages/PosPage.customer.test.tsx" name="PosPage customer seam &gt; passes the typed customer search term to the backend" time="2.048436726">
            <failure message="expected last &quot;spy&quot; call to have been called with [ &apos;Ana&apos; ]

Ignored nodes: comments, script, style
[36m&lt;html&gt;[39m
  [36m&lt;head /&gt;[39m
  [36m&lt;body[39m
    [33mstyle[39m=[32m&quot;&quot;[39m
  [36m&gt;[39m
    [36m&lt;div&gt;[39m
      [36m&lt;div[39m
        [33mclass[39m=[32m&quot;animate-fade-in space-y-5&quot;[39m
        [33mdata-ocid[39m=[32m&quot;pos.page&quot;[39m
      [36m&gt;[39m
        [36m&lt;header[39m
          [33mclass[39m=[32m&quot;space-y-4&quot;[39m
        [36m&gt;[39m
          [36m&lt;div[39m
            [33mclass[39m=[32m&quot;flex flex-wrap items-start justify-between gap-3&quot;[39m
          [36m&gt;[39m
            [36m&lt;div[39m
              [33mclass[39m=[32m&quot;min-w-0 space-y-1&quot;[39m
            [36m&gt;[39m
              [36m&lt;p[39m
                [33mclass[39m=[32m&quot;font-mono text-[10px] uppercase tracking-[0.18em] text-muted-foreground&quot;[39m
              [36m&gt;[39m
                [0mVentas[0m
              [36m&lt;/p&gt;[39m
              [36m&lt;h1[39m
                [33mclass[39m=[32m&quot;font-display text-2xl font-semibold tracking-tight&quot;[39m
              [36m&gt;[39m
                [0mPOS de mostrador[0m
              [36m&lt;/h1&gt;[39m
              [36m&lt;p[39m
                [33mclass[39m=[32m&quot;max-w-2xl text-sm text-muted-foreground&quot;[39m
              [36m&gt;[39m
                [0mVenta directa con búsqueda por texto y lector de código de barras. Descuenta stock y genera la factura al cobrar, de contado o a crédito con cuotas.[0m
              [36m&lt;/p&gt;[39m
            [36m&lt;/div&gt;[39m
            [36m&lt;div[39m
              [33mclass[39m=[32m&quot;flex shrink-0 flex-wrap items-center gap-2&quot;[39m
            [36m&gt;[39m
              [36m&lt;button[39m
                [33mclass[39m=[32m&quot;inline-flex items-center justify-center whitespace-nowrap rounded-md text-sm font-medium transition-all disabled:pointer-events-none disabled:opacity-50 [&amp;_svg]:pointer-events-none [&amp;_svg:not([class*=&apos;size-&apos;])]:size-4 shrink-0 [&amp;_svg]:shrink-0 outline-none focus-visible:border-ring focus-visible:ring-ring/50 focus-visible:ring-[3px] aria-invalid:ring-destructive/20 dark:aria-invalid:ring-destructive/40 aria-invalid:border-destructive border bg-background shadow-xs hover:bg-accent hover:text-accent-foreground dark:bg-input/30 dark:border-input dark:hover:bg-input/50 h-9 px-4 py-2 has-[&gt;svg]:px-3 gap-2&quot;[39m
                [33mdata-ocid[39m=[32m&quot;pos.clear_button&quot;[39m
                [33mdata-slot[39m=[32m&quot;button&quot;[39m
                [33mdisabled[39m=[32m&quot;&quot;[39m
                [33mtype[39m=[32m&quot;button&quot;[39m
              [36m&gt;[39m
                [36m&lt;svg[39m
                  [33maria-hidden[39m=[32m&quot;true&quot;[39m
                  [33mclass[39m=[32m&quot;lucide lucide-x size-4&quot;[39m
                  [33mfill[39m=[32m&quot;none&quot;[39m
                  [33mheight[39m=[32m&quot;24&quot;[39m
                  [33mstroke[39m=[32m&quot;currentColor&quot;[39m
                  [33mstroke-linecap[39m=[32m&quot;round&quot;[39m
                  [33mstroke-linejoin[39m=[32m&quot;round&quot;[39m
                  [33mstroke-width[39m=[32m&quot;2&quot;[39m
                  [33mviewBox[39m=[32m&quot;0 0 24 24&quot;[39m
                  [33mwidth[39m=[32m&quot;24&quot;[39m
                  [33mxmlns[39m=[32m&quot;http://www.w3.org/2000/svg&quot;[39m
                [36m&gt;[39m
                  [36m&lt;path[39m
                    [33md[39m=[32m&quot;M18 6 6 18&quot;[39m
                  [36m/&gt;[39m
                  [36m&lt;path[39m
                    [33md[39m=[32m&quot;m6 6 12 12&quot;[39m
                  [36m/&gt;[39m
                [36m&lt;/svg&gt;[39m
                [0mVaciar carrito[0m
              [36m&lt;/button&gt;[39m
            [36m&lt;/div&gt;[39m
          [36m&lt;/div&gt;[39m
        [36m&lt;/header&gt;[39m
        [36m&lt;div[39m
          [33mclass[39m=[32m&quot;grid gap-4 lg:grid-cols-[minmax(0,1fr)_minmax(0,420px)]&quot;[39m
        [36m&gt;[39m
          [36m&lt;section[39m
            [33mclass[39m=[32m&quot;counter-panel flex min-h-[520px] flex-col&quot;[39m
            [33mdata-ocid[39m=[32m&quot;pos.product_panel&quot;[39m
          [36m&gt;[39m
            [36m&lt;div[39m
              [33mclass[39m=[32m&quot;space-y-3 border-b border-border p-4&quot;[39m
            [36m&gt;[39m
              [36m&lt;form[39m
                [33mclass[39m=[32m&quot;space-y-1.5&quot;[39m
              [36m&gt;[39m
                [36m&lt;label[39m
                  [33mclass[39m=[32m&quot;flex items-center gap-2 font-medium select-none group-data-[disabled=true]:pointer-events-none group-data-[disabled=true]:opacity-50 peer-disabled:cursor-not-allowed peer-disabled:opacity-50 text-xs&quot;[39m
                  [33mdata-slot[39m=[32m&quot;label&quot;[39m
                  [33mfor[39m=[32m&quot;pos-barcode&quot;[39m
                [36m&gt;[39m
                  [0mCódigo de barras[0m
                [36m&lt;/label&gt;[39m
                [36m&lt;div[39m
                  [33mclass[39m=[32m&quot;relative&quot;[39m
                [36m&gt;[39m
                  [36m&lt;svg[39m
                    [33maria-hidden[39m=[32m&quot;true&quot;[39m
                    [33mclass[39m=[32m&quot;lucide lucide-scan-line pointer-events-none absolute left-3 top-1/2 size-4 -translate-y-1/2 text-muted-foreground&quot;[39m
                    [33mfill[39m=[32m&quot;none&quot;[39m
                    [33mheight[39m=[32m&quot;24&quot;[39m
                    [33mstroke[39m=[32m&quot;currentColor&quot;[39m
                    [33mstroke-linecap[39m=[32m&quot;round&quot;[39m
                    [33mstroke-linejoin[39m=[32m&quot;round&quot;[39m
                    [33mstroke-width[39m=[32m&quot;2&quot;[39m
                    [33mviewBox[39m=[32m&quot;0 0 24 24&quot;[39m
                    [33mwidth[39m=[32m&quot;24&quot;[39m
                    [33mxmlns[39m=[32m&quot;http://www.w3.org/2000/svg&quot;[39m
                  [36m&gt;[39m
                    [36m&lt;path[39m
                      [33md[39m=[32m&quot;M3 7V5a2 2 0 0 1 2-2h2&quot;[39m
                    [36m/&gt;[39m
                    [36m&lt;path[39m
                      [33md[39m=[32m&quot;M17 3h2a2 2 0 0 1 2 2v2&quot;[39m
                    [36m/&gt;[39m
                    [36m&lt;path[39m
                      [33md[39m=[32m&quot;M21 17v2a2 2 0 0 1-2 2h-2&quot;[39m
                    [36m/&gt;[39m
                    [36m&lt;path[39m
                      [33md[39m=[32m&quot;M7 21H5a2 2 0 0 1-2-2v-2&quot;[39m
                    [36m/&gt;[39m
                    [36m&lt;path[39m
                      [33md[39m=[32m&quot;M7 12h10&quot;[39m
                    [36m/&gt;[39m
                  [36m&lt;/svg&gt;[39m
                  [36m&lt;input[39m
                    [33maria-label[39m=[32m&quot;Código de barras&quot;[39m
                    [33mautocomplete[39m=[32m&quot;off&quot;[39m
                    [33mclass[39m=[32m&quot;file:text-foreground placeholder:text-muted-foreground selection:bg-primary selection:text-primary-foreground dark:bg-input/30 border-input flex h-9 w-full min-w-0 rounded-md border bg-transparent px-3 py-1 text-base shadow-xs transition-[color,box-shadow] outline-none file:inline-flex file:h-7 file:border-0 file:bg-transparent file:text-sm file:font-medium disabled:pointer-events-none disabled:cursor-not-allowed disabled:opacity-50 md:text-..." type="AssertionError">
AssertionError: expected last &quot;spy&quot; call to have been called with [ &apos;Ana&apos; ]

Ignored nodes: comments, script, style
&lt;html&gt;
  &lt;head /&gt;
  &lt;body
    style=&quot;&quot;
  &gt;
    &lt;div&gt;
      &lt;div
        class=&quot;animate-fade-in space-y-5&quot;
        data-ocid=&quot;pos.page&quot;
      &gt;
        &lt;header
          class=&quot;space-y-4&quot;
        &gt;
          &lt;div
            class=&quot;flex flex-wrap items-start justify-between gap-3&quot;
          &gt;
            &lt;div
              class=&quot;min-w-0 space-y-1&quot;
            &gt;
              &lt;p
                class=&quot;font-mono text-[10px] uppercase tracking-[0.18em] text-muted-foreground&quot;
              &gt;
                Ventas
              &lt;/p&gt;
              &lt;h1
                class=&quot;font-display text-2xl font-semibold tracking-tight&quot;
              &gt;
                POS de mostrador
              &lt;/h1&gt;
              &lt;p
                class=&quot;max-w-2xl text-sm text-muted-foreground&quot;
              &gt;
                Venta directa con búsqueda por texto y lector de código de barras. Descuenta stock y genera la factura al cobrar, de contado o a crédito con cuotas.
              &lt;/p&gt;
            &lt;/div&gt;
            &lt;div
              class=&quot;flex shrink-0 flex-wrap items-center gap-2&quot;
            &gt;
              &lt;button
                class=&quot;inline-flex items-center justify-center whitespace-nowrap rounded-md text-sm font-medium transition-all disabled:pointer-events-none disabled:opacity-50 [&amp;_svg]:pointer-events-none [&amp;_svg:not([class*=&apos;size-&apos;])]:size-4 shrink-0 [&amp;_svg]:shrink-0 outline-none focus-visible:border-ring focus-visible:ring-ring/50 focus-visible:ring-[3px] aria-invalid:ring-destructive/20 dark:aria-invalid:ring-destructive/40 aria-invalid:border-destructive border bg-background shadow-xs hover:bg-accent hover:text-accent-foreground dark:bg-input/30 dark:border-input dark:hover:bg-input/50 h-9 px-4 py-2 has-[&gt;svg]:px-3 gap-2&quot;
                data-ocid=&quot;pos.clear_button&quot;
                data-slot=&quot;button&quot;
                disabled=&quot;&quot;
                type=&quot;button&quot;
              &gt;
                &lt;svg
                  aria-hidden=&quot;true&quot;
                  class=&quot;lucide lucide-x size-4&quot;
                  fill=&quot;none&quot;
                  height=&quot;24&quot;
                  stroke=&quot;currentColor&quot;
                  stroke-linecap=&quot;round&quot;
                  stroke-linejoin=&quot;round&quot;
                  stroke-width=&quot;2&quot;
                  viewBox=&quot;0 0 24 24&quot;
                  width=&quot;24&quot;
                  xmlns=&quot;http://www.w3.org/2000/svg&quot;
                &gt;
                  &lt;path
                    d=&quot;M18 6 6 18&quot;
                  /&gt;
                  &lt;path
                    d=&quot;m6 6 12 12&quot;
                  /&gt;
                &lt;/svg&gt;
                Vaciar carrito
              &lt;/button&gt;
            &lt;/div&gt;
          &lt;/div&gt;
        &lt;/header&gt;
        &lt;div
          class=&quot;grid gap-4 lg:grid-cols-[minmax(0,1fr)_minmax(0,420px)]&quot;
        &gt;
          &lt;section
            class=&quot;counter-panel flex min-h-[520px] flex-col&quot;
            data-ocid=&quot;pos.product_panel&quot;
          &gt;
            &lt;div
              class=&quot;space-y-3 border-b border-border p-4&quot;
            &gt;
              &lt;form
                class=&quot;space-y-1.5&quot;
              &gt;
                &lt;label
                  class=&quot;flex items-center gap-2 font-medium select-none group-data-[disabled=true]:pointer-events-none group-data-[disabled=true]:opacity-50 peer-disabled:cursor-not-allowed peer-disabled:opacity-50 text-xs&quot;
                  data-slot=&quot;label&quot;
                  for=&quot;pos-barcode&quot;
                &gt;
                  Código de barras
                &lt;/label&gt;
                &lt;div
                  class=&quot;relative&quot;
                &gt;
                  &lt;svg
                    aria-hidden=&quot;true&quot;
                    class=&quot;lucide lucide-scan-line pointer-events-none absolute left-3 top-1/2 size-4 -translate-y-1/2 text-muted-foreground&quot;
                    fill=&quot;none&quot;
                    height=&quot;24&quot;
                    stroke=&quot;currentColor&quot;
                    stroke-linecap=&quot;round&quot;
                    stroke-linejoin=&quot;round&quot;
                    stroke-width=&quot;2&quot;
                    viewBox=&quot;0 0 24 24&quot;
                    width=&quot;24&quot;
                    xmlns=&quot;http://www.w3.org/2000/svg&quot;
                  &gt;
                    &lt;path
                      d=&quot;M3 7V5a2 2 0 0 1 2-2h2&quot;
                    /&gt;
                    &lt;path
                      d=&quot;M17 3h2a2 2 0 0 1 2 2v2&quot;
                    /&gt;
                    &lt;path
                      d=&quot;M21 17v2a2 2 0 0 1-2 2h-2&quot;
                    /&gt;
                    &lt;path
                      d=&quot;M7 21H5a2 2 0 0 1-2-2v-2&quot;
                    /&gt;
                    &lt;path
                      d=&quot;M7 12h10&quot;
                    /&gt;
                  &lt;/svg&gt;
                  &lt;input
                    aria-label=&quot;Código de barras&quot;
                    autocomplete=&quot;off&quot;
                    class=&quot;file:text-foreground placeholder:text-muted-foreground selection:bg-primary selection:text-primary-foreground dark:bg-input/30 border-input flex h-9 w-full min-w-0 rounded-md border bg-transparent px-3 py-1 text-base shadow-xs transition-[color,box-shadow] outline-none file:inline-flex file:h-7 file:border-0 file:bg-transparent file:text-sm file:font-medium disabled:pointer-events-none disabled:cursor-not-allowed disabled:opacity-50 md:text-...

- Expected
+ Received

  [
+   null,
    &quot;Ana&quot;,
  ]

 ❯ __vi_import_4__.waitFor.timeout src/pages/PosPage.customer.test.tsx:297:39
 ❯ runWithExpensiveErrorDiagnosticsDisabled ../../../../../../opt/pnpm-templates/build_template/node_modules/.pnpm/@testing-library+dom@10.4.2/node_modules/@testing-library/dom/dist/config.js:47:12
 ❯ checkCallback ../../../../../../opt/pnpm-templates/build_template/node_modules/.pnpm/@testing-library+dom@10.4.2/node_modules/@testing-library/dom/dist/wait-for.js:124:77
 ❯ Timeout.checkRealTimersCallback ../../../../../../opt/pnpm-templates/build_template/node_modules/.pnpm/@testing-library+dom@10.4.2/node_modules/@testing-library/dom/dist/wait-for.js:118:16
            </failure>
        </testcase>
        <testcase classname="src/pages/PosPage.customer.test.tsx" name="PosPage customer seam &gt; shows the empty state when the search matches no customer" time="0.319375299">
        </testcase>
        <testcase classname="src/pages/PosPage.customer.test.tsx" name="PosPage customer seam &gt; registers a new customer from the POS and selects it" time="0.211400938">
            <failure message="expected null to match object { name: &apos;Nuevo Cliente&apos;, …(1) }" type="AssertionError">
AssertionError: expected null to match object { name: &apos;Nuevo Cliente&apos;, …(1) }

- Expected: 
{
  &quot;name&quot;: &quot;Nuevo Cliente&quot;,
  &quot;phone&quot;: &quot;3001112222&quot;,
}

+ Received: 
null

 ❯ src/pages/PosPage.customer.test.tsx:344:49
            </failure>
        </testcase>
        <testcase classname="src/pages/PosPage.customer.test.tsx" name="PosPage customer seam &gt; opens the notify dialog for the selected customer and sends to their email" time="0.107637597">
        </testcase>
        <testcase classname="src/pages/PosPage.customer.test.tsx" name="PosPage customer seam &gt; blocks the notify send when the selected customer has no email" time="0.069497318">
        </testcase>
        <testcase classname="src/pages/PosPage.customer.test.tsx" name="PosPage customer seam &gt; opens WhatsApp for the selected customer with the service context" time="0.077107357">
        </testcase>
        <testcase classname="src/pages/PosPage.customer.test.tsx" name="PosPage customer seam &gt; explains when the selected customer has no phone registered" time="0.068440936">
        </testcase>
    </testsuite>
    <testsuite name="src/pages/PosPage.test.tsx" timestamp="2026-09-25T20:55:14.669Z" hostname="2a82af66d266" tests="15" failures="4" errors="0" skipped="0" time="3.381768387">
        <testcase classname="src/pages/PosPage.test.tsx" name="PosPage &gt; adds a product to the cart and computes the taxed total" time="0.160587827">
        </testcase>
        <testcase classname="src/pages/PosPage.test.tsx" name="PosPage &gt; blocks charging when the cart is empty" time="0.051335611">
        </testcase>
        <testcase classname="src/pages/PosPage.test.tsx" name="PosPage &gt; warns and blocks charging when the cart exceeds available stock" time="0.073268909">
        </testcase>
        <testcase classname="src/pages/PosPage.test.tsx" name="PosPage &gt; warns and blocks charging when cash received does not cover the total" time="0.080309419">
        </testcase>
        <testcase classname="src/pages/PosPage.test.tsx" name="PosPage &gt; sends the cart lines, method and received cash to the backend" time="0.136386323">
            <failure message="expected null to deeply equal { …(6) }" type="AssertionError">
AssertionError: expected null to deeply equal { …(6) }

- Expected: 
{
  &quot;amountReceived&quot;: 60000n,
  &quot;creditPlan&quot;: undefined,
  &quot;customerId&quot;: undefined,
  &quot;lines&quot;: [
    {
      &quot;discount&quot;: 0n,
      &quot;partId&quot;: 1n,
      &quot;quantity&quot;: 1n,
    },
  ],
  &quot;paymentCondition&quot;: &quot;cash&quot;,
  &quot;paymentMethod&quot;: &quot;cash&quot;,
}

+ Received: 
null

 ❯ src/pages/PosPage.test.tsx:209:48
            </failure>
        </testcase>
        <testcase classname="src/pages/PosPage.test.tsx" name="PosPage &gt; shows the receipt document after a successful charge" time="0.088638203">
        </testcase>
        <testcase classname="src/pages/PosPage.test.tsx" name="PosPage &gt; surfaces a stock rejection from the backend without clearing the cart" time="0.080991797">
        </testcase>
        <testcase classname="src/pages/PosPage.test.tsx" name="PosPage &gt; applies a line discount to the taxable base before tax" time="0.070404916">
        </testcase>
        <testcase classname="src/pages/PosPage.test.tsx" name="PosPage &gt; sends the line discount to the backend with the cart lines" time="0.108311954">
            <failure message="expected null to match object { …(2) }" type="AssertionError">
AssertionError: expected null to match object { …(2) }

- Expected: 
{
  &quot;lines&quot;: [
    {
      &quot;discount&quot;: 5000n,
      &quot;partId&quot;: 1n,
      &quot;quantity&quot;: 1n,
    },
  ],
  &quot;paymentMethod&quot;: &quot;cash&quot;,
}

+ Received: 
null

 ❯ src/pages/PosPage.test.tsx:294:48
            </failure>
        </testcase>
        <testcase classname="src/pages/PosPage.test.tsx" name="PosPage &gt; hides the tax line and charges no IVA for a non-responsable company" time="0.033525598">
        </testcase>
        <testcase classname="src/pages/PosPage.test.tsx" name="PosPage &gt; keeps the discounted base as the total for a non-responsable company" time="0.066483131">
        </testcase>
        <testcase classname="src/pages/PosPage.test.tsx" name="PosPage &gt; adds a scanned SKU that is not in the first picker page to the cart" time="1.08836059">
            <failure message="Unable to find an element by: [data-ocid=&quot;pos.cart_list&quot;]

Ignored nodes: comments, script, style
[36m&lt;body&gt;[39m
  [36m&lt;div&gt;[39m
    [36m&lt;div[39m
      [33mclass[39m=[32m&quot;animate-fade-in space-y-5&quot;[39m
      [33mdata-ocid[39m=[32m&quot;pos.page&quot;[39m
    [36m&gt;[39m
      [36m&lt;header[39m
        [33mclass[39m=[32m&quot;space-y-4&quot;[39m
      [36m&gt;[39m
        [36m&lt;div[39m
          [33mclass[39m=[32m&quot;flex flex-wrap items-start justify-between gap-3&quot;[39m
        [36m&gt;[39m
          [36m&lt;div[39m
            [33mclass[39m=[32m&quot;min-w-0 space-y-1&quot;[39m
          [36m&gt;[39m
            [36m&lt;p[39m
              [33mclass[39m=[32m&quot;font-mono text-[10px] uppercase tracking-[0.18em] text-muted-foreground&quot;[39m
            [36m&gt;[39m
              [0mVentas[0m
            [36m&lt;/p&gt;[39m
            [36m&lt;h1[39m
              [33mclass[39m=[32m&quot;font-display text-2xl font-semibold tracking-tight&quot;[39m
            [36m&gt;[39m
              [0mPOS de mostrador[0m
            [36m&lt;/h1&gt;[39m
            [36m&lt;p[39m
              [33mclass[39m=[32m&quot;max-w-2xl text-sm text-muted-foreground&quot;[39m
            [36m&gt;[39m
              [0mVenta directa con búsqueda por texto y lector de código de barras. Descuenta stock y genera la factura al cobrar, de contado o a crédito con cuotas.[0m
            [36m&lt;/p&gt;[39m
          [36m&lt;/div&gt;[39m
          [36m&lt;div[39m
            [33mclass[39m=[32m&quot;flex shrink-0 flex-wrap items-center gap-2&quot;[39m
          [36m&gt;[39m
            [36m&lt;button[39m
              [33mclass[39m=[32m&quot;inline-flex items-center justify-center whitespace-nowrap rounded-md text-sm font-medium transition-all disabled:pointer-events-none disabled:opacity-50 [&amp;_svg]:pointer-events-none [&amp;_svg:not([class*=&apos;size-&apos;])]:size-4 shrink-0 [&amp;_svg]:shrink-0 outline-none focus-visible:border-ring focus-visible:ring-ring/50 focus-visible:ring-[3px] aria-invalid:ring-destructive/20 dark:aria-invalid:ring-destructive/40 aria-invalid:border-destructive border bg-background shadow-xs hover:bg-accent hover:text-accent-foreground dark:bg-input/30 dark:border-input dark:hover:bg-input/50 h-9 px-4 py-2 has-[&gt;svg]:px-3 gap-2&quot;[39m
              [33mdata-ocid[39m=[32m&quot;pos.clear_button&quot;[39m
              [33mdata-slot[39m=[32m&quot;button&quot;[39m
              [33mdisabled[39m=[32m&quot;&quot;[39m
              [33mtype[39m=[32m&quot;button&quot;[39m
            [36m&gt;[39m
              [36m&lt;svg[39m
                [33maria-hidden[39m=[32m&quot;true&quot;[39m
                [33mclass[39m=[32m&quot;lucide lucide-x size-4&quot;[39m
                [33mfill[39m=[32m&quot;none&quot;[39m
                [33mheight[39m=[32m&quot;24&quot;[39m
                [33mstroke[39m=[32m&quot;currentColor&quot;[39m
                [33mstroke-linecap[39m=[32m&quot;round&quot;[39m
                [33mstroke-linejoin[39m=[32m&quot;round&quot;[39m
                [33mstroke-width[39m=[32m&quot;2&quot;[39m
                [33mviewBox[39m=[32m&quot;0 0 24 24&quot;[39m
                [33mwidth[39m=[32m&quot;24&quot;[39m
                [33mxmlns[39m=[32m&quot;http://www.w3.org/2000/svg&quot;[39m
              [36m&gt;[39m
                [36m&lt;path[39m
                  [33md[39m=[32m&quot;M18 6 6 18&quot;[39m
                [36m/&gt;[39m
                [36m&lt;path[39m
                  [33md[39m=[32m&quot;m6 6 12 12&quot;[39m
                [36m/&gt;[39m
              [36m&lt;/svg&gt;[39m
              [0mVaciar carrito[0m
            [36m&lt;/button&gt;[39m
          [36m&lt;/div&gt;[39m
        [36m&lt;/div&gt;[39m
      [36m&lt;/header&gt;[39m
      [36m&lt;div[39m
        [33mclass[39m=[32m&quot;grid gap-4 lg:grid-cols-[minmax(0,1fr)_minmax(0,420px)]&quot;[39m
      [36m&gt;[39m
        [36m&lt;section[39m
          [33mclass[39m=[32m&quot;counter-panel flex min-h-[520px] flex-col&quot;[39m
          [33mdata-ocid[39m=[32m&quot;pos.product_panel&quot;[39m
        [36m&gt;[39m
          [36m&lt;div[39m
            [33mclass[39m=[32m&quot;space-y-3 border-b border-border p-4&quot;[39m
          [36m&gt;[39m
            [36m&lt;form[39m
              [33mclass[39m=[32m&quot;space-y-1.5&quot;[39m
            [36m&gt;[39m
              [36m&lt;label[39m
                [33mclass[39m=[32m&quot;flex items-center gap-2 font-medium select-none group-data-[disabled=true]:pointer-events-none group-data-[disabled=true]:opacity-50 peer-disabled:cursor-not-allowed peer-disabled:opacity-50 text-xs&quot;[39m
                [33mdata-slot[39m=[32m&quot;label&quot;[39m
                [33mfor[39m=[32m&quot;pos-barcode&quot;[39m
              [36m&gt;[39m
                [0mCódigo de barras[0m
              [36m&lt;/label&gt;[39m
              [36m&lt;div[39m
                [33mclass[39m=[32m&quot;relative&quot;[39m
              [36m&gt;[39m
                [36m&lt;svg[39m
                  [33maria-hidden[39m=[32m&quot;true&quot;[39m
                  [33mclass[39m=[32m&quot;lucide lucide-scan-line pointer-events-none absolute left-3 top-1/2 size-4 -translate-y-1/2 text-muted-foreground&quot;[39m
                  [33mfill[39m=[32m&quot;none&quot;[39m
                  [33mheight[39m=[32m&quot;24&quot;[39m
                  [33mstroke[39m=[32m&quot;currentColor&quot;[39m
                  [33mstroke-linecap[39m=[32m&quot;round&quot;[39m
                  [33mstroke-linejoin[39m=[32m&quot;round&quot;[39m
                  [33mstroke-width[39m=[32m&quot;2&quot;[39m
                  [33mviewBox[39m=[32m&quot;0 0 24 24&quot;[39m
                  [33mwidth[39m=[32m&quot;24&quot;[39m
                  [33mxmlns[39m=[32m&quot;http://www.w3.org/2000/svg&quot;[39m
                [36m&gt;[39m
                  [36m&lt;path[39m
                    [33md[39m=[32m&quot;M3 7V5a2 2 0 0 1 2-2h2&quot;[39m
                  [36m/&gt;[39m
                  [36m&lt;path[39m
                    [33md[39m=[32m&quot;M17 3h2a2 2 0 0 1 2 2v2&quot;[39m
                  [36m/&gt;[39m
                  [36m&lt;path[39m
                    [33md[39m=[32m&quot;M21 17v2a2 2 0 0 1-2 2h-2&quot;[39m
                  [36m/&gt;[39m
                  [36m&lt;path[39m
                    [33md[39m=[32m&quot;M7 21H5a2 2 0 0 1-2-2v-2&quot;[39m
                  [36m/&gt;[39m
                  [36m&lt;path[39m
                    [33md[39m=[32m&quot;M7 12h10&quot;[39m
                  [36m/&gt;[39m
                [36m&lt;/svg&gt;[39m
                [36m&lt;input[39m
                  [33maria-label[39m=[32m&quot;Código de barras&quot;[39m
                  [33mautocomplete[39m=[32m&quot;off&quot;[39m
                  [33mclass[39m=[32m&quot;file:text-foreground placeholder:text-muted-foreground selection:bg-primary selection:text-primary-foreground dark:bg-input/30 border-input flex h-9 w-full min-w-0 rounded-md border bg-transparent px-3 py-1 text-base shadow-xs transition-[color,box-shadow] outline-none file:inline-flex file:h-7 file:border-0 file:bg-transparent file:text-sm file:font-medium disabled:pointer-events-none disabled:cursor-not-allowed disabled:opacity-50 md:text-sm focus-visible:border-ring focus-visible:ring-ring/50 focus-visible:ring-[3px] aria-invalid:ring-destructive/20 dark:aria-invalid:ring-destructive/40 aria-invalid:border-destructive counter-scan pl-9&quot;[39m
                  [33mdata-ocid[39m=[32m&quot;pos.barcode_input&quot;[39m
                  [33mdata-slot[39m=[32m&quot;input&quot;[...

Ignored nodes: comments, script, style
[36m&lt;body&gt;[39m
  [36m&lt;div&gt;[39m
    [36m&lt;div[39m
      [33mclass[39m=[32m&quot;animate-fade-in space-y-5&quot;[39m
      [33mdata-ocid[39m=[32m&quot;pos.page&quot;[39m
    [36m&gt;[39m
      [36m&lt;header[39m
        [33mclass[39m=[32m&quot;space-y-4&quot;[39m
      [36m&gt;[39m
        [36m&lt;div[39m
          [33mclass[39m=[32m&quot;flex flex-wrap items-start justify-between gap-3&quot;[39m
        [36m&gt;[39m
          [36m&lt;div[39m
            [33mclass[39m=[32m&quot;min-w-0 space-y-1&quot;[39m
          [36m&gt;[39m
            [36m&lt;p[39m
              [33mclass[39m=[32m&quot;font-mono text-[10px] uppercase tracking-[0.18em] text-muted-foreground&quot;[39m
            [36m&gt;[39m
              [0mVentas[0m
            [36m&lt;/p&gt;[39m
            [36m&lt;h1[39m
              [33mclass[39m=[32m&quot;font-display text-2xl font-semibold tracking-tight&quot;[39m
            [36m&gt;[39m
              [0mPOS de mostrador[0m
            [36m&lt;/h1&gt;[39m
            [36m&lt;p[39m
              [33mclass[39m=[32m&quot;max-w-2xl text-sm text-muted-foreground&quot;[39m
            [36m&gt;[39m
              [0mVenta directa con búsqueda por texto y lector de código de barras. Descuenta stock y genera la factura al cobrar, de contado o a crédito con cuotas.[0m
            [36m&lt;/p&gt;[39m
          [36m&lt;/div&gt;[39m
          [36m&lt;div[39m
            [33mclass[39m=[32m&quot;flex shrink-0 flex-wrap items-center gap-2&quot;[39m
          [36m&gt;[39m
            [36m&lt;button[39m
              [33mclass[39m=[32m&quot;inline-flex items-center justify-center whitespace-nowrap rounded-md text-sm font-medium transition-all disabled:pointer-events-none disabled:opacity-50 [&amp;_svg]:pointer-events-none [&amp;_svg:not([class*=&apos;size-&apos;])]:size-4 shrink-0 [&amp;_svg]:shrink-0 outline-none focus-visible:border-ring focus-visible:ring-ring/50 focus-visible:ring-[3px] aria-invalid:ring-destructive/20 dark:aria-invalid:ring-destructive/40 aria-invalid:border-destructive border bg-background shadow-xs hover:bg-accent hover:text-accent-foreground dark:bg-input/30 dark:border-input dark:hover:bg-input/50 h-9 px-4 py-2 has-[&gt;svg]:px-3 gap-2&quot;[39m
              [33mdata-ocid[39m=[32m&quot;pos.clear_button&quot;[39m
              [33mdata-slot[39m=[32m&quot;button&quot;[39m
              [33mdisabled[39m=[32m&quot;&quot;[39m
              [33mtype[39m=[32m&quot;button&quot;[39m
            [36m&gt;[39m
              [36m&lt;svg[39m
                [33maria-hidden[39m=[32m&quot;true&quot;[39m
                [33mclass[39m=[32m&quot;lucide lucide-x size-4&quot;[39m
                [33mfill[39m=[32m&quot;none&quot;[39m
                [33mheight[39m=[32m&quot;24&quot;[39m
                [33mstroke[39m=[32m&quot;currentColor&quot;[39m
                [33mstroke-linecap[39m=[32m&quot;round&quot;[39m
                [33mstroke-linejoin[39m=[32m&quot;round&quot;[39m
                [33mstroke-width[39m=[32m&quot;2&quot;[39m
                [33mviewBox[39m=[32m&quot;0 0 24 24&quot;[39m
                [33mwidth[39m=[32m&quot;24&quot;[39m
                [33mxmlns[39m=[32m&quot;http://www.w3.org/2000/svg&quot;[39m
              [36m&gt;[39m
                [36m&lt;path[39m
                  [33md[39m=[32m&quot;M18 6 6 18&quot;[39m
                [36m/&gt;[39m
                [36m&lt;path[39m
                  [33md[39m=[32m&quot;m6 6 12 12&quot;[39m
                [36m/&gt;[39m
              [36m&lt;/svg&gt;[39m
              [0mVaciar carrito[0m
            [36m&lt;/button&gt;[39m
          [36m&lt;/div&gt;[39m
        [36m&lt;/div&gt;[39m
      [36m&lt;/header&gt;[39m
      [36m&lt;div[39m
        [33mclass[39m=[32m&quot;grid gap-4 lg:grid-cols-[minmax(0,1fr)_minmax(0,420px)]&quot;[39m
      [36m&gt;[39m
        [36m&lt;section[39m
          [33mclass[39m=[32m&quot;counter-panel flex min-h-[520px] flex-col&quot;[39m
          [33mdata-ocid[39m=[32m&quot;pos.product_panel&quot;[39m
        [36m&gt;[39m
          [36m&lt;div[39m
            [33mclass[39m=[32m&quot;space-y-3 border-b border-border p-4&quot;[39m
          [36m&gt;[39m
            [36m&lt;form[39m
              [33mclass[39m=[32m&quot;space-y-1.5&quot;[39m
            [36m&gt;[39m
              [36m&lt;label[39m
                [33mclass[39m=[32m&quot;flex items-center gap-2 font-medium select-none group-data-[disabled=true]:pointer-events-none group-data-[disabled=true]:opacity-50 peer-disabled:cursor-not-allowed peer-disabled:opacity-50 text-xs&quot;[39m
                [33mdata-slot[39m=[32m&quot;label&quot;[39m
                [33mfor[39m=[32m&quot;pos-barcode&quot;[39m
              [36m&gt;[39m
                [0mCódigo de barras[0m
              [36m&lt;/label&gt;[39m
              [36m&lt;div[39m
                [33mclass[39m=[32m&quot;relative&quot;[39m
              [36m&gt;[39m
                [36m&lt;svg[39m
                  [33maria-hidden[39m=[32m&quot;true&quot;[39m
                  [33mclass[39m=[32m&quot;lucide lucide-scan-line pointer-events-none absolute left-3 top-1/2 size-4 -translate-y-1/2 text-muted-foreground&quot;[39m
                  [33mfill[39m=[32m&quot;none&quot;[39m
                  [33mheight[39m=[32m&quot;24&quot;[39m
                  [33mstroke[39m=[32m&quot;currentColor&quot;[39m
                  [33mstroke-linecap[39m=[32m&quot;round&quot;[39m
                  [33mstroke-linejoin[39m=[32m&quot;round&quot;[39m
                  [33mstroke-width[39m=[32m&quot;2&quot;[39m
                  [33mviewBox[39m=[32m&quot;0 0 24 24&quot;[39m
                  [33mwidth[39m=[32m&quot;24&quot;[39m
                  [33mxmlns[39m=[32m&quot;http://www.w3.org/2000/svg&quot;[39m
                [36m&gt;[39m
                  [36m&lt;path[39m
                    [33md[39m=[32m&quot;M3 7V5a2 2 0 0 1 2-2h2&quot;[39m
                  [36m/&gt;[39m
                  [36m&lt;path[39m
                    [33md[39m=[32m&quot;M17 3h2a2 2 0 0 1 2 2v2&quot;[39m
                  [36m/&gt;[39m
                  [36m&lt;path[39m
                    [33md[39m=[32m&quot;M21 17v2a2 2 0 0 1-2 2h-2&quot;[39m
                  [36m/&gt;[39m
                  [36m&lt;path[39m
                    [33md[39m=[32m&quot;M7 21H5a2 2 0 0 1-2-2v-2&quot;[39m
                  [36m/&gt;[39m
                  [36m&lt;path[39m
                    [33md[39m=[32m&quot;M7 12h10&quot;[39m
                  [36m/&gt;[39m
                [36m&lt;/svg&gt;[39m
                [36m&lt;input[39m
                  [33maria-label[39m=[32m&quot;Código de barras&quot;[39m
                  [33mautocomplete[39m=[32m&quot;off&quot;[39m
                  [33mclass[39m=[32m&quot;file:text-foreground placeholder:text-muted-foreground selection:bg-primary selection:text-primary-foreground dark:bg-input/30 border-input flex h-9 w-full min-w-0 rounded-md border bg-transparent px-3 py-1 text-base shadow-xs transition-[color,box-shadow] outline-none file:inline-flex file:h-7 file:border-0 file:bg-transparent file:text-sm file:font-medium disabled:pointer-events-none disabled:cursor-not-allowed disabled:opacity-50 md:text-sm focus-visible:border-ring focus-visible:ring-ring/50 focus-visible:ring-[3px] aria-invalid:ring-destructive/20 dark:aria-invalid:ring-destructive/40 aria-invalid:border-destructive counter-scan pl-9&quot;[39m
                  [33mdata-ocid[39m=[32m&quot;pos.barcode_input&quot;[39m
                  [33mdata-slot[39m=[32m&quot;input&quot;[..." type="TestingLibraryElementError">
TestingLibraryElementError: Unable to find an element by: [data-ocid=&quot;pos.cart_list&quot;]

Ignored nodes: comments, script, style
&lt;body&gt;
  &lt;div&gt;
    &lt;div
      class=&quot;animate-fade-in space-y-5&quot;
      data-ocid=&quot;pos.page&quot;
    &gt;
      &lt;header
        class=&quot;space-y-4&quot;
      &gt;
        &lt;div
          class=&quot;flex flex-wrap items-start justify-between gap-3&quot;
        &gt;
          &lt;div
            class=&quot;min-w-0 space-y-1&quot;
          &gt;
            &lt;p
              class=&quot;font-mono text-[10px] uppercase tracking-[0.18em] text-muted-foreground&quot;
            &gt;
              Ventas
            &lt;/p&gt;
            &lt;h1
              class=&quot;font-display text-2xl font-semibold tracking-tight&quot;
            &gt;
              POS de mostrador
            &lt;/h1&gt;
            &lt;p
              class=&quot;max-w-2xl text-sm text-muted-foreground&quot;
            &gt;
              Venta directa con búsqueda por texto y lector de código de barras. Descuenta stock y genera la factura al cobrar, de contado o a crédito con cuotas.
            &lt;/p&gt;
          &lt;/div&gt;
          &lt;div
            class=&quot;flex shrink-0 flex-wrap items-center gap-2&quot;
          &gt;
            &lt;button
              class=&quot;inline-flex items-center justify-center whitespace-nowrap rounded-md text-sm font-medium transition-all disabled:pointer-events-none disabled:opacity-50 [&amp;_svg]:pointer-events-none [&amp;_svg:not([class*=&apos;size-&apos;])]:size-4 shrink-0 [&amp;_svg]:shrink-0 outline-none focus-visible:border-ring focus-visible:ring-ring/50 focus-visible:ring-[3px] aria-invalid:ring-destructive/20 dark:aria-invalid:ring-destructive/40 aria-invalid:border-destructive border bg-background shadow-xs hover:bg-accent hover:text-accent-foreground dark:bg-input/30 dark:border-input dark:hover:bg-input/50 h-9 px-4 py-2 has-[&gt;svg]:px-3 gap-2&quot;
              data-ocid=&quot;pos.clear_button&quot;
              data-slot=&quot;button&quot;
              disabled=&quot;&quot;
              type=&quot;button&quot;
            &gt;
              &lt;svg
                aria-hidden=&quot;true&quot;
                class=&quot;lucide lucide-x size-4&quot;
                fill=&quot;none&quot;
                height=&quot;24&quot;
                stroke=&quot;currentColor&quot;
                stroke-linecap=&quot;round&quot;
                stroke-linejoin=&quot;round&quot;
                stroke-width=&quot;2&quot;
                viewBox=&quot;0 0 24 24&quot;
                width=&quot;24&quot;
                xmlns=&quot;http://www.w3.org/2000/svg&quot;
              &gt;
                &lt;path
                  d=&quot;M18 6 6 18&quot;
                /&gt;
                &lt;path
                  d=&quot;m6 6 12 12&quot;
                /&gt;
              &lt;/svg&gt;
              Vaciar carrito
            &lt;/button&gt;
          &lt;/div&gt;
        &lt;/div&gt;
      &lt;/header&gt;
      &lt;div
        class=&quot;grid gap-4 lg:grid-cols-[minmax(0,1fr)_minmax(0,420px)]&quot;
      &gt;
        &lt;section
          class=&quot;counter-panel flex min-h-[520px] flex-col&quot;
          data-ocid=&quot;pos.product_panel&quot;
        &gt;
          &lt;div
            class=&quot;space-y-3 border-b border-border p-4&quot;
          &gt;
            &lt;form
              class=&quot;space-y-1.5&quot;
            &gt;
              &lt;label
                class=&quot;flex items-center gap-2 font-medium select-none group-data-[disabled=true]:pointer-events-none group-data-[disabled=true]:opacity-50 peer-disabled:cursor-not-allowed peer-disabled:opacity-50 text-xs&quot;
                data-slot=&quot;label&quot;
                for=&quot;pos-barcode&quot;
              &gt;
                Código de barras
              &lt;/label&gt;
              &lt;div
                class=&quot;relative&quot;
              &gt;
                &lt;svg
                  aria-hidden=&quot;true&quot;
                  class=&quot;lucide lucide-scan-line pointer-events-none absolute left-3 top-1/2 size-4 -translate-y-1/2 text-muted-foreground&quot;
                  fill=&quot;none&quot;
                  height=&quot;24&quot;
                  stroke=&quot;currentColor&quot;
                  stroke-linecap=&quot;round&quot;
                  stroke-linejoin=&quot;round&quot;
                  stroke-width=&quot;2&quot;
                  viewBox=&quot;0 0 24 24&quot;
                  width=&quot;24&quot;
                  xmlns=&quot;http://www.w3.org/2000/svg&quot;
                &gt;
                  &lt;path
                    d=&quot;M3 7V5a2 2 0 0 1 2-2h2&quot;
                  /&gt;
                  &lt;path
                    d=&quot;M17 3h2a2 2 0 0 1 2 2v2&quot;
                  /&gt;
                  &lt;path
                    d=&quot;M21 17v2a2 2 0 0 1-2 2h-2&quot;
                  /&gt;
                  &lt;path
                    d=&quot;M7 21H5a2 2 0 0 1-2-2v-2&quot;
                  /&gt;
                  &lt;path
                    d=&quot;M7 12h10&quot;
                  /&gt;
                &lt;/svg&gt;
                &lt;input
                  aria-label=&quot;Código de barras&quot;
                  autocomplete=&quot;off&quot;
                  class=&quot;file:text-foreground placeholder:text-muted-foreground selection:bg-primary selection:text-primary-foreground dark:bg-input/30 border-input flex h-9 w-full min-w-0 rounded-md border bg-transparent px-3 py-1 text-base shadow-xs transition-[color,box-shadow] outline-none file:inline-flex file:h-7 file:border-0 file:bg-transparent file:text-sm file:font-medium disabled:pointer-events-none disabled:cursor-not-allowed disabled:opacity-50 md:text-sm focus-visible:border-ring focus-visible:ring-ring/50 focus-visible:ring-[3px] aria-invalid:ring-destructive/20 dark:aria-invalid:ring-destructive/40 aria-invalid:border-destructive counter-scan pl-9&quot;
                  data-ocid=&quot;pos.barcode_input&quot;
                  data-slot=&quot;input&quot;[...

Ignored nodes: comments, script, style
&lt;body&gt;
  &lt;div&gt;
    &lt;div
      class=&quot;animate-fade-in space-y-5&quot;
      data-ocid=&quot;pos.page&quot;
    &gt;
      &lt;header
        class=&quot;space-y-4&quot;
      &gt;
        &lt;div
          class=&quot;flex flex-wrap items-start justify-between gap-3&quot;
        &gt;
          &lt;div
            class=&quot;min-w-0 space-y-1&quot;
          &gt;
            &lt;p
              class=&quot;font-mono text-[10px] uppercase tracking-[0.18em] text-muted-foreground&quot;
            &gt;
              Ventas
            &lt;/p&gt;
            &lt;h1
              class=&quot;font-display text-2xl font-semibold tracking-tight&quot;
            &gt;
              POS de mostrador
            &lt;/h1&gt;
            &lt;p
              class=&quot;max-w-2xl text-sm text-muted-foreground&quot;
            &gt;
              Venta directa con búsqueda por texto y lector de código de barras. Descuenta stock y genera la factura al cobrar, de contado o a crédito con cuotas.
            &lt;/p&gt;
          &lt;/div&gt;
          &lt;div
            class=&quot;flex shrink-0 flex-wrap items-center gap-2&quot;
          &gt;
            &lt;button
              class=&quot;inline-flex items-center justify-center whitespace-nowrap rounded-md text-sm font-medium transition-all disabled:pointer-events-none disabled:opacity-50 [&amp;_svg]:pointer-events-none [&amp;_svg:not([class*=&apos;size-&apos;])]:size-4 shrink-0 [&amp;_svg]:shrink-0 outline-none focus-visible:border-ring focus-visible:ring-ring/50 focus-visible:ring-[3px] aria-invalid:ring-destructive/20 dark:aria-invalid:ring-destructive/40 aria-invalid:border-destructive border bg-background shadow-xs hover:bg-accent hover:text-accent-foreground dark:bg-input/30 dark:border-input dark:hover:bg-input/50 h-9 px-4 py-2 has-[&gt;svg]:px-3 gap-2&quot;
              data-ocid=&quot;pos.clear_button&quot;
              data-slot=&quot;button&quot;
              disabled=&quot;&quot;
              type=&quot;button&quot;
            &gt;
              &lt;svg
                aria-hidden=&quot;true&quot;
                class=&quot;lucide lucide-x size-4&quot;
                fill=&quot;none&quot;
                height=&quot;24&quot;
                stroke=&quot;currentColor&quot;
                stroke-linecap=&quot;round&quot;
                stroke-linejoin=&quot;round&quot;
                stroke-width=&quot;2&quot;
                viewBox=&quot;0 0 24 24&quot;
                width=&quot;24&quot;
                xmlns=&quot;http://www.w3.org/2000/svg&quot;
              &gt;
                &lt;path
                  d=&quot;M18 6 6 18&quot;
                /&gt;
                &lt;path
                  d=&quot;m6 6 12 12&quot;
                /&gt;
              &lt;/svg&gt;
              Vaciar carrito
            &lt;/button&gt;
          &lt;/div&gt;
        &lt;/div&gt;
      &lt;/header&gt;
      &lt;div
        class=&quot;grid gap-4 lg:grid-cols-[minmax(0,1fr)_minmax(0,420px)]&quot;
      &gt;
        &lt;section
          class=&quot;counter-panel flex min-h-[520px] flex-col&quot;
          data-ocid=&quot;pos.product_panel&quot;
        &gt;
          &lt;div
            class=&quot;space-y-3 border-b border-border p-4&quot;
          &gt;
            &lt;form
              class=&quot;space-y-1.5&quot;
            &gt;
              &lt;label
                class=&quot;flex items-center gap-2 font-medium select-none group-data-[disabled=true]:pointer-events-none group-data-[disabled=true]:opacity-50 peer-disabled:cursor-not-allowed peer-disabled:opacity-50 text-xs&quot;
                data-slot=&quot;label&quot;
                for=&quot;pos-barcode&quot;
              &gt;
                Código de barras
              &lt;/label&gt;
              &lt;div
                class=&quot;relative&quot;
              &gt;
                &lt;svg
                  aria-hidden=&quot;true&quot;
                  class=&quot;lucide lucide-scan-line pointer-events-none absolute left-3 top-1/2 size-4 -translate-y-1/2 text-muted-foreground&quot;
                  fill=&quot;none&quot;
                  height=&quot;24&quot;
                  stroke=&quot;currentColor&quot;
                  stroke-linecap=&quot;round&quot;
                  stroke-linejoin=&quot;round&quot;
                  stroke-width=&quot;2&quot;
                  viewBox=&quot;0 0 24 24&quot;
                  width=&quot;24&quot;
                  xmlns=&quot;http://www.w3.org/2000/svg&quot;
                &gt;
                  &lt;path
                    d=&quot;M3 7V5a2 2 0 0 1 2-2h2&quot;
                  /&gt;
                  &lt;path
                    d=&quot;M17 3h2a2 2 0 0 1 2 2v2&quot;
                  /&gt;
                  &lt;path
                    d=&quot;M21 17v2a2 2 0 0 1-2 2h-2&quot;
                  /&gt;
                  &lt;path
                    d=&quot;M7 21H5a2 2 0 0 1-2-2v-2&quot;
                  /&gt;
                  &lt;path
                    d=&quot;M7 12h10&quot;
                  /&gt;
                &lt;/svg&gt;
                &lt;input
                  aria-label=&quot;Código de barras&quot;
                  autocomplete=&quot;off&quot;
                  class=&quot;file:text-foreground placeholder:text-muted-foreground selection:bg-primary selection:text-primary-foreground dark:bg-input/30 border-input flex h-9 w-full min-w-0 rounded-md border bg-transparent px-3 py-1 text-base shadow-xs transition-[color,box-shadow] outline-none file:inline-flex file:h-7 file:border-0 file:bg-transparent file:text-sm file:font-medium disabled:pointer-events-none disabled:cursor-not-allowed disabled:opacity-50 md:text-sm focus-visible:border-ring focus-visible:ring-ring/50 focus-visible:ring-[3px] aria-invalid:ring-destructive/20 dark:aria-invalid:ring-destructive/40 aria-invalid:border-destructive counter-scan pl-9&quot;
                  data-ocid=&quot;pos.barcode_input&quot;
                  data-slot=&quot;input&quot;[...
 ❯ waitForWrapper ../../../../../../opt/pnpm-templates/build_template/node_modules/.pnpm/@testing-library+dom@10.4.2/node_modules/@testing-library/dom/dist/wait-for.js:163:27
 ❯ ../../../../../../opt/pnpm-templates/build_template/node_modules/.pnpm/@testing-library+dom@10.4.2/node_modules/@testing-library/dom/dist/query-helpers.js:86:33
 ❯ src/pages/PosPage.test.tsx:371:31
            </failure>
        </testcase>
        <testcase classname="src/pages/PosPage.test.tsx" name="PosPage &gt; matches the scanned SKU case-insensitively" time="1.13238633">
            <failure message="Unable to find an element by: [data-ocid=&quot;pos.cart_list&quot;]

Ignored nodes: comments, script, style
[36m&lt;body&gt;[39m
  [36m&lt;div&gt;[39m
    [36m&lt;div[39m
      [33mclass[39m=[32m&quot;animate-fade-in space-y-5&quot;[39m
      [33mdata-ocid[39m=[32m&quot;pos.page&quot;[39m
    [36m&gt;[39m
      [36m&lt;header[39m
        [33mclass[39m=[32m&quot;space-y-4&quot;[39m
      [36m&gt;[39m
        [36m&lt;div[39m
          [33mclass[39m=[32m&quot;flex flex-wrap items-start justify-between gap-3&quot;[39m
        [36m&gt;[39m
          [36m&lt;div[39m
            [33mclass[39m=[32m&quot;min-w-0 space-y-1&quot;[39m
          [36m&gt;[39m
            [36m&lt;p[39m
              [33mclass[39m=[32m&quot;font-mono text-[10px] uppercase tracking-[0.18em] text-muted-foreground&quot;[39m
            [36m&gt;[39m
              [0mVentas[0m
            [36m&lt;/p&gt;[39m
            [36m&lt;h1[39m
              [33mclass[39m=[32m&quot;font-display text-2xl font-semibold tracking-tight&quot;[39m
            [36m&gt;[39m
              [0mPOS de mostrador[0m
            [36m&lt;/h1&gt;[39m
            [36m&lt;p[39m
              [33mclass[39m=[32m&quot;max-w-2xl text-sm text-muted-foreground&quot;[39m
            [36m&gt;[39m
              [0mVenta directa con búsqueda por texto y lector de código de barras. Descuenta stock y genera la factura al cobrar, de contado o a crédito con cuotas.[0m
            [36m&lt;/p&gt;[39m
          [36m&lt;/div&gt;[39m
          [36m&lt;div[39m
            [33mclass[39m=[32m&quot;flex shrink-0 flex-wrap items-center gap-2&quot;[39m
          [36m&gt;[39m
            [36m&lt;button[39m
              [33mclass[39m=[32m&quot;inline-flex items-center justify-center whitespace-nowrap rounded-md text-sm font-medium transition-all disabled:pointer-events-none disabled:opacity-50 [&amp;_svg]:pointer-events-none [&amp;_svg:not([class*=&apos;size-&apos;])]:size-4 shrink-0 [&amp;_svg]:shrink-0 outline-none focus-visible:border-ring focus-visible:ring-ring/50 focus-visible:ring-[3px] aria-invalid:ring-destructive/20 dark:aria-invalid:ring-destructive/40 aria-invalid:border-destructive border bg-background shadow-xs hover:bg-accent hover:text-accent-foreground dark:bg-input/30 dark:border-input dark:hover:bg-input/50 h-9 px-4 py-2 has-[&gt;svg]:px-3 gap-2&quot;[39m
              [33mdata-ocid[39m=[32m&quot;pos.clear_button&quot;[39m
              [33mdata-slot[39m=[32m&quot;button&quot;[39m
              [33mdisabled[39m=[32m&quot;&quot;[39m
              [33mtype[39m=[32m&quot;button&quot;[39m
            [36m&gt;[39m
              [36m&lt;svg[39m
                [33maria-hidden[39m=[32m&quot;true&quot;[39m
                [33mclass[39m=[32m&quot;lucide lucide-x size-4&quot;[39m
                [33mfill[39m=[32m&quot;none&quot;[39m
                [33mheight[39m=[32m&quot;24&quot;[39m
                [33mstroke[39m=[32m&quot;currentColor&quot;[39m
                [33mstroke-linecap[39m=[32m&quot;round&quot;[39m
                [33mstroke-linejoin[39m=[32m&quot;round&quot;[39m
                [33mstroke-width[39m=[32m&quot;2&quot;[39m
                [33mviewBox[39m=[32m&quot;0 0 24 24&quot;[39m
                [33mwidth[39m=[32m&quot;24&quot;[39m
                [33mxmlns[39m=[32m&quot;http://www.w3.org/2000/svg&quot;[39m
              [36m&gt;[39m
                [36m&lt;path[39m
                  [33md[39m=[32m&quot;M18 6 6 18&quot;[39m
                [36m/&gt;[39m
                [36m&lt;path[39m
                  [33md[39m=[32m&quot;m6 6 12 12&quot;[39m
                [36m/&gt;[39m
              [36m&lt;/svg&gt;[39m
              [0mVaciar carrito[0m
            [36m&lt;/button&gt;[39m
          [36m&lt;/div&gt;[39m
        [36m&lt;/div&gt;[39m
      [36m&lt;/header&gt;[39m
      [36m&lt;div[39m
        [33mclass[39m=[32m&quot;grid gap-4 lg:grid-cols-[minmax(0,1fr)_minmax(0,420px)]&quot;[39m
      [36m&gt;[39m
        [36m&lt;section[39m
          [33mclass[39m=[32m&quot;counter-panel flex min-h-[520px] flex-col&quot;[39m
          [33mdata-ocid[39m=[32m&quot;pos.product_panel&quot;[39m
        [36m&gt;[39m
          [36m&lt;div[39m
            [33mclass[39m=[32m&quot;space-y-3 border-b border-border p-4&quot;[39m
          [36m&gt;[39m
            [36m&lt;form[39m
              [33mclass[39m=[32m&quot;space-y-1.5&quot;[39m
            [36m&gt;[39m
              [36m&lt;label[39m
                [33mclass[39m=[32m&quot;flex items-center gap-2 font-medium select-none group-data-[disabled=true]:pointer-events-none group-data-[disabled=true]:opacity-50 peer-disabled:cursor-not-allowed peer-disabled:opacity-50 text-xs&quot;[39m
                [33mdata-slot[39m=[32m&quot;label&quot;[39m
                [33mfor[39m=[32m&quot;pos-barcode&quot;[39m
              [36m&gt;[39m
                [0mCódigo de barras[0m
              [36m&lt;/label&gt;[39m
              [36m&lt;div[39m
                [33mclass[39m=[32m&quot;relative&quot;[39m
              [36m&gt;[39m
                [36m&lt;svg[39m
                  [33maria-hidden[39m=[32m&quot;true&quot;[39m
                  [33mclass[39m=[32m&quot;lucide lucide-scan-line pointer-events-none absolute left-3 top-1/2 size-4 -translate-y-1/2 text-muted-foreground&quot;[39m
                  [33mfill[39m=[32m&quot;none&quot;[39m
                  [33mheight[39m=[32m&quot;24&quot;[39m
                  [33mstroke[39m=[32m&quot;currentColor&quot;[39m
                  [33mstroke-linecap[39m=[32m&quot;round&quot;[39m
                  [33mstroke-linejoin[39m=[32m&quot;round&quot;[39m
                  [33mstroke-width[39m=[32m&quot;2&quot;[39m
                  [33mviewBox[39m=[32m&quot;0 0 24 24&quot;[39m
                  [33mwidth[39m=[32m&quot;24&quot;[39m
                  [33mxmlns[39m=[32m&quot;http://www.w3.org/2000/svg&quot;[39m
                [36m&gt;[39m
                  [36m&lt;path[39m
                    [33md[39m=[32m&quot;M3 7V5a2 2 0 0 1 2-2h2&quot;[39m
                  [36m/&gt;[39m
                  [36m&lt;path[39m
                    [33md[39m=[32m&quot;M17 3h2a2 2 0 0 1 2 2v2&quot;[39m
                  [36m/&gt;[39m
                  [36m&lt;path[39m
                    [33md[39m=[32m&quot;M21 17v2a2 2 0 0 1-2 2h-2&quot;[39m
                  [36m/&gt;[39m
                  [36m&lt;path[39m
                    [33md[39m=[32m&quot;M7 21H5a2 2 0 0 1-2-2v-2&quot;[39m
                  [36m/&gt;[39m
                  [36m&lt;path[39m
                    [33md[39m=[32m&quot;M7 12h10&quot;[39m
                  [36m/&gt;[39m
                [36m&lt;/svg&gt;[39m
                [36m&lt;input[39m
                  [33maria-label[39m=[32m&quot;Código de barras&quot;[39m
                  [33mautocomplete[39m=[32m&quot;off&quot;[39m
                  [33mclass[39m=[32m&quot;file:text-foreground placeholder:text-muted-foreground selection:bg-primary selection:text-primary-foreground dark:bg-input/30 border-input flex h-9 w-full min-w-0 rounded-md border bg-transparent px-3 py-1 text-base shadow-xs transition-[color,box-shadow] outline-none file:inline-flex file:h-7 file:border-0 file:bg-transparent file:text-sm file:font-medium disabled:pointer-events-none disabled:cursor-not-allowed disabled:opacity-50 md:text-sm focus-visible:border-ring focus-visible:ring-ring/50 focus-visible:ring-[3px] aria-invalid:ring-destructive/20 dark:aria-invalid:ring-destructive/40 aria-invalid:border-destructive counter-scan pl-9&quot;[39m
                  [33mdata-ocid[39m=[32m&quot;pos.barcode_input&quot;[39m
                  [33mdata-slot[39m=[32m&quot;input&quot;[...

Ignored nodes: comments, script, style
[36m&lt;body&gt;[39m
  [36m&lt;div&gt;[39m
    [36m&lt;div[39m
      [33mclass[39m=[32m&quot;animate-fade-in space-y-5&quot;[39m
      [33mdata-ocid[39m=[32m&quot;pos.page&quot;[39m
    [36m&gt;[39m
      [36m&lt;header[39m
        [33mclass[39m=[32m&quot;space-y-4&quot;[39m
      [36m&gt;[39m
        [36m&lt;div[39m
          [33mclass[39m=[32m&quot;flex flex-wrap items-start justify-between gap-3&quot;[39m
        [36m&gt;[39m
          [36m&lt;div[39m
            [33mclass[39m=[32m&quot;min-w-0 space-y-1&quot;[39m
          [36m&gt;[39m
            [36m&lt;p[39m
              [33mclass[39m=[32m&quot;font-mono text-[10px] uppercase tracking-[0.18em] text-muted-foreground&quot;[39m
            [36m&gt;[39m
              [0mVentas[0m
            [36m&lt;/p&gt;[39m
            [36m&lt;h1[39m
              [33mclass[39m=[32m&quot;font-display text-2xl font-semibold tracking-tight&quot;[39m
            [36m&gt;[39m
              [0mPOS de mostrador[0m
            [36m&lt;/h1&gt;[39m
            [36m&lt;p[39m
              [33mclass[39m=[32m&quot;max-w-2xl text-sm text-muted-foreground&quot;[39m
            [36m&gt;[39m
              [0mVenta directa con búsqueda por texto y lector de código de barras. Descuenta stock y genera la factura al cobrar, de contado o a crédito con cuotas.[0m
            [36m&lt;/p&gt;[39m
          [36m&lt;/div&gt;[39m
          [36m&lt;div[39m
            [33mclass[39m=[32m&quot;flex shrink-0 flex-wrap items-center gap-2&quot;[39m
          [36m&gt;[39m
            [36m&lt;button[39m
              [33mclass[39m=[32m&quot;inline-flex items-center justify-center whitespace-nowrap rounded-md text-sm font-medium transition-all disabled:pointer-events-none disabled:opacity-50 [&amp;_svg]:pointer-events-none [&amp;_svg:not([class*=&apos;size-&apos;])]:size-4 shrink-0 [&amp;_svg]:shrink-0 outline-none focus-visible:border-ring focus-visible:ring-ring/50 focus-visible:ring-[3px] aria-invalid:ring-destructive/20 dark:aria-invalid:ring-destructive/40 aria-invalid:border-destructive border bg-background shadow-xs hover:bg-accent hover:text-accent-foreground dark:bg-input/30 dark:border-input dark:hover:bg-input/50 h-9 px-4 py-2 has-[&gt;svg]:px-3 gap-2&quot;[39m
              [33mdata-ocid[39m=[32m&quot;pos.clear_button&quot;[39m
              [33mdata-slot[39m=[32m&quot;button&quot;[39m
              [33mdisabled[39m=[32m&quot;&quot;[39m
              [33mtype[39m=[32m&quot;button&quot;[39m
            [36m&gt;[39m
              [36m&lt;svg[39m
                [33maria-hidden[39m=[32m&quot;true&quot;[39m
                [33mclass[39m=[32m&quot;lucide lucide-x size-4&quot;[39m
                [33mfill[39m=[32m&quot;none&quot;[39m
                [33mheight[39m=[32m&quot;24&quot;[39m
                [33mstroke[39m=[32m&quot;currentColor&quot;[39m
                [33mstroke-linecap[39m=[32m&quot;round&quot;[39m
                [33mstroke-linejoin[39m=[32m&quot;round&quot;[39m
                [33mstroke-width[39m=[32m&quot;2&quot;[39m
                [33mviewBox[39m=[32m&quot;0 0 24 24&quot;[39m
                [33mwidth[39m=[32m&quot;24&quot;[39m
                [33mxmlns[39m=[32m&quot;http://www.w3.org/2000/svg&quot;[39m
              [36m&gt;[39m
                [36m&lt;path[39m
                  [33md[39m=[32m&quot;M18 6 6 18&quot;[39m
                [36m/&gt;[39m
                [36m&lt;path[39m
                  [33md[39m=[32m&quot;m6 6 12 12&quot;[39m
                [36m/&gt;[39m
              [36m&lt;/svg&gt;[39m
              [0mVaciar carrito[0m
            [36m&lt;/button&gt;[39m
          [36m&lt;/div&gt;[39m
        [36m&lt;/div&gt;[39m
      [36m&lt;/header&gt;[39m
      [36m&lt;div[39m
        [33mclass[39m=[32m&quot;grid gap-4 lg:grid-cols-[minmax(0,1fr)_minmax(0,420px)]&quot;[39m
      [36m&gt;[39m
        [36m&lt;section[39m
          [33mclass[39m=[32m&quot;counter-panel flex min-h-[520px] flex-col&quot;[39m
          [33mdata-ocid[39m=[32m&quot;pos.product_panel&quot;[39m
        [36m&gt;[39m
          [36m&lt;div[39m
            [33mclass[39m=[32m&quot;space-y-3 border-b border-border p-4&quot;[39m
          [36m&gt;[39m
            [36m&lt;form[39m
              [33mclass[39m=[32m&quot;space-y-1.5&quot;[39m
            [36m&gt;[39m
              [36m&lt;label[39m
                [33mclass[39m=[32m&quot;flex items-center gap-2 font-medium select-none group-data-[disabled=true]:pointer-events-none group-data-[disabled=true]:opacity-50 peer-disabled:cursor-not-allowed peer-disabled:opacity-50 text-xs&quot;[39m
                [33mdata-slot[39m=[32m&quot;label&quot;[39m
                [33mfor[39m=[32m&quot;pos-barcode&quot;[39m
              [36m&gt;[39m
                [0mCódigo de barras[0m
              [36m&lt;/label&gt;[39m
              [36m&lt;div[39m
                [33mclass[39m=[32m&quot;relative&quot;[39m
              [36m&gt;[39m
                [36m&lt;svg[39m
                  [33maria-hidden[39m=[32m&quot;true&quot;[39m
                  [33mclass[39m=[32m&quot;lucide lucide-scan-line pointer-events-none absolute left-3 top-1/2 size-4 -translate-y-1/2 text-muted-foreground&quot;[39m
                  [33mfill[39m=[32m&quot;none&quot;[39m
                  [33mheight[39m=[32m&quot;24&quot;[39m
                  [33mstroke[39m=[32m&quot;currentColor&quot;[39m
                  [33mstroke-linecap[39m=[32m&quot;round&quot;[39m
                  [33mstroke-linejoin[39m=[32m&quot;round&quot;[39m
                  [33mstroke-width[39m=[32m&quot;2&quot;[39m
                  [33mviewBox[39m=[32m&quot;0 0 24 24&quot;[39m
                  [33mwidth[39m=[32m&quot;24&quot;[39m
                  [33mxmlns[39m=[32m&quot;http://www.w3.org/2000/svg&quot;[39m
                [36m&gt;[39m
                  [36m&lt;path[39m
                    [33md[39m=[32m&quot;M3 7V5a2 2 0 0 1 2-2h2&quot;[39m
                  [36m/&gt;[39m
                  [36m&lt;path[39m
                    [33md[39m=[32m&quot;M17 3h2a2 2 0 0 1 2 2v2&quot;[39m
                  [36m/&gt;[39m
                  [36m&lt;path[39m
                    [33md[39m=[32m&quot;M21 17v2a2 2 0 0 1-2 2h-2&quot;[39m
                  [36m/&gt;[39m
                  [36m&lt;path[39m
                    [33md[39m=[32m&quot;M7 21H5a2 2 0 0 1-2-2v-2&quot;[39m
                  [36m/&gt;[39m
                  [36m&lt;path[39m
                    [33md[39m=[32m&quot;M7 12h10&quot;[39m
                  [36m/&gt;[39m
                [36m&lt;/svg&gt;[39m
                [36m&lt;input[39m
                  [33maria-label[39m=[32m&quot;Código de barras&quot;[39m
                  [33mautocomplete[39m=[32m&quot;off&quot;[39m
                  [33mclass[39m=[32m&quot;file:text-foreground placeholder:text-muted-foreground selection:bg-primary selection:text-primary-foreground dark:bg-input/30 border-input flex h-9 w-full min-w-0 rounded-md border bg-transparent px-3 py-1 text-base shadow-xs transition-[color,box-shadow] outline-none file:inline-flex file:h-7 file:border-0 file:bg-transparent file:text-sm file:font-medium disabled:pointer-events-none disabled:cursor-not-allowed disabled:opacity-50 md:text-sm focus-visible:border-ring focus-visible:ring-ring/50 focus-visible:ring-[3px] aria-invalid:ring-destructive/20 dark:aria-invalid:ring-destructive/40 aria-invalid:border-destructive counter-scan pl-9&quot;[39m
                  [33mdata-ocid[39m=[32m&quot;pos.barcode_input&quot;[39m
                  [33mdata-slot[39m=[32m&quot;input&quot;[..." type="TestingLibraryElementError">
TestingLibraryElementError: Unable to find an element by: [data-ocid=&quot;pos.cart_list&quot;]

Ignored nodes: comments, script, style
&lt;body&gt;
  &lt;div&gt;
    &lt;div
      class=&quot;animate-fade-in space-y-5&quot;
      data-ocid=&quot;pos.page&quot;
    &gt;
      &lt;header
        class=&quot;space-y-4&quot;
      &gt;
        &lt;div
          class=&quot;flex flex-wrap items-start justify-between gap-3&quot;
        &gt;
          &lt;div
            class=&quot;min-w-0 space-y-1&quot;
          &gt;
            &lt;p
              class=&quot;font-mono text-[10px] uppercase tracking-[0.18em] text-muted-foreground&quot;
            &gt;
              Ventas
            &lt;/p&gt;
            &lt;h1
              class=&quot;font-display text-2xl font-semibold tracking-tight&quot;
            &gt;
              POS de mostrador
            &lt;/h1&gt;
            &lt;p
              class=&quot;max-w-2xl text-sm text-muted-foreground&quot;
            &gt;
              Venta directa con búsqueda por texto y lector de código de barras. Descuenta stock y genera la factura al cobrar, de contado o a crédito con cuotas.
            &lt;/p&gt;
          &lt;/div&gt;
          &lt;div
            class=&quot;flex shrink-0 flex-wrap items-center gap-2&quot;
          &gt;
            &lt;button
              class=&quot;inline-flex items-center justify-center whitespace-nowrap rounded-md text-sm font-medium transition-all disabled:pointer-events-none disabled:opacity-50 [&amp;_svg]:pointer-events-none [&amp;_svg:not([class*=&apos;size-&apos;])]:size-4 shrink-0 [&amp;_svg]:shrink-0 outline-none focus-visible:border-ring focus-visible:ring-ring/50 focus-visible:ring-[3px] aria-invalid:ring-destructive/20 dark:aria-invalid:ring-destructive/40 aria-invalid:border-destructive border bg-background shadow-xs hover:bg-accent hover:text-accent-foreground dark:bg-input/30 dark:border-input dark:hover:bg-input/50 h-9 px-4 py-2 has-[&gt;svg]:px-3 gap-2&quot;
              data-ocid=&quot;pos.clear_button&quot;
              data-slot=&quot;button&quot;
              disabled=&quot;&quot;
              type=&quot;button&quot;
            &gt;
              &lt;svg
                aria-hidden=&quot;true&quot;
                class=&quot;lucide lucide-x size-4&quot;
                fill=&quot;none&quot;
                height=&quot;24&quot;
                stroke=&quot;currentColor&quot;
                stroke-linecap=&quot;round&quot;
                stroke-linejoin=&quot;round&quot;
                stroke-width=&quot;2&quot;
                viewBox=&quot;0 0 24 24&quot;
                width=&quot;24&quot;
                xmlns=&quot;http://www.w3.org/2000/svg&quot;
              &gt;
                &lt;path
                  d=&quot;M18 6 6 18&quot;
                /&gt;
                &lt;path
                  d=&quot;m6 6 12 12&quot;
                /&gt;
              &lt;/svg&gt;
              Vaciar carrito
            &lt;/button&gt;
          &lt;/div&gt;
        &lt;/div&gt;
      &lt;/header&gt;
      &lt;div
        class=&quot;grid gap-4 lg:grid-cols-[minmax(0,1fr)_minmax(0,420px)]&quot;
      &gt;
        &lt;section
          class=&quot;counter-panel flex min-h-[520px] flex-col&quot;
          data-ocid=&quot;pos.product_panel&quot;
        &gt;
          &lt;div
            class=&quot;space-y-3 border-b border-border p-4&quot;
          &gt;
            &lt;form
              class=&quot;space-y-1.5&quot;
            &gt;
              &lt;label
                class=&quot;flex items-center gap-2 font-medium select-none group-data-[disabled=true]:pointer-events-none group-data-[disabled=true]:opacity-50 peer-disabled:cursor-not-allowed peer-disabled:opacity-50 text-xs&quot;
                data-slot=&quot;label&quot;
                for=&quot;pos-barcode&quot;
              &gt;
                Código de barras
              &lt;/label&gt;
              &lt;div
                class=&quot;relative&quot;
              &gt;
                &lt;svg
                  aria-hidden=&quot;true&quot;
                  class=&quot;lucide lucide-scan-line pointer-events-none absolute left-3 top-1/2 size-4 -translate-y-1/2 text-muted-foreground&quot;
                  fill=&quot;none&quot;
                  height=&quot;24&quot;
                  stroke=&quot;currentColor&quot;
                  stroke-linecap=&quot;round&quot;
                  stroke-linejoin=&quot;round&quot;
                  stroke-width=&quot;2&quot;
                  viewBox=&quot;0 0 24 24&quot;
                  width=&quot;24&quot;
                  xmlns=&quot;http://www.w3.org/2000/svg&quot;
                &gt;
                  &lt;path
                    d=&quot;M3 7V5a2 2 0 0 1 2-2h2&quot;
                  /&gt;
                  &lt;path
                    d=&quot;M17 3h2a2 2 0 0 1 2 2v2&quot;
                  /&gt;
                  &lt;path
                    d=&quot;M21 17v2a2 2 0 0 1-2 2h-2&quot;
                  /&gt;
                  &lt;path
                    d=&quot;M7 21H5a2 2 0 0 1-2-2v-2&quot;
                  /&gt;
                  &lt;path
                    d=&quot;M7 12h10&quot;
                  /&gt;
                &lt;/svg&gt;
                &lt;input
                  aria-label=&quot;Código de barras&quot;
                  autocomplete=&quot;off&quot;
                  class=&quot;file:text-foreground placeholder:text-muted-foreground selection:bg-primary selection:text-primary-foreground dark:bg-input/30 border-input flex h-9 w-full min-w-0 rounded-md border bg-transparent px-3 py-1 text-base shadow-xs transition-[color,box-shadow] outline-none file:inline-flex file:h-7 file:border-0 file:bg-transparent file:text-sm file:font-medium disabled:pointer-events-none disabled:cursor-not-allowed disabled:opacity-50 md:text-sm focus-visible:border-ring focus-visible:ring-ring/50 focus-visible:ring-[3px] aria-invalid:ring-destructive/20 dark:aria-invalid:ring-destructive/40 aria-invalid:border-destructive counter-scan pl-9&quot;
                  data-ocid=&quot;pos.barcode_input&quot;
                  data-slot=&quot;input&quot;[...

Ignored nodes: comments, script, style
&lt;body&gt;
  &lt;div&gt;
    &lt;div
      class=&quot;animate-fade-in space-y-5&quot;
      data-ocid=&quot;pos.page&quot;
    &gt;
      &lt;header
        class=&quot;space-y-4&quot;
      &gt;
        &lt;div
          class=&quot;flex flex-wrap items-start justify-between gap-3&quot;
        &gt;
          &lt;div
            class=&quot;min-w-0 space-y-1&quot;
          &gt;
            &lt;p
              class=&quot;font-mono text-[10px] uppercase tracking-[0.18em] text-muted-foreground&quot;
            &gt;
              Ventas
            &lt;/p&gt;
            &lt;h1
              class=&quot;font-display text-2xl font-semibold tracking-tight&quot;
            &gt;
              POS de mostrador
            &lt;/h1&gt;
            &lt;p
              class=&quot;max-w-2xl text-sm text-muted-foreground&quot;
            &gt;
              Venta directa con búsqueda por texto y lector de código de barras. Descuenta stock y genera la factura al cobrar, de contado o a crédito con cuotas.
            &lt;/p&gt;
          &lt;/div&gt;
          &lt;div
            class=&quot;flex shrink-0 flex-wrap items-center gap-2&quot;
          &gt;
            &lt;button
              class=&quot;inline-flex items-center justify-center whitespace-nowrap rounded-md text-sm font-medium transition-all disabled:pointer-events-none disabled:opacity-50 [&amp;_svg]:pointer-events-none [&amp;_svg:not([class*=&apos;size-&apos;])]:size-4 shrink-0 [&amp;_svg]:shrink-0 outline-none focus-visible:border-ring focus-visible:ring-ring/50 focus-visible:ring-[3px] aria-invalid:ring-destructive/20 dark:aria-invalid:ring-destructive/40 aria-invalid:border-destructive border bg-background shadow-xs hover:bg-accent hover:text-accent-foreground dark:bg-input/30 dark:border-input dark:hover:bg-input/50 h-9 px-4 py-2 has-[&gt;svg]:px-3 gap-2&quot;
              data-ocid=&quot;pos.clear_button&quot;
              data-slot=&quot;button&quot;
              disabled=&quot;&quot;
              type=&quot;button&quot;
            &gt;
              &lt;svg
                aria-hidden=&quot;true&quot;
                class=&quot;lucide lucide-x size-4&quot;
                fill=&quot;none&quot;
                height=&quot;24&quot;
                stroke=&quot;currentColor&quot;
                stroke-linecap=&quot;round&quot;
                stroke-linejoin=&quot;round&quot;
                stroke-width=&quot;2&quot;
                viewBox=&quot;0 0 24 24&quot;
                width=&quot;24&quot;
                xmlns=&quot;http://www.w3.org/2000/svg&quot;
              &gt;
                &lt;path
                  d=&quot;M18 6 6 18&quot;
                /&gt;
                &lt;path
                  d=&quot;m6 6 12 12&quot;
                /&gt;
              &lt;/svg&gt;
              Vaciar carrito
            &lt;/button&gt;
          &lt;/div&gt;
        &lt;/div&gt;
      &lt;/header&gt;
      &lt;div
        class=&quot;grid gap-4 lg:grid-cols-[minmax(0,1fr)_minmax(0,420px)]&quot;
      &gt;
        &lt;section
          class=&quot;counter-panel flex min-h-[520px] flex-col&quot;
          data-ocid=&quot;pos.product_panel&quot;
        &gt;
          &lt;div
            class=&quot;space-y-3 border-b border-border p-4&quot;
          &gt;
            &lt;form
              class=&quot;space-y-1.5&quot;
            &gt;
              &lt;label
                class=&quot;flex items-center gap-2 font-medium select-none group-data-[disabled=true]:pointer-events-none group-data-[disabled=true]:opacity-50 peer-disabled:cursor-not-allowed peer-disabled:opacity-50 text-xs&quot;
                data-slot=&quot;label&quot;
                for=&quot;pos-barcode&quot;
              &gt;
                Código de barras
              &lt;/label&gt;
              &lt;div
                class=&quot;relative&quot;
              &gt;
                &lt;svg
                  aria-hidden=&quot;true&quot;
                  class=&quot;lucide lucide-scan-line pointer-events-none absolute left-3 top-1/2 size-4 -translate-y-1/2 text-muted-foreground&quot;
                  fill=&quot;none&quot;
                  height=&quot;24&quot;
                  stroke=&quot;currentColor&quot;
                  stroke-linecap=&quot;round&quot;
                  stroke-linejoin=&quot;round&quot;
                  stroke-width=&quot;2&quot;
                  viewBox=&quot;0 0 24 24&quot;
                  width=&quot;24&quot;
                  xmlns=&quot;http://www.w3.org/2000/svg&quot;
                &gt;
                  &lt;path
                    d=&quot;M3 7V5a2 2 0 0 1 2-2h2&quot;
                  /&gt;
                  &lt;path
                    d=&quot;M17 3h2a2 2 0 0 1 2 2v2&quot;
                  /&gt;
                  &lt;path
                    d=&quot;M21 17v2a2 2 0 0 1-2 2h-2&quot;
                  /&gt;
                  &lt;path
                    d=&quot;M7 21H5a2 2 0 0 1-2-2v-2&quot;
                  /&gt;
                  &lt;path
                    d=&quot;M7 12h10&quot;
                  /&gt;
                &lt;/svg&gt;
                &lt;input
                  aria-label=&quot;Código de barras&quot;
                  autocomplete=&quot;off&quot;
                  class=&quot;file:text-foreground placeholder:text-muted-foreground selection:bg-primary selection:text-primary-foreground dark:bg-input/30 border-input flex h-9 w-full min-w-0 rounded-md border bg-transparent px-3 py-1 text-base shadow-xs transition-[color,box-shadow] outline-none file:inline-flex file:h-7 file:border-0 file:bg-transparent file:text-sm file:font-medium disabled:pointer-events-none disabled:cursor-not-allowed disabled:opacity-50 md:text-sm focus-visible:border-ring focus-visible:ring-ring/50 focus-visible:ring-[3px] aria-invalid:ring-destructive/20 dark:aria-invalid:ring-destructive/40 aria-invalid:border-destructive counter-scan pl-9&quot;
                  data-ocid=&quot;pos.barcode_input&quot;
                  data-slot=&quot;input&quot;[...
 ❯ waitForWrapper ../../../../../../opt/pnpm-templates/build_template/node_modules/.pnpm/@testing-library+dom@10.4.2/node_modules/@testing-library/dom/dist/wait-for.js:163:27
 ❯ ../../../../../../opt/pnpm-templates/build_template/node_modules/.pnpm/@testing-library+dom@10.4.2/node_modules/@testing-library/dom/dist/query-helpers.js:86:33
 ❯ src/pages/PosPage.test.tsx:403:31
            </failure>
        </testcase>
        <testcase classname="src/pages/PosPage.test.tsx" name="PosPage &gt; reports an unknown scanned code without adding a cart line" time="0.122897205">
        </testcase>
        <testcase classname="src/pages/PosPage.test.tsx" name="PosPage &gt; omits the tax line from the receipt for a non-responsable company" time="0.08662244">
        </testcase>
    </testsuite>
    <testsuite name="src/pages/PurchaseInvoiceDetailPage.test.tsx" timestamp="2026-09-25T20:55:14.677Z" hostname="2a82af66d266" tests="8" failures="2" errors="0" skipped="0" time="0.141527781">
        <testcase classname="src/pages/PurchaseInvoiceDetailPage.test.tsx" name="PurchaseInvoiceDetailPage &gt; renders the extracted header and the invoice total" time="0.053531309">
            <failure message="expected &quot;spy&quot; to be called with arguments: [ 10n ][90m

Received: 

[1m  1st spy call:

[22m[2m  [[22m
[31m+   null,[90m
[2m    10n,[22m
[2m  ][22m
[39m[90m

Number of calls: [1m1[22m
[39m" type="AssertionError">
AssertionError: expected &quot;spy&quot; to be called with arguments: [ 10n ]

Received: 

  1st spy call:

  [
+   null,
    10n,
  ]


Number of calls: 1

 ❯ src/pages/PurchaseInvoiceDetailPage.test.tsx:130:36
            </failure>
        </testcase>
        <testcase classname="src/pages/PurchaseInvoiceDetailPage.test.tsx" name="PurchaseInvoiceDetailPage &gt; shows each line with its apply result and match status" time="0.018777044">
        </testcase>
        <testcase classname="src/pages/PurchaseInvoiceDetailPage.test.tsx" name="PurchaseInvoiceDetailPage &gt; reports a line apply error with its reason" time="0.014411314">
        </testcase>
        <testcase classname="src/pages/PurchaseInvoiceDetailPage.test.tsx" name="PurchaseInvoiceDetailPage &gt; links each applied line to the inventory movements of its part" time="0.012761285">
        </testcase>
        <testcase classname="src/pages/PurchaseInvoiceDetailPage.test.tsx" name="PurchaseInvoiceDetailPage &gt; hides the movements panel when no line was applied" time="0.010275077">
        </testcase>
        <testcase classname="src/pages/PurchaseInvoiceDetailPage.test.tsx" name="PurchaseInvoiceDetailPage &gt; shows the extraction error when the extraction failed" time="0.007905">
        </testcase>
        <testcase classname="src/pages/PurchaseInvoiceDetailPage.test.tsx" name="PurchaseInvoiceDetailPage &gt; renders an error state when the invoice does not exist" time="0.02026889">
            <failure message="expected &quot;spy&quot; to be called with arguments: [ 10n ][90m

Received: 

[1m  1st spy call:

[22m[2m  [[22m
[31m+   null,[90m
[2m    10n,[22m
[2m  ][22m
[39m[90m

Number of calls: [1m1[22m
[39m" type="AssertionError">
AssertionError: expected &quot;spy&quot; to be called with arguments: [ 10n ]

Received: 

  1st spy call:

  [
+   null,
    10n,
  ]


Number of calls: 1

 ❯ src/pages/PurchaseInvoiceDetailPage.test.tsx:269:36
            </failure>
        </testcase>
        <testcase classname="src/pages/PurchaseInvoiceDetailPage.test.tsx" name="PurchaseInvoiceDetailPage &gt; rejects a non-numeric id without calling the backend" time="0.00265684">
        </testcase>
    </testsuite>
    <testsuite name="src/pages/PurchaseInvoicesPage.test.tsx" timestamp="2026-09-25T20:55:14.679Z" hostname="2a82af66d266" tests="24" failures="10" errors="0" skipped="0" time="3.07137755">
        <testcase classname="src/pages/PurchaseInvoicesPage.test.tsx" name="PurchaseInvoicesPage &gt; renders the upload zone and the empty state" time="0.033862575">
        </testcase>
        <testcase classname="src/pages/PurchaseInvoicesPage.test.tsx" name="PurchaseInvoicesPage &gt; rejects an unsupported file with a clear Spanish message and uploads nothing" time="0.056051241">
        </testcase>
        <testcase classname="src/pages/PurchaseInvoicesPage.test.tsx" name="PurchaseInvoicesPage &gt; rejects a PDF over the size limit with a clear Spanish message" time="0.025647974">
        </testcase>
        <testcase classname="src/pages/PurchaseInvoicesPage.test.tsx" name="PurchaseInvoicesPage &gt; uploads a PDF, runs the extraction and opens the review table" time="0.079309818">
            <failure message="expected null to match object { kind: &apos;pdf&apos;, …(5) }" type="AssertionError">
AssertionError: expected null to match object { kind: &apos;pdf&apos;, …(5) }

- Expected: 
{
  &quot;fileName&quot;: &quot;factura.pdf&quot;,
  &quot;gatewayUrl&quot;: &quot;https://gateway.example.test&quot;,
  &quot;kind&quot;: &quot;pdf&quot;,
  &quot;mimeType&quot;: &quot;application/pdf&quot;,
  &quot;objectId&quot;: &quot;!caf!sha256:abc&quot;,
  &quot;projectId&quot;: &quot;project-123&quot;,
}

+ Received: 
null

 ❯ src/pages/PurchaseInvoicesPage.test.tsx:300:46
            </failure>
        </testcase>
        <testcase classname="src/pages/PurchaseInvoicesPage.test.tsx" name="PurchaseInvoicesPage &gt; uploads a photo and runs the extraction with the image kind" time="0.037137721">
            <failure message="expected null to match object { kind: &apos;image&apos;, …(2) }" type="AssertionError">
AssertionError: expected null to match object { kind: &apos;image&apos;, …(2) }

- Expected: 
{
  &quot;fileName&quot;: &quot;foto.jpg&quot;,
  &quot;kind&quot;: &quot;image&quot;,
  &quot;mimeType&quot;: &quot;image/jpeg&quot;,
}

+ Received: 
null

 ❯ src/pages/PurchaseInvoicesPage.test.tsx:332:46
            </failure>
        </testcase>
        <testcase classname="src/pages/PurchaseInvoicesPage.test.tsx" name="PurchaseInvoicesPage &gt; opens the review panel with a clear Spanish notice when the extraction fails" time="0.042922466">
        </testcase>
        <testcase classname="src/pages/PurchaseInvoicesPage.test.tsx" name="PurchaseInvoicesPage &gt; lets the user complete a failed extraction manually and confirm it" time="0.56431">
            <failure message="expected undefined to match object { invoiceNumber: &apos;FE-MANUAL&apos; }" type="AssertionError">
AssertionError: expected undefined to match object { invoiceNumber: &apos;FE-MANUAL&apos; }

- Expected: 
{
  &quot;invoiceNumber&quot;: &quot;FE-MANUAL&quot;,
}

+ Received: 
undefined

 ❯ src/pages/PurchaseInvoicesPage.test.tsx:461:54
            </failure>
        </testcase>
        <testcase classname="src/pages/PurchaseInvoicesPage.test.tsx" name="PurchaseInvoicesPage &gt; keeps the manual-completion button available after a failed retry" time="0.03881337">
        </testcase>
        <testcase classname="src/pages/PurchaseInvoicesPage.test.tsx" name="PurchaseInvoicesPage &gt; marks each line as new or existing and lets the user edit, add and delete lines" time="0.071392971">
        </testcase>
        <testcase classname="src/pages/PurchaseInvoicesPage.test.tsx" name="PurchaseInvoicesPage &gt; saves the edited review with the corrected quantity and cost" time="0.102659867">
            <failure message="expected null to be 10n // Object.is equality" type="AssertionError">
AssertionError: expected null to be 10n // Object.is equality

- Expected: 
10n

+ Received: 
null

 ❯ src/pages/PurchaseInvoicesPage.test.tsx:595:23
            </failure>
        </testcase>
        <testcase classname="src/pages/PurchaseInvoicesPage.test.tsx" name="PurchaseInvoicesPage &gt; selects an existing supplier from the directory" time="0.096537769">
            <failure message="expected undefined to match object { supplierId: 1n }" type="AssertionError">
AssertionError: expected undefined to match object { supplierId: 1n }

- Expected: 
{
  &quot;supplierId&quot;: 1n,
}

+ Received: 
undefined

 ❯ src/pages/PurchaseInvoicesPage.test.tsx:625:54
            </failure>
        </testcase>
        <testcase classname="src/pages/PurchaseInvoicesPage.test.tsx" name="PurchaseInvoicesPage &gt; creates a new supplier during the review when the name is typed" time="0.183718054">
            <failure message="expected null to match object { name: &apos;Nuevo Proveedor&apos; }" type="AssertionError">
AssertionError: expected null to match object { name: &apos;Nuevo Proveedor&apos; }

- Expected: 
{
  &quot;name&quot;: &quot;Nuevo Proveedor&quot;,
}

+ Received: 
null

 ❯ src/pages/PurchaseInvoicesPage.test.tsx:654:49
            </failure>
        </testcase>
        <testcase classname="src/pages/PurchaseInvoicesPage.test.tsx" name="PurchaseInvoicesPage &gt; blocks confirmation with a clear message when a line is incomplete" time="0.039487398">
        </testcase>
        <testcase classname="src/pages/PurchaseInvoicesPage.test.tsx" name="PurchaseInvoicesPage &gt; confirms the invoice and shows the per-line result summary" time="1.035799014">
            <failure message="expected &quot;spy&quot; to be called with arguments: [ 10n ][90m

Received: 

[1m  1st spy call:

[22m[2m  [[22m
[31m+   null,[90m
[2m    10n,[22m
[2m  ][22m
[39m[90m

Number of calls: [1m1[22m
[39m

Ignored nodes: comments, script, style
[36m&lt;html&gt;[39m
  [36m&lt;head /&gt;[39m
  [36m&lt;body[39m
    [33mstyle[39m=[32m&quot;&quot;[39m
  [36m&gt;[39m
    [36m&lt;div&gt;[39m
      [36m&lt;div[39m
        [33mclass[39m=[32m&quot;mx-auto w-full max-w-7xl animate-fade-in space-y-5&quot;[39m
        [33mdata-ocid[39m=[32m&quot;purchase_invoices.page&quot;[39m
      [36m&gt;[39m
        [36m&lt;header[39m
          [33mclass[39m=[32m&quot;space-y-4&quot;[39m
        [36m&gt;[39m
          [36m&lt;div[39m
            [33mclass[39m=[32m&quot;flex flex-wrap items-start justify-between gap-3&quot;[39m
          [36m&gt;[39m
            [36m&lt;div[39m
              [33mclass[39m=[32m&quot;min-w-0 space-y-1&quot;[39m
            [36m&gt;[39m
              [36m&lt;p[39m
                [33mclass[39m=[32m&quot;font-mono text-[10px] uppercase tracking-[0.18em] text-muted-foreground&quot;[39m
              [36m&gt;[39m
                [0mCompras[0m
              [36m&lt;/p&gt;[39m
              [36m&lt;h1[39m
                [33mclass[39m=[32m&quot;font-display text-2xl font-semibold tracking-tight&quot;[39m
              [36m&gt;[39m
                [0mFacturas de compra[0m
              [36m&lt;/h1&gt;[39m
              [36m&lt;p[39m
                [33mclass[39m=[32m&quot;max-w-2xl text-sm text-muted-foreground&quot;[39m
              [36m&gt;[39m
                [0mSube la factura en PDF o foto, revisa los datos extraídos y confirma para actualizar el inventario con la entrada de stock.[0m
              [36m&lt;/p&gt;[39m
            [36m&lt;/div&gt;[39m
          [36m&lt;/div&gt;[39m
        [36m&lt;/header&gt;[39m
        [36m&lt;div[39m
          [33maria-label[39m=[32m&quot;Secciones de facturas de compra&quot;[39m
          [33mclass[39m=[32m&quot;inline-flex items-center gap-1 rounded-lg border border-border bg-muted/40 p-1&quot;[39m
          [33mdata-ocid[39m=[32m&quot;purchase_invoices.tabs&quot;[39m
          [33mrole[39m=[32m&quot;tablist&quot;[39m
        [36m&gt;[39m
          [36m&lt;button[39m
            [33maria-selected[39m=[32m&quot;true&quot;[39m
            [33mclass[39m=[32m&quot;inline-flex items-center gap-2 rounded-md px-3.5 py-1.5 text-sm font-medium transition-colors bg-card text-foreground shadow-subtle&quot;[39m
            [33mdata-ocid[39m=[32m&quot;purchase_invoices.tab.cargar&quot;[39m
            [33mrole[39m=[32m&quot;tab&quot;[39m
            [33mtype[39m=[32m&quot;button&quot;[39m
          [36m&gt;[39m
            [36m&lt;svg[39m
              [33maria-hidden[39m=[32m&quot;true&quot;[39m
              [33mclass[39m=[32m&quot;lucide lucide-file-text size-4&quot;[39m
              [33mfill[39m=[32m&quot;none&quot;[39m
              [33mheight[39m=[32m&quot;24&quot;[39m
              [33mstroke[39m=[32m&quot;currentColor&quot;[39m
              [33mstroke-linecap[39m=[32m&quot;round&quot;[39m
              [33mstroke-linejoin[39m=[32m&quot;round&quot;[39m
              [33mstroke-width[39m=[32m&quot;2&quot;[39m
              [33mviewBox[39m=[32m&quot;0 0 24 24&quot;[39m
              [33mwidth[39m=[32m&quot;24&quot;[39m
              [33mxmlns[39m=[32m&quot;http://www.w3.org/2000/svg&quot;[39m
            [36m&gt;[39m
              [36m&lt;path[39m
                [33md[39m=[32m&quot;M15 2H6a2 2 0 0 0-2 2v16a2 2 0 0 0 2 2h12a2 2 0 0 0 2-2V7Z&quot;[39m
              [36m/&gt;[39m
              [36m&lt;path[39m
                [33md[39m=[32m&quot;M14 2v4a2 2 0 0 0 2 2h4&quot;[39m
              [36m/&gt;[39m
              [36m&lt;path[39m
                [33md[39m=[32m&quot;M10 9H8&quot;[39m
              [36m/&gt;[39m
              [36m&lt;path[39m
                [33md[39m=[32m&quot;M16 13H8&quot;[39m
              [36m/&gt;[39m
              [36m&lt;path[39m
                [33md[39m=[32m&quot;M16 17H8&quot;[39m
              [36m/&gt;[39m
            [36m&lt;/svg&gt;[39m
            [0mCargar y revisar[0m
          [36m&lt;/button&gt;[39m
          [36m&lt;button[39m
            [33maria-selected[39m=[32m&quot;false&quot;[39m
            [33mclass[39m=[32m&quot;inline-flex items-center gap-2 rounded-md px-3.5 py-1.5 text-sm font-medium transition-colors text-muted-foreground hover:text-foreground&quot;[39m
            [33mdata-ocid[39m=[32m&quot;purchase_invoices.tab.historial&quot;[39m
            [33mrole[39m=[32m&quot;tab&quot;[39m
            [33mtype[39m=[32m&quot;button&quot;[39m
          [36m&gt;[39m
            [36m&lt;svg[39m
              [33maria-hidden[39m=[32m&quot;true&quot;[39m
              [33mclass[39m=[32m&quot;lucide lucide-history size-4&quot;[39m
              [33mfill[39m=[32m&quot;none&quot;[39m
              [33mheight[39m=[32m&quot;24&quot;[39m
              [33mstroke[39m=[32m&quot;currentColor&quot;[39m
              [33mstroke-linecap[39m=[32m&quot;round&quot;[39m
              [33mstroke-linejoin[39m=[32m&quot;round&quot;[39m
              [33mstroke-width[39m=[32m&quot;2&quot;[39m
              [33mviewBox[39m=[32m&quot;0 0 24 24&quot;[39m
              [33mwidth[39m=[32m&quot;24&quot;[39m
              [33mxmlns[39m=[32m&quot;http://www.w3.org/2000/svg&quot;[39m
            [36m&gt;[39m
              [36m&lt;path[39m
                [33md[39m=[32m&quot;M3 12a9 9 0 1 0 9-9 9.75 9.75 0 0 0-6.74 2.74L3 8&quot;[39m
              [36m/&gt;[39m
              [36m&lt;path[39m
                [33md[39m=[32m&quot;M3 3v5h5&quot;[39m
              [36m/&gt;[39m
              [36m&lt;path[39m
                [33md[39m=[32m&quot;M12 7v5l4 2&quot;[39m
              [36m/&gt;[39m
            [36m&lt;/svg&gt;[39m
            [0mHistorial[0m
          [36m&lt;/button&gt;[39m
        [36m&lt;/div&gt;[39m
        [36m&lt;section[39m
          [33mclass[39m=[32m&quot;space-y-4 rounded-lg border border-border bg-card p-4 shadow-subtle&quot;[39m
          [33mdata-ocid[39m=[32m&quot;purchase_invoices.result_summary&quot;[39m
        [36m&gt;[39m
          [36m&lt;div[39m
            [33mclass[39m=[32m&quot;flex flex-wrap items-start justify-between gap-3&quot;[39m
          [36m&gt;[39m
            [36m&lt;div[39m
              [33mclass[39m=[32m&quot;flex items-start gap-3&quot;[39m
            [36m&gt;[39m
              [36m&lt;div[39m
                [33mclass[39m=[32m&quot;flex size-10 shrink-0 items-center justify-center rounded-md border border-success/50 bg-success/15 text-success&quot;[39m
              [36m&gt;[39m
                [36m&lt;svg[39m
                  [33maria-hidden[39m=[32m&quot;true&quot;[39m
                  [33mclass[39m=[32m&quot;lucide lucide-circle-check size-5&quot;[39m
                  [33mfill[39m=[32m&quot;none&quot;[39m
                  [33mheight[39m=[32m&quot;24&quot;[39m
                  [33mstroke[39m=[32m&quot;currentColor&quot;[39m
                  [33mstroke-linecap[39m=[32m&quot;round&quot;[39m
                  [33mstroke-linejoin[39m=[32m&quot;round&quot;[39m
                  [33mstroke-width[39m=[32m&quot;2&quot;[39m
                  [33mviewBox[39m=[32m&quot;0 0 24 24&quot;[39m
                  [33mwidth[39m=[32m&quot;24&quot;[39m
                  [33mxmlns[39m=[32m&quot;http://www.w3.org/2000/svg&quot;[39m
                [36m&gt;[39m
                  [36m&lt;circle[39m
                    [33mcx[39m=[32m&quot;12&quot;[39m
                    [33mcy[39m=[32m&quot;12&quot;[39m
                    [33mr[39m=[32m&quot;10&quot;[39m
                  [36m/&gt;[39m
                  [36m&lt;path[39m
                    [33md[39m=[32m&quot;m9 12 2 2 4-4&quot;[39m
                  [36m/&gt;[39m
                [36m&lt;/svg&gt;[39m
              ..." type="AssertionError">
AssertionError: expected &quot;spy&quot; to be called with arguments: [ 10n ]

Received: 

  1st spy call:

  [
+   null,
    10n,
  ]


Number of calls: 1


Ignored nodes: comments, script, style
&lt;html&gt;
  &lt;head /&gt;
  &lt;body
    style=&quot;&quot;
  &gt;
    &lt;div&gt;
      &lt;div
        class=&quot;mx-auto w-full max-w-7xl animate-fade-in space-y-5&quot;
        data-ocid=&quot;purchase_invoices.page&quot;
      &gt;
        &lt;header
          class=&quot;space-y-4&quot;
        &gt;
          &lt;div
            class=&quot;flex flex-wrap items-start justify-between gap-3&quot;
          &gt;
            &lt;div
              class=&quot;min-w-0 space-y-1&quot;
            &gt;
              &lt;p
                class=&quot;font-mono text-[10px] uppercase tracking-[0.18em] text-muted-foreground&quot;
              &gt;
                Compras
              &lt;/p&gt;
              &lt;h1
                class=&quot;font-display text-2xl font-semibold tracking-tight&quot;
              &gt;
                Facturas de compra
              &lt;/h1&gt;
              &lt;p
                class=&quot;max-w-2xl text-sm text-muted-foreground&quot;
              &gt;
                Sube la factura en PDF o foto, revisa los datos extraídos y confirma para actualizar el inventario con la entrada de stock.
              &lt;/p&gt;
            &lt;/div&gt;
          &lt;/div&gt;
        &lt;/header&gt;
        &lt;div
          aria-label=&quot;Secciones de facturas de compra&quot;
          class=&quot;inline-flex items-center gap-1 rounded-lg border border-border bg-muted/40 p-1&quot;
          data-ocid=&quot;purchase_invoices.tabs&quot;
          role=&quot;tablist&quot;
        &gt;
          &lt;button
            aria-selected=&quot;true&quot;
            class=&quot;inline-flex items-center gap-2 rounded-md px-3.5 py-1.5 text-sm font-medium transition-colors bg-card text-foreground shadow-subtle&quot;
            data-ocid=&quot;purchase_invoices.tab.cargar&quot;
            role=&quot;tab&quot;
            type=&quot;button&quot;
          &gt;
            &lt;svg
              aria-hidden=&quot;true&quot;
              class=&quot;lucide lucide-file-text size-4&quot;
              fill=&quot;none&quot;
              height=&quot;24&quot;
              stroke=&quot;currentColor&quot;
              stroke-linecap=&quot;round&quot;
              stroke-linejoin=&quot;round&quot;
              stroke-width=&quot;2&quot;
              viewBox=&quot;0 0 24 24&quot;
              width=&quot;24&quot;
              xmlns=&quot;http://www.w3.org/2000/svg&quot;
            &gt;
              &lt;path
                d=&quot;M15 2H6a2 2 0 0 0-2 2v16a2 2 0 0 0 2 2h12a2 2 0 0 0 2-2V7Z&quot;
              /&gt;
              &lt;path
                d=&quot;M14 2v4a2 2 0 0 0 2 2h4&quot;
              /&gt;
              &lt;path
                d=&quot;M10 9H8&quot;
              /&gt;
              &lt;path
                d=&quot;M16 13H8&quot;
              /&gt;
              &lt;path
                d=&quot;M16 17H8&quot;
              /&gt;
            &lt;/svg&gt;
            Cargar y revisar
          &lt;/button&gt;
          &lt;button
            aria-selected=&quot;false&quot;
            class=&quot;inline-flex items-center gap-2 rounded-md px-3.5 py-1.5 text-sm font-medium transition-colors text-muted-foreground hover:text-foreground&quot;
            data-ocid=&quot;purchase_invoices.tab.historial&quot;
            role=&quot;tab&quot;
            type=&quot;button&quot;
          &gt;
            &lt;svg
              aria-hidden=&quot;true&quot;
              class=&quot;lucide lucide-history size-4&quot;
              fill=&quot;none&quot;
              height=&quot;24&quot;
              stroke=&quot;currentColor&quot;
              stroke-linecap=&quot;round&quot;
              stroke-linejoin=&quot;round&quot;
              stroke-width=&quot;2&quot;
              viewBox=&quot;0 0 24 24&quot;
              width=&quot;24&quot;
              xmlns=&quot;http://www.w3.org/2000/svg&quot;
            &gt;
              &lt;path
                d=&quot;M3 12a9 9 0 1 0 9-9 9.75 9.75 0 0 0-6.74 2.74L3 8&quot;
              /&gt;
              &lt;path
                d=&quot;M3 3v5h5&quot;
              /&gt;
              &lt;path
                d=&quot;M12 7v5l4 2&quot;
              /&gt;
            &lt;/svg&gt;
            Historial
          &lt;/button&gt;
        &lt;/div&gt;
        &lt;section
          class=&quot;space-y-4 rounded-lg border border-border bg-card p-4 shadow-subtle&quot;
          data-ocid=&quot;purchase_invoices.result_summary&quot;
        &gt;
          &lt;div
            class=&quot;flex flex-wrap items-start justify-between gap-3&quot;
          &gt;
            &lt;div
              class=&quot;flex items-start gap-3&quot;
            &gt;
              &lt;div
                class=&quot;flex size-10 shrink-0 items-center justify-center rounded-md border border-success/50 bg-success/15 text-success&quot;
              &gt;
                &lt;svg
                  aria-hidden=&quot;true&quot;
                  class=&quot;lucide lucide-circle-check size-5&quot;
                  fill=&quot;none&quot;
                  height=&quot;24&quot;
                  stroke=&quot;currentColor&quot;
                  stroke-linecap=&quot;round&quot;
                  stroke-linejoin=&quot;round&quot;
                  stroke-width=&quot;2&quot;
                  viewBox=&quot;0 0 24 24&quot;
                  width=&quot;24&quot;
                  xmlns=&quot;http://www.w3.org/2000/svg&quot;
                &gt;
                  &lt;circle
                    cx=&quot;12&quot;
                    cy=&quot;12&quot;
                    r=&quot;10&quot;
                  /&gt;
                  &lt;path
                    d=&quot;m9 12 2 2 4-4&quot;
                  /&gt;
                &lt;/svg&gt;
              ...
 ❯ src/pages/PurchaseInvoicesPage.test.tsx:700:45
 ❯ runWithExpensiveErrorDiagnosticsDisabled ../../../../../../opt/pnpm-templates/build_template/node_modules/.pnpm/@testing-library+dom@10.4.2/node_modules/@testing-library/dom/dist/config.js:47:12
 ❯ checkCallback ../../../../../../opt/pnpm-templates/build_template/node_modules/.pnpm/@testing-library+dom@10.4.2/node_modules/@testing-library/dom/dist/wait-for.js:124:77
 ❯ Timeout.checkRealTimersCallback ../../../../../../opt/pnpm-templates/build_template/node_modules/.pnpm/@testing-library+dom@10.4.2/node_modules/@testing-library/dom/dist/wait-for.js:118:16
            </failure>
        </testcase>
        <testcase classname="src/pages/PurchaseInvoicesPage.test.tsx" name="PurchaseInvoicesPage &gt; shows the idempotent notice when the invoice was already confirmed" time="0.035313461">
        </testcase>
        <testcase classname="src/pages/PurchaseInvoicesPage.test.tsx" name="PurchaseInvoicesPage &gt; reports a line error with its reason in the result summary" time="0.035041058">
        </testcase>
        <testcase classname="src/pages/PurchaseInvoicesPage.test.tsx" name="PurchaseInvoicesPage &gt; opens the review panel with an empty-lines state when the extraction returns no lines" time="0.032160576">
        </testcase>
        <testcase classname="src/pages/PurchaseInvoicesPage.test.tsx" name="PurchaseInvoicesPage &gt; saves the edited header fields with the invoice" time="0.145050345">
            <failure message="expected null to be 10n // Object.is equality" type="AssertionError">
AssertionError: expected null to be 10n // Object.is equality

- Expected: 
10n

+ Received: 
null

 ❯ src/pages/PurchaseInvoicesPage.test.tsx:852:23
            </failure>
        </testcase>
        <testcase classname="src/pages/PurchaseInvoicesPage.test.tsx" name="PurchaseInvoicesPage &gt; lets the user build an empty invoice manually and confirm it" time="0.275605714">
            <failure message="Cannot read properties of undefined (reading &apos;0&apos;)" type="TypeError">
TypeError: Cannot read properties of undefined (reading &apos;0&apos;)
 ❯ src/pages/PurchaseInvoicesPage.test.tsx:908:46
            </failure>
        </testcase>
        <testcase classname="src/pages/PurchaseInvoicesPage.test.tsx" name="PurchaseInvoicesPage &gt; lists processed invoices with status in the history tab" time="0.034468992">
        </testcase>
        <testcase classname="src/pages/PurchaseInvoicesPage.test.tsx" name="PurchaseInvoicesPage &gt; preloads the extracted header and line without the unreadable-PDF notice" time="0.02702569">
        </testcase>
        <testcase classname="src/pages/PurchaseInvoicesPage.test.tsx" name="PurchaseInvoicesPage &gt; sends the preloaded IVA, discount and total when saving the review" time="0.03331676">
            <failure message="expected null to be 10n // Object.is equality" type="AssertionError">
AssertionError: expected null to be 10n // Object.is equality

- Expected: 
10n

+ Received: 
null

 ❯ src/pages/PurchaseInvoicesPage.test.tsx:1069:23
            </failure>
        </testcase>
        <testcase classname="src/pages/PurchaseInvoicesPage.test.tsx" name="PurchaseInvoicesPage &gt; opens the manual review with a Spanish notice when the extraction is rejected" time="0.02163276">
        </testcase>
        <testcase classname="src/pages/PurchaseInvoicesPage.test.tsx" name="PurchaseInvoicesPage &gt; keeps the unreadable-PDF notice and the manual/photo recovery for a text-less PDF" time="0.022694152">
        </testcase>
    </testsuite>
    <testsuite name="src/pages/QuoteDetailPage.characterize.test.tsx" timestamp="2026-09-25T20:55:14.689Z" hostname="2a82af66d266" tests="5" failures="1" errors="0" skipped="0" time="2.559212762">
        <testcase classname="src/pages/QuoteDetailPage.characterize.test.tsx" name="QuoteDetailPage new-quote form (characterization) &gt; marks the clicked customer result as selected" time="0.454029784">
        </testcase>
        <testcase classname="src/pages/QuoteDetailPage.characterize.test.tsx" name="QuoteDetailPage new-quote form (characterization) &gt; blocks the save with a clear message when no customer is selected" time="0.060051229">
        </testcase>
        <testcase classname="src/pages/QuoteDetailPage.characterize.test.tsx" name="QuoteDetailPage new-quote form (characterization) &gt; reflects the added part and service lines in the live totals" time="0.721280769">
        </testcase>
        <testcase classname="src/pages/QuoteDetailPage.characterize.test.tsx" name="QuoteDetailPage new-quote form (characterization) &gt; applies the discount to the taxable base before IVA" time="0.419021895">
        </testcase>
        <testcase classname="src/pages/QuoteDetailPage.characterize.test.tsx" name="QuoteDetailPage new-quote form (characterization) &gt; sends the notes and discount in cents with the saved quote" time="0.903861514">
            <failure message="Cannot read properties of null (reading &apos;notes&apos;)" type="TypeError">
TypeError: Cannot read properties of null (reading &apos;notes&apos;)
 ❯ src/pages/QuoteDetailPage.characterize.test.tsx:378:18
            </failure>
        </testcase>
    </testsuite>
    <testsuite name="src/pages/QuoteDetailPage.new.test.tsx" timestamp="2026-09-25T20:55:14.690Z" hostname="2a82af66d266" tests="5" failures="2" errors="0" skipped="0" time="3.632520887">
        <testcase classname="src/pages/QuoteDetailPage.new.test.tsx" name="QuoteDetailPage new-quote pickers &gt; lists the customers the backend returns for the typed term" time="0.43242083">
        </testcase>
        <testcase classname="src/pages/QuoteDetailPage.new.test.tsx" name="QuoteDetailPage new-quote pickers &gt; drives the motorcycle list from the selected customer" time="1.392693758">
            <failure message="expected &quot;spy&quot; to be called with arguments: [ 1n ][90m

Received: 

[1m  1st spy call:

[22m[2m  [[22m
[31m+   null,[90m
[2m    1n,[22m
[2m  ][22m
[39m[90m

Number of calls: [1m1[22m
[39m

Ignored nodes: comments, script, style
[36m&lt;html&gt;[39m
  [36m&lt;head /&gt;[39m
  [36m&lt;body&gt;[39m
    [36m&lt;div&gt;[39m
      [36m&lt;div[39m
        [33mclass[39m=[32m&quot;mx-auto w-full max-w-5xl animate-fade-in space-y-5&quot;[39m
        [33mdata-ocid[39m=[32m&quot;quote_detail.page&quot;[39m
      [36m&gt;[39m
        [36m&lt;div[39m
          [33mclass[39m=[32m&quot;flex flex-wrap items-center justify-between gap-3 print:hidden&quot;[39m
        [36m&gt;[39m
          [36m&lt;a[39m
            [33mclass[39m=[32m&quot;inline-flex items-center justify-center whitespace-nowrap text-sm font-medium transition-all disabled:pointer-events-none disabled:opacity-50 [&amp;_svg]:pointer-events-none [&amp;_svg:not([class*=&apos;size-&apos;])]:size-4 shrink-0 [&amp;_svg]:shrink-0 outline-none focus-visible:border-ring focus-visible:ring-ring/50 focus-visible:ring-[3px] aria-invalid:ring-destructive/20 dark:aria-invalid:ring-destructive/40 aria-invalid:border-destructive hover:bg-accent hover:text-accent-foreground dark:hover:bg-accent/50 h-8 rounded-md px-3 has-[&gt;svg]:px-2.5 -ml-2 gap-1.5 text-muted-foreground&quot;[39m
            [33mdata-ocid[39m=[32m&quot;quote_detail.back_link&quot;[39m
            [33mdata-slot[39m=[32m&quot;button&quot;[39m
            [33mhref[39m=[32m&quot;/cotizaciones&quot;[39m
            [33mtype[39m=[32m&quot;button&quot;[39m
          [36m&gt;[39m
            [36m&lt;svg[39m
              [33maria-hidden[39m=[32m&quot;true&quot;[39m
              [33mclass[39m=[32m&quot;lucide lucide-arrow-left size-4&quot;[39m
              [33mfill[39m=[32m&quot;none&quot;[39m
              [33mheight[39m=[32m&quot;24&quot;[39m
              [33mstroke[39m=[32m&quot;currentColor&quot;[39m
              [33mstroke-linecap[39m=[32m&quot;round&quot;[39m
              [33mstroke-linejoin[39m=[32m&quot;round&quot;[39m
              [33mstroke-width[39m=[32m&quot;2&quot;[39m
              [33mviewBox[39m=[32m&quot;0 0 24 24&quot;[39m
              [33mwidth[39m=[32m&quot;24&quot;[39m
              [33mxmlns[39m=[32m&quot;http://www.w3.org/2000/svg&quot;[39m
            [36m&gt;[39m
              [36m&lt;path[39m
                [33md[39m=[32m&quot;m12 19-7-7 7-7&quot;[39m
              [36m/&gt;[39m
              [36m&lt;path[39m
                [33md[39m=[32m&quot;M19 12H5&quot;[39m
              [36m/&gt;[39m
            [36m&lt;/svg&gt;[39m
            [0mCotizaciones[0m
          [36m&lt;/a&gt;[39m
        [36m&lt;/div&gt;[39m
        [36m&lt;header[39m
          [33mclass[39m=[32m&quot;space-y-4&quot;[39m
        [36m&gt;[39m
          [36m&lt;div[39m
            [33mclass[39m=[32m&quot;flex flex-wrap items-start justify-between gap-3&quot;[39m
          [36m&gt;[39m
            [36m&lt;div[39m
              [33mclass[39m=[32m&quot;min-w-0 space-y-1&quot;[39m
            [36m&gt;[39m
              [36m&lt;p[39m
                [33mclass[39m=[32m&quot;font-mono text-[10px] uppercase tracking-[0.18em] text-muted-foreground&quot;[39m
              [36m&gt;[39m
                [0mVentas[0m
              [36m&lt;/p&gt;[39m
              [36m&lt;h1[39m
                [33mclass[39m=[32m&quot;font-display text-2xl font-semibold tracking-tight&quot;[39m
              [36m&gt;[39m
                [0mNueva cotización[0m
              [36m&lt;/h1&gt;[39m
              [36m&lt;p[39m
                [33mclass[39m=[32m&quot;max-w-2xl text-sm text-muted-foreground&quot;[39m
              [36m&gt;[39m
                [0mSelecciona cliente y moto, agrega repuestos y servicios, y revisa los totales en vivo.[0m
              [36m&lt;/p&gt;[39m
            [36m&lt;/div&gt;[39m
            [36m&lt;div[39m
              [33mclass[39m=[32m&quot;flex shrink-0 flex-wrap items-center gap-2&quot;[39m
            [36m&gt;[39m
              [36m&lt;div[39m
                [33mclass[39m=[32m&quot;flex flex-wrap items-center gap-2&quot;[39m
              [36m&gt;[39m
                [36m&lt;button[39m
                  [33mclass[39m=[32m&quot;inline-flex items-center justify-center whitespace-nowrap rounded-md text-sm font-medium transition-all disabled:pointer-events-none disabled:opacity-50 [&amp;_svg]:pointer-events-none [&amp;_svg:not([class*=&apos;size-&apos;])]:size-4 shrink-0 [&amp;_svg]:shrink-0 outline-none focus-visible:border-ring focus-visible:ring-ring/50 focus-visible:ring-[3px] aria-invalid:ring-destructive/20 dark:aria-invalid:ring-destructive/40 aria-invalid:border-destructive border bg-background shadow-xs hover:bg-accent hover:text-accent-foreground dark:bg-input/30 dark:border-input dark:hover:bg-input/50 h-9 px-4 py-2 has-[&gt;svg]:px-3 gap-2&quot;[39m
                  [33mdata-ocid[39m=[32m&quot;quote_detail.cancel_button&quot;[39m
                  [33mdata-slot[39m=[32m&quot;button&quot;[39m
                  [33mtype[39m=[32m&quot;button&quot;[39m
                [36m&gt;[39m
                  [36m&lt;svg[39m
                    [33maria-hidden[39m=[32m&quot;true&quot;[39m
                    [33mclass[39m=[32m&quot;lucide lucide-x size-4&quot;[39m
                    [33mfill[39m=[32m&quot;none&quot;[39m
                    [33mheight[39m=[32m&quot;24&quot;[39m
                    [33mstroke[39m=[32m&quot;currentColor&quot;[39m
                    [33mstroke-linecap[39m=[32m&quot;round&quot;[39m
                    [33mstroke-linejoin[39m=[32m&quot;round&quot;[39m
                    [33mstroke-width[39m=[32m&quot;2&quot;[39m
                    [33mviewBox[39m=[32m&quot;0 0 24 24&quot;[39m
                    [33mwidth[39m=[32m&quot;24&quot;[39m
                    [33mxmlns[39m=[32m&quot;http://www.w3.org/2000/svg&quot;[39m
                  [36m&gt;[39m
                    [36m&lt;path[39m
                      [33md[39m=[32m&quot;M18 6 6 18&quot;[39m
                    [36m/&gt;[39m
                    [36m&lt;path[39m
                      [33md[39m=[32m&quot;m6 6 12 12&quot;[39m
                    [36m/&gt;[39m
                  [36m&lt;/svg&gt;[39m
                  [0mCancelar[0m
                [36m&lt;/button&gt;[39m
                [36m&lt;button[39m
                  [33mclass[39m=[32m&quot;inline-flex items-center justify-center whitespace-nowrap rounded-md text-sm font-medium transition-all disabled:pointer-events-none disabled:opacity-50 [&amp;_svg]:pointer-events-none [&amp;_svg:not([class*=&apos;size-&apos;])]:size-4 shrink-0 [&amp;_svg]:shrink-0 outline-none focus-visible:border-ring focus-visible:ring-ring/50 focus-visible:ring-[3px] aria-invalid:ring-destructive/20 dark:aria-invalid:ring-destructive/40 aria-invalid:border-destructive bg-primary text-primary-foreground shadow-xs hover:bg-primary/90 h-9 px-4 py-2 has-[&gt;svg]:px-3 gap-2&quot;[39m
                  [33mdata-ocid[39m=[32m&quot;quote_detail.save_button&quot;[39m
                  [33mdata-slot[39m=[32m&quot;button&quot;[39m
                  [33mtype[39m=[32m&quot;button&quot;[39m
                [36m&gt;[39m
                  [36m&lt;svg[39m
                    [33maria-hidden[39m=[32m&quot;true&quot;[39m
                    [33mclass[39m=[32m&quot;lucide lucide-save size-4&quot;[39m
                    [33mfill[39m=[32m&quot;none&quot;[39m
                    [33mheight[39m=[32m&quot;24&quot;[39m
                    [33mstroke[39m=[32m&quot;currentColor&quot;[39m
                    [33mstroke-linecap[39m=[32m&quot;round&quot;[39m
                    [33mstroke-linejoin[39m=[32m&quot;round&quot;[39m
                    [33mstroke-width[39m=[32m&quot;2&quot;[39m
                    [33mviewBox..." type="AssertionError">
AssertionError: expected &quot;spy&quot; to be called with arguments: [ 1n ]

Received: 

  1st spy call:

  [
+   null,
    1n,
  ]


Number of calls: 1


Ignored nodes: comments, script, style
&lt;html&gt;
  &lt;head /&gt;
  &lt;body&gt;
    &lt;div&gt;
      &lt;div
        class=&quot;mx-auto w-full max-w-5xl animate-fade-in space-y-5&quot;
        data-ocid=&quot;quote_detail.page&quot;
      &gt;
        &lt;div
          class=&quot;flex flex-wrap items-center justify-between gap-3 print:hidden&quot;
        &gt;
          &lt;a
            class=&quot;inline-flex items-center justify-center whitespace-nowrap text-sm font-medium transition-all disabled:pointer-events-none disabled:opacity-50 [&amp;_svg]:pointer-events-none [&amp;_svg:not([class*=&apos;size-&apos;])]:size-4 shrink-0 [&amp;_svg]:shrink-0 outline-none focus-visible:border-ring focus-visible:ring-ring/50 focus-visible:ring-[3px] aria-invalid:ring-destructive/20 dark:aria-invalid:ring-destructive/40 aria-invalid:border-destructive hover:bg-accent hover:text-accent-foreground dark:hover:bg-accent/50 h-8 rounded-md px-3 has-[&gt;svg]:px-2.5 -ml-2 gap-1.5 text-muted-foreground&quot;
            data-ocid=&quot;quote_detail.back_link&quot;
            data-slot=&quot;button&quot;
            href=&quot;/cotizaciones&quot;
            type=&quot;button&quot;
          &gt;
            &lt;svg
              aria-hidden=&quot;true&quot;
              class=&quot;lucide lucide-arrow-left size-4&quot;
              fill=&quot;none&quot;
              height=&quot;24&quot;
              stroke=&quot;currentColor&quot;
              stroke-linecap=&quot;round&quot;
              stroke-linejoin=&quot;round&quot;
              stroke-width=&quot;2&quot;
              viewBox=&quot;0 0 24 24&quot;
              width=&quot;24&quot;
              xmlns=&quot;http://www.w3.org/2000/svg&quot;
            &gt;
              &lt;path
                d=&quot;m12 19-7-7 7-7&quot;
              /&gt;
              &lt;path
                d=&quot;M19 12H5&quot;
              /&gt;
            &lt;/svg&gt;
            Cotizaciones
          &lt;/a&gt;
        &lt;/div&gt;
        &lt;header
          class=&quot;space-y-4&quot;
        &gt;
          &lt;div
            class=&quot;flex flex-wrap items-start justify-between gap-3&quot;
          &gt;
            &lt;div
              class=&quot;min-w-0 space-y-1&quot;
            &gt;
              &lt;p
                class=&quot;font-mono text-[10px] uppercase tracking-[0.18em] text-muted-foreground&quot;
              &gt;
                Ventas
              &lt;/p&gt;
              &lt;h1
                class=&quot;font-display text-2xl font-semibold tracking-tight&quot;
              &gt;
                Nueva cotización
              &lt;/h1&gt;
              &lt;p
                class=&quot;max-w-2xl text-sm text-muted-foreground&quot;
              &gt;
                Selecciona cliente y moto, agrega repuestos y servicios, y revisa los totales en vivo.
              &lt;/p&gt;
            &lt;/div&gt;
            &lt;div
              class=&quot;flex shrink-0 flex-wrap items-center gap-2&quot;
            &gt;
              &lt;div
                class=&quot;flex flex-wrap items-center gap-2&quot;
              &gt;
                &lt;button
                  class=&quot;inline-flex items-center justify-center whitespace-nowrap rounded-md text-sm font-medium transition-all disabled:pointer-events-none disabled:opacity-50 [&amp;_svg]:pointer-events-none [&amp;_svg:not([class*=&apos;size-&apos;])]:size-4 shrink-0 [&amp;_svg]:shrink-0 outline-none focus-visible:border-ring focus-visible:ring-ring/50 focus-visible:ring-[3px] aria-invalid:ring-destructive/20 dark:aria-invalid:ring-destructive/40 aria-invalid:border-destructive border bg-background shadow-xs hover:bg-accent hover:text-accent-foreground dark:bg-input/30 dark:border-input dark:hover:bg-input/50 h-9 px-4 py-2 has-[&gt;svg]:px-3 gap-2&quot;
                  data-ocid=&quot;quote_detail.cancel_button&quot;
                  data-slot=&quot;button&quot;
                  type=&quot;button&quot;
                &gt;
                  &lt;svg
                    aria-hidden=&quot;true&quot;
                    class=&quot;lucide lucide-x size-4&quot;
                    fill=&quot;none&quot;
                    height=&quot;24&quot;
                    stroke=&quot;currentColor&quot;
                    stroke-linecap=&quot;round&quot;
                    stroke-linejoin=&quot;round&quot;
                    stroke-width=&quot;2&quot;
                    viewBox=&quot;0 0 24 24&quot;
                    width=&quot;24&quot;
                    xmlns=&quot;http://www.w3.org/2000/svg&quot;
                  &gt;
                    &lt;path
                      d=&quot;M18 6 6 18&quot;
                    /&gt;
                    &lt;path
                      d=&quot;m6 6 12 12&quot;
                    /&gt;
                  &lt;/svg&gt;
                  Cancelar
                &lt;/button&gt;
                &lt;button
                  class=&quot;inline-flex items-center justify-center whitespace-nowrap rounded-md text-sm font-medium transition-all disabled:pointer-events-none disabled:opacity-50 [&amp;_svg]:pointer-events-none [&amp;_svg:not([class*=&apos;size-&apos;])]:size-4 shrink-0 [&amp;_svg]:shrink-0 outline-none focus-visible:border-ring focus-visible:ring-ring/50 focus-visible:ring-[3px] aria-invalid:ring-destructive/20 dark:aria-invalid:ring-destructive/40 aria-invalid:border-destructive bg-primary text-primary-foreground shadow-xs hover:bg-primary/90 h-9 px-4 py-2 has-[&gt;svg]:px-3 gap-2&quot;
                  data-ocid=&quot;quote_detail.save_button&quot;
                  data-slot=&quot;button&quot;
                  type=&quot;button&quot;
                &gt;
                  &lt;svg
                    aria-hidden=&quot;true&quot;
                    class=&quot;lucide lucide-save size-4&quot;
                    fill=&quot;none&quot;
                    height=&quot;24&quot;
                    stroke=&quot;currentColor&quot;
                    stroke-linecap=&quot;round&quot;
                    stroke-linejoin=&quot;round&quot;
                    stroke-width=&quot;2&quot;
                    viewBox...
 ❯ src/pages/QuoteDetailPage.new.test.tsx:228:53
 ❯ runWithExpensiveErrorDiagnosticsDisabled ../../../../../../opt/pnpm-templates/build_template/node_modules/.pnpm/@testing-library+dom@10.4.2/node_modules/@testing-library/dom/dist/config.js:47:12
 ❯ checkCallback ../../../../../../opt/pnpm-templates/build_template/node_modules/.pnpm/@testing-library+dom@10.4.2/node_modules/@testing-library/dom/dist/wait-for.js:124:77
 ❯ Timeout.checkRealTimersCallback ../../../../../../opt/pnpm-templates/build_template/node_modules/.pnpm/@testing-library+dom@10.4.2/node_modules/@testing-library/dom/dist/wait-for.js:118:16
            </failure>
        </testcase>
        <testcase classname="src/pages/QuoteDetailPage.new.test.tsx" name="QuoteDetailPage new-quote pickers &gt; autocompletes a part line&apos;s price from the catalog" time="0.379788769">
        </testcase>
        <testcase classname="src/pages/QuoteDetailPage.new.test.tsx" name="QuoteDetailPage new-quote pickers &gt; autocompletes a service line&apos;s rate from the catalog" time="0.373592219">
        </testcase>
        <testcase classname="src/pages/QuoteDetailPage.new.test.tsx" name="QuoteDetailPage new-quote pickers &gt; saves a quote with the selected customer, part and service" time="1.053028641">
            <failure message="Cannot read properties of null (reading &apos;customerId&apos;)" type="TypeError">
TypeError: Cannot read properties of null (reading &apos;customerId&apos;)
 ❯ src/pages/QuoteDetailPage.new.test.tsx:366:18
            </failure>
        </testcase>
    </testsuite>
    <testsuite name="src/pages/QuoteDetailPage.picker-results.test.tsx" timestamp="2026-09-25T20:55:14.693Z" hostname="2a82af66d266" tests="8" failures="2" errors="0" skipped="0" time="3.825786909">
        <testcase classname="src/pages/QuoteDetailPage.picker-results.test.tsx" name="QuoteDetailPage picker result semantics &gt; lists every customer the backend returns for the term" time="0.415547777">
        </testcase>
        <testcase classname="src/pages/QuoteDetailPage.picker-results.test.tsx" name="QuoteDetailPage picker result semantics &gt; shows the no-matches message when no customer matches the term" time="0.349547861">
        </testcase>
        <testcase classname="src/pages/QuoteDetailPage.picker-results.test.tsx" name="QuoteDetailPage picker result semantics &gt; lists every part the backend returns for the term" time="0.328283178">
        </testcase>
        <testcase classname="src/pages/QuoteDetailPage.picker-results.test.tsx" name="QuoteDetailPage picker result semantics &gt; shows the no-matches message when no part matches the term" time="0.305272578">
        </testcase>
        <testcase classname="src/pages/QuoteDetailPage.picker-results.test.tsx" name="QuoteDetailPage picker result semantics &gt; shows the no-matches message when no service matches the term" time="0.298179128">
        </testcase>
        <testcase classname="src/pages/QuoteDetailPage.picker-results.test.tsx" name="QuoteDetailPage picker result semantics &gt; shows the write-a-term prompt before anything is typed" time="0.017891744">
        </testcase>
        <testcase classname="src/pages/QuoteDetailPage.picker-results.test.tsx" name="QuoteDetailPage picker result semantics &gt; forwards the part term with the name sort the picker relies on" time="1.058247023">
            <failure message="expected last &quot;spy&quot; call to have been called with [ { search: &apos;balata&apos; }, &apos;name&apos;, …(2) ]

Ignored nodes: comments, script, style
[36m&lt;html&gt;[39m
  [36m&lt;head /&gt;[39m
  [36m&lt;body&gt;[39m
    [36m&lt;div&gt;[39m
      [36m&lt;div[39m
        [33mclass[39m=[32m&quot;mx-auto w-full max-w-5xl animate-fade-in space-y-5&quot;[39m
        [33mdata-ocid[39m=[32m&quot;quote_detail.page&quot;[39m
      [36m&gt;[39m
        [36m&lt;div[39m
          [33mclass[39m=[32m&quot;flex flex-wrap items-center justify-between gap-3 print:hidden&quot;[39m
        [36m&gt;[39m
          [36m&lt;a[39m
            [33mclass[39m=[32m&quot;inline-flex items-center justify-center whitespace-nowrap text-sm font-medium transition-all disabled:pointer-events-none disabled:opacity-50 [&amp;_svg]:pointer-events-none [&amp;_svg:not([class*=&apos;size-&apos;])]:size-4 shrink-0 [&amp;_svg]:shrink-0 outline-none focus-visible:border-ring focus-visible:ring-ring/50 focus-visible:ring-[3px] aria-invalid:ring-destructive/20 dark:aria-invalid:ring-destructive/40 aria-invalid:border-destructive hover:bg-accent hover:text-accent-foreground dark:hover:bg-accent/50 h-8 rounded-md px-3 has-[&gt;svg]:px-2.5 -ml-2 gap-1.5 text-muted-foreground&quot;[39m
            [33mdata-ocid[39m=[32m&quot;quote_detail.back_link&quot;[39m
            [33mdata-slot[39m=[32m&quot;button&quot;[39m
            [33mhref[39m=[32m&quot;/cotizaciones&quot;[39m
            [33mtype[39m=[32m&quot;button&quot;[39m
          [36m&gt;[39m
            [36m&lt;svg[39m
              [33maria-hidden[39m=[32m&quot;true&quot;[39m
              [33mclass[39m=[32m&quot;lucide lucide-arrow-left size-4&quot;[39m
              [33mfill[39m=[32m&quot;none&quot;[39m
              [33mheight[39m=[32m&quot;24&quot;[39m
              [33mstroke[39m=[32m&quot;currentColor&quot;[39m
              [33mstroke-linecap[39m=[32m&quot;round&quot;[39m
              [33mstroke-linejoin[39m=[32m&quot;round&quot;[39m
              [33mstroke-width[39m=[32m&quot;2&quot;[39m
              [33mviewBox[39m=[32m&quot;0 0 24 24&quot;[39m
              [33mwidth[39m=[32m&quot;24&quot;[39m
              [33mxmlns[39m=[32m&quot;http://www.w3.org/2000/svg&quot;[39m
            [36m&gt;[39m
              [36m&lt;path[39m
                [33md[39m=[32m&quot;m12 19-7-7 7-7&quot;[39m
              [36m/&gt;[39m
              [36m&lt;path[39m
                [33md[39m=[32m&quot;M19 12H5&quot;[39m
              [36m/&gt;[39m
            [36m&lt;/svg&gt;[39m
            [0mCotizaciones[0m
          [36m&lt;/a&gt;[39m
        [36m&lt;/div&gt;[39m
        [36m&lt;header[39m
          [33mclass[39m=[32m&quot;space-y-4&quot;[39m
        [36m&gt;[39m
          [36m&lt;div[39m
            [33mclass[39m=[32m&quot;flex flex-wrap items-start justify-between gap-3&quot;[39m
          [36m&gt;[39m
            [36m&lt;div[39m
              [33mclass[39m=[32m&quot;min-w-0 space-y-1&quot;[39m
            [36m&gt;[39m
              [36m&lt;p[39m
                [33mclass[39m=[32m&quot;font-mono text-[10px] uppercase tracking-[0.18em] text-muted-foreground&quot;[39m
              [36m&gt;[39m
                [0mVentas[0m
              [36m&lt;/p&gt;[39m
              [36m&lt;h1[39m
                [33mclass[39m=[32m&quot;font-display text-2xl font-semibold tracking-tight&quot;[39m
              [36m&gt;[39m
                [0mNueva cotización[0m
              [36m&lt;/h1&gt;[39m
              [36m&lt;p[39m
                [33mclass[39m=[32m&quot;max-w-2xl text-sm text-muted-foreground&quot;[39m
              [36m&gt;[39m
                [0mSelecciona cliente y moto, agrega repuestos y servicios, y revisa los totales en vivo.[0m
              [36m&lt;/p&gt;[39m
            [36m&lt;/div&gt;[39m
            [36m&lt;div[39m
              [33mclass[39m=[32m&quot;flex shrink-0 flex-wrap items-center gap-2&quot;[39m
            [36m&gt;[39m
              [36m&lt;div[39m
                [33mclass[39m=[32m&quot;flex flex-wrap items-center gap-2&quot;[39m
              [36m&gt;[39m
                [36m&lt;button[39m
                  [33mclass[39m=[32m&quot;inline-flex items-center justify-center whitespace-nowrap rounded-md text-sm font-medium transition-all disabled:pointer-events-none disabled:opacity-50 [&amp;_svg]:pointer-events-none [&amp;_svg:not([class*=&apos;size-&apos;])]:size-4 shrink-0 [&amp;_svg]:shrink-0 outline-none focus-visible:border-ring focus-visible:ring-ring/50 focus-visible:ring-[3px] aria-invalid:ring-destructive/20 dark:aria-invalid:ring-destructive/40 aria-invalid:border-destructive border bg-background shadow-xs hover:bg-accent hover:text-accent-foreground dark:bg-input/30 dark:border-input dark:hover:bg-input/50 h-9 px-4 py-2 has-[&gt;svg]:px-3 gap-2&quot;[39m
                  [33mdata-ocid[39m=[32m&quot;quote_detail.cancel_button&quot;[39m
                  [33mdata-slot[39m=[32m&quot;button&quot;[39m
                  [33mtype[39m=[32m&quot;button&quot;[39m
                [36m&gt;[39m
                  [36m&lt;svg[39m
                    [33maria-hidden[39m=[32m&quot;true&quot;[39m
                    [33mclass[39m=[32m&quot;lucide lucide-x size-4&quot;[39m
                    [33mfill[39m=[32m&quot;none&quot;[39m
                    [33mheight[39m=[32m&quot;24&quot;[39m
                    [33mstroke[39m=[32m&quot;currentColor&quot;[39m
                    [33mstroke-linecap[39m=[32m&quot;round&quot;[39m
                    [33mstroke-linejoin[39m=[32m&quot;round&quot;[39m
                    [33mstroke-width[39m=[32m&quot;2&quot;[39m
                    [33mviewBox[39m=[32m&quot;0 0 24 24&quot;[39m
                    [33mwidth[39m=[32m&quot;24&quot;[39m
                    [33mxmlns[39m=[32m&quot;http://www.w3.org/2000/svg&quot;[39m
                  [36m&gt;[39m
                    [36m&lt;path[39m
                      [33md[39m=[32m&quot;M18 6 6 18&quot;[39m
                    [36m/&gt;[39m
                    [36m&lt;path[39m
                      [33md[39m=[32m&quot;m6 6 12 12&quot;[39m
                    [36m/&gt;[39m
                  [36m&lt;/svg&gt;[39m
                  [0mCancelar[0m
                [36m&lt;/button&gt;[39m
                [36m&lt;button[39m
                  [33mclass[39m=[32m&quot;inline-flex items-center justify-center whitespace-nowrap rounded-md text-sm font-medium transition-all disabled:pointer-events-none disabled:opacity-50 [&amp;_svg]:pointer-events-none [&amp;_svg:not([class*=&apos;size-&apos;])]:size-4 shrink-0 [&amp;_svg]:shrink-0 outline-none focus-visible:border-ring focus-visible:ring-ring/50 focus-visible:ring-[3px] aria-invalid:ring-destructive/20 dark:aria-invalid:ring-destructive/40 aria-invalid:border-destructive bg-primary text-primary-foreground shadow-xs hover:bg-primary/90 h-9 px-4 py-2 has-[&gt;svg]:px-3 gap-2&quot;[39m
                  [33mdata-ocid[39m=[32m&quot;quote_detail.save_button&quot;[39m
                  [33mdata-slot[39m=[32m&quot;button&quot;[39m
                  [33mtype[39m=[32m&quot;button&quot;[39m
                [36m&gt;[39m
                  [36m&lt;svg[39m
                    [33maria-hidden[39m=[32m&quot;true&quot;[39m
                    [33mclass[39m=[32m&quot;lucide lucide-save size-4&quot;[39m
                    [33mfill[39m=[32m&quot;none&quot;[39m
                    [33mheight[39m=[32m&quot;24&quot;[39m
                    [33mstroke[39m=[32m&quot;currentColor&quot;[39m
                    [33mstroke-linecap[39m=[32m&quot;round&quot;[39m
                    [33mstroke-linejoin[39m=[32m&quot;round&quot;[39m
                    [33mstroke-width[39m=[32m&quot;2&quot;[39m
                    [33mviewBox..." type="AssertionError">
AssertionError: expected last &quot;spy&quot; call to have been called with [ { search: &apos;balata&apos; }, &apos;name&apos;, …(2) ]

Ignored nodes: comments, script, style
&lt;html&gt;
  &lt;head /&gt;
  &lt;body&gt;
    &lt;div&gt;
      &lt;div
        class=&quot;mx-auto w-full max-w-5xl animate-fade-in space-y-5&quot;
        data-ocid=&quot;quote_detail.page&quot;
      &gt;
        &lt;div
          class=&quot;flex flex-wrap items-center justify-between gap-3 print:hidden&quot;
        &gt;
          &lt;a
            class=&quot;inline-flex items-center justify-center whitespace-nowrap text-sm font-medium transition-all disabled:pointer-events-none disabled:opacity-50 [&amp;_svg]:pointer-events-none [&amp;_svg:not([class*=&apos;size-&apos;])]:size-4 shrink-0 [&amp;_svg]:shrink-0 outline-none focus-visible:border-ring focus-visible:ring-ring/50 focus-visible:ring-[3px] aria-invalid:ring-destructive/20 dark:aria-invalid:ring-destructive/40 aria-invalid:border-destructive hover:bg-accent hover:text-accent-foreground dark:hover:bg-accent/50 h-8 rounded-md px-3 has-[&gt;svg]:px-2.5 -ml-2 gap-1.5 text-muted-foreground&quot;
            data-ocid=&quot;quote_detail.back_link&quot;
            data-slot=&quot;button&quot;
            href=&quot;/cotizaciones&quot;
            type=&quot;button&quot;
          &gt;
            &lt;svg
              aria-hidden=&quot;true&quot;
              class=&quot;lucide lucide-arrow-left size-4&quot;
              fill=&quot;none&quot;
              height=&quot;24&quot;
              stroke=&quot;currentColor&quot;
              stroke-linecap=&quot;round&quot;
              stroke-linejoin=&quot;round&quot;
              stroke-width=&quot;2&quot;
              viewBox=&quot;0 0 24 24&quot;
              width=&quot;24&quot;
              xmlns=&quot;http://www.w3.org/2000/svg&quot;
            &gt;
              &lt;path
                d=&quot;m12 19-7-7 7-7&quot;
              /&gt;
              &lt;path
                d=&quot;M19 12H5&quot;
              /&gt;
            &lt;/svg&gt;
            Cotizaciones
          &lt;/a&gt;
        &lt;/div&gt;
        &lt;header
          class=&quot;space-y-4&quot;
        &gt;
          &lt;div
            class=&quot;flex flex-wrap items-start justify-between gap-3&quot;
          &gt;
            &lt;div
              class=&quot;min-w-0 space-y-1&quot;
            &gt;
              &lt;p
                class=&quot;font-mono text-[10px] uppercase tracking-[0.18em] text-muted-foreground&quot;
              &gt;
                Ventas
              &lt;/p&gt;
              &lt;h1
                class=&quot;font-display text-2xl font-semibold tracking-tight&quot;
              &gt;
                Nueva cotización
              &lt;/h1&gt;
              &lt;p
                class=&quot;max-w-2xl text-sm text-muted-foreground&quot;
              &gt;
                Selecciona cliente y moto, agrega repuestos y servicios, y revisa los totales en vivo.
              &lt;/p&gt;
            &lt;/div&gt;
            &lt;div
              class=&quot;flex shrink-0 flex-wrap items-center gap-2&quot;
            &gt;
              &lt;div
                class=&quot;flex flex-wrap items-center gap-2&quot;
              &gt;
                &lt;button
                  class=&quot;inline-flex items-center justify-center whitespace-nowrap rounded-md text-sm font-medium transition-all disabled:pointer-events-none disabled:opacity-50 [&amp;_svg]:pointer-events-none [&amp;_svg:not([class*=&apos;size-&apos;])]:size-4 shrink-0 [&amp;_svg]:shrink-0 outline-none focus-visible:border-ring focus-visible:ring-ring/50 focus-visible:ring-[3px] aria-invalid:ring-destructive/20 dark:aria-invalid:ring-destructive/40 aria-invalid:border-destructive border bg-background shadow-xs hover:bg-accent hover:text-accent-foreground dark:bg-input/30 dark:border-input dark:hover:bg-input/50 h-9 px-4 py-2 has-[&gt;svg]:px-3 gap-2&quot;
                  data-ocid=&quot;quote_detail.cancel_button&quot;
                  data-slot=&quot;button&quot;
                  type=&quot;button&quot;
                &gt;
                  &lt;svg
                    aria-hidden=&quot;true&quot;
                    class=&quot;lucide lucide-x size-4&quot;
                    fill=&quot;none&quot;
                    height=&quot;24&quot;
                    stroke=&quot;currentColor&quot;
                    stroke-linecap=&quot;round&quot;
                    stroke-linejoin=&quot;round&quot;
                    stroke-width=&quot;2&quot;
                    viewBox=&quot;0 0 24 24&quot;
                    width=&quot;24&quot;
                    xmlns=&quot;http://www.w3.org/2000/svg&quot;
                  &gt;
                    &lt;path
                      d=&quot;M18 6 6 18&quot;
                    /&gt;
                    &lt;path
                      d=&quot;m6 6 12 12&quot;
                    /&gt;
                  &lt;/svg&gt;
                  Cancelar
                &lt;/button&gt;
                &lt;button
                  class=&quot;inline-flex items-center justify-center whitespace-nowrap rounded-md text-sm font-medium transition-all disabled:pointer-events-none disabled:opacity-50 [&amp;_svg]:pointer-events-none [&amp;_svg:not([class*=&apos;size-&apos;])]:size-4 shrink-0 [&amp;_svg]:shrink-0 outline-none focus-visible:border-ring focus-visible:ring-ring/50 focus-visible:ring-[3px] aria-invalid:ring-destructive/20 dark:aria-invalid:ring-destructive/40 aria-invalid:border-destructive bg-primary text-primary-foreground shadow-xs hover:bg-primary/90 h-9 px-4 py-2 has-[&gt;svg]:px-3 gap-2&quot;
                  data-ocid=&quot;quote_detail.save_button&quot;
                  data-slot=&quot;button&quot;
                  type=&quot;button&quot;
                &gt;
                  &lt;svg
                    aria-hidden=&quot;true&quot;
                    class=&quot;lucide lucide-save size-4&quot;
                    fill=&quot;none&quot;
                    height=&quot;24&quot;
                    stroke=&quot;currentColor&quot;
                    stroke-linecap=&quot;round&quot;
                    stroke-linejoin=&quot;round&quot;
                    stroke-width=&quot;2&quot;
                    viewBox...

- Expected
+ Received

  [
+   null,
    {
      &quot;search&quot;: &quot;balata&quot;,
    },
-   &quot;name&quot;,
    Anything,
    Anything,
+   50n,
  ]

 ❯ src/pages/QuoteDetailPage.picker-results.test.tsx:321:29
 ❯ runWithExpensiveErrorDiagnosticsDisabled ../../../../../../opt/pnpm-templates/build_template/node_modules/.pnpm/@testing-library+dom@10.4.2/node_modules/@testing-library/dom/dist/config.js:47:12
 ❯ checkCallback ../../../../../../opt/pnpm-templates/build_template/node_modules/.pnpm/@testing-library+dom@10.4.2/node_modules/@testing-library/dom/dist/wait-for.js:124:77
 ❯ Timeout.checkRealTimersCallback ../../../../../../opt/pnpm-templates/build_template/node_modules/.pnpm/@testing-library+dom@10.4.2/node_modules/@testing-library/dom/dist/wait-for.js:118:16
            </failure>
        </testcase>
        <testcase classname="src/pages/QuoteDetailPage.picker-results.test.tsx" name="QuoteDetailPage picker result semantics &gt; forwards the service term with the active-only filter the picker relies on" time="1.051792728">
            <failure message="expected last &quot;spy&quot; call to have been called with [ ObjectContaining{…}, &apos;name&apos;, …(2) ]

Ignored nodes: comments, script, style
[36m&lt;html&gt;[39m
  [36m&lt;head /&gt;[39m
  [36m&lt;body&gt;[39m
    [36m&lt;div&gt;[39m
      [36m&lt;div[39m
        [33mclass[39m=[32m&quot;mx-auto w-full max-w-5xl animate-fade-in space-y-5&quot;[39m
        [33mdata-ocid[39m=[32m&quot;quote_detail.page&quot;[39m
      [36m&gt;[39m
        [36m&lt;div[39m
          [33mclass[39m=[32m&quot;flex flex-wrap items-center justify-between gap-3 print:hidden&quot;[39m
        [36m&gt;[39m
          [36m&lt;a[39m
            [33mclass[39m=[32m&quot;inline-flex items-center justify-center whitespace-nowrap text-sm font-medium transition-all disabled:pointer-events-none disabled:opacity-50 [&amp;_svg]:pointer-events-none [&amp;_svg:not([class*=&apos;size-&apos;])]:size-4 shrink-0 [&amp;_svg]:shrink-0 outline-none focus-visible:border-ring focus-visible:ring-ring/50 focus-visible:ring-[3px] aria-invalid:ring-destructive/20 dark:aria-invalid:ring-destructive/40 aria-invalid:border-destructive hover:bg-accent hover:text-accent-foreground dark:hover:bg-accent/50 h-8 rounded-md px-3 has-[&gt;svg]:px-2.5 -ml-2 gap-1.5 text-muted-foreground&quot;[39m
            [33mdata-ocid[39m=[32m&quot;quote_detail.back_link&quot;[39m
            [33mdata-slot[39m=[32m&quot;button&quot;[39m
            [33mhref[39m=[32m&quot;/cotizaciones&quot;[39m
            [33mtype[39m=[32m&quot;button&quot;[39m
          [36m&gt;[39m
            [36m&lt;svg[39m
              [33maria-hidden[39m=[32m&quot;true&quot;[39m
              [33mclass[39m=[32m&quot;lucide lucide-arrow-left size-4&quot;[39m
              [33mfill[39m=[32m&quot;none&quot;[39m
              [33mheight[39m=[32m&quot;24&quot;[39m
              [33mstroke[39m=[32m&quot;currentColor&quot;[39m
              [33mstroke-linecap[39m=[32m&quot;round&quot;[39m
              [33mstroke-linejoin[39m=[32m&quot;round&quot;[39m
              [33mstroke-width[39m=[32m&quot;2&quot;[39m
              [33mviewBox[39m=[32m&quot;0 0 24 24&quot;[39m
              [33mwidth[39m=[32m&quot;24&quot;[39m
              [33mxmlns[39m=[32m&quot;http://www.w3.org/2000/svg&quot;[39m
            [36m&gt;[39m
              [36m&lt;path[39m
                [33md[39m=[32m&quot;m12 19-7-7 7-7&quot;[39m
              [36m/&gt;[39m
              [36m&lt;path[39m
                [33md[39m=[32m&quot;M19 12H5&quot;[39m
              [36m/&gt;[39m
            [36m&lt;/svg&gt;[39m
            [0mCotizaciones[0m
          [36m&lt;/a&gt;[39m
        [36m&lt;/div&gt;[39m
        [36m&lt;header[39m
          [33mclass[39m=[32m&quot;space-y-4&quot;[39m
        [36m&gt;[39m
          [36m&lt;div[39m
            [33mclass[39m=[32m&quot;flex flex-wrap items-start justify-between gap-3&quot;[39m
          [36m&gt;[39m
            [36m&lt;div[39m
              [33mclass[39m=[32m&quot;min-w-0 space-y-1&quot;[39m
            [36m&gt;[39m
              [36m&lt;p[39m
                [33mclass[39m=[32m&quot;font-mono text-[10px] uppercase tracking-[0.18em] text-muted-foreground&quot;[39m
              [36m&gt;[39m
                [0mVentas[0m
              [36m&lt;/p&gt;[39m
              [36m&lt;h1[39m
                [33mclass[39m=[32m&quot;font-display text-2xl font-semibold tracking-tight&quot;[39m
              [36m&gt;[39m
                [0mNueva cotización[0m
              [36m&lt;/h1&gt;[39m
              [36m&lt;p[39m
                [33mclass[39m=[32m&quot;max-w-2xl text-sm text-muted-foreground&quot;[39m
              [36m&gt;[39m
                [0mSelecciona cliente y moto, agrega repuestos y servicios, y revisa los totales en vivo.[0m
              [36m&lt;/p&gt;[39m
            [36m&lt;/div&gt;[39m
            [36m&lt;div[39m
              [33mclass[39m=[32m&quot;flex shrink-0 flex-wrap items-center gap-2&quot;[39m
            [36m&gt;[39m
              [36m&lt;div[39m
                [33mclass[39m=[32m&quot;flex flex-wrap items-center gap-2&quot;[39m
              [36m&gt;[39m
                [36m&lt;button[39m
                  [33mclass[39m=[32m&quot;inline-flex items-center justify-center whitespace-nowrap rounded-md text-sm font-medium transition-all disabled:pointer-events-none disabled:opacity-50 [&amp;_svg]:pointer-events-none [&amp;_svg:not([class*=&apos;size-&apos;])]:size-4 shrink-0 [&amp;_svg]:shrink-0 outline-none focus-visible:border-ring focus-visible:ring-ring/50 focus-visible:ring-[3px] aria-invalid:ring-destructive/20 dark:aria-invalid:ring-destructive/40 aria-invalid:border-destructive border bg-background shadow-xs hover:bg-accent hover:text-accent-foreground dark:bg-input/30 dark:border-input dark:hover:bg-input/50 h-9 px-4 py-2 has-[&gt;svg]:px-3 gap-2&quot;[39m
                  [33mdata-ocid[39m=[32m&quot;quote_detail.cancel_button&quot;[39m
                  [33mdata-slot[39m=[32m&quot;button&quot;[39m
                  [33mtype[39m=[32m&quot;button&quot;[39m
                [36m&gt;[39m
                  [36m&lt;svg[39m
                    [33maria-hidden[39m=[32m&quot;true&quot;[39m
                    [33mclass[39m=[32m&quot;lucide lucide-x size-4&quot;[39m
                    [33mfill[39m=[32m&quot;none&quot;[39m
                    [33mheight[39m=[32m&quot;24&quot;[39m
                    [33mstroke[39m=[32m&quot;currentColor&quot;[39m
                    [33mstroke-linecap[39m=[32m&quot;round&quot;[39m
                    [33mstroke-linejoin[39m=[32m&quot;round&quot;[39m
                    [33mstroke-width[39m=[32m&quot;2&quot;[39m
                    [33mviewBox[39m=[32m&quot;0 0 24 24&quot;[39m
                    [33mwidth[39m=[32m&quot;24&quot;[39m
                    [33mxmlns[39m=[32m&quot;http://www.w3.org/2000/svg&quot;[39m
                  [36m&gt;[39m
                    [36m&lt;path[39m
                      [33md[39m=[32m&quot;M18 6 6 18&quot;[39m
                    [36m/&gt;[39m
                    [36m&lt;path[39m
                      [33md[39m=[32m&quot;m6 6 12 12&quot;[39m
                    [36m/&gt;[39m
                  [36m&lt;/svg&gt;[39m
                  [0mCancelar[0m
                [36m&lt;/button&gt;[39m
                [36m&lt;button[39m
                  [33mclass[39m=[32m&quot;inline-flex items-center justify-center whitespace-nowrap rounded-md text-sm font-medium transition-all disabled:pointer-events-none disabled:opacity-50 [&amp;_svg]:pointer-events-none [&amp;_svg:not([class*=&apos;size-&apos;])]:size-4 shrink-0 [&amp;_svg]:shrink-0 outline-none focus-visible:border-ring focus-visible:ring-ring/50 focus-visible:ring-[3px] aria-invalid:ring-destructive/20 dark:aria-invalid:ring-destructive/40 aria-invalid:border-destructive bg-primary text-primary-foreground shadow-xs hover:bg-primary/90 h-9 px-4 py-2 has-[&gt;svg]:px-3 gap-2&quot;[39m
                  [33mdata-ocid[39m=[32m&quot;quote_detail.save_button&quot;[39m
                  [33mdata-slot[39m=[32m&quot;button&quot;[39m
                  [33mtype[39m=[32m&quot;button&quot;[39m
                [36m&gt;[39m
                  [36m&lt;svg[39m
                    [33maria-hidden[39m=[32m&quot;true&quot;[39m
                    [33mclass[39m=[32m&quot;lucide lucide-save size-4&quot;[39m
                    [33mfill[39m=[32m&quot;none&quot;[39m
                    [33mheight[39m=[32m&quot;24&quot;[39m
                    [33mstroke[39m=[32m&quot;currentColor&quot;[39m
                    [33mstroke-linecap[39m=[32m&quot;round&quot;[39m
                    [33mstroke-linejoin[39m=[32m&quot;round&quot;[39m
                    [33mstroke-width[39m=[32m&quot;2&quot;[39m
                    [33mviewBox..." type="AssertionError">
AssertionError: expected last &quot;spy&quot; call to have been called with [ ObjectContaining{…}, &apos;name&apos;, …(2) ]

Ignored nodes: comments, script, style
&lt;html&gt;
  &lt;head /&gt;
  &lt;body&gt;
    &lt;div&gt;
      &lt;div
        class=&quot;mx-auto w-full max-w-5xl animate-fade-in space-y-5&quot;
        data-ocid=&quot;quote_detail.page&quot;
      &gt;
        &lt;div
          class=&quot;flex flex-wrap items-center justify-between gap-3 print:hidden&quot;
        &gt;
          &lt;a
            class=&quot;inline-flex items-center justify-center whitespace-nowrap text-sm font-medium transition-all disabled:pointer-events-none disabled:opacity-50 [&amp;_svg]:pointer-events-none [&amp;_svg:not([class*=&apos;size-&apos;])]:size-4 shrink-0 [&amp;_svg]:shrink-0 outline-none focus-visible:border-ring focus-visible:ring-ring/50 focus-visible:ring-[3px] aria-invalid:ring-destructive/20 dark:aria-invalid:ring-destructive/40 aria-invalid:border-destructive hover:bg-accent hover:text-accent-foreground dark:hover:bg-accent/50 h-8 rounded-md px-3 has-[&gt;svg]:px-2.5 -ml-2 gap-1.5 text-muted-foreground&quot;
            data-ocid=&quot;quote_detail.back_link&quot;
            data-slot=&quot;button&quot;
            href=&quot;/cotizaciones&quot;
            type=&quot;button&quot;
          &gt;
            &lt;svg
              aria-hidden=&quot;true&quot;
              class=&quot;lucide lucide-arrow-left size-4&quot;
              fill=&quot;none&quot;
              height=&quot;24&quot;
              stroke=&quot;currentColor&quot;
              stroke-linecap=&quot;round&quot;
              stroke-linejoin=&quot;round&quot;
              stroke-width=&quot;2&quot;
              viewBox=&quot;0 0 24 24&quot;
              width=&quot;24&quot;
              xmlns=&quot;http://www.w3.org/2000/svg&quot;
            &gt;
              &lt;path
                d=&quot;m12 19-7-7 7-7&quot;
              /&gt;
              &lt;path
                d=&quot;M19 12H5&quot;
              /&gt;
            &lt;/svg&gt;
            Cotizaciones
          &lt;/a&gt;
        &lt;/div&gt;
        &lt;header
          class=&quot;space-y-4&quot;
        &gt;
          &lt;div
            class=&quot;flex flex-wrap items-start justify-between gap-3&quot;
          &gt;
            &lt;div
              class=&quot;min-w-0 space-y-1&quot;
            &gt;
              &lt;p
                class=&quot;font-mono text-[10px] uppercase tracking-[0.18em] text-muted-foreground&quot;
              &gt;
                Ventas
              &lt;/p&gt;
              &lt;h1
                class=&quot;font-display text-2xl font-semibold tracking-tight&quot;
              &gt;
                Nueva cotización
              &lt;/h1&gt;
              &lt;p
                class=&quot;max-w-2xl text-sm text-muted-foreground&quot;
              &gt;
                Selecciona cliente y moto, agrega repuestos y servicios, y revisa los totales en vivo.
              &lt;/p&gt;
            &lt;/div&gt;
            &lt;div
              class=&quot;flex shrink-0 flex-wrap items-center gap-2&quot;
            &gt;
              &lt;div
                class=&quot;flex flex-wrap items-center gap-2&quot;
              &gt;
                &lt;button
                  class=&quot;inline-flex items-center justify-center whitespace-nowrap rounded-md text-sm font-medium transition-all disabled:pointer-events-none disabled:opacity-50 [&amp;_svg]:pointer-events-none [&amp;_svg:not([class*=&apos;size-&apos;])]:size-4 shrink-0 [&amp;_svg]:shrink-0 outline-none focus-visible:border-ring focus-visible:ring-ring/50 focus-visible:ring-[3px] aria-invalid:ring-destructive/20 dark:aria-invalid:ring-destructive/40 aria-invalid:border-destructive border bg-background shadow-xs hover:bg-accent hover:text-accent-foreground dark:bg-input/30 dark:border-input dark:hover:bg-input/50 h-9 px-4 py-2 has-[&gt;svg]:px-3 gap-2&quot;
                  data-ocid=&quot;quote_detail.cancel_button&quot;
                  data-slot=&quot;button&quot;
                  type=&quot;button&quot;
                &gt;
                  &lt;svg
                    aria-hidden=&quot;true&quot;
                    class=&quot;lucide lucide-x size-4&quot;
                    fill=&quot;none&quot;
                    height=&quot;24&quot;
                    stroke=&quot;currentColor&quot;
                    stroke-linecap=&quot;round&quot;
                    stroke-linejoin=&quot;round&quot;
                    stroke-width=&quot;2&quot;
                    viewBox=&quot;0 0 24 24&quot;
                    width=&quot;24&quot;
                    xmlns=&quot;http://www.w3.org/2000/svg&quot;
                  &gt;
                    &lt;path
                      d=&quot;M18 6 6 18&quot;
                    /&gt;
                    &lt;path
                      d=&quot;m6 6 12 12&quot;
                    /&gt;
                  &lt;/svg&gt;
                  Cancelar
                &lt;/button&gt;
                &lt;button
                  class=&quot;inline-flex items-center justify-center whitespace-nowrap rounded-md text-sm font-medium transition-all disabled:pointer-events-none disabled:opacity-50 [&amp;_svg]:pointer-events-none [&amp;_svg:not([class*=&apos;size-&apos;])]:size-4 shrink-0 [&amp;_svg]:shrink-0 outline-none focus-visible:border-ring focus-visible:ring-ring/50 focus-visible:ring-[3px] aria-invalid:ring-destructive/20 dark:aria-invalid:ring-destructive/40 aria-invalid:border-destructive bg-primary text-primary-foreground shadow-xs hover:bg-primary/90 h-9 px-4 py-2 has-[&gt;svg]:px-3 gap-2&quot;
                  data-ocid=&quot;quote_detail.save_button&quot;
                  data-slot=&quot;button&quot;
                  type=&quot;button&quot;
                &gt;
                  &lt;svg
                    aria-hidden=&quot;true&quot;
                    class=&quot;lucide lucide-save size-4&quot;
                    fill=&quot;none&quot;
                    height=&quot;24&quot;
                    stroke=&quot;currentColor&quot;
                    stroke-linecap=&quot;round&quot;
                    stroke-linejoin=&quot;round&quot;
                    stroke-width=&quot;2&quot;
                    viewBox...

- Expected
+ Received

  [
-   ObjectContaining {
+   null,
+   {
      &quot;activeOnly&quot;: true,
+     &quot;category&quot;: undefined,
      &quot;search&quot;: &quot;aceite&quot;,
    },
-   &quot;name&quot;,
    Anything,
    Anything,
+   100n,
  ]

 ❯ src/pages/QuoteDetailPage.picker-results.test.tsx:340:32
 ❯ runWithExpensiveErrorDiagnosticsDisabled ../../../../../../opt/pnpm-templates/build_template/node_modules/.pnpm/@testing-library+dom@10.4.2/node_modules/@testing-library/dom/dist/config.js:47:12
 ❯ checkCallback ../../../../../../opt/pnpm-templates/build_template/node_modules/.pnpm/@testing-library+dom@10.4.2/node_modules/@testing-library/dom/dist/wait-for.js:124:77
 ❯ Timeout.checkRealTimersCallback ../../../../../../opt/pnpm-templates/build_template/node_modules/.pnpm/@testing-library+dom@10.4.2/node_modules/@testing-library/dom/dist/wait-for.js:118:16
            </failure>
        </testcase>
    </testsuite>
    <testsuite name="src/pages/QuoteDetailPage.search.test.tsx" timestamp="2026-09-25T20:55:14.696Z" hostname="2a82af66d266" tests="5" failures="5" errors="0" skipped="0" time="4.37284759">
        <testcase classname="src/pages/QuoteDetailPage.search.test.tsx" name="QuoteDetailPage new-quote picker search &gt; forwards the typed customer term to the backend" time="0.079490475">
            <failure message="expected last &quot;spy&quot; call to have been called with [ null ]" type="AssertionError">
AssertionError: expected last &quot;spy&quot; call to have been called with [ null ]

- Expected
+ Received

  [
    null,
+   null,
  ]

 ❯ src/pages/QuoteDetailPage.search.test.tsx:197:31
            </failure>
        </testcase>
        <testcase classname="src/pages/QuoteDetailPage.search.test.tsx" name="QuoteDetailPage new-quote picker search &gt; forwards the typed part term to the backend" time="1.100144485">
            <failure message="expected last &quot;spy&quot; call to have been called with [ { search: &apos;balata&apos; }, &apos;name&apos;, …(2) ]

Ignored nodes: comments, script, style
[36m&lt;html&gt;[39m
  [36m&lt;head /&gt;[39m
  [36m&lt;body&gt;[39m
    [36m&lt;div&gt;[39m
      [36m&lt;div[39m
        [33mclass[39m=[32m&quot;mx-auto w-full max-w-5xl animate-fade-in space-y-5&quot;[39m
        [33mdata-ocid[39m=[32m&quot;quote_detail.page&quot;[39m
      [36m&gt;[39m
        [36m&lt;div[39m
          [33mclass[39m=[32m&quot;flex flex-wrap items-center justify-between gap-3 print:hidden&quot;[39m
        [36m&gt;[39m
          [36m&lt;a[39m
            [33mclass[39m=[32m&quot;inline-flex items-center justify-center whitespace-nowrap text-sm font-medium transition-all disabled:pointer-events-none disabled:opacity-50 [&amp;_svg]:pointer-events-none [&amp;_svg:not([class*=&apos;size-&apos;])]:size-4 shrink-0 [&amp;_svg]:shrink-0 outline-none focus-visible:border-ring focus-visible:ring-ring/50 focus-visible:ring-[3px] aria-invalid:ring-destructive/20 dark:aria-invalid:ring-destructive/40 aria-invalid:border-destructive hover:bg-accent hover:text-accent-foreground dark:hover:bg-accent/50 h-8 rounded-md px-3 has-[&gt;svg]:px-2.5 -ml-2 gap-1.5 text-muted-foreground&quot;[39m
            [33mdata-ocid[39m=[32m&quot;quote_detail.back_link&quot;[39m
            [33mdata-slot[39m=[32m&quot;button&quot;[39m
            [33mhref[39m=[32m&quot;/cotizaciones&quot;[39m
            [33mtype[39m=[32m&quot;button&quot;[39m
          [36m&gt;[39m
            [36m&lt;svg[39m
              [33maria-hidden[39m=[32m&quot;true&quot;[39m
              [33mclass[39m=[32m&quot;lucide lucide-arrow-left size-4&quot;[39m
              [33mfill[39m=[32m&quot;none&quot;[39m
              [33mheight[39m=[32m&quot;24&quot;[39m
              [33mstroke[39m=[32m&quot;currentColor&quot;[39m
              [33mstroke-linecap[39m=[32m&quot;round&quot;[39m
              [33mstroke-linejoin[39m=[32m&quot;round&quot;[39m
              [33mstroke-width[39m=[32m&quot;2&quot;[39m
              [33mviewBox[39m=[32m&quot;0 0 24 24&quot;[39m
              [33mwidth[39m=[32m&quot;24&quot;[39m
              [33mxmlns[39m=[32m&quot;http://www.w3.org/2000/svg&quot;[39m
            [36m&gt;[39m
              [36m&lt;path[39m
                [33md[39m=[32m&quot;m12 19-7-7 7-7&quot;[39m
              [36m/&gt;[39m
              [36m&lt;path[39m
                [33md[39m=[32m&quot;M19 12H5&quot;[39m
              [36m/&gt;[39m
            [36m&lt;/svg&gt;[39m
            [0mCotizaciones[0m
          [36m&lt;/a&gt;[39m
        [36m&lt;/div&gt;[39m
        [36m&lt;header[39m
          [33mclass[39m=[32m&quot;space-y-4&quot;[39m
        [36m&gt;[39m
          [36m&lt;div[39m
            [33mclass[39m=[32m&quot;flex flex-wrap items-start justify-between gap-3&quot;[39m
          [36m&gt;[39m
            [36m&lt;div[39m
              [33mclass[39m=[32m&quot;min-w-0 space-y-1&quot;[39m
            [36m&gt;[39m
              [36m&lt;p[39m
                [33mclass[39m=[32m&quot;font-mono text-[10px] uppercase tracking-[0.18em] text-muted-foreground&quot;[39m
              [36m&gt;[39m
                [0mVentas[0m
              [36m&lt;/p&gt;[39m
              [36m&lt;h1[39m
                [33mclass[39m=[32m&quot;font-display text-2xl font-semibold tracking-tight&quot;[39m
              [36m&gt;[39m
                [0mNueva cotización[0m
              [36m&lt;/h1&gt;[39m
              [36m&lt;p[39m
                [33mclass[39m=[32m&quot;max-w-2xl text-sm text-muted-foreground&quot;[39m
              [36m&gt;[39m
                [0mSelecciona cliente y moto, agrega repuestos y servicios, y revisa los totales en vivo.[0m
              [36m&lt;/p&gt;[39m
            [36m&lt;/div&gt;[39m
            [36m&lt;div[39m
              [33mclass[39m=[32m&quot;flex shrink-0 flex-wrap items-center gap-2&quot;[39m
            [36m&gt;[39m
              [36m&lt;div[39m
                [33mclass[39m=[32m&quot;flex flex-wrap items-center gap-2&quot;[39m
              [36m&gt;[39m
                [36m&lt;button[39m
                  [33mclass[39m=[32m&quot;inline-flex items-center justify-center whitespace-nowrap rounded-md text-sm font-medium transition-all disabled:pointer-events-none disabled:opacity-50 [&amp;_svg]:pointer-events-none [&amp;_svg:not([class*=&apos;size-&apos;])]:size-4 shrink-0 [&amp;_svg]:shrink-0 outline-none focus-visible:border-ring focus-visible:ring-ring/50 focus-visible:ring-[3px] aria-invalid:ring-destructive/20 dark:aria-invalid:ring-destructive/40 aria-invalid:border-destructive border bg-background shadow-xs hover:bg-accent hover:text-accent-foreground dark:bg-input/30 dark:border-input dark:hover:bg-input/50 h-9 px-4 py-2 has-[&gt;svg]:px-3 gap-2&quot;[39m
                  [33mdata-ocid[39m=[32m&quot;quote_detail.cancel_button&quot;[39m
                  [33mdata-slot[39m=[32m&quot;button&quot;[39m
                  [33mtype[39m=[32m&quot;button&quot;[39m
                [36m&gt;[39m
                  [36m&lt;svg[39m
                    [33maria-hidden[39m=[32m&quot;true&quot;[39m
                    [33mclass[39m=[32m&quot;lucide lucide-x size-4&quot;[39m
                    [33mfill[39m=[32m&quot;none&quot;[39m
                    [33mheight[39m=[32m&quot;24&quot;[39m
                    [33mstroke[39m=[32m&quot;currentColor&quot;[39m
                    [33mstroke-linecap[39m=[32m&quot;round&quot;[39m
                    [33mstroke-linejoin[39m=[32m&quot;round&quot;[39m
                    [33mstroke-width[39m=[32m&quot;2&quot;[39m
                    [33mviewBox[39m=[32m&quot;0 0 24 24&quot;[39m
                    [33mwidth[39m=[32m&quot;24&quot;[39m
                    [33mxmlns[39m=[32m&quot;http://www.w3.org/2000/svg&quot;[39m
                  [36m&gt;[39m
                    [36m&lt;path[39m
                      [33md[39m=[32m&quot;M18 6 6 18&quot;[39m
                    [36m/&gt;[39m
                    [36m&lt;path[39m
                      [33md[39m=[32m&quot;m6 6 12 12&quot;[39m
                    [36m/&gt;[39m
                  [36m&lt;/svg&gt;[39m
                  [0mCancelar[0m
                [36m&lt;/button&gt;[39m
                [36m&lt;button[39m
                  [33mclass[39m=[32m&quot;inline-flex items-center justify-center whitespace-nowrap rounded-md text-sm font-medium transition-all disabled:pointer-events-none disabled:opacity-50 [&amp;_svg]:pointer-events-none [&amp;_svg:not([class*=&apos;size-&apos;])]:size-4 shrink-0 [&amp;_svg]:shrink-0 outline-none focus-visible:border-ring focus-visible:ring-ring/50 focus-visible:ring-[3px] aria-invalid:ring-destructive/20 dark:aria-invalid:ring-destructive/40 aria-invalid:border-destructive bg-primary text-primary-foreground shadow-xs hover:bg-primary/90 h-9 px-4 py-2 has-[&gt;svg]:px-3 gap-2&quot;[39m
                  [33mdata-ocid[39m=[32m&quot;quote_detail.save_button&quot;[39m
                  [33mdata-slot[39m=[32m&quot;button&quot;[39m
                  [33mtype[39m=[32m&quot;button&quot;[39m
                [36m&gt;[39m
                  [36m&lt;svg[39m
                    [33maria-hidden[39m=[32m&quot;true&quot;[39m
                    [33mclass[39m=[32m&quot;lucide lucide-save size-4&quot;[39m
                    [33mfill[39m=[32m&quot;none&quot;[39m
                    [33mheight[39m=[32m&quot;24&quot;[39m
                    [33mstroke[39m=[32m&quot;currentColor&quot;[39m
                    [33mstroke-linecap[39m=[32m&quot;round&quot;[39m
                    [33mstroke-linejoin[39m=[32m&quot;round&quot;[39m
                    [33mstroke-width[39m=[32m&quot;2&quot;[39m
                    [33mviewBox..." type="AssertionError">
AssertionError: expected last &quot;spy&quot; call to have been called with [ { search: &apos;balata&apos; }, &apos;name&apos;, …(2) ]

Ignored nodes: comments, script, style
&lt;html&gt;
  &lt;head /&gt;
  &lt;body&gt;
    &lt;div&gt;
      &lt;div
        class=&quot;mx-auto w-full max-w-5xl animate-fade-in space-y-5&quot;
        data-ocid=&quot;quote_detail.page&quot;
      &gt;
        &lt;div
          class=&quot;flex flex-wrap items-center justify-between gap-3 print:hidden&quot;
        &gt;
          &lt;a
            class=&quot;inline-flex items-center justify-center whitespace-nowrap text-sm font-medium transition-all disabled:pointer-events-none disabled:opacity-50 [&amp;_svg]:pointer-events-none [&amp;_svg:not([class*=&apos;size-&apos;])]:size-4 shrink-0 [&amp;_svg]:shrink-0 outline-none focus-visible:border-ring focus-visible:ring-ring/50 focus-visible:ring-[3px] aria-invalid:ring-destructive/20 dark:aria-invalid:ring-destructive/40 aria-invalid:border-destructive hover:bg-accent hover:text-accent-foreground dark:hover:bg-accent/50 h-8 rounded-md px-3 has-[&gt;svg]:px-2.5 -ml-2 gap-1.5 text-muted-foreground&quot;
            data-ocid=&quot;quote_detail.back_link&quot;
            data-slot=&quot;button&quot;
            href=&quot;/cotizaciones&quot;
            type=&quot;button&quot;
          &gt;
            &lt;svg
              aria-hidden=&quot;true&quot;
              class=&quot;lucide lucide-arrow-left size-4&quot;
              fill=&quot;none&quot;
              height=&quot;24&quot;
              stroke=&quot;currentColor&quot;
              stroke-linecap=&quot;round&quot;
              stroke-linejoin=&quot;round&quot;
              stroke-width=&quot;2&quot;
              viewBox=&quot;0 0 24 24&quot;
              width=&quot;24&quot;
              xmlns=&quot;http://www.w3.org/2000/svg&quot;
            &gt;
              &lt;path
                d=&quot;m12 19-7-7 7-7&quot;
              /&gt;
              &lt;path
                d=&quot;M19 12H5&quot;
              /&gt;
            &lt;/svg&gt;
            Cotizaciones
          &lt;/a&gt;
        &lt;/div&gt;
        &lt;header
          class=&quot;space-y-4&quot;
        &gt;
          &lt;div
            class=&quot;flex flex-wrap items-start justify-between gap-3&quot;
          &gt;
            &lt;div
              class=&quot;min-w-0 space-y-1&quot;
            &gt;
              &lt;p
                class=&quot;font-mono text-[10px] uppercase tracking-[0.18em] text-muted-foreground&quot;
              &gt;
                Ventas
              &lt;/p&gt;
              &lt;h1
                class=&quot;font-display text-2xl font-semibold tracking-tight&quot;
              &gt;
                Nueva cotización
              &lt;/h1&gt;
              &lt;p
                class=&quot;max-w-2xl text-sm text-muted-foreground&quot;
              &gt;
                Selecciona cliente y moto, agrega repuestos y servicios, y revisa los totales en vivo.
              &lt;/p&gt;
            &lt;/div&gt;
            &lt;div
              class=&quot;flex shrink-0 flex-wrap items-center gap-2&quot;
            &gt;
              &lt;div
                class=&quot;flex flex-wrap items-center gap-2&quot;
              &gt;
                &lt;button
                  class=&quot;inline-flex items-center justify-center whitespace-nowrap rounded-md text-sm font-medium transition-all disabled:pointer-events-none disabled:opacity-50 [&amp;_svg]:pointer-events-none [&amp;_svg:not([class*=&apos;size-&apos;])]:size-4 shrink-0 [&amp;_svg]:shrink-0 outline-none focus-visible:border-ring focus-visible:ring-ring/50 focus-visible:ring-[3px] aria-invalid:ring-destructive/20 dark:aria-invalid:ring-destructive/40 aria-invalid:border-destructive border bg-background shadow-xs hover:bg-accent hover:text-accent-foreground dark:bg-input/30 dark:border-input dark:hover:bg-input/50 h-9 px-4 py-2 has-[&gt;svg]:px-3 gap-2&quot;
                  data-ocid=&quot;quote_detail.cancel_button&quot;
                  data-slot=&quot;button&quot;
                  type=&quot;button&quot;
                &gt;
                  &lt;svg
                    aria-hidden=&quot;true&quot;
                    class=&quot;lucide lucide-x size-4&quot;
                    fill=&quot;none&quot;
                    height=&quot;24&quot;
                    stroke=&quot;currentColor&quot;
                    stroke-linecap=&quot;round&quot;
                    stroke-linejoin=&quot;round&quot;
                    stroke-width=&quot;2&quot;
                    viewBox=&quot;0 0 24 24&quot;
                    width=&quot;24&quot;
                    xmlns=&quot;http://www.w3.org/2000/svg&quot;
                  &gt;
                    &lt;path
                      d=&quot;M18 6 6 18&quot;
                    /&gt;
                    &lt;path
                      d=&quot;m6 6 12 12&quot;
                    /&gt;
                  &lt;/svg&gt;
                  Cancelar
                &lt;/button&gt;
                &lt;button
                  class=&quot;inline-flex items-center justify-center whitespace-nowrap rounded-md text-sm font-medium transition-all disabled:pointer-events-none disabled:opacity-50 [&amp;_svg]:pointer-events-none [&amp;_svg:not([class*=&apos;size-&apos;])]:size-4 shrink-0 [&amp;_svg]:shrink-0 outline-none focus-visible:border-ring focus-visible:ring-ring/50 focus-visible:ring-[3px] aria-invalid:ring-destructive/20 dark:aria-invalid:ring-destructive/40 aria-invalid:border-destructive bg-primary text-primary-foreground shadow-xs hover:bg-primary/90 h-9 px-4 py-2 has-[&gt;svg]:px-3 gap-2&quot;
                  data-ocid=&quot;quote_detail.save_button&quot;
                  data-slot=&quot;button&quot;
                  type=&quot;button&quot;
                &gt;
                  &lt;svg
                    aria-hidden=&quot;true&quot;
                    class=&quot;lucide lucide-save size-4&quot;
                    fill=&quot;none&quot;
                    height=&quot;24&quot;
                    stroke=&quot;currentColor&quot;
                    stroke-linecap=&quot;round&quot;
                    stroke-linejoin=&quot;round&quot;
                    stroke-width=&quot;2&quot;
                    viewBox...

- Expected
+ Received

@@ -1,6 +1,7 @@
  [
+   null,
    {
      &quot;search&quot;: &quot;balata&quot;,
    },
    &quot;name&quot;,
    0n,

 ❯ src/pages/QuoteDetailPage.search.test.tsx:219:29
 ❯ runWithExpensiveErrorDiagnosticsDisabled ../../../../../../opt/pnpm-templates/build_template/node_modules/.pnpm/@testing-library+dom@10.4.2/node_modules/@testing-library/dom/dist/config.js:47:12
 ❯ checkCallback ../../../../../../opt/pnpm-templates/build_template/node_modules/.pnpm/@testing-library+dom@10.4.2/node_modules/@testing-library/dom/dist/wait-for.js:124:77
 ❯ Timeout.checkRealTimersCallback ../../../../../../opt/pnpm-templates/build_template/node_modules/.pnpm/@testing-library+dom@10.4.2/node_modules/@testing-library/dom/dist/wait-for.js:118:16
            </failure>
        </testcase>
        <testcase classname="src/pages/QuoteDetailPage.search.test.tsx" name="QuoteDetailPage new-quote picker search &gt; forwards the typed service term to the backend" time="1.069833909">
            <failure message="expected last &quot;spy&quot; call to have been called with [ ObjectContaining{…}, &apos;name&apos;, …(2) ]

Ignored nodes: comments, script, style
[36m&lt;html&gt;[39m
  [36m&lt;head /&gt;[39m
  [36m&lt;body&gt;[39m
    [36m&lt;div&gt;[39m
      [36m&lt;div[39m
        [33mclass[39m=[32m&quot;mx-auto w-full max-w-5xl animate-fade-in space-y-5&quot;[39m
        [33mdata-ocid[39m=[32m&quot;quote_detail.page&quot;[39m
      [36m&gt;[39m
        [36m&lt;div[39m
          [33mclass[39m=[32m&quot;flex flex-wrap items-center justify-between gap-3 print:hidden&quot;[39m
        [36m&gt;[39m
          [36m&lt;a[39m
            [33mclass[39m=[32m&quot;inline-flex items-center justify-center whitespace-nowrap text-sm font-medium transition-all disabled:pointer-events-none disabled:opacity-50 [&amp;_svg]:pointer-events-none [&amp;_svg:not([class*=&apos;size-&apos;])]:size-4 shrink-0 [&amp;_svg]:shrink-0 outline-none focus-visible:border-ring focus-visible:ring-ring/50 focus-visible:ring-[3px] aria-invalid:ring-destructive/20 dark:aria-invalid:ring-destructive/40 aria-invalid:border-destructive hover:bg-accent hover:text-accent-foreground dark:hover:bg-accent/50 h-8 rounded-md px-3 has-[&gt;svg]:px-2.5 -ml-2 gap-1.5 text-muted-foreground&quot;[39m
            [33mdata-ocid[39m=[32m&quot;quote_detail.back_link&quot;[39m
            [33mdata-slot[39m=[32m&quot;button&quot;[39m
            [33mhref[39m=[32m&quot;/cotizaciones&quot;[39m
            [33mtype[39m=[32m&quot;button&quot;[39m
          [36m&gt;[39m
            [36m&lt;svg[39m
              [33maria-hidden[39m=[32m&quot;true&quot;[39m
              [33mclass[39m=[32m&quot;lucide lucide-arrow-left size-4&quot;[39m
              [33mfill[39m=[32m&quot;none&quot;[39m
              [33mheight[39m=[32m&quot;24&quot;[39m
              [33mstroke[39m=[32m&quot;currentColor&quot;[39m
              [33mstroke-linecap[39m=[32m&quot;round&quot;[39m
              [33mstroke-linejoin[39m=[32m&quot;round&quot;[39m
              [33mstroke-width[39m=[32m&quot;2&quot;[39m
              [33mviewBox[39m=[32m&quot;0 0 24 24&quot;[39m
              [33mwidth[39m=[32m&quot;24&quot;[39m
              [33mxmlns[39m=[32m&quot;http://www.w3.org/2000/svg&quot;[39m
            [36m&gt;[39m
              [36m&lt;path[39m
                [33md[39m=[32m&quot;m12 19-7-7 7-7&quot;[39m
              [36m/&gt;[39m
              [36m&lt;path[39m
                [33md[39m=[32m&quot;M19 12H5&quot;[39m
              [36m/&gt;[39m
            [36m&lt;/svg&gt;[39m
            [0mCotizaciones[0m
          [36m&lt;/a&gt;[39m
        [36m&lt;/div&gt;[39m
        [36m&lt;header[39m
          [33mclass[39m=[32m&quot;space-y-4&quot;[39m
        [36m&gt;[39m
          [36m&lt;div[39m
            [33mclass[39m=[32m&quot;flex flex-wrap items-start justify-between gap-3&quot;[39m
          [36m&gt;[39m
            [36m&lt;div[39m
              [33mclass[39m=[32m&quot;min-w-0 space-y-1&quot;[39m
            [36m&gt;[39m
              [36m&lt;p[39m
                [33mclass[39m=[32m&quot;font-mono text-[10px] uppercase tracking-[0.18em] text-muted-foreground&quot;[39m
              [36m&gt;[39m
                [0mVentas[0m
              [36m&lt;/p&gt;[39m
              [36m&lt;h1[39m
                [33mclass[39m=[32m&quot;font-display text-2xl font-semibold tracking-tight&quot;[39m
              [36m&gt;[39m
                [0mNueva cotización[0m
              [36m&lt;/h1&gt;[39m
              [36m&lt;p[39m
                [33mclass[39m=[32m&quot;max-w-2xl text-sm text-muted-foreground&quot;[39m
              [36m&gt;[39m
                [0mSelecciona cliente y moto, agrega repuestos y servicios, y revisa los totales en vivo.[0m
              [36m&lt;/p&gt;[39m
            [36m&lt;/div&gt;[39m
            [36m&lt;div[39m
              [33mclass[39m=[32m&quot;flex shrink-0 flex-wrap items-center gap-2&quot;[39m
            [36m&gt;[39m
              [36m&lt;div[39m
                [33mclass[39m=[32m&quot;flex flex-wrap items-center gap-2&quot;[39m
              [36m&gt;[39m
                [36m&lt;button[39m
                  [33mclass[39m=[32m&quot;inline-flex items-center justify-center whitespace-nowrap rounded-md text-sm font-medium transition-all disabled:pointer-events-none disabled:opacity-50 [&amp;_svg]:pointer-events-none [&amp;_svg:not([class*=&apos;size-&apos;])]:size-4 shrink-0 [&amp;_svg]:shrink-0 outline-none focus-visible:border-ring focus-visible:ring-ring/50 focus-visible:ring-[3px] aria-invalid:ring-destructive/20 dark:aria-invalid:ring-destructive/40 aria-invalid:border-destructive border bg-background shadow-xs hover:bg-accent hover:text-accent-foreground dark:bg-input/30 dark:border-input dark:hover:bg-input/50 h-9 px-4 py-2 has-[&gt;svg]:px-3 gap-2&quot;[39m
                  [33mdata-ocid[39m=[32m&quot;quote_detail.cancel_button&quot;[39m
                  [33mdata-slot[39m=[32m&quot;button&quot;[39m
                  [33mtype[39m=[32m&quot;button&quot;[39m
                [36m&gt;[39m
                  [36m&lt;svg[39m
                    [33maria-hidden[39m=[32m&quot;true&quot;[39m
                    [33mclass[39m=[32m&quot;lucide lucide-x size-4&quot;[39m
                    [33mfill[39m=[32m&quot;none&quot;[39m
                    [33mheight[39m=[32m&quot;24&quot;[39m
                    [33mstroke[39m=[32m&quot;currentColor&quot;[39m
                    [33mstroke-linecap[39m=[32m&quot;round&quot;[39m
                    [33mstroke-linejoin[39m=[32m&quot;round&quot;[39m
                    [33mstroke-width[39m=[32m&quot;2&quot;[39m
                    [33mviewBox[39m=[32m&quot;0 0 24 24&quot;[39m
                    [33mwidth[39m=[32m&quot;24&quot;[39m
                    [33mxmlns[39m=[32m&quot;http://www.w3.org/2000/svg&quot;[39m
                  [36m&gt;[39m
                    [36m&lt;path[39m
                      [33md[39m=[32m&quot;M18 6 6 18&quot;[39m
                    [36m/&gt;[39m
                    [36m&lt;path[39m
                      [33md[39m=[32m&quot;m6 6 12 12&quot;[39m
                    [36m/&gt;[39m
                  [36m&lt;/svg&gt;[39m
                  [0mCancelar[0m
                [36m&lt;/button&gt;[39m
                [36m&lt;button[39m
                  [33mclass[39m=[32m&quot;inline-flex items-center justify-center whitespace-nowrap rounded-md text-sm font-medium transition-all disabled:pointer-events-none disabled:opacity-50 [&amp;_svg]:pointer-events-none [&amp;_svg:not([class*=&apos;size-&apos;])]:size-4 shrink-0 [&amp;_svg]:shrink-0 outline-none focus-visible:border-ring focus-visible:ring-ring/50 focus-visible:ring-[3px] aria-invalid:ring-destructive/20 dark:aria-invalid:ring-destructive/40 aria-invalid:border-destructive bg-primary text-primary-foreground shadow-xs hover:bg-primary/90 h-9 px-4 py-2 has-[&gt;svg]:px-3 gap-2&quot;[39m
                  [33mdata-ocid[39m=[32m&quot;quote_detail.save_button&quot;[39m
                  [33mdata-slot[39m=[32m&quot;button&quot;[39m
                  [33mtype[39m=[32m&quot;button&quot;[39m
                [36m&gt;[39m
                  [36m&lt;svg[39m
                    [33maria-hidden[39m=[32m&quot;true&quot;[39m
                    [33mclass[39m=[32m&quot;lucide lucide-save size-4&quot;[39m
                    [33mfill[39m=[32m&quot;none&quot;[39m
                    [33mheight[39m=[32m&quot;24&quot;[39m
                    [33mstroke[39m=[32m&quot;currentColor&quot;[39m
                    [33mstroke-linecap[39m=[32m&quot;round&quot;[39m
                    [33mstroke-linejoin[39m=[32m&quot;round&quot;[39m
                    [33mstroke-width[39m=[32m&quot;2&quot;[39m
                    [33mviewBox..." type="AssertionError">
AssertionError: expected last &quot;spy&quot; call to have been called with [ ObjectContaining{…}, &apos;name&apos;, …(2) ]

Ignored nodes: comments, script, style
&lt;html&gt;
  &lt;head /&gt;
  &lt;body&gt;
    &lt;div&gt;
      &lt;div
        class=&quot;mx-auto w-full max-w-5xl animate-fade-in space-y-5&quot;
        data-ocid=&quot;quote_detail.page&quot;
      &gt;
        &lt;div
          class=&quot;flex flex-wrap items-center justify-between gap-3 print:hidden&quot;
        &gt;
          &lt;a
            class=&quot;inline-flex items-center justify-center whitespace-nowrap text-sm font-medium transition-all disabled:pointer-events-none disabled:opacity-50 [&amp;_svg]:pointer-events-none [&amp;_svg:not([class*=&apos;size-&apos;])]:size-4 shrink-0 [&amp;_svg]:shrink-0 outline-none focus-visible:border-ring focus-visible:ring-ring/50 focus-visible:ring-[3px] aria-invalid:ring-destructive/20 dark:aria-invalid:ring-destructive/40 aria-invalid:border-destructive hover:bg-accent hover:text-accent-foreground dark:hover:bg-accent/50 h-8 rounded-md px-3 has-[&gt;svg]:px-2.5 -ml-2 gap-1.5 text-muted-foreground&quot;
            data-ocid=&quot;quote_detail.back_link&quot;
            data-slot=&quot;button&quot;
            href=&quot;/cotizaciones&quot;
            type=&quot;button&quot;
          &gt;
            &lt;svg
              aria-hidden=&quot;true&quot;
              class=&quot;lucide lucide-arrow-left size-4&quot;
              fill=&quot;none&quot;
              height=&quot;24&quot;
              stroke=&quot;currentColor&quot;
              stroke-linecap=&quot;round&quot;
              stroke-linejoin=&quot;round&quot;
              stroke-width=&quot;2&quot;
              viewBox=&quot;0 0 24 24&quot;
              width=&quot;24&quot;
              xmlns=&quot;http://www.w3.org/2000/svg&quot;
            &gt;
              &lt;path
                d=&quot;m12 19-7-7 7-7&quot;
              /&gt;
              &lt;path
                d=&quot;M19 12H5&quot;
              /&gt;
            &lt;/svg&gt;
            Cotizaciones
          &lt;/a&gt;
        &lt;/div&gt;
        &lt;header
          class=&quot;space-y-4&quot;
        &gt;
          &lt;div
            class=&quot;flex flex-wrap items-start justify-between gap-3&quot;
          &gt;
            &lt;div
              class=&quot;min-w-0 space-y-1&quot;
            &gt;
              &lt;p
                class=&quot;font-mono text-[10px] uppercase tracking-[0.18em] text-muted-foreground&quot;
              &gt;
                Ventas
              &lt;/p&gt;
              &lt;h1
                class=&quot;font-display text-2xl font-semibold tracking-tight&quot;
              &gt;
                Nueva cotización
              &lt;/h1&gt;
              &lt;p
                class=&quot;max-w-2xl text-sm text-muted-foreground&quot;
              &gt;
                Selecciona cliente y moto, agrega repuestos y servicios, y revisa los totales en vivo.
              &lt;/p&gt;
            &lt;/div&gt;
            &lt;div
              class=&quot;flex shrink-0 flex-wrap items-center gap-2&quot;
            &gt;
              &lt;div
                class=&quot;flex flex-wrap items-center gap-2&quot;
              &gt;
                &lt;button
                  class=&quot;inline-flex items-center justify-center whitespace-nowrap rounded-md text-sm font-medium transition-all disabled:pointer-events-none disabled:opacity-50 [&amp;_svg]:pointer-events-none [&amp;_svg:not([class*=&apos;size-&apos;])]:size-4 shrink-0 [&amp;_svg]:shrink-0 outline-none focus-visible:border-ring focus-visible:ring-ring/50 focus-visible:ring-[3px] aria-invalid:ring-destructive/20 dark:aria-invalid:ring-destructive/40 aria-invalid:border-destructive border bg-background shadow-xs hover:bg-accent hover:text-accent-foreground dark:bg-input/30 dark:border-input dark:hover:bg-input/50 h-9 px-4 py-2 has-[&gt;svg]:px-3 gap-2&quot;
                  data-ocid=&quot;quote_detail.cancel_button&quot;
                  data-slot=&quot;button&quot;
                  type=&quot;button&quot;
                &gt;
                  &lt;svg
                    aria-hidden=&quot;true&quot;
                    class=&quot;lucide lucide-x size-4&quot;
                    fill=&quot;none&quot;
                    height=&quot;24&quot;
                    stroke=&quot;currentColor&quot;
                    stroke-linecap=&quot;round&quot;
                    stroke-linejoin=&quot;round&quot;
                    stroke-width=&quot;2&quot;
                    viewBox=&quot;0 0 24 24&quot;
                    width=&quot;24&quot;
                    xmlns=&quot;http://www.w3.org/2000/svg&quot;
                  &gt;
                    &lt;path
                      d=&quot;M18 6 6 18&quot;
                    /&gt;
                    &lt;path
                      d=&quot;m6 6 12 12&quot;
                    /&gt;
                  &lt;/svg&gt;
                  Cancelar
                &lt;/button&gt;
                &lt;button
                  class=&quot;inline-flex items-center justify-center whitespace-nowrap rounded-md text-sm font-medium transition-all disabled:pointer-events-none disabled:opacity-50 [&amp;_svg]:pointer-events-none [&amp;_svg:not([class*=&apos;size-&apos;])]:size-4 shrink-0 [&amp;_svg]:shrink-0 outline-none focus-visible:border-ring focus-visible:ring-ring/50 focus-visible:ring-[3px] aria-invalid:ring-destructive/20 dark:aria-invalid:ring-destructive/40 aria-invalid:border-destructive bg-primary text-primary-foreground shadow-xs hover:bg-primary/90 h-9 px-4 py-2 has-[&gt;svg]:px-3 gap-2&quot;
                  data-ocid=&quot;quote_detail.save_button&quot;
                  data-slot=&quot;button&quot;
                  type=&quot;button&quot;
                &gt;
                  &lt;svg
                    aria-hidden=&quot;true&quot;
                    class=&quot;lucide lucide-save size-4&quot;
                    fill=&quot;none&quot;
                    height=&quot;24&quot;
                    stroke=&quot;currentColor&quot;
                    stroke-linecap=&quot;round&quot;
                    stroke-linejoin=&quot;round&quot;
                    stroke-width=&quot;2&quot;
                    viewBox...

- Expected
+ Received

@@ -1,8 +1,10 @@
  [
-   ObjectContaining {
+   null,
+   {
      &quot;activeOnly&quot;: true,
+     &quot;category&quot;: undefined,
      &quot;search&quot;: &quot;aceite&quot;,
    },
    &quot;name&quot;,
    0n,
    100n,

 ❯ src/pages/QuoteDetailPage.search.test.tsx:240:32
 ❯ runWithExpensiveErrorDiagnosticsDisabled ../../../../../../opt/pnpm-templates/build_template/node_modules/.pnpm/@testing-library+dom@10.4.2/node_modules/@testing-library/dom/dist/config.js:47:12
 ❯ checkCallback ../../../../../../opt/pnpm-templates/build_template/node_modules/.pnpm/@testing-library+dom@10.4.2/node_modules/@testing-library/dom/dist/wait-for.js:124:77
 ❯ Timeout.checkRealTimersCallback ../../../../../../opt/pnpm-templates/build_template/node_modules/.pnpm/@testing-library+dom@10.4.2/node_modules/@testing-library/dom/dist/wait-for.js:118:16
            </failure>
        </testcase>
        <testcase classname="src/pages/QuoteDetailPage.search.test.tsx" name="QuoteDetailPage new-quote picker search &gt; still lists and selects a part after searching" time="1.057940519">
            <failure message="expected last &quot;spy&quot; call to have been called with [ { search: &apos;balata&apos; }, &apos;name&apos;, …(2) ]

Ignored nodes: comments, script, style
[36m&lt;html&gt;[39m
  [36m&lt;head /&gt;[39m
  [36m&lt;body&gt;[39m
    [36m&lt;div&gt;[39m
      [36m&lt;div[39m
        [33mclass[39m=[32m&quot;mx-auto w-full max-w-5xl animate-fade-in space-y-5&quot;[39m
        [33mdata-ocid[39m=[32m&quot;quote_detail.page&quot;[39m
      [36m&gt;[39m
        [36m&lt;div[39m
          [33mclass[39m=[32m&quot;flex flex-wrap items-center justify-between gap-3 print:hidden&quot;[39m
        [36m&gt;[39m
          [36m&lt;a[39m
            [33mclass[39m=[32m&quot;inline-flex items-center justify-center whitespace-nowrap text-sm font-medium transition-all disabled:pointer-events-none disabled:opacity-50 [&amp;_svg]:pointer-events-none [&amp;_svg:not([class*=&apos;size-&apos;])]:size-4 shrink-0 [&amp;_svg]:shrink-0 outline-none focus-visible:border-ring focus-visible:ring-ring/50 focus-visible:ring-[3px] aria-invalid:ring-destructive/20 dark:aria-invalid:ring-destructive/40 aria-invalid:border-destructive hover:bg-accent hover:text-accent-foreground dark:hover:bg-accent/50 h-8 rounded-md px-3 has-[&gt;svg]:px-2.5 -ml-2 gap-1.5 text-muted-foreground&quot;[39m
            [33mdata-ocid[39m=[32m&quot;quote_detail.back_link&quot;[39m
            [33mdata-slot[39m=[32m&quot;button&quot;[39m
            [33mhref[39m=[32m&quot;/cotizaciones&quot;[39m
            [33mtype[39m=[32m&quot;button&quot;[39m
          [36m&gt;[39m
            [36m&lt;svg[39m
              [33maria-hidden[39m=[32m&quot;true&quot;[39m
              [33mclass[39m=[32m&quot;lucide lucide-arrow-left size-4&quot;[39m
              [33mfill[39m=[32m&quot;none&quot;[39m
              [33mheight[39m=[32m&quot;24&quot;[39m
              [33mstroke[39m=[32m&quot;currentColor&quot;[39m
              [33mstroke-linecap[39m=[32m&quot;round&quot;[39m
              [33mstroke-linejoin[39m=[32m&quot;round&quot;[39m
              [33mstroke-width[39m=[32m&quot;2&quot;[39m
              [33mviewBox[39m=[32m&quot;0 0 24 24&quot;[39m
              [33mwidth[39m=[32m&quot;24&quot;[39m
              [33mxmlns[39m=[32m&quot;http://www.w3.org/2000/svg&quot;[39m
            [36m&gt;[39m
              [36m&lt;path[39m
                [33md[39m=[32m&quot;m12 19-7-7 7-7&quot;[39m
              [36m/&gt;[39m
              [36m&lt;path[39m
                [33md[39m=[32m&quot;M19 12H5&quot;[39m
              [36m/&gt;[39m
            [36m&lt;/svg&gt;[39m
            [0mCotizaciones[0m
          [36m&lt;/a&gt;[39m
        [36m&lt;/div&gt;[39m
        [36m&lt;header[39m
          [33mclass[39m=[32m&quot;space-y-4&quot;[39m
        [36m&gt;[39m
          [36m&lt;div[39m
            [33mclass[39m=[32m&quot;flex flex-wrap items-start justify-between gap-3&quot;[39m
          [36m&gt;[39m
            [36m&lt;div[39m
              [33mclass[39m=[32m&quot;min-w-0 space-y-1&quot;[39m
            [36m&gt;[39m
              [36m&lt;p[39m
                [33mclass[39m=[32m&quot;font-mono text-[10px] uppercase tracking-[0.18em] text-muted-foreground&quot;[39m
              [36m&gt;[39m
                [0mVentas[0m
              [36m&lt;/p&gt;[39m
              [36m&lt;h1[39m
                [33mclass[39m=[32m&quot;font-display text-2xl font-semibold tracking-tight&quot;[39m
              [36m&gt;[39m
                [0mNueva cotización[0m
              [36m&lt;/h1&gt;[39m
              [36m&lt;p[39m
                [33mclass[39m=[32m&quot;max-w-2xl text-sm text-muted-foreground&quot;[39m
              [36m&gt;[39m
                [0mSelecciona cliente y moto, agrega repuestos y servicios, y revisa los totales en vivo.[0m
              [36m&lt;/p&gt;[39m
            [36m&lt;/div&gt;[39m
            [36m&lt;div[39m
              [33mclass[39m=[32m&quot;flex shrink-0 flex-wrap items-center gap-2&quot;[39m
            [36m&gt;[39m
              [36m&lt;div[39m
                [33mclass[39m=[32m&quot;flex flex-wrap items-center gap-2&quot;[39m
              [36m&gt;[39m
                [36m&lt;button[39m
                  [33mclass[39m=[32m&quot;inline-flex items-center justify-center whitespace-nowrap rounded-md text-sm font-medium transition-all disabled:pointer-events-none disabled:opacity-50 [&amp;_svg]:pointer-events-none [&amp;_svg:not([class*=&apos;size-&apos;])]:size-4 shrink-0 [&amp;_svg]:shrink-0 outline-none focus-visible:border-ring focus-visible:ring-ring/50 focus-visible:ring-[3px] aria-invalid:ring-destructive/20 dark:aria-invalid:ring-destructive/40 aria-invalid:border-destructive border bg-background shadow-xs hover:bg-accent hover:text-accent-foreground dark:bg-input/30 dark:border-input dark:hover:bg-input/50 h-9 px-4 py-2 has-[&gt;svg]:px-3 gap-2&quot;[39m
                  [33mdata-ocid[39m=[32m&quot;quote_detail.cancel_button&quot;[39m
                  [33mdata-slot[39m=[32m&quot;button&quot;[39m
                  [33mtype[39m=[32m&quot;button&quot;[39m
                [36m&gt;[39m
                  [36m&lt;svg[39m
                    [33maria-hidden[39m=[32m&quot;true&quot;[39m
                    [33mclass[39m=[32m&quot;lucide lucide-x size-4&quot;[39m
                    [33mfill[39m=[32m&quot;none&quot;[39m
                    [33mheight[39m=[32m&quot;24&quot;[39m
                    [33mstroke[39m=[32m&quot;currentColor&quot;[39m
                    [33mstroke-linecap[39m=[32m&quot;round&quot;[39m
                    [33mstroke-linejoin[39m=[32m&quot;round&quot;[39m
                    [33mstroke-width[39m=[32m&quot;2&quot;[39m
                    [33mviewBox[39m=[32m&quot;0 0 24 24&quot;[39m
                    [33mwidth[39m=[32m&quot;24&quot;[39m
                    [33mxmlns[39m=[32m&quot;http://www.w3.org/2000/svg&quot;[39m
                  [36m&gt;[39m
                    [36m&lt;path[39m
                      [33md[39m=[32m&quot;M18 6 6 18&quot;[39m
                    [36m/&gt;[39m
                    [36m&lt;path[39m
                      [33md[39m=[32m&quot;m6 6 12 12&quot;[39m
                    [36m/&gt;[39m
                  [36m&lt;/svg&gt;[39m
                  [0mCancelar[0m
                [36m&lt;/button&gt;[39m
                [36m&lt;button[39m
                  [33mclass[39m=[32m&quot;inline-flex items-center justify-center whitespace-nowrap rounded-md text-sm font-medium transition-all disabled:pointer-events-none disabled:opacity-50 [&amp;_svg]:pointer-events-none [&amp;_svg:not([class*=&apos;size-&apos;])]:size-4 shrink-0 [&amp;_svg]:shrink-0 outline-none focus-visible:border-ring focus-visible:ring-ring/50 focus-visible:ring-[3px] aria-invalid:ring-destructive/20 dark:aria-invalid:ring-destructive/40 aria-invalid:border-destructive bg-primary text-primary-foreground shadow-xs hover:bg-primary/90 h-9 px-4 py-2 has-[&gt;svg]:px-3 gap-2&quot;[39m
                  [33mdata-ocid[39m=[32m&quot;quote_detail.save_button&quot;[39m
                  [33mdata-slot[39m=[32m&quot;button&quot;[39m
                  [33mtype[39m=[32m&quot;button&quot;[39m
                [36m&gt;[39m
                  [36m&lt;svg[39m
                    [33maria-hidden[39m=[32m&quot;true&quot;[39m
                    [33mclass[39m=[32m&quot;lucide lucide-save size-4&quot;[39m
                    [33mfill[39m=[32m&quot;none&quot;[39m
                    [33mheight[39m=[32m&quot;24&quot;[39m
                    [33mstroke[39m=[32m&quot;currentColor&quot;[39m
                    [33mstroke-linecap[39m=[32m&quot;round&quot;[39m
                    [33mstroke-linejoin[39m=[32m&quot;round&quot;[39m
                    [33mstroke-width[39m=[32m&quot;2&quot;[39m
                    [33mviewBox..." type="AssertionError">
AssertionError: expected last &quot;spy&quot; call to have been called with [ { search: &apos;balata&apos; }, &apos;name&apos;, …(2) ]

Ignored nodes: comments, script, style
&lt;html&gt;
  &lt;head /&gt;
  &lt;body&gt;
    &lt;div&gt;
      &lt;div
        class=&quot;mx-auto w-full max-w-5xl animate-fade-in space-y-5&quot;
        data-ocid=&quot;quote_detail.page&quot;
      &gt;
        &lt;div
          class=&quot;flex flex-wrap items-center justify-between gap-3 print:hidden&quot;
        &gt;
          &lt;a
            class=&quot;inline-flex items-center justify-center whitespace-nowrap text-sm font-medium transition-all disabled:pointer-events-none disabled:opacity-50 [&amp;_svg]:pointer-events-none [&amp;_svg:not([class*=&apos;size-&apos;])]:size-4 shrink-0 [&amp;_svg]:shrink-0 outline-none focus-visible:border-ring focus-visible:ring-ring/50 focus-visible:ring-[3px] aria-invalid:ring-destructive/20 dark:aria-invalid:ring-destructive/40 aria-invalid:border-destructive hover:bg-accent hover:text-accent-foreground dark:hover:bg-accent/50 h-8 rounded-md px-3 has-[&gt;svg]:px-2.5 -ml-2 gap-1.5 text-muted-foreground&quot;
            data-ocid=&quot;quote_detail.back_link&quot;
            data-slot=&quot;button&quot;
            href=&quot;/cotizaciones&quot;
            type=&quot;button&quot;
          &gt;
            &lt;svg
              aria-hidden=&quot;true&quot;
              class=&quot;lucide lucide-arrow-left size-4&quot;
              fill=&quot;none&quot;
              height=&quot;24&quot;
              stroke=&quot;currentColor&quot;
              stroke-linecap=&quot;round&quot;
              stroke-linejoin=&quot;round&quot;
              stroke-width=&quot;2&quot;
              viewBox=&quot;0 0 24 24&quot;
              width=&quot;24&quot;
              xmlns=&quot;http://www.w3.org/2000/svg&quot;
            &gt;
              &lt;path
                d=&quot;m12 19-7-7 7-7&quot;
              /&gt;
              &lt;path
                d=&quot;M19 12H5&quot;
              /&gt;
            &lt;/svg&gt;
            Cotizaciones
          &lt;/a&gt;
        &lt;/div&gt;
        &lt;header
          class=&quot;space-y-4&quot;
        &gt;
          &lt;div
            class=&quot;flex flex-wrap items-start justify-between gap-3&quot;
          &gt;
            &lt;div
              class=&quot;min-w-0 space-y-1&quot;
            &gt;
              &lt;p
                class=&quot;font-mono text-[10px] uppercase tracking-[0.18em] text-muted-foreground&quot;
              &gt;
                Ventas
              &lt;/p&gt;
              &lt;h1
                class=&quot;font-display text-2xl font-semibold tracking-tight&quot;
              &gt;
                Nueva cotización
              &lt;/h1&gt;
              &lt;p
                class=&quot;max-w-2xl text-sm text-muted-foreground&quot;
              &gt;
                Selecciona cliente y moto, agrega repuestos y servicios, y revisa los totales en vivo.
              &lt;/p&gt;
            &lt;/div&gt;
            &lt;div
              class=&quot;flex shrink-0 flex-wrap items-center gap-2&quot;
            &gt;
              &lt;div
                class=&quot;flex flex-wrap items-center gap-2&quot;
              &gt;
                &lt;button
                  class=&quot;inline-flex items-center justify-center whitespace-nowrap rounded-md text-sm font-medium transition-all disabled:pointer-events-none disabled:opacity-50 [&amp;_svg]:pointer-events-none [&amp;_svg:not([class*=&apos;size-&apos;])]:size-4 shrink-0 [&amp;_svg]:shrink-0 outline-none focus-visible:border-ring focus-visible:ring-ring/50 focus-visible:ring-[3px] aria-invalid:ring-destructive/20 dark:aria-invalid:ring-destructive/40 aria-invalid:border-destructive border bg-background shadow-xs hover:bg-accent hover:text-accent-foreground dark:bg-input/30 dark:border-input dark:hover:bg-input/50 h-9 px-4 py-2 has-[&gt;svg]:px-3 gap-2&quot;
                  data-ocid=&quot;quote_detail.cancel_button&quot;
                  data-slot=&quot;button&quot;
                  type=&quot;button&quot;
                &gt;
                  &lt;svg
                    aria-hidden=&quot;true&quot;
                    class=&quot;lucide lucide-x size-4&quot;
                    fill=&quot;none&quot;
                    height=&quot;24&quot;
                    stroke=&quot;currentColor&quot;
                    stroke-linecap=&quot;round&quot;
                    stroke-linejoin=&quot;round&quot;
                    stroke-width=&quot;2&quot;
                    viewBox=&quot;0 0 24 24&quot;
                    width=&quot;24&quot;
                    xmlns=&quot;http://www.w3.org/2000/svg&quot;
                  &gt;
                    &lt;path
                      d=&quot;M18 6 6 18&quot;
                    /&gt;
                    &lt;path
                      d=&quot;m6 6 12 12&quot;
                    /&gt;
                  &lt;/svg&gt;
                  Cancelar
                &lt;/button&gt;
                &lt;button
                  class=&quot;inline-flex items-center justify-center whitespace-nowrap rounded-md text-sm font-medium transition-all disabled:pointer-events-none disabled:opacity-50 [&amp;_svg]:pointer-events-none [&amp;_svg:not([class*=&apos;size-&apos;])]:size-4 shrink-0 [&amp;_svg]:shrink-0 outline-none focus-visible:border-ring focus-visible:ring-ring/50 focus-visible:ring-[3px] aria-invalid:ring-destructive/20 dark:aria-invalid:ring-destructive/40 aria-invalid:border-destructive bg-primary text-primary-foreground shadow-xs hover:bg-primary/90 h-9 px-4 py-2 has-[&gt;svg]:px-3 gap-2&quot;
                  data-ocid=&quot;quote_detail.save_button&quot;
                  data-slot=&quot;button&quot;
                  type=&quot;button&quot;
                &gt;
                  &lt;svg
                    aria-hidden=&quot;true&quot;
                    class=&quot;lucide lucide-save size-4&quot;
                    fill=&quot;none&quot;
                    height=&quot;24&quot;
                    stroke=&quot;currentColor&quot;
                    stroke-linecap=&quot;round&quot;
                    stroke-linejoin=&quot;round&quot;
                    stroke-width=&quot;2&quot;
                    viewBox...

- Expected
+ Received

@@ -1,6 +1,7 @@
  [
+   null,
    {
      &quot;search&quot;: &quot;balata&quot;,
    },
    &quot;name&quot;,
    0n,

 ❯ src/pages/QuoteDetailPage.search.test.tsx:258:29
 ❯ runWithExpensiveErrorDiagnosticsDisabled ../../../../../../opt/pnpm-templates/build_template/node_modules/.pnpm/@testing-library+dom@10.4.2/node_modules/@testing-library/dom/dist/config.js:47:12
 ❯ checkCallback ../../../../../../opt/pnpm-templates/build_template/node_modules/.pnpm/@testing-library+dom@10.4.2/node_modules/@testing-library/dom/dist/wait-for.js:124:77
 ❯ Timeout.checkRealTimersCallback ../../../../../../opt/pnpm-templates/build_template/node_modules/.pnpm/@testing-library+dom@10.4.2/node_modules/@testing-library/dom/dist/wait-for.js:118:16
            </failure>
        </testcase>
        <testcase classname="src/pages/QuoteDetailPage.search.test.tsx" name="QuoteDetailPage new-quote picker search &gt; still lists and selects a service after searching" time="1.064505792">
            <failure message="expected last &quot;spy&quot; call to have been called with [ ObjectContaining{…}, &apos;name&apos;, …(2) ]

Ignored nodes: comments, script, style
[36m&lt;html&gt;[39m
  [36m&lt;head /&gt;[39m
  [36m&lt;body&gt;[39m
    [36m&lt;div&gt;[39m
      [36m&lt;div[39m
        [33mclass[39m=[32m&quot;mx-auto w-full max-w-5xl animate-fade-in space-y-5&quot;[39m
        [33mdata-ocid[39m=[32m&quot;quote_detail.page&quot;[39m
      [36m&gt;[39m
        [36m&lt;div[39m
          [33mclass[39m=[32m&quot;flex flex-wrap items-center justify-between gap-3 print:hidden&quot;[39m
        [36m&gt;[39m
          [36m&lt;a[39m
            [33mclass[39m=[32m&quot;inline-flex items-center justify-center whitespace-nowrap text-sm font-medium transition-all disabled:pointer-events-none disabled:opacity-50 [&amp;_svg]:pointer-events-none [&amp;_svg:not([class*=&apos;size-&apos;])]:size-4 shrink-0 [&amp;_svg]:shrink-0 outline-none focus-visible:border-ring focus-visible:ring-ring/50 focus-visible:ring-[3px] aria-invalid:ring-destructive/20 dark:aria-invalid:ring-destructive/40 aria-invalid:border-destructive hover:bg-accent hover:text-accent-foreground dark:hover:bg-accent/50 h-8 rounded-md px-3 has-[&gt;svg]:px-2.5 -ml-2 gap-1.5 text-muted-foreground&quot;[39m
            [33mdata-ocid[39m=[32m&quot;quote_detail.back_link&quot;[39m
            [33mdata-slot[39m=[32m&quot;button&quot;[39m
            [33mhref[39m=[32m&quot;/cotizaciones&quot;[39m
            [33mtype[39m=[32m&quot;button&quot;[39m
          [36m&gt;[39m
            [36m&lt;svg[39m
              [33maria-hidden[39m=[32m&quot;true&quot;[39m
              [33mclass[39m=[32m&quot;lucide lucide-arrow-left size-4&quot;[39m
              [33mfill[39m=[32m&quot;none&quot;[39m
              [33mheight[39m=[32m&quot;24&quot;[39m
              [33mstroke[39m=[32m&quot;currentColor&quot;[39m
              [33mstroke-linecap[39m=[32m&quot;round&quot;[39m
              [33mstroke-linejoin[39m=[32m&quot;round&quot;[39m
              [33mstroke-width[39m=[32m&quot;2&quot;[39m
              [33mviewBox[39m=[32m&quot;0 0 24 24&quot;[39m
              [33mwidth[39m=[32m&quot;24&quot;[39m
              [33mxmlns[39m=[32m&quot;http://www.w3.org/2000/svg&quot;[39m
            [36m&gt;[39m
              [36m&lt;path[39m
                [33md[39m=[32m&quot;m12 19-7-7 7-7&quot;[39m
              [36m/&gt;[39m
              [36m&lt;path[39m
                [33md[39m=[32m&quot;M19 12H5&quot;[39m
              [36m/&gt;[39m
            [36m&lt;/svg&gt;[39m
            [0mCotizaciones[0m
          [36m&lt;/a&gt;[39m
        [36m&lt;/div&gt;[39m
        [36m&lt;header[39m
          [33mclass[39m=[32m&quot;space-y-4&quot;[39m
        [36m&gt;[39m
          [36m&lt;div[39m
            [33mclass[39m=[32m&quot;flex flex-wrap items-start justify-between gap-3&quot;[39m
          [36m&gt;[39m
            [36m&lt;div[39m
              [33mclass[39m=[32m&quot;min-w-0 space-y-1&quot;[39m
            [36m&gt;[39m
              [36m&lt;p[39m
                [33mclass[39m=[32m&quot;font-mono text-[10px] uppercase tracking-[0.18em] text-muted-foreground&quot;[39m
              [36m&gt;[39m
                [0mVentas[0m
              [36m&lt;/p&gt;[39m
              [36m&lt;h1[39m
                [33mclass[39m=[32m&quot;font-display text-2xl font-semibold tracking-tight&quot;[39m
              [36m&gt;[39m
                [0mNueva cotización[0m
              [36m&lt;/h1&gt;[39m
              [36m&lt;p[39m
                [33mclass[39m=[32m&quot;max-w-2xl text-sm text-muted-foreground&quot;[39m
              [36m&gt;[39m
                [0mSelecciona cliente y moto, agrega repuestos y servicios, y revisa los totales en vivo.[0m
              [36m&lt;/p&gt;[39m
            [36m&lt;/div&gt;[39m
            [36m&lt;div[39m
              [33mclass[39m=[32m&quot;flex shrink-0 flex-wrap items-center gap-2&quot;[39m
            [36m&gt;[39m
              [36m&lt;div[39m
                [33mclass[39m=[32m&quot;flex flex-wrap items-center gap-2&quot;[39m
              [36m&gt;[39m
                [36m&lt;button[39m
                  [33mclass[39m=[32m&quot;inline-flex items-center justify-center whitespace-nowrap rounded-md text-sm font-medium transition-all disabled:pointer-events-none disabled:opacity-50 [&amp;_svg]:pointer-events-none [&amp;_svg:not([class*=&apos;size-&apos;])]:size-4 shrink-0 [&amp;_svg]:shrink-0 outline-none focus-visible:border-ring focus-visible:ring-ring/50 focus-visible:ring-[3px] aria-invalid:ring-destructive/20 dark:aria-invalid:ring-destructive/40 aria-invalid:border-destructive border bg-background shadow-xs hover:bg-accent hover:text-accent-foreground dark:bg-input/30 dark:border-input dark:hover:bg-input/50 h-9 px-4 py-2 has-[&gt;svg]:px-3 gap-2&quot;[39m
                  [33mdata-ocid[39m=[32m&quot;quote_detail.cancel_button&quot;[39m
                  [33mdata-slot[39m=[32m&quot;button&quot;[39m
                  [33mtype[39m=[32m&quot;button&quot;[39m
                [36m&gt;[39m
                  [36m&lt;svg[39m
                    [33maria-hidden[39m=[32m&quot;true&quot;[39m
                    [33mclass[39m=[32m&quot;lucide lucide-x size-4&quot;[39m
                    [33mfill[39m=[32m&quot;none&quot;[39m
                    [33mheight[39m=[32m&quot;24&quot;[39m
                    [33mstroke[39m=[32m&quot;currentColor&quot;[39m
                    [33mstroke-linecap[39m=[32m&quot;round&quot;[39m
                    [33mstroke-linejoin[39m=[32m&quot;round&quot;[39m
                    [33mstroke-width[39m=[32m&quot;2&quot;[39m
                    [33mviewBox[39m=[32m&quot;0 0 24 24&quot;[39m
                    [33mwidth[39m=[32m&quot;24&quot;[39m
                    [33mxmlns[39m=[32m&quot;http://www.w3.org/2000/svg&quot;[39m
                  [36m&gt;[39m
                    [36m&lt;path[39m
                      [33md[39m=[32m&quot;M18 6 6 18&quot;[39m
                    [36m/&gt;[39m
                    [36m&lt;path[39m
                      [33md[39m=[32m&quot;m6 6 12 12&quot;[39m
                    [36m/&gt;[39m
                  [36m&lt;/svg&gt;[39m
                  [0mCancelar[0m
                [36m&lt;/button&gt;[39m
                [36m&lt;button[39m
                  [33mclass[39m=[32m&quot;inline-flex items-center justify-center whitespace-nowrap rounded-md text-sm font-medium transition-all disabled:pointer-events-none disabled:opacity-50 [&amp;_svg]:pointer-events-none [&amp;_svg:not([class*=&apos;size-&apos;])]:size-4 shrink-0 [&amp;_svg]:shrink-0 outline-none focus-visible:border-ring focus-visible:ring-ring/50 focus-visible:ring-[3px] aria-invalid:ring-destructive/20 dark:aria-invalid:ring-destructive/40 aria-invalid:border-destructive bg-primary text-primary-foreground shadow-xs hover:bg-primary/90 h-9 px-4 py-2 has-[&gt;svg]:px-3 gap-2&quot;[39m
                  [33mdata-ocid[39m=[32m&quot;quote_detail.save_button&quot;[39m
                  [33mdata-slot[39m=[32m&quot;button&quot;[39m
                  [33mtype[39m=[32m&quot;button&quot;[39m
                [36m&gt;[39m
                  [36m&lt;svg[39m
                    [33maria-hidden[39m=[32m&quot;true&quot;[39m
                    [33mclass[39m=[32m&quot;lucide lucide-save size-4&quot;[39m
                    [33mfill[39m=[32m&quot;none&quot;[39m
                    [33mheight[39m=[32m&quot;24&quot;[39m
                    [33mstroke[39m=[32m&quot;currentColor&quot;[39m
                    [33mstroke-linecap[39m=[32m&quot;round&quot;[39m
                    [33mstroke-linejoin[39m=[32m&quot;round&quot;[39m
                    [33mstroke-width[39m=[32m&quot;2&quot;[39m
                    [33mviewBox..." type="AssertionError">
AssertionError: expected last &quot;spy&quot; call to have been called with [ ObjectContaining{…}, &apos;name&apos;, …(2) ]

Ignored nodes: comments, script, style
&lt;html&gt;
  &lt;head /&gt;
  &lt;body&gt;
    &lt;div&gt;
      &lt;div
        class=&quot;mx-auto w-full max-w-5xl animate-fade-in space-y-5&quot;
        data-ocid=&quot;quote_detail.page&quot;
      &gt;
        &lt;div
          class=&quot;flex flex-wrap items-center justify-between gap-3 print:hidden&quot;
        &gt;
          &lt;a
            class=&quot;inline-flex items-center justify-center whitespace-nowrap text-sm font-medium transition-all disabled:pointer-events-none disabled:opacity-50 [&amp;_svg]:pointer-events-none [&amp;_svg:not([class*=&apos;size-&apos;])]:size-4 shrink-0 [&amp;_svg]:shrink-0 outline-none focus-visible:border-ring focus-visible:ring-ring/50 focus-visible:ring-[3px] aria-invalid:ring-destructive/20 dark:aria-invalid:ring-destructive/40 aria-invalid:border-destructive hover:bg-accent hover:text-accent-foreground dark:hover:bg-accent/50 h-8 rounded-md px-3 has-[&gt;svg]:px-2.5 -ml-2 gap-1.5 text-muted-foreground&quot;
            data-ocid=&quot;quote_detail.back_link&quot;
            data-slot=&quot;button&quot;
            href=&quot;/cotizaciones&quot;
            type=&quot;button&quot;
          &gt;
            &lt;svg
              aria-hidden=&quot;true&quot;
              class=&quot;lucide lucide-arrow-left size-4&quot;
              fill=&quot;none&quot;
              height=&quot;24&quot;
              stroke=&quot;currentColor&quot;
              stroke-linecap=&quot;round&quot;
              stroke-linejoin=&quot;round&quot;
              stroke-width=&quot;2&quot;
              viewBox=&quot;0 0 24 24&quot;
              width=&quot;24&quot;
              xmlns=&quot;http://www.w3.org/2000/svg&quot;
            &gt;
              &lt;path
                d=&quot;m12 19-7-7 7-7&quot;
              /&gt;
              &lt;path
                d=&quot;M19 12H5&quot;
              /&gt;
            &lt;/svg&gt;
            Cotizaciones
          &lt;/a&gt;
        &lt;/div&gt;
        &lt;header
          class=&quot;space-y-4&quot;
        &gt;
          &lt;div
            class=&quot;flex flex-wrap items-start justify-between gap-3&quot;
          &gt;
            &lt;div
              class=&quot;min-w-0 space-y-1&quot;
            &gt;
              &lt;p
                class=&quot;font-mono text-[10px] uppercase tracking-[0.18em] text-muted-foreground&quot;
              &gt;
                Ventas
              &lt;/p&gt;
              &lt;h1
                class=&quot;font-display text-2xl font-semibold tracking-tight&quot;
              &gt;
                Nueva cotización
              &lt;/h1&gt;
              &lt;p
                class=&quot;max-w-2xl text-sm text-muted-foreground&quot;
              &gt;
                Selecciona cliente y moto, agrega repuestos y servicios, y revisa los totales en vivo.
              &lt;/p&gt;
            &lt;/div&gt;
            &lt;div
              class=&quot;flex shrink-0 flex-wrap items-center gap-2&quot;
            &gt;
              &lt;div
                class=&quot;flex flex-wrap items-center gap-2&quot;
              &gt;
                &lt;button
                  class=&quot;inline-flex items-center justify-center whitespace-nowrap rounded-md text-sm font-medium transition-all disabled:pointer-events-none disabled:opacity-50 [&amp;_svg]:pointer-events-none [&amp;_svg:not([class*=&apos;size-&apos;])]:size-4 shrink-0 [&amp;_svg]:shrink-0 outline-none focus-visible:border-ring focus-visible:ring-ring/50 focus-visible:ring-[3px] aria-invalid:ring-destructive/20 dark:aria-invalid:ring-destructive/40 aria-invalid:border-destructive border bg-background shadow-xs hover:bg-accent hover:text-accent-foreground dark:bg-input/30 dark:border-input dark:hover:bg-input/50 h-9 px-4 py-2 has-[&gt;svg]:px-3 gap-2&quot;
                  data-ocid=&quot;quote_detail.cancel_button&quot;
                  data-slot=&quot;button&quot;
                  type=&quot;button&quot;
                &gt;
                  &lt;svg
                    aria-hidden=&quot;true&quot;
                    class=&quot;lucide lucide-x size-4&quot;
                    fill=&quot;none&quot;
                    height=&quot;24&quot;
                    stroke=&quot;currentColor&quot;
                    stroke-linecap=&quot;round&quot;
                    stroke-linejoin=&quot;round&quot;
                    stroke-width=&quot;2&quot;
                    viewBox=&quot;0 0 24 24&quot;
                    width=&quot;24&quot;
                    xmlns=&quot;http://www.w3.org/2000/svg&quot;
                  &gt;
                    &lt;path
                      d=&quot;M18 6 6 18&quot;
                    /&gt;
                    &lt;path
                      d=&quot;m6 6 12 12&quot;
                    /&gt;
                  &lt;/svg&gt;
                  Cancelar
                &lt;/button&gt;
                &lt;button
                  class=&quot;inline-flex items-center justify-center whitespace-nowrap rounded-md text-sm font-medium transition-all disabled:pointer-events-none disabled:opacity-50 [&amp;_svg]:pointer-events-none [&amp;_svg:not([class*=&apos;size-&apos;])]:size-4 shrink-0 [&amp;_svg]:shrink-0 outline-none focus-visible:border-ring focus-visible:ring-ring/50 focus-visible:ring-[3px] aria-invalid:ring-destructive/20 dark:aria-invalid:ring-destructive/40 aria-invalid:border-destructive bg-primary text-primary-foreground shadow-xs hover:bg-primary/90 h-9 px-4 py-2 has-[&gt;svg]:px-3 gap-2&quot;
                  data-ocid=&quot;quote_detail.save_button&quot;
                  data-slot=&quot;button&quot;
                  type=&quot;button&quot;
                &gt;
                  &lt;svg
                    aria-hidden=&quot;true&quot;
                    class=&quot;lucide lucide-save size-4&quot;
                    fill=&quot;none&quot;
                    height=&quot;24&quot;
                    stroke=&quot;currentColor&quot;
                    stroke-linecap=&quot;round&quot;
                    stroke-linejoin=&quot;round&quot;
                    stroke-width=&quot;2&quot;
                    viewBox...

- Expected
+ Received

@@ -1,7 +1,10 @@
  [
-   ObjectContaining {
+   null,
+   {
+     &quot;activeOnly&quot;: true,
+     &quot;category&quot;: undefined,
      &quot;search&quot;: &quot;aceite&quot;,
    },
    &quot;name&quot;,
    0n,
    100n,

 ❯ src/pages/QuoteDetailPage.search.test.tsx:290:32
 ❯ runWithExpensiveErrorDiagnosticsDisabled ../../../../../../opt/pnpm-templates/build_template/node_modules/.pnpm/@testing-library+dom@10.4.2/node_modules/@testing-library/dom/dist/config.js:47:12
 ❯ checkCallback ../../../../../../opt/pnpm-templates/build_template/node_modules/.pnpm/@testing-library+dom@10.4.2/node_modules/@testing-library/dom/dist/wait-for.js:124:77
 ❯ Timeout.checkRealTimersCallback ../../../../../../opt/pnpm-templates/build_template/node_modules/.pnpm/@testing-library+dom@10.4.2/node_modules/@testing-library/dom/dist/wait-for.js:118:16
            </failure>
        </testcase>
    </testsuite>
    <testsuite name="src/pages/QuoteDetailPage.test.tsx" timestamp="2026-09-25T20:55:14.700Z" hostname="2a82af66d266" tests="5" failures="0" errors="0" skipped="0" time="0.40869672">
        <testcase classname="src/pages/QuoteDetailPage.test.tsx" name="QuoteDetailPage &gt; renders the loaded quote with its live totals and printable document" time="0.089895065">
        </testcase>
        <testcase classname="src/pages/QuoteDetailPage.test.tsx" name="QuoteDetailPage &gt; shows the tax line for a responsable company" time="0.040627443">
        </testcase>
        <testcase classname="src/pages/QuoteDetailPage.test.tsx" name="QuoteDetailPage &gt; hides the tax line and totals the discounted base for a non-responsable company" time="0.054721064">
        </testcase>
        <testcase classname="src/pages/QuoteDetailPage.test.tsx" name="QuoteDetailPage &gt; opens WhatsApp for the quote&apos;s customer with the quote context" time="0.135336463">
        </testcase>
        <testcase classname="src/pages/QuoteDetailPage.test.tsx" name="QuoteDetailPage &gt; explains when the quote&apos;s customer has no phone registered" time="0.087101023">
        </testcase>
    </testsuite>
    <testsuite name="src/pages/QuotesPage.test.tsx" timestamp="2026-09-25T20:55:14.701Z" hostname="2a82af66d266" tests="7" failures="1" errors="0" skipped="0" time="0.543160305">
        <testcase classname="src/pages/QuotesPage.test.tsx" name="QuotesPage &gt; lists quotes with number, customer and totals" time="0.127175318">
        </testcase>
        <testcase classname="src/pages/QuotesPage.test.tsx" name="QuotesPage &gt; renders the empty state when there are no quotes" time="0.040463751">
        </testcase>
        <testcase classname="src/pages/QuotesPage.test.tsx" name="QuotesPage &gt; opens the notify dialog for the quote&apos;s customer and sends to the registered email" time="0.136946229">
        </testcase>
        <testcase classname="src/pages/QuotesPage.test.tsx" name="QuotesPage &gt; blocks the notify send when the customer has no registered email" time="0.083590022">
        </testcase>
        <testcase classname="src/pages/QuotesPage.test.tsx" name="QuotesPage &gt; passes the selected sort to the backend" time="0.024427628">
            <failure message="expected last &quot;spy&quot; call to have been called with [ { status: undefined, …(1) }, …(3) ]" type="AssertionError">
AssertionError: expected last &quot;spy&quot; call to have been called with [ { status: undefined, …(1) }, …(3) ]

- Expected
+ Received

@@ -1,6 +1,7 @@
  [
+   null,
    {
      &quot;search&quot;: undefined,
      &quot;status&quot;: undefined,
    },
    &quot;createdAt&quot;,

 ❯ src/pages/QuotesPage.test.tsx:239:28
            </failure>
        </testcase>
        <testcase classname="src/pages/QuotesPage.test.tsx" name="QuotesPage &gt; opens WhatsApp for the quote&apos;s customer with the quote context" time="0.087117552">
        </testcase>
        <testcase classname="src/pages/QuotesPage.test.tsx" name="QuotesPage &gt; explains when the quote&apos;s customer has no phone registered" time="0.042361053">
        </testcase>
    </testsuite>
    <testsuite name="src/pages/RolesPage.test.tsx" timestamp="2026-09-25T20:55:14.704Z" hostname="2a82af66d266" tests="9" failures="0" errors="0" skipped="0" time="0.814428517">
        <testcase classname="src/pages/RolesPage.test.tsx" name="RolesPage &gt; separates built-in roles from custom roles" time="0.082216007">
        </testcase>
        <testcase classname="src/pages/RolesPage.test.tsx" name="RolesPage &gt; keeps built-in roles read-only" time="0.015228854">
        </testcase>
        <testcase classname="src/pages/RolesPage.test.tsx" name="RolesPage &gt; shows an empty state when there are no roles" time="0.012235769">
        </testcase>
        <testcase classname="src/pages/RolesPage.test.tsx" name="RolesPage &gt; creates a custom role with its name and selected modules" time="0.345526692">
        </testcase>
        <testcase classname="src/pages/RolesPage.test.tsx" name="RolesPage &gt; refuses to create a role without any module" time="0.127040426">
        </testcase>
        <testcase classname="src/pages/RolesPage.test.tsx" name="RolesPage &gt; edits a custom role&apos;s name and modules" time="0.157170678">
        </testcase>
        <testcase classname="src/pages/RolesPage.test.tsx" name="RolesPage &gt; deletes a custom role after the confirmation" time="0.033466901">
        </testcase>
        <testcase classname="src/pages/RolesPage.test.tsx" name="RolesPage &gt; explains a roleInUse refusal when deleting an assigned role" time="0.03247468">
        </testcase>
        <testcase classname="src/pages/RolesPage.test.tsx" name="RolesPage &gt; shows an error state when the role list fails to load" time="0.00795287">
        </testcase>
    </testsuite>
    <testsuite name="src/pages/ServiceCategoriesPage.test.tsx" timestamp="2026-09-25T20:55:14.706Z" hostname="2a82af66d266" tests="7" failures="3" errors="0" skipped="0" time="1.416582043">
        <testcase classname="src/pages/ServiceCategoriesPage.test.tsx" name="ServiceCategoriesPage &gt; lists categories with their service usage counts" time="0.050146302">
        </testcase>
        <testcase classname="src/pages/ServiceCategoriesPage.test.tsx" name="ServiceCategoriesPage &gt; creates a category from the embedded form" time="0.144339395">
            <failure message="expected null to deeply equal { name: &apos;Frenos&apos;, …(1) }" type="AssertionError">
AssertionError: expected null to deeply equal { name: &apos;Frenos&apos;, …(1) }

- Expected: 
{
  &quot;description&quot;: &quot;Sistema de frenado&quot;,
  &quot;name&quot;: &quot;Frenos&quot;,
}

+ Received: 
null

 ❯ src/pages/ServiceCategoriesPage.test.tsx:92:49
            </failure>
        </testcase>
        <testcase classname="src/pages/ServiceCategoriesPage.test.tsx" name="ServiceCategoriesPage &gt; edits a category with its current values" time="0.107411076">
            <failure message="expected null to be 1n // Object.is equality" type="AssertionError">
AssertionError: expected null to be 1n // Object.is equality

- Expected: 
1n

+ Received: 
null

 ❯ src/pages/ServiceCategoriesPage.test.tsx:121:49
            </failure>
        </testcase>
        <testcase classname="src/pages/ServiceCategoriesPage.test.tsx" name="ServiceCategoriesPage &gt; deletes a category only after confirming" time="1.055421594">
            <failure message="expected &quot;spy&quot; to be called with arguments: [ 1n ][90m

Received: 

[1m  1st spy call:

[22m[2m  [[22m
[31m+   null,[90m
[2m    1n,[22m
[2m  ][22m
[39m[90m

Number of calls: [1m1[22m
[39m

Ignored nodes: comments, script, style
[36m&lt;html&gt;[39m
  [36m&lt;head /&gt;[39m
  [36m&lt;body&gt;[39m
    [36m&lt;div&gt;[39m
      [36m&lt;div[39m
        [33mclass[39m=[32m&quot;mx-auto w-full max-w-6xl animate-fade-in space-y-5&quot;[39m
        [33mdata-ocid[39m=[32m&quot;service_categories.page&quot;[39m
      [36m&gt;[39m
        [36m&lt;header[39m
          [33mclass[39m=[32m&quot;space-y-1&quot;[39m
        [36m&gt;[39m
          [36m&lt;p[39m
            [33mclass[39m=[32m&quot;font-mono text-[10px] uppercase tracking-[0.18em] text-muted-foreground&quot;[39m
          [36m&gt;[39m
            [0mCatálogo[0m
          [36m&lt;/p&gt;[39m
          [36m&lt;h1[39m
            [33mclass[39m=[32m&quot;font-display text-2xl font-semibold tracking-tight&quot;[39m
          [36m&gt;[39m
            [0mCategorías de servicios[0m
          [36m&lt;/h1&gt;[39m
          [36m&lt;p[39m
            [33mclass[39m=[32m&quot;max-w-2xl text-sm text-muted-foreground&quot;[39m
          [36m&gt;[39m
            [0mAdministra las categorías del catálogo de servicios y su uso por servicio. Una categoría con servicios activos no se puede eliminar.[0m
          [36m&lt;/p&gt;[39m
        [36m&lt;/header&gt;[39m
        [36m&lt;div[39m
          [33mclass[39m=[32m&quot;space-y-4 rounded-lg border border-border bg-card p-4 shadow-subtle&quot;[39m
          [33mdata-ocid[39m=[32m&quot;service_categories.dialog&quot;[39m
        [36m&gt;[39m
          [36m&lt;form[39m
            [33mclass[39m=[32m&quot;space-y-3 rounded-md border border-border bg-muted/40 p-3&quot;[39m
            [33mdata-ocid[39m=[32m&quot;service_categories.form&quot;[39m
          [36m&gt;[39m
            [36m&lt;p[39m
              [33mclass[39m=[32m&quot;font-mono text-[10px] uppercase tracking-[0.16em] text-muted-foreground&quot;[39m
            [36m&gt;[39m
              [0mNueva categoría[0m
            [36m&lt;/p&gt;[39m
            [36m&lt;div[39m
              [33mclass[39m=[32m&quot;grid gap-3 sm:grid-cols-2&quot;[39m
            [36m&gt;[39m
              [36m&lt;div[39m
                [33mclass[39m=[32m&quot;space-y-1.5&quot;[39m
              [36m&gt;[39m
                [36m&lt;label[39m
                  [33mclass[39m=[32m&quot;flex items-center gap-2 text-sm leading-none font-medium select-none group-data-[disabled=true]:pointer-events-none group-data-[disabled=true]:opacity-50 peer-disabled:cursor-not-allowed peer-disabled:opacity-50&quot;[39m
                  [33mdata-slot[39m=[32m&quot;label&quot;[39m
                  [33mfor[39m=[32m&quot;category-name&quot;[39m
                [36m&gt;[39m
                  [0mNombre[0m
                [36m&lt;/label&gt;[39m
                [36m&lt;input[39m
                  [33mclass[39m=[32m&quot;file:text-foreground placeholder:text-muted-foreground selection:bg-primary selection:text-primary-foreground dark:bg-input/30 border-input flex h-9 w-full min-w-0 rounded-md border bg-transparent px-3 py-1 text-base shadow-xs transition-[color,box-shadow] outline-none file:inline-flex file:h-7 file:border-0 file:bg-transparent file:text-sm file:font-medium disabled:pointer-events-none disabled:cursor-not-allowed disabled:opacity-50 md:text-sm focus-visible:border-ring focus-visible:ring-ring/50 focus-visible:ring-[3px] aria-invalid:ring-destructive/20 dark:aria-invalid:ring-destructive/40 aria-invalid:border-destructive&quot;[39m
                  [33mdata-ocid[39m=[32m&quot;service_categories.name_input&quot;[39m
                  [33mdata-slot[39m=[32m&quot;input&quot;[39m
                  [33mid[39m=[32m&quot;category-name&quot;[39m
                  [33mplaceholder[39m=[32m&quot;Mantenimiento&quot;[39m
                  [33mrequired[39m=[32m&quot;&quot;[39m
                  [33mvalue[39m=[32m&quot;&quot;[39m
                [36m/&gt;[39m
              [36m&lt;/div&gt;[39m
              [36m&lt;div[39m
                [33mclass[39m=[32m&quot;space-y-1.5&quot;[39m
              [36m&gt;[39m
                [36m&lt;label[39m
                  [33mclass[39m=[32m&quot;flex items-center gap-2 text-sm leading-none font-medium select-none group-data-[disabled=true]:pointer-events-none group-data-[disabled=true]:opacity-50 peer-disabled:cursor-not-allowed peer-disabled:opacity-50&quot;[39m
                  [33mdata-slot[39m=[32m&quot;label&quot;[39m
                  [33mfor[39m=[32m&quot;category-description&quot;[39m
                [36m&gt;[39m
                  [0mDescripción[0m
                [36m&lt;/label&gt;[39m
                [36m&lt;textarea[39m
                  [33mclass[39m=[32m&quot;border-input placeholder:text-muted-foreground focus-visible:border-ring focus-visible:ring-ring/50 aria-invalid:ring-destructive/20 dark:aria-invalid:ring-destructive/40 aria-invalid:border-destructive dark:bg-input/30 flex field-sizing-content min-h-16 w-full rounded-md border bg-transparent px-3 py-2 text-base shadow-xs transition-[color,box-shadow] outline-none focus-visible:ring-[3px] disabled:cursor-not-allowed disabled:opacity-50 md:text-sm&quot;[39m
                  [33mdata-ocid[39m=[32m&quot;service_categories.description_input&quot;[39m
                  [33mdata-slot[39m=[32m&quot;textarea&quot;[39m
                  [33mid[39m=[32m&quot;category-description&quot;[39m
                  [33mplaceholder[39m=[32m&quot;Servicios de mantenimiento preventivo y correctivo.&quot;[39m
                  [33mrows[39m=[32m&quot;1&quot;[39m
                [36m/&gt;[39m
              [36m&lt;/div&gt;[39m
            [36m&lt;/div&gt;[39m
            [36m&lt;div[39m
              [33mclass[39m=[32m&quot;flex items-center justify-end gap-2&quot;[39m
            [36m&gt;[39m
              [36m&lt;button[39m
                [33mclass[39m=[32m&quot;inline-flex items-center justify-center whitespace-nowrap text-sm font-medium transition-all disabled:pointer-events-none disabled:opacity-50 [&amp;_svg]:pointer-events-none [&amp;_svg:not([class*=&apos;size-&apos;])]:size-4 shrink-0 [&amp;_svg]:shrink-0 outline-none focus-visible:border-ring focus-visible:ring-ring/50 focus-visible:ring-[3px] aria-invalid:ring-destructive/20 dark:aria-invalid:ring-destructive/40 aria-invalid:border-destructive bg-primary text-primary-foreground shadow-xs hover:bg-primary/90 h-8 rounded-md px-3 has-[&gt;svg]:px-2.5 gap-2&quot;[39m
                [33mdata-ocid[39m=[32m&quot;service_categories.submit_button&quot;[39m
                [33mdata-slot[39m=[32m&quot;button&quot;[39m
                [33mtype[39m=[32m&quot;submit&quot;[39m
              [36m&gt;[39m
                [36m&lt;svg[39m
                  [33maria-hidden[39m=[32m&quot;true&quot;[39m
                  [33mclass[39m=[32m&quot;lucide lucide-plus size-4&quot;[39m
                  [33mfill[39m=[32m&quot;none&quot;[39m
                  [33mheight[39m=[32m&quot;24&quot;[39m
                  [33mstroke[39m=[32m&quot;currentColor&quot;[39m
                  [33mstroke-linecap[39m=[32m&quot;round&quot;[39m
                  [33mstroke-linejoin[39m=[32m&quot;round&quot;[39m
                  [33mstroke-width[39m=[32m&quot;2&quot;[39m
                  [33mviewBox[39m=[32m&quot;0 0 24 24&quot;[39m
                  [33mwidth[39m=[32m&quot;24&quot;[39m
                  [33mxmlns[39m=[32m&quot;http://www.w3.org/2000/svg&quot;[39m
                [36m&gt;[39m
                  [36m&lt;path[39m
                    [33md[39m=[32m&quot;M5 12h14&quot;[39m
                  [36m/&gt;[39m
                  [36m&lt;path[39m
                    [33md[39m=[32m&quot;M12 5v14&quot;[39m
                  [36m/&gt;[39m
                [36m&lt;/svg&gt;[39m
                [0mCrear categoría[0m
              [36m&lt;/button&gt;[39m
            [36m&lt;/div&gt;[39m
          [36m&lt;/form&gt;[39m
          [36m&lt;div[39m
            [33mclass[39m=[32m&quot;space-y-2&quot;[39m
          [36m&gt;[39m
            [36m&lt;div[39m
              [33mclass[39m=[32m&quot;flex items-center justify-between gap-3&quot;[39m
            [36m&gt;[39m
              [36m&lt;p[39m
                [33mclass[39m=[32m&quot;font-mono text-[10px] uppercase tracking-[0.16em] text-muted-foreground&quot;[39m
              [36m&gt;[39m
                [0m1 categoría[0m
              [36m&lt;/p&gt;[39m
              [36m&lt;input[39m
                [33maria-label[39m=[32m&quot;Buscar categorías&quot;[39m
                [33mclass[39m=[32m&quot;file:text-foreground placeholder:text-muted-foreground selection:bg-primary selection:text-primary-foreground dark:bg-input/30 border-input flex min-w-0 rounded-md border bg-transparent px-3 py-1 text-base shadow-xs transition-[color,box-shadow] outline-none file:inline-flex file:h-7 file:border-0 file:bg-transparent file:text-sm file:font-medium disabled:pointer-events-none disabled:cursor-not-allowed disabled:opacity-50 md:text-sm focus-visible:border-ring focus-visible:ring-ring/50 focus-visible:ring-[3px] aria-invalid:ring-destructive/20 dark:aria-invalid:ring-destructive/40 aria-invalid:border-destructive h-8 w-[200px]&quot;[39m
                [33mdata-ocid[39m=[32m&quot;service_categories.search_input&quot;[39m
                [33mdata-slot[39m=[32m&quot;input&quot;[39m
                [33mplaceholder[39m=[32m&quot;Buscar categoría…&quot;[39m
                [33mvalue[39m=[32m&quot;&quot;[39m
              [36m/&gt;[39m
            [36m&lt;/div&gt;[39m
            [36m&lt;ul[39m
              [33mclass[39m=[32m&quot;scroll-slim max-h-[40vh] space-y-2 overflow-y-auto pr-1&quot;[39m
              [33mdata-ocid[39m=[32m&quot;service_categories.list&quot;[39m
            [36m&gt;[39m
              [36m&lt;li[39m
                [33mclass[39m=[32m&quot;flex items-start gap-3 rounded-md border border-border bg-card px-3 py-2.5&quot;[39m
                [33mdata-ocid[39m=[32m&quot;service_categories.item.1&quot;[39m
              [36m&gt;[39m
                [36m&lt;div[39m
                  [33mclass[39m=[32m&quot;min-w-0 flex-1 space-y-1&quot;[39m
                [36m&gt;[39m
                  [36m&lt;p[39m
                    [33mclass[39m=[32m&quot;truncate text-sm font-medium&quot;[39m
                  [36m&gt;[39m
                    [0mMantenimiento[0m
                  [36m&lt;/p&gt;[39m
                  [36m&lt;p[39m
                    [33mclass[39m=[32m&quot;truncate text-xs text-muted-foreground&quot;[39m
                  [36m&gt;[39m
                    [0mPreventivo y correctivo[0m
                  [36m&lt;/p&gt;[39m
                  [36m&lt;div[39m
                    [33mclass[39m=[32m&quot;flex flex-wrap items-center gap-2&quot;[39m
                  [36m&gt;[39m
                    [36m&lt;span[39m
                      [33mclass[39m=[32m&quot;badge-status badge-draft&quot;[39m
                    [36m&gt;[39m
                      [0m0[0m
                      [0m servicio[0m
                      [0ms[0m
                    [36m&lt;/span&gt;[39m
                  [36m&lt;/div&gt;[39m
                [36m&lt;/div&gt;[39m
                [36m&lt;div[39m
                  [33mclass[39m=[32m&quot;flex shrink-0 items-center gap-1&quot;[39m
                [36m&gt;[39m
                  [36m&lt;button[39m
                    [33maria-label[39m=[32m&quot;Editar categoría Mantenimiento&quot;[39m
                    [33mclass[39m=[32m&quot;row-action&quot;[39m
                    [33mdata-ocid[39m=[32m&quot;service_categories.edit_button.1&quot;[39m
                    [33mtitle[39m=[32m&quot;Editar categoría&quot;[39m
                    [33mtype[39m=[32m&quot;button&quot;[39m
                  [36m&gt;[39m
                    [36m&lt;svg[39m
                      [33maria-hidden[39m=[32m&quot;true&quot;[39m
                      [33mclass[39m=[32m&quot;lucide lucide-pencil size-3.5&quot;[39m
                      [33mfill[39m=[32m&quot;none&quot;[39m
                      [33mheight[39m=[32m&quot;24&quot;[39m
                      [33mstroke[39m=[32m&quot;currentColor&quot;[39m
                      [33mstroke-linecap[39m=[32m&quot;round&quot;[39m
                      [33mstroke-linejoin[39m=[32m&quot;round&quot;[39m
                      [33mstroke-width[39m=[32m&quot;2&quot;[39m
                      [33mviewBox[39m=[32m&quot;0 0 24 24&quot;[39m
                      [33mwidth[39m=[32m&quot;24&quot;[39m
                      [33mxmlns[39m=[32m&quot;http://www.w3.org/2000/svg&quot;[39m
                    [36m&gt;[39m
                      [36m&lt;path[39m
                        [33md[39m=[32m&quot;M21.174 6.812a1 1 0 0 0-3.986-3.987L3.842 16.174a2 2 0 0 0-.5.83l-1.321 4.352a.5.5 0 0 0 .623.622l4.353-1.32a2 2 0 0 0 .83-.497z&quot;[39m
                      [36m/&gt;[39m
                      [36m&lt;path[39m
                        [33md[39m=[32m&quot;m15 5 4 4&quot;[39m
                      [36m/&gt;[39m
                    [36m&lt;/svg&gt;[39m
                  [36m&lt;/button&gt;[39m
                  [36m&lt;button[39m
                    [33maria-label[39m=[32m&quot;Eliminar categoría Mantenimiento&quot;[39m
                    [33mclass[39m=[32m&quot;row-action disabled:pointer-events-none disabled:opacity-40&quot;[39m
                    [33mdata-ocid[39m=[32m&quot;service_categories.delete_button.1&quot;[39m
                    [33mdata-variant[39m=[32m&quot;destructive&quot;[39m
                    [33mtitle[39m=[32m&quot;Eliminar categoría&quot;[39m
                    [33mtype[39m=[32m&quot;button&quot;[39m
                  [36m&gt;[39m
                    [36m&lt;svg[39m
                      [33maria-hidden[39m=[32m&quot;true&quot;[39m
                      [33mclass[39m=[32m&quot;lucide lucide-trash2 lucide-trash-2 size-3.5&quot;[39m
                      [33mfill[39m=[32m&quot;none&quot;[39m
                      [33mheight[39m=[32m&quot;24&quot;[39m
                      [33mstroke[39m=[32m&quot;currentColor&quot;[39m
                      [33mstroke-linecap[39m=[32m&quot;round&quot;[39m
                      [33mstroke-linejoin[39m=[32m&quot;round&quot;[39m
                      [33mstroke-width[39m=[32m&quot;2&quot;[39m
                      [33mviewBox[39m=[32m&quot;0 0 24 24&quot;[39m
                      [33mwidth[39m=[32m&quot;24&quot;[39m
                      [33mxmlns[39m=[32m&quot;http://www.w3.org/2000/svg&quot;[39m
                    [36m&gt;[39m
                      [36m&lt;path[39m
                        [33md[39m=[32m&quot;M3 6h18&quot;[39m
                      [36m/&gt;[39m
                      [36m&lt;path[39m
                        [33md[39m=[32m&quot;M19 6v14c0 1-1 2-2 2H7c-1 0-2-1-2-2V6&quot;[39m
                      [36m/&gt;[39m
                      [36m&lt;path[39m
                        [33md[39m=[32m&quot;M8 6V4c0-1 1-2 2-2h4c1 0 2 1 2 2v2&quot;[39m
                      [36m/&gt;[39m
                      [36m&lt;line[39m
                        [33mx1[39m=[32m&quot;10&quot;[39m
                        [33mx2[39m=[32m&quot;10&quot;[39m
                        [33my1[39m=[32m&quot;11&quot;[39m
                        [33my2[39m=[32m&quot;17&quot;[39m
                      [36m/&gt;[39m
                      [36m&lt;line[39m
                        [33mx1[39m=[32m&quot;14&quot;[39m
                        [33mx2[39m=[32m&quot;14&quot;[39m
                        [33my1[39m=[32m&quot;11&quot;[39m
                        [33my2[39m=[32m&quot;17&quot;[39m
                      [36m/&gt;[39m
                    [36m&lt;/svg&gt;[39m
                  [36m&lt;/button&gt;[39m
                [36m&lt;/div&gt;[39m
              [36m&lt;/li&gt;[39m
            [36m&lt;/ul&gt;[39m
          [36m&lt;/div&gt;[39m
        [36m&lt;/div&gt;[39m
      [36m&lt;/div&gt;[39m
    [36m&lt;/div&gt;[39m
  [36m&lt;/body&gt;[39m
[36m&lt;/html&gt;[39m" type="AssertionError">
AssertionError: expected &quot;spy&quot; to be called with arguments: [ 1n ]

Received: 

  1st spy call:

  [
+   null,
    1n,
  ]


Number of calls: 1


Ignored nodes: comments, script, style
&lt;html&gt;
  &lt;head /&gt;
  &lt;body&gt;
    &lt;div&gt;
      &lt;div
        class=&quot;mx-auto w-full max-w-6xl animate-fade-in space-y-5&quot;
        data-ocid=&quot;service_categories.page&quot;
      &gt;
        &lt;header
          class=&quot;space-y-1&quot;
        &gt;
          &lt;p
            class=&quot;font-mono text-[10px] uppercase tracking-[0.18em] text-muted-foreground&quot;
          &gt;
            Catálogo
          &lt;/p&gt;
          &lt;h1
            class=&quot;font-display text-2xl font-semibold tracking-tight&quot;
          &gt;
            Categorías de servicios
          &lt;/h1&gt;
          &lt;p
            class=&quot;max-w-2xl text-sm text-muted-foreground&quot;
          &gt;
            Administra las categorías del catálogo de servicios y su uso por servicio. Una categoría con servicios activos no se puede eliminar.
          &lt;/p&gt;
        &lt;/header&gt;
        &lt;div
          class=&quot;space-y-4 rounded-lg border border-border bg-card p-4 shadow-subtle&quot;
          data-ocid=&quot;service_categories.dialog&quot;
        &gt;
          &lt;form
            class=&quot;space-y-3 rounded-md border border-border bg-muted/40 p-3&quot;
            data-ocid=&quot;service_categories.form&quot;
          &gt;
            &lt;p
              class=&quot;font-mono text-[10px] uppercase tracking-[0.16em] text-muted-foreground&quot;
            &gt;
              Nueva categoría
            &lt;/p&gt;
            &lt;div
              class=&quot;grid gap-3 sm:grid-cols-2&quot;
            &gt;
              &lt;div
                class=&quot;space-y-1.5&quot;
              &gt;
                &lt;label
                  class=&quot;flex items-center gap-2 text-sm leading-none font-medium select-none group-data-[disabled=true]:pointer-events-none group-data-[disabled=true]:opacity-50 peer-disabled:cursor-not-allowed peer-disabled:opacity-50&quot;
                  data-slot=&quot;label&quot;
                  for=&quot;category-name&quot;
                &gt;
                  Nombre
                &lt;/label&gt;
                &lt;input
                  class=&quot;file:text-foreground placeholder:text-muted-foreground selection:bg-primary selection:text-primary-foreground dark:bg-input/30 border-input flex h-9 w-full min-w-0 rounded-md border bg-transparent px-3 py-1 text-base shadow-xs transition-[color,box-shadow] outline-none file:inline-flex file:h-7 file:border-0 file:bg-transparent file:text-sm file:font-medium disabled:pointer-events-none disabled:cursor-not-allowed disabled:opacity-50 md:text-sm focus-visible:border-ring focus-visible:ring-ring/50 focus-visible:ring-[3px] aria-invalid:ring-destructive/20 dark:aria-invalid:ring-destructive/40 aria-invalid:border-destructive&quot;
                  data-ocid=&quot;service_categories.name_input&quot;
                  data-slot=&quot;input&quot;
                  id=&quot;category-name&quot;
                  placeholder=&quot;Mantenimiento&quot;
                  required=&quot;&quot;
                  value=&quot;&quot;
                /&gt;
              &lt;/div&gt;
              &lt;div
                class=&quot;space-y-1.5&quot;
              &gt;
                &lt;label
                  class=&quot;flex items-center gap-2 text-sm leading-none font-medium select-none group-data-[disabled=true]:pointer-events-none group-data-[disabled=true]:opacity-50 peer-disabled:cursor-not-allowed peer-disabled:opacity-50&quot;
                  data-slot=&quot;label&quot;
                  for=&quot;category-description&quot;
                &gt;
                  Descripción
                &lt;/label&gt;
                &lt;textarea
                  class=&quot;border-input placeholder:text-muted-foreground focus-visible:border-ring focus-visible:ring-ring/50 aria-invalid:ring-destructive/20 dark:aria-invalid:ring-destructive/40 aria-invalid:border-destructive dark:bg-input/30 flex field-sizing-content min-h-16 w-full rounded-md border bg-transparent px-3 py-2 text-base shadow-xs transition-[color,box-shadow] outline-none focus-visible:ring-[3px] disabled:cursor-not-allowed disabled:opacity-50 md:text-sm&quot;
                  data-ocid=&quot;service_categories.description_input&quot;
                  data-slot=&quot;textarea&quot;
                  id=&quot;category-description&quot;
                  placeholder=&quot;Servicios de mantenimiento preventivo y correctivo.&quot;
                  rows=&quot;1&quot;
                /&gt;
              &lt;/div&gt;
            &lt;/div&gt;
            &lt;div
              class=&quot;flex items-center justify-end gap-2&quot;
            &gt;
              &lt;button
                class=&quot;inline-flex items-center justify-center whitespace-nowrap text-sm font-medium transition-all disabled:pointer-events-none disabled:opacity-50 [&amp;_svg]:pointer-events-none [&amp;_svg:not([class*=&apos;size-&apos;])]:size-4 shrink-0 [&amp;_svg]:shrink-0 outline-none focus-visible:border-ring focus-visible:ring-ring/50 focus-visible:ring-[3px] aria-invalid:ring-destructive/20 dark:aria-invalid:ring-destructive/40 aria-invalid:border-destructive bg-primary text-primary-foreground shadow-xs hover:bg-primary/90 h-8 rounded-md px-3 has-[&gt;svg]:px-2.5 gap-2&quot;
                data-ocid=&quot;service_categories.submit_button&quot;
                data-slot=&quot;button&quot;
                type=&quot;submit&quot;
              &gt;
                &lt;svg
                  aria-hidden=&quot;true&quot;
                  class=&quot;lucide lucide-plus size-4&quot;
                  fill=&quot;none&quot;
                  height=&quot;24&quot;
                  stroke=&quot;currentColor&quot;
                  stroke-linecap=&quot;round&quot;
                  stroke-linejoin=&quot;round&quot;
                  stroke-width=&quot;2&quot;
                  viewBox=&quot;0 0 24 24&quot;
                  width=&quot;24&quot;
                  xmlns=&quot;http://www.w3.org/2000/svg&quot;
                &gt;
                  &lt;path
                    d=&quot;M5 12h14&quot;
                  /&gt;
                  &lt;path
                    d=&quot;M12 5v14&quot;
                  /&gt;
                &lt;/svg&gt;
                Crear categoría
              &lt;/button&gt;
            &lt;/div&gt;
          &lt;/form&gt;
          &lt;div
            class=&quot;space-y-2&quot;
          &gt;
            &lt;div
              class=&quot;flex items-center justify-between gap-3&quot;
            &gt;
              &lt;p
                class=&quot;font-mono text-[10px] uppercase tracking-[0.16em] text-muted-foreground&quot;
              &gt;
                1 categoría
              &lt;/p&gt;
              &lt;input
                aria-label=&quot;Buscar categorías&quot;
                class=&quot;file:text-foreground placeholder:text-muted-foreground selection:bg-primary selection:text-primary-foreground dark:bg-input/30 border-input flex min-w-0 rounded-md border bg-transparent px-3 py-1 text-base shadow-xs transition-[color,box-shadow] outline-none file:inline-flex file:h-7 file:border-0 file:bg-transparent file:text-sm file:font-medium disabled:pointer-events-none disabled:cursor-not-allowed disabled:opacity-50 md:text-sm focus-visible:border-ring focus-visible:ring-ring/50 focus-visible:ring-[3px] aria-invalid:ring-destructive/20 dark:aria-invalid:ring-destructive/40 aria-invalid:border-destructive h-8 w-[200px]&quot;
                data-ocid=&quot;service_categories.search_input&quot;
                data-slot=&quot;input&quot;
                placeholder=&quot;Buscar categoría…&quot;
                value=&quot;&quot;
              /&gt;
            &lt;/div&gt;
            &lt;ul
              class=&quot;scroll-slim max-h-[40vh] space-y-2 overflow-y-auto pr-1&quot;
              data-ocid=&quot;service_categories.list&quot;
            &gt;
              &lt;li
                class=&quot;flex items-start gap-3 rounded-md border border-border bg-card px-3 py-2.5&quot;
                data-ocid=&quot;service_categories.item.1&quot;
              &gt;
                &lt;div
                  class=&quot;min-w-0 flex-1 space-y-1&quot;
                &gt;
                  &lt;p
                    class=&quot;truncate text-sm font-medium&quot;
                  &gt;
                    Mantenimiento
                  &lt;/p&gt;
                  &lt;p
                    class=&quot;truncate text-xs text-muted-foreground&quot;
                  &gt;
                    Preventivo y correctivo
                  &lt;/p&gt;
                  &lt;div
                    class=&quot;flex flex-wrap items-center gap-2&quot;
                  &gt;
                    &lt;span
                      class=&quot;badge-status badge-draft&quot;
                    &gt;
                      0
                       servicio
                      s
                    &lt;/span&gt;
                  &lt;/div&gt;
                &lt;/div&gt;
                &lt;div
                  class=&quot;flex shrink-0 items-center gap-1&quot;
                &gt;
                  &lt;button
                    aria-label=&quot;Editar categoría Mantenimiento&quot;
                    class=&quot;row-action&quot;
                    data-ocid=&quot;service_categories.edit_button.1&quot;
                    title=&quot;Editar categoría&quot;
                    type=&quot;button&quot;
                  &gt;
                    &lt;svg
                      aria-hidden=&quot;true&quot;
                      class=&quot;lucide lucide-pencil size-3.5&quot;
                      fill=&quot;none&quot;
                      height=&quot;24&quot;
                      stroke=&quot;currentColor&quot;
                      stroke-linecap=&quot;round&quot;
                      stroke-linejoin=&quot;round&quot;
                      stroke-width=&quot;2&quot;
                      viewBox=&quot;0 0 24 24&quot;
                      width=&quot;24&quot;
                      xmlns=&quot;http://www.w3.org/2000/svg&quot;
                    &gt;
                      &lt;path
                        d=&quot;M21.174 6.812a1 1 0 0 0-3.986-3.987L3.842 16.174a2 2 0 0 0-.5.83l-1.321 4.352a.5.5 0 0 0 .623.622l4.353-1.32a2 2 0 0 0 .83-.497z&quot;
                      /&gt;
                      &lt;path
                        d=&quot;m15 5 4 4&quot;
                      /&gt;
                    &lt;/svg&gt;
                  &lt;/button&gt;
                  &lt;button
                    aria-label=&quot;Eliminar categoría Mantenimiento&quot;
                    class=&quot;row-action disabled:pointer-events-none disabled:opacity-40&quot;
                    data-ocid=&quot;service_categories.delete_button.1&quot;
                    data-variant=&quot;destructive&quot;
                    title=&quot;Eliminar categoría&quot;
                    type=&quot;button&quot;
                  &gt;
                    &lt;svg
                      aria-hidden=&quot;true&quot;
                      class=&quot;lucide lucide-trash2 lucide-trash-2 size-3.5&quot;
                      fill=&quot;none&quot;
                      height=&quot;24&quot;
                      stroke=&quot;currentColor&quot;
                      stroke-linecap=&quot;round&quot;
                      stroke-linejoin=&quot;round&quot;
                      stroke-width=&quot;2&quot;
                      viewBox=&quot;0 0 24 24&quot;
                      width=&quot;24&quot;
                      xmlns=&quot;http://www.w3.org/2000/svg&quot;
                    &gt;
                      &lt;path
                        d=&quot;M3 6h18&quot;
                      /&gt;
                      &lt;path
                        d=&quot;M19 6v14c0 1-1 2-2 2H7c-1 0-2-1-2-2V6&quot;
                      /&gt;
                      &lt;path
                        d=&quot;M8 6V4c0-1 1-2 2-2h4c1 0 2 1 2 2v2&quot;
                      /&gt;
                      &lt;line
                        x1=&quot;10&quot;
                        x2=&quot;10&quot;
                        y1=&quot;11&quot;
                        y2=&quot;17&quot;
                      /&gt;
                      &lt;line
                        x1=&quot;14&quot;
                        x2=&quot;14&quot;
                        y1=&quot;11&quot;
                        y2=&quot;17&quot;
                      /&gt;
                    &lt;/svg&gt;
                  &lt;/button&gt;
                &lt;/div&gt;
              &lt;/li&gt;
            &lt;/ul&gt;
          &lt;/div&gt;
        &lt;/div&gt;
      &lt;/div&gt;
    &lt;/div&gt;
  &lt;/body&gt;
&lt;/html&gt;
 ❯ src/pages/ServiceCategoriesPage.test.tsx:143:52
 ❯ runWithExpensiveErrorDiagnosticsDisabled ../../../../../../opt/pnpm-templates/build_template/node_modules/.pnpm/@testing-library+dom@10.4.2/node_modules/@testing-library/dom/dist/config.js:47:12
 ❯ checkCallback ../../../../../../opt/pnpm-templates/build_template/node_modules/.pnpm/@testing-library+dom@10.4.2/node_modules/@testing-library/dom/dist/wait-for.js:124:77
 ❯ Timeout.checkRealTimersCallback ../../../../../../opt/pnpm-templates/build_template/node_modules/.pnpm/@testing-library+dom@10.4.2/node_modules/@testing-library/dom/dist/wait-for.js:118:16
            </failure>
        </testcase>
        <testcase classname="src/pages/ServiceCategoriesPage.test.tsx" name="ServiceCategoriesPage &gt; blocks deleting a category that has active services" time="0.012526825">
        </testcase>
        <testcase classname="src/pages/ServiceCategoriesPage.test.tsx" name="ServiceCategoriesPage &gt; surfaces the backend refusal when a category is still in use" time="0.035002216">
        </testcase>
        <testcase classname="src/pages/ServiceCategoriesPage.test.tsx" name="ServiceCategoriesPage &gt; renders an empty state when no categories exist" time="0.010582022">
        </testcase>
    </testsuite>
    <testsuite name="src/pages/ServicesPage.row-actions.characterize.test.tsx" timestamp="2026-09-25T20:55:14.709Z" hostname="2a82af66d266" tests="5" failures="2" errors="0" skipped="0" time="2.503276236">
        <testcase classname="src/pages/ServicesPage.row-actions.characterize.test.tsx" name="ServicesPage row actions (characterization) &gt; renders the standard edit, notify and delete actions for every row" time="0.117267118">
        </testcase>
        <testcase classname="src/pages/ServicesPage.row-actions.characterize.test.tsx" name="ServicesPage row actions (characterization) &gt; hides the notify action when no customer is registered" time="0.05129028">
        </testcase>
        <testcase classname="src/pages/ServicesPage.row-actions.characterize.test.tsx" name="ServicesPage row actions (characterization) &gt; opens the edit dialog from the row&apos;s edit action" time="0.1235288">
        </testcase>
        <testcase classname="src/pages/ServicesPage.row-actions.characterize.test.tsx" name="ServicesPage row actions (characterization) &gt; deletes the row through the confirmation dialog" time="1.095623368">
            <failure message="expected &quot;spy&quot; to be called with arguments: [ 1n ][90m

Received: 

[1m  1st spy call:

[22m[2m  [[22m
[31m+   null,[90m
[2m    1n,[22m
[2m  ][22m
[39m[90m

Number of calls: [1m1[22m
[39m

Ignored nodes: comments, script, style
[36m&lt;html&gt;[39m
  [36m&lt;head /&gt;[39m
  [36m&lt;body[39m
    [33mstyle[39m=[32m&quot;&quot;[39m
  [36m&gt;[39m
    [36m&lt;div&gt;[39m
      [36m&lt;div[39m
        [33mclass[39m=[32m&quot;mx-auto w-full max-w-7xl animate-fade-in space-y-5&quot;[39m
        [33mdata-ocid[39m=[32m&quot;services.page&quot;[39m
      [36m&gt;[39m
        [36m&lt;header[39m
          [33mclass[39m=[32m&quot;space-y-4&quot;[39m
        [36m&gt;[39m
          [36m&lt;div[39m
            [33mclass[39m=[32m&quot;flex flex-wrap items-start justify-between gap-3&quot;[39m
          [36m&gt;[39m
            [36m&lt;div[39m
              [33mclass[39m=[32m&quot;min-w-0 space-y-1&quot;[39m
            [36m&gt;[39m
              [36m&lt;p[39m
                [33mclass[39m=[32m&quot;font-mono text-[10px] uppercase tracking-[0.18em] text-muted-foreground&quot;[39m
              [36m&gt;[39m
                [0mCatálogo[0m
              [36m&lt;/p&gt;[39m
              [36m&lt;h1[39m
                [33mclass[39m=[32m&quot;font-display text-2xl font-semibold tracking-tight&quot;[39m
              [36m&gt;[39m
                [0mServicios de taller[0m
              [36m&lt;/h1&gt;[39m
              [36m&lt;p[39m
                [33mclass[39m=[32m&quot;max-w-2xl text-sm text-muted-foreground&quot;[39m
              [36m&gt;[39m
                [0mCatálogo de mano de obra con tarifas y duración estimada. Los servicios activos se ofrecen en órdenes, cotizaciones y POS.[0m
              [36m&lt;/p&gt;[39m
            [36m&lt;/div&gt;[39m
            [36m&lt;div[39m
              [33mclass[39m=[32m&quot;flex shrink-0 flex-wrap items-center gap-2&quot;[39m
            [36m&gt;[39m
              [36m&lt;div[39m
                [33mclass[39m=[32m&quot;flex items-center gap-2&quot;[39m
              [36m&gt;[39m
                [36m&lt;input[39m
                  [33maccept[39m=[32m&quot;.xlsx,.csv,application/vnd.openxmlformats-officedocument.spreadsheetml.sheet,text/csv&quot;[39m
                  [33mclass[39m=[32m&quot;sr-only&quot;[39m
                  [33mdata-ocid[39m=[32m&quot;services.csv.file_input&quot;[39m
                  [33mtype[39m=[32m&quot;file&quot;[39m
                [36m/&gt;[39m
                [36m&lt;button[39m
                  [33mclass[39m=[32m&quot;inline-flex items-center justify-center whitespace-nowrap text-sm font-medium transition-all disabled:pointer-events-none disabled:opacity-50 [&amp;_svg]:pointer-events-none [&amp;_svg:not([class*=&apos;size-&apos;])]:size-4 shrink-0 [&amp;_svg]:shrink-0 outline-none focus-visible:border-ring focus-visible:ring-ring/50 focus-visible:ring-[3px] aria-invalid:ring-destructive/20 dark:aria-invalid:ring-destructive/40 aria-invalid:border-destructive border bg-background shadow-xs hover:bg-accent hover:text-accent-foreground dark:bg-input/30 dark:border-input dark:hover:bg-input/50 h-8 rounded-md px-3 has-[&gt;svg]:px-2.5 gap-1.5&quot;[39m
                  [33mdata-ocid[39m=[32m&quot;services.csv.import_button&quot;[39m
                  [33mdata-slot[39m=[32m&quot;button&quot;[39m
                  [33mtype[39m=[32m&quot;button&quot;[39m
                [36m&gt;[39m
                  [36m&lt;svg[39m
                    [33maria-hidden[39m=[32m&quot;true&quot;[39m
                    [33mclass[39m=[32m&quot;lucide lucide-upload size-4&quot;[39m
                    [33mfill[39m=[32m&quot;none&quot;[39m
                    [33mheight[39m=[32m&quot;24&quot;[39m
                    [33mstroke[39m=[32m&quot;currentColor&quot;[39m
                    [33mstroke-linecap[39m=[32m&quot;round&quot;[39m
                    [33mstroke-linejoin[39m=[32m&quot;round&quot;[39m
                    [33mstroke-width[39m=[32m&quot;2&quot;[39m
                    [33mviewBox[39m=[32m&quot;0 0 24 24&quot;[39m
                    [33mwidth[39m=[32m&quot;24&quot;[39m
                    [33mxmlns[39m=[32m&quot;http://www.w3.org/2000/svg&quot;[39m
                  [36m&gt;[39m
                    [36m&lt;path[39m
                      [33md[39m=[32m&quot;M12 3v12&quot;[39m
                    [36m/&gt;[39m
                    [36m&lt;path[39m
                      [33md[39m=[32m&quot;m17 8-5-5-5 5&quot;[39m
                    [36m/&gt;[39m
                    [36m&lt;path[39m
                      [33md[39m=[32m&quot;M21 15v4a2 2 0 0 1-2 2H5a2 2 0 0 1-2-2v-4&quot;[39m
                    [36m/&gt;[39m
                  [36m&lt;/svg&gt;[39m
                  [0mImportar Excel[0m
                [36m&lt;/button&gt;[39m
                [36m&lt;button[39m
                  [33mclass[39m=[32m&quot;inline-flex items-center justify-center whitespace-nowrap text-sm font-medium transition-all disabled:pointer-events-none disabled:opacity-50 [&amp;_svg]:pointer-events-none [&amp;_svg:not([class*=&apos;size-&apos;])]:size-4 shrink-0 [&amp;_svg]:shrink-0 outline-none focus-visible:border-ring focus-visible:ring-ring/50 focus-visible:ring-[3px] aria-invalid:ring-destructive/20 dark:aria-invalid:ring-destructive/40 aria-invalid:border-destructive border bg-background shadow-xs hover:bg-accent hover:text-accent-foreground dark:bg-input/30 dark:border-input dark:hover:bg-input/50 h-8 rounded-md px-3 has-[&gt;svg]:px-2.5 gap-1.5&quot;[39m
                  [33mdata-ocid[39m=[32m&quot;services.csv.export_button&quot;[39m
                  [33mdata-slot[39m=[32m&quot;button&quot;[39m
                  [33mtype[39m=[32m&quot;button&quot;[39m
                [36m&gt;[39m
                  [36m&lt;svg[39m
                    [33maria-hidden[39m=[32m&quot;true&quot;[39m
                    [33mclass[39m=[32m&quot;lucide lucide-download size-4&quot;[39m
                    [33mfill[39m=[32m&quot;none&quot;[39m
                    [33mheight[39m=[32m&quot;24&quot;[39m
                    [33mstroke[39m=[32m&quot;currentColor&quot;[39m
                    [33mstroke-linecap[39m=[32m&quot;round&quot;[39m
                    [33mstroke-linejoin[39m=[32m&quot;round&quot;[39m
                    [33mstroke-width[39m=[32m&quot;2&quot;[39m
                    [33mviewBox[39m=[32m&quot;0 0 24 24&quot;[39m
                    [33mwidth[39m=[32m&quot;24&quot;[39m
                    [33mxmlns[39m=[32m&quot;http://www.w3.org/2000/svg&quot;[39m
                  [36m&gt;[39m
                    [36m&lt;path[39m
                      [33md[39m=[32m&quot;M12 15V3&quot;[39m
                    [36m/&gt;[39m
                    [36m&lt;path[39m
                      [33md[39m=[32m&quot;M21 15v4a2 2 0 0 1-2 2H5a2 2 0 0 1-2-2v-4&quot;[39m
                    [36m/&gt;[39m
                    [36m&lt;path[39m
                      [33md[39m=[32m&quot;m7 10 5 5 5-5&quot;[39m
                    [36m/&gt;[39m
                  [36m&lt;/svg&gt;[39m
                  [0mExportar Excel[0m
                [36m&lt;/button&gt;[39m
              [36m&lt;/div&gt;[39m
              [36m&lt;button[39m
                [33mclass[39m=[32m&quot;inline-flex items-center justify-center whitespace-nowrap rounded-md text-sm font-medium transition-all disabled:pointer-events-none disabled:opacity-50 [&amp;_svg]:pointer-events-none [&amp;_svg:not([class*=&apos;size-&apos;])]:size-4 shrink-0 [&amp;_svg]:shrink-0 outline-none focus-visible:border-ring focus-visible:ring-ring/50 focus-visible:ring-[3px] aria-invalid:ring-destructive/20 dark:aria-invalid:ring-destructive/40 aria-invalid:border-destructive border bg-background shadow-xs hover:bg-accent hover:text-accent-foregrou..." type="AssertionError">
AssertionError: expected &quot;spy&quot; to be called with arguments: [ 1n ]

Received: 

  1st spy call:

  [
+   null,
    1n,
  ]


Number of calls: 1


Ignored nodes: comments, script, style
&lt;html&gt;
  &lt;head /&gt;
  &lt;body
    style=&quot;&quot;
  &gt;
    &lt;div&gt;
      &lt;div
        class=&quot;mx-auto w-full max-w-7xl animate-fade-in space-y-5&quot;
        data-ocid=&quot;services.page&quot;
      &gt;
        &lt;header
          class=&quot;space-y-4&quot;
        &gt;
          &lt;div
            class=&quot;flex flex-wrap items-start justify-between gap-3&quot;
          &gt;
            &lt;div
              class=&quot;min-w-0 space-y-1&quot;
            &gt;
              &lt;p
                class=&quot;font-mono text-[10px] uppercase tracking-[0.18em] text-muted-foreground&quot;
              &gt;
                Catálogo
              &lt;/p&gt;
              &lt;h1
                class=&quot;font-display text-2xl font-semibold tracking-tight&quot;
              &gt;
                Servicios de taller
              &lt;/h1&gt;
              &lt;p
                class=&quot;max-w-2xl text-sm text-muted-foreground&quot;
              &gt;
                Catálogo de mano de obra con tarifas y duración estimada. Los servicios activos se ofrecen en órdenes, cotizaciones y POS.
              &lt;/p&gt;
            &lt;/div&gt;
            &lt;div
              class=&quot;flex shrink-0 flex-wrap items-center gap-2&quot;
            &gt;
              &lt;div
                class=&quot;flex items-center gap-2&quot;
              &gt;
                &lt;input
                  accept=&quot;.xlsx,.csv,application/vnd.openxmlformats-officedocument.spreadsheetml.sheet,text/csv&quot;
                  class=&quot;sr-only&quot;
                  data-ocid=&quot;services.csv.file_input&quot;
                  type=&quot;file&quot;
                /&gt;
                &lt;button
                  class=&quot;inline-flex items-center justify-center whitespace-nowrap text-sm font-medium transition-all disabled:pointer-events-none disabled:opacity-50 [&amp;_svg]:pointer-events-none [&amp;_svg:not([class*=&apos;size-&apos;])]:size-4 shrink-0 [&amp;_svg]:shrink-0 outline-none focus-visible:border-ring focus-visible:ring-ring/50 focus-visible:ring-[3px] aria-invalid:ring-destructive/20 dark:aria-invalid:ring-destructive/40 aria-invalid:border-destructive border bg-background shadow-xs hover:bg-accent hover:text-accent-foreground dark:bg-input/30 dark:border-input dark:hover:bg-input/50 h-8 rounded-md px-3 has-[&gt;svg]:px-2.5 gap-1.5&quot;
                  data-ocid=&quot;services.csv.import_button&quot;
                  data-slot=&quot;button&quot;
                  type=&quot;button&quot;
                &gt;
                  &lt;svg
                    aria-hidden=&quot;true&quot;
                    class=&quot;lucide lucide-upload size-4&quot;
                    fill=&quot;none&quot;
                    height=&quot;24&quot;
                    stroke=&quot;currentColor&quot;
                    stroke-linecap=&quot;round&quot;
                    stroke-linejoin=&quot;round&quot;
                    stroke-width=&quot;2&quot;
                    viewBox=&quot;0 0 24 24&quot;
                    width=&quot;24&quot;
                    xmlns=&quot;http://www.w3.org/2000/svg&quot;
                  &gt;
                    &lt;path
                      d=&quot;M12 3v12&quot;
                    /&gt;
                    &lt;path
                      d=&quot;m17 8-5-5-5 5&quot;
                    /&gt;
                    &lt;path
                      d=&quot;M21 15v4a2 2 0 0 1-2 2H5a2 2 0 0 1-2-2v-4&quot;
                    /&gt;
                  &lt;/svg&gt;
                  Importar Excel
                &lt;/button&gt;
                &lt;button
                  class=&quot;inline-flex items-center justify-center whitespace-nowrap text-sm font-medium transition-all disabled:pointer-events-none disabled:opacity-50 [&amp;_svg]:pointer-events-none [&amp;_svg:not([class*=&apos;size-&apos;])]:size-4 shrink-0 [&amp;_svg]:shrink-0 outline-none focus-visible:border-ring focus-visible:ring-ring/50 focus-visible:ring-[3px] aria-invalid:ring-destructive/20 dark:aria-invalid:ring-destructive/40 aria-invalid:border-destructive border bg-background shadow-xs hover:bg-accent hover:text-accent-foreground dark:bg-input/30 dark:border-input dark:hover:bg-input/50 h-8 rounded-md px-3 has-[&gt;svg]:px-2.5 gap-1.5&quot;
                  data-ocid=&quot;services.csv.export_button&quot;
                  data-slot=&quot;button&quot;
                  type=&quot;button&quot;
                &gt;
                  &lt;svg
                    aria-hidden=&quot;true&quot;
                    class=&quot;lucide lucide-download size-4&quot;
                    fill=&quot;none&quot;
                    height=&quot;24&quot;
                    stroke=&quot;currentColor&quot;
                    stroke-linecap=&quot;round&quot;
                    stroke-linejoin=&quot;round&quot;
                    stroke-width=&quot;2&quot;
                    viewBox=&quot;0 0 24 24&quot;
                    width=&quot;24&quot;
                    xmlns=&quot;http://www.w3.org/2000/svg&quot;
                  &gt;
                    &lt;path
                      d=&quot;M12 15V3&quot;
                    /&gt;
                    &lt;path
                      d=&quot;M21 15v4a2 2 0 0 1-2 2H5a2 2 0 0 1-2-2v-4&quot;
                    /&gt;
                    &lt;path
                      d=&quot;m7 10 5 5 5-5&quot;
                    /&gt;
                  &lt;/svg&gt;
                  Exportar Excel
                &lt;/button&gt;
              &lt;/div&gt;
              &lt;button
                class=&quot;inline-flex items-center justify-center whitespace-nowrap rounded-md text-sm font-medium transition-all disabled:pointer-events-none disabled:opacity-50 [&amp;_svg]:pointer-events-none [&amp;_svg:not([class*=&apos;size-&apos;])]:size-4 shrink-0 [&amp;_svg]:shrink-0 outline-none focus-visible:border-ring focus-visible:ring-ring/50 focus-visible:ring-[3px] aria-invalid:ring-destructive/20 dark:aria-invalid:ring-destructive/40 aria-invalid:border-destructive border bg-background shadow-xs hover:bg-accent hover:text-accent-foregrou...
 ❯ src/pages/ServicesPage.row-actions.characterize.test.tsx:182:51
 ❯ runWithExpensiveErrorDiagnosticsDisabled ../../../../../../opt/pnpm-templates/build_template/node_modules/.pnpm/@testing-library+dom@10.4.2/node_modules/@testing-library/dom/dist/config.js:47:12
 ❯ checkCallback ../../../../../../opt/pnpm-templates/build_template/node_modules/.pnpm/@testing-library+dom@10.4.2/node_modules/@testing-library/dom/dist/wait-for.js:124:77
 ❯ Timeout.checkRealTimersCallback ../../../../../../opt/pnpm-templates/build_template/node_modules/.pnpm/@testing-library+dom@10.4.2/node_modules/@testing-library/dom/dist/wait-for.js:118:16
            </failure>
        </testcase>
        <testcase classname="src/pages/ServicesPage.row-actions.characterize.test.tsx" name="ServicesPage row actions (characterization) &gt; keeps the sort control wired to the backend after the row actions render" time="1.114472808">
            <failure message="expected &quot;spy&quot; to be called with arguments: [ Array(4) ][90m

Received: 

[1m  1st spy call:

[22m[2m  [[22m
[32m-   Anything,[90m
[32m-   &quot;name&quot;,[90m
[32m-   Anything,[90m
[32m-   Anything,[90m
[31m+   null,[90m
[31m+   {[90m
[31m+     &quot;activeOnly&quot;: undefined,[90m
[31m+     &quot;category&quot;: undefined,[90m
[31m+     &quot;search&quot;: undefined,[90m
[31m+   },[90m
[31m+   &quot;code&quot;,[90m
[31m+   0n,[90m
[31m+   100n,[90m
[2m  ][22m

[1m  2nd spy call:

[22m[2m  [[22m
[32m-   Anything,[90m
[31m+   null,[90m
[31m+   {[90m
[31m+     &quot;activeOnly&quot;: undefined,[90m
[31m+     &quot;category&quot;: undefined,[90m
[31m+     &quot;search&quot;: undefined,[90m
[31m+   },[90m
[2m    &quot;name&quot;,[22m
[32m-   Anything,[90m
[32m-   Anything,[90m
[31m+   0n,[90m
[31m+   100n,[90m
[2m  ][22m
[39m[90m

Number of calls: [1m2[22m
[39m

Ignored nodes: comments, script, style
[36m&lt;html&gt;[39m
  [36m&lt;head /&gt;[39m
  [36m&lt;body[39m
    [33mstyle[39m=[32m&quot;&quot;[39m
  [36m&gt;[39m
    [36m&lt;div&gt;[39m
      [36m&lt;div[39m
        [33mclass[39m=[32m&quot;mx-auto w-full max-w-7xl animate-fade-in space-y-5&quot;[39m
        [33mdata-ocid[39m=[32m&quot;services.page&quot;[39m
      [36m&gt;[39m
        [36m&lt;header[39m
          [33mclass[39m=[32m&quot;space-y-4&quot;[39m
        [36m&gt;[39m
          [36m&lt;div[39m
            [33mclass[39m=[32m&quot;flex flex-wrap items-start justify-between gap-3&quot;[39m
          [36m&gt;[39m
            [36m&lt;div[39m
              [33mclass[39m=[32m&quot;min-w-0 space-y-1&quot;[39m
            [36m&gt;[39m
              [36m&lt;p[39m
                [33mclass[39m=[32m&quot;font-mono text-[10px] uppercase tracking-[0.18em] text-muted-foreground&quot;[39m
              [36m&gt;[39m
                [0mCatálogo[0m
              [36m&lt;/p&gt;[39m
              [36m&lt;h1[39m
                [33mclass[39m=[32m&quot;font-display text-2xl font-semibold tracking-tight&quot;[39m
              [36m&gt;[39m
                [0mServicios de taller[0m
              [36m&lt;/h1&gt;[39m
              [36m&lt;p[39m
                [33mclass[39m=[32m&quot;max-w-2xl text-sm text-muted-foreground&quot;[39m
              [36m&gt;[39m
                [0mCatálogo de mano de obra con tarifas y duración estimada. Los servicios activos se ofrecen en órdenes, cotizaciones y POS.[0m
              [36m&lt;/p&gt;[39m
            [36m&lt;/div&gt;[39m
            [36m&lt;div[39m
              [33mclass[39m=[32m&quot;flex shrink-0 flex-wrap items-center gap-2&quot;[39m
            [36m&gt;[39m
              [36m&lt;div[39m
                [33mclass[39m=[32m&quot;flex items-center gap-2&quot;[39m
              [36m&gt;[39m
                [36m&lt;input[39m
                  [33maccept[39m=[32m&quot;.xlsx,.csv,application/vnd.openxmlformats-officedocument.spreadsheetml.sheet,text/csv&quot;[39m
                  [33mclass[39m=[32m&quot;sr-only&quot;[39m
                  [33mdata-ocid[39m=[32m&quot;services.csv.file_input&quot;[39m
                  [33mtype[39m=[32m&quot;file&quot;[39m
                [36m/&gt;[39m
                [36m&lt;button[39m
                  [33mclass[39m=[32m&quot;inline-flex items-center justify-center whitespace-nowrap text-sm font-medium transition-all disabled:pointer-events-none disabled:opacity-50 [&amp;_svg]:pointer-events-none [&amp;_svg:not([class*=&apos;size-&apos;])]:size-4 shrink-0 [&amp;_svg]:shrink-0 outline-none focus-visible:border-ring focus-visible:ring-ring/50 focus-visible:ring-[3px] aria-invalid:ring-destructive/20 dark:aria-invalid:ring-destructive/40 aria-invalid:border-destructive border bg-background shadow-xs hover:bg-accent hover:text-accent-foreground dark:bg-input/30 dark:border-input dark:hover:bg-input/50 h-8 rounded-md px-3 has-[&gt;svg]:px-2.5 gap-1.5&quot;[39m
                  [33mdata-ocid[39m=[32m&quot;services.csv.import_button&quot;[39m
                  [33mdata-slot[39m=[32m&quot;button&quot;[39m
                  [33mtype[39m=[32m&quot;button&quot;[39m
                [36m&gt;[39m
                  [36m&lt;svg[39m
                    [33maria-hidden[39m=[32m&quot;true&quot;[39m
                    [33mclass[39m=[32m&quot;lucide lucide-upload size-4&quot;[39m
                    [33mfill[39m=[32m&quot;none&quot;[39m
                    [33mheight[39m=[32m&quot;24&quot;[39m
                    [33mstroke[39m=[32m&quot;currentColor&quot;[39m
                    [33mstroke-linecap[39m=[32m&quot;round&quot;[39m
                    [33mstroke-linejoin[39m=[32m&quot;round&quot;[39m
                    [33mstroke-width[39m=[32m&quot;2&quot;[39m
                    [33mviewBox[39m=[32m&quot;0 0 24 24&quot;[39m
                    [33mwidth[39m=[32m&quot;24&quot;[39m
                    [33mxmlns[39m=[32m&quot;http://www.w3.org/2000/svg&quot;[39m
                  [36m&gt;[39m
                    [36m&lt;path[39m
                      [33md[39m=[32m&quot;M12 3v12&quot;[39m
                    [36m/&gt;[39m
                    [36m&lt;path[39m
                      [33md[39m=[32m&quot;m17 8-5-5-5 5&quot;[39m
                    [36m/&gt;[39m
                    [36m&lt;path[39m
                      [33md[39m=[32m&quot;M21 15v4a2 2 0 0 1-2 2H5a2 2 0 0 1-2-2v-4&quot;[39m
                    [36m/&gt;[39m
                  [36m&lt;/svg&gt;[39m
                  [0mImportar Excel[0m
                [36m&lt;/button&gt;[39m
                [36m&lt;button[39m
                  [33mclass[39m=[32m&quot;inline-flex items-center justify-center whitespace-nowrap text-sm font-medium transition-all disabled:pointer-events-none disabled:opacity-50 [&amp;_svg]:pointer-events-none [&amp;_svg:not([class*=&apos;size-&apos;])]:size-4 shrink-0 [&amp;_svg]:shrink-0 outline-none focus-visible:border-ring focus-visible:ring-ring/50 focus-visible:ring-[3px] aria-invalid:ring-destructive/20 dark:aria-invalid:ring-destructive/40 aria-invalid:border-destructive border bg-background shadow-xs hover:bg-accent hover:text-accent-foreground dark:bg-input/30 dark:border-input dark:hover:bg-input/50 h-8 rounded-md px-3 has-[&gt;svg]:px-2.5 gap-1.5&quot;[39m
                  [33mdata-ocid[39m=[32m&quot;services.csv.export_button&quot;[39m
                  [33mdata-slot[39m=[32m&quot;button&quot;[39m
                  [33mtype[39m=[32m&quot;button&quot;[39m
                [36m&gt;[39m
                  [36m&lt;svg[39m
                    [33maria-hidden[39m=[32m&quot;true&quot;[39m
                    [33mclass[39m=[32m&quot;lucide lucide-download size-4&quot;[39m
                    [33mfill[39m=[32m&quot;none&quot;[39m
                    [33mheight[39m=[32m&quot;24&quot;[39m
                    [33mstroke[39m=[32m&quot;currentColor&quot;[39m
                    [33mstroke-linecap[39m=[32m&quot;round&quot;[39m
                    [33mstroke-linejoin[39m=[32m&quot;round&quot;[39m
                    [33mstroke-width[39m=[32m&quot;2&quot;[39m
                    [33mviewBox[39m=[32m&quot;0 0 24 24&quot;[39m
                    [33mwidth[39m=[32m&quot;24&quot;[39m
                    [33mxmlns[39m=[32m&quot;http://www.w3.org/2000/svg&quot;[39m
                  [36m&gt;[39m
                    [36m&lt;path[39m
                      [33md[39m=[32m&quot;M12 15V3&quot;[39m
                    [36m/&gt;[39m
                    [36m&lt;path[39m
                      [33md[39m=[32m&quot;M21 15v4a2 2 0 0 1-2 2H5a2 2 0 0 1-2-2v-4&quot;[39m
                    [36m/&gt;[39m
                    [36m&lt;path[39m
                      [33md[39m=[32m&quot;m7 10 5 5 5-5&quot;[39m
                    [36m/&gt;[39m
                  [36m&lt;/svg&gt;[39m
                  [0mExportar Excel[0m
                [36m&lt;/button&gt;[39m
              [36m&lt;/div&gt;[39m
              [36m&lt;button[39m
                [33mclass[39m=[32m&quot;inline-flex items-center justify-center whitespace-nowrap rounded-md text-sm font-medium transition-all disabled:pointer-events-none disabled:opacity-50 [&amp;_svg]:pointer-events-none [&amp;_svg:not([class*=&apos;size-&apos;])]:size-4 shrink-0 [&amp;_svg]:shrink-0 outline-none focus-visible:border-ring focus-visible:ring-ring/50 focus-visible:ring-[3px] aria-invalid:ring-destructive/20 dark:aria-invalid:ring-destructive/40 aria-invalid:border-destructive border bg-background shadow-xs hover:bg-accent hover:text-accent-foregrou..." type="AssertionError">
AssertionError: expected &quot;spy&quot; to be called with arguments: [ Array(4) ]

Received: 

  1st spy call:

  [
-   Anything,
-   &quot;name&quot;,
-   Anything,
-   Anything,
+   null,
+   {
+     &quot;activeOnly&quot;: undefined,
+     &quot;category&quot;: undefined,
+     &quot;search&quot;: undefined,
+   },
+   &quot;code&quot;,
+   0n,
+   100n,
  ]

  2nd spy call:

  [
-   Anything,
+   null,
+   {
+     &quot;activeOnly&quot;: undefined,
+     &quot;category&quot;: undefined,
+     &quot;search&quot;: undefined,
+   },
    &quot;name&quot;,
-   Anything,
-   Anything,
+   0n,
+   100n,
  ]


Number of calls: 2


Ignored nodes: comments, script, style
&lt;html&gt;
  &lt;head /&gt;
  &lt;body
    style=&quot;&quot;
  &gt;
    &lt;div&gt;
      &lt;div
        class=&quot;mx-auto w-full max-w-7xl animate-fade-in space-y-5&quot;
        data-ocid=&quot;services.page&quot;
      &gt;
        &lt;header
          class=&quot;space-y-4&quot;
        &gt;
          &lt;div
            class=&quot;flex flex-wrap items-start justify-between gap-3&quot;
          &gt;
            &lt;div
              class=&quot;min-w-0 space-y-1&quot;
            &gt;
              &lt;p
                class=&quot;font-mono text-[10px] uppercase tracking-[0.18em] text-muted-foreground&quot;
              &gt;
                Catálogo
              &lt;/p&gt;
              &lt;h1
                class=&quot;font-display text-2xl font-semibold tracking-tight&quot;
              &gt;
                Servicios de taller
              &lt;/h1&gt;
              &lt;p
                class=&quot;max-w-2xl text-sm text-muted-foreground&quot;
              &gt;
                Catálogo de mano de obra con tarifas y duración estimada. Los servicios activos se ofrecen en órdenes, cotizaciones y POS.
              &lt;/p&gt;
            &lt;/div&gt;
            &lt;div
              class=&quot;flex shrink-0 flex-wrap items-center gap-2&quot;
            &gt;
              &lt;div
                class=&quot;flex items-center gap-2&quot;
              &gt;
                &lt;input
                  accept=&quot;.xlsx,.csv,application/vnd.openxmlformats-officedocument.spreadsheetml.sheet,text/csv&quot;
                  class=&quot;sr-only&quot;
                  data-ocid=&quot;services.csv.file_input&quot;
                  type=&quot;file&quot;
                /&gt;
                &lt;button
                  class=&quot;inline-flex items-center justify-center whitespace-nowrap text-sm font-medium transition-all disabled:pointer-events-none disabled:opacity-50 [&amp;_svg]:pointer-events-none [&amp;_svg:not([class*=&apos;size-&apos;])]:size-4 shrink-0 [&amp;_svg]:shrink-0 outline-none focus-visible:border-ring focus-visible:ring-ring/50 focus-visible:ring-[3px] aria-invalid:ring-destructive/20 dark:aria-invalid:ring-destructive/40 aria-invalid:border-destructive border bg-background shadow-xs hover:bg-accent hover:text-accent-foreground dark:bg-input/30 dark:border-input dark:hover:bg-input/50 h-8 rounded-md px-3 has-[&gt;svg]:px-2.5 gap-1.5&quot;
                  data-ocid=&quot;services.csv.import_button&quot;
                  data-slot=&quot;button&quot;
                  type=&quot;button&quot;
                &gt;
                  &lt;svg
                    aria-hidden=&quot;true&quot;
                    class=&quot;lucide lucide-upload size-4&quot;
                    fill=&quot;none&quot;
                    height=&quot;24&quot;
                    stroke=&quot;currentColor&quot;
                    stroke-linecap=&quot;round&quot;
                    stroke-linejoin=&quot;round&quot;
                    stroke-width=&quot;2&quot;
                    viewBox=&quot;0 0 24 24&quot;
                    width=&quot;24&quot;
                    xmlns=&quot;http://www.w3.org/2000/svg&quot;
                  &gt;
                    &lt;path
                      d=&quot;M12 3v12&quot;
                    /&gt;
                    &lt;path
                      d=&quot;m17 8-5-5-5 5&quot;
                    /&gt;
                    &lt;path
                      d=&quot;M21 15v4a2 2 0 0 1-2 2H5a2 2 0 0 1-2-2v-4&quot;
                    /&gt;
                  &lt;/svg&gt;
                  Importar Excel
                &lt;/button&gt;
                &lt;button
                  class=&quot;inline-flex items-center justify-center whitespace-nowrap text-sm font-medium transition-all disabled:pointer-events-none disabled:opacity-50 [&amp;_svg]:pointer-events-none [&amp;_svg:not([class*=&apos;size-&apos;])]:size-4 shrink-0 [&amp;_svg]:shrink-0 outline-none focus-visible:border-ring focus-visible:ring-ring/50 focus-visible:ring-[3px] aria-invalid:ring-destructive/20 dark:aria-invalid:ring-destructive/40 aria-invalid:border-destructive border bg-background shadow-xs hover:bg-accent hover:text-accent-foreground dark:bg-input/30 dark:border-input dark:hover:bg-input/50 h-8 rounded-md px-3 has-[&gt;svg]:px-2.5 gap-1.5&quot;
                  data-ocid=&quot;services.csv.export_button&quot;
                  data-slot=&quot;button&quot;
                  type=&quot;button&quot;
                &gt;
                  &lt;svg
                    aria-hidden=&quot;true&quot;
                    class=&quot;lucide lucide-download size-4&quot;
                    fill=&quot;none&quot;
                    height=&quot;24&quot;
                    stroke=&quot;currentColor&quot;
                    stroke-linecap=&quot;round&quot;
                    stroke-linejoin=&quot;round&quot;
                    stroke-width=&quot;2&quot;
                    viewBox=&quot;0 0 24 24&quot;
                    width=&quot;24&quot;
                    xmlns=&quot;http://www.w3.org/2000/svg&quot;
                  &gt;
                    &lt;path
                      d=&quot;M12 15V3&quot;
                    /&gt;
                    &lt;path
                      d=&quot;M21 15v4a2 2 0 0 1-2 2H5a2 2 0 0 1-2-2v-4&quot;
                    /&gt;
                    &lt;path
                      d=&quot;m7 10 5 5 5-5&quot;
                    /&gt;
                  &lt;/svg&gt;
                  Exportar Excel
                &lt;/button&gt;
              &lt;/div&gt;
              &lt;button
                class=&quot;inline-flex items-center justify-center whitespace-nowrap rounded-md text-sm font-medium transition-all disabled:pointer-events-none disabled:opacity-50 [&amp;_svg]:pointer-events-none [&amp;_svg:not([class*=&apos;size-&apos;])]:size-4 shrink-0 [&amp;_svg]:shrink-0 outline-none focus-visible:border-ring focus-visible:ring-ring/50 focus-visible:ring-[3px] aria-invalid:ring-destructive/20 dark:aria-invalid:ring-destructive/40 aria-invalid:border-destructive border bg-background shadow-xs hover:bg-accent hover:text-accent-foregrou...
 ❯ src/pages/ServicesPage.row-actions.characterize.test.tsx:196:32
 ❯ runWithExpensiveErrorDiagnosticsDisabled ../../../../../../opt/pnpm-templates/build_template/node_modules/.pnpm/@testing-library+dom@10.4.2/node_modules/@testing-library/dom/dist/config.js:47:12
 ❯ checkCallback ../../../../../../opt/pnpm-templates/build_template/node_modules/.pnpm/@testing-library+dom@10.4.2/node_modules/@testing-library/dom/dist/wait-for.js:124:77
 ❯ Timeout.checkRealTimersCallback ../../../../../../opt/pnpm-templates/build_template/node_modules/.pnpm/@testing-library+dom@10.4.2/node_modules/@testing-library/dom/dist/wait-for.js:118:16
            </failure>
        </testcase>
    </testsuite>
    <testsuite name="src/pages/ServicesPage.test.tsx" timestamp="2026-09-25T20:55:14.712Z" hostname="2a82af66d266" tests="48" failures="21" errors="0" skipped="0" time="9.537309778">
        <testcase classname="src/pages/ServicesPage.test.tsx" name="ServicesPage &gt; lists services with code, category, rate and duration" time="0.110423908">
        </testcase>
        <testcase classname="src/pages/ServicesPage.test.tsx" name="ServicesPage &gt; renders an empty state when no services exist" time="0.063272808">
        </testcase>
        <testcase classname="src/pages/ServicesPage.test.tsx" name="ServicesPage &gt; renders an error state when the catalog fails to load" time="0.040299085">
        </testcase>
        <testcase classname="src/pages/ServicesPage.test.tsx" name="ServicesPage &gt; passes the trimmed search term and sort to the backend" time="1.179341249">
            <failure message="expected &quot;spy&quot; to be called with arguments: [ ObjectContaining{…}, &apos;code&apos;, …(2) ][90m

Received: 

[1m  1st spy call:

[22m[2m  [[22m
[32m-   ObjectContaining {[90m
[32m-     &quot;search&quot;: &quot;aceite&quot;,[90m
[31m+   null,[90m
[31m+   {[90m
[31m+     &quot;activeOnly&quot;: undefined,[90m
[31m+     &quot;category&quot;: undefined,[90m
[31m+     &quot;search&quot;: undefined,[90m
[2m    },[22m
[2m    &quot;code&quot;,[22m
[32m-   Anything,[90m
[32m-   Anything,[90m
[31m+   0n,[90m
[31m+   100n,[90m
[2m  ][22m

[1m  2nd spy call:

[22m[2m  [[22m
[32m-   ObjectContaining {[90m
[31m+   null,[90m
[31m+   {[90m
[31m+     &quot;activeOnly&quot;: undefined,[90m
[31m+     &quot;category&quot;: undefined,[90m
[2m      &quot;search&quot;: &quot;aceite&quot;,[22m
[2m    },[22m
[2m    &quot;code&quot;,[22m
[32m-   Anything,[90m
[32m-   Anything,[90m
[31m+   0n,[90m
[31m+   100n,[90m
[2m  ][22m
[39m[90m

Number of calls: [1m2[22m
[39m

Ignored nodes: comments, script, style
[36m&lt;html&gt;[39m
  [36m&lt;head /&gt;[39m
  [36m&lt;body&gt;[39m
    [36m&lt;div&gt;[39m
      [36m&lt;div[39m
        [33mclass[39m=[32m&quot;mx-auto w-full max-w-7xl animate-fade-in space-y-5&quot;[39m
        [33mdata-ocid[39m=[32m&quot;services.page&quot;[39m
      [36m&gt;[39m
        [36m&lt;header[39m
          [33mclass[39m=[32m&quot;space-y-4&quot;[39m
        [36m&gt;[39m
          [36m&lt;div[39m
            [33mclass[39m=[32m&quot;flex flex-wrap items-start justify-between gap-3&quot;[39m
          [36m&gt;[39m
            [36m&lt;div[39m
              [33mclass[39m=[32m&quot;min-w-0 space-y-1&quot;[39m
            [36m&gt;[39m
              [36m&lt;p[39m
                [33mclass[39m=[32m&quot;font-mono text-[10px] uppercase tracking-[0.18em] text-muted-foreground&quot;[39m
              [36m&gt;[39m
                [0mCatálogo[0m
              [36m&lt;/p&gt;[39m
              [36m&lt;h1[39m
                [33mclass[39m=[32m&quot;font-display text-2xl font-semibold tracking-tight&quot;[39m
              [36m&gt;[39m
                [0mServicios de taller[0m
              [36m&lt;/h1&gt;[39m
              [36m&lt;p[39m
                [33mclass[39m=[32m&quot;max-w-2xl text-sm text-muted-foreground&quot;[39m
              [36m&gt;[39m
                [0mCatálogo de mano de obra con tarifas y duración estimada. Los servicios activos se ofrecen en órdenes, cotizaciones y POS.[0m
              [36m&lt;/p&gt;[39m
            [36m&lt;/div&gt;[39m
            [36m&lt;div[39m
              [33mclass[39m=[32m&quot;flex shrink-0 flex-wrap items-center gap-2&quot;[39m
            [36m&gt;[39m
              [36m&lt;div[39m
                [33mclass[39m=[32m&quot;flex items-center gap-2&quot;[39m
              [36m&gt;[39m
                [36m&lt;input[39m
                  [33maccept[39m=[32m&quot;.xlsx,.csv,application/vnd.openxmlformats-officedocument.spreadsheetml.sheet,text/csv&quot;[39m
                  [33mclass[39m=[32m&quot;sr-only&quot;[39m
                  [33mdata-ocid[39m=[32m&quot;services.csv.file_input&quot;[39m
                  [33mtype[39m=[32m&quot;file&quot;[39m
                [36m/&gt;[39m
                [36m&lt;button[39m
                  [33mclass[39m=[32m&quot;inline-flex items-center justify-center whitespace-nowrap text-sm font-medium transition-all disabled:pointer-events-none disabled:opacity-50 [&amp;_svg]:pointer-events-none [&amp;_svg:not([class*=&apos;size-&apos;])]:size-4 shrink-0 [&amp;_svg]:shrink-0 outline-none focus-visible:border-ring focus-visible:ring-ring/50 focus-visible:ring-[3px] aria-invalid:ring-destructive/20 dark:aria-invalid:ring-destructive/40 aria-invalid:border-destructive border bg-background shadow-xs hover:bg-accent hover:text-accent-foreground dark:bg-input/30 dark:border-input dark:hover:bg-input/50 h-8 rounded-md px-3 has-[&gt;svg]:px-2.5 gap-1.5&quot;[39m
                  [33mdata-ocid[39m=[32m&quot;services.csv.import_button&quot;[39m
                  [33mdata-slot[39m=[32m&quot;button&quot;[39m
                  [33mtype[39m=[32m&quot;button&quot;[39m
                [36m&gt;[39m
                  [36m&lt;svg[39m
                    [33maria-hidden[39m=[32m&quot;true&quot;[39m
                    [33mclass[39m=[32m&quot;lucide lucide-upload size-4&quot;[39m
                    [33mfill[39m=[32m&quot;none&quot;[39m
                    [33mheight[39m=[32m&quot;24&quot;[39m
                    [33mstroke[39m=[32m&quot;currentColor&quot;[39m
                    [33mstroke-linecap[39m=[32m&quot;round&quot;[39m
                    [33mstroke-linejoin[39m=[32m&quot;round&quot;[39m
                    [33mstroke-width[39m=[32m&quot;2&quot;[39m
                    [33mviewBox[39m=[32m&quot;0 0 24 24&quot;[39m
                    [33mwidth[39m=[32m&quot;24&quot;[39m
                    [33mxmlns[39m=[32m&quot;http://www.w3.org/2000/svg&quot;[39m
                  [36m&gt;[39m
                    [36m&lt;path[39m
                      [33md[39m=[32m&quot;M12 3v12&quot;[39m
                    [36m/&gt;[39m
                    [36m&lt;path[39m
                      [33md[39m=[32m&quot;m17 8-5-5-5 5&quot;[39m
                    [36m/&gt;[39m
                    [36m&lt;path[39m
                      [33md[39m=[32m&quot;M21 15v4a2 2 0 0 1-2 2H5a2 2 0 0 1-2-2v-4&quot;[39m
                    [36m/&gt;[39m
                  [36m&lt;/svg&gt;[39m
                  [0mImportar Excel[0m
                [36m&lt;/button&gt;[39m
                [36m&lt;button[39m
                  [33mclass[39m=[32m&quot;inline-flex items-center justify-center whitespace-nowrap text-sm font-medium transition-all disabled:pointer-events-none disabled:opacity-50 [&amp;_svg]:pointer-events-none [&amp;_svg:not([class*=&apos;size-&apos;])]:size-4 shrink-0 [&amp;_svg]:shrink-0 outline-none focus-visible:border-ring focus-visible:ring-ring/50 focus-visible:ring-[3px] aria-invalid:ring-destructive/20 dark:aria-invalid:ring-destructive/40 aria-invalid:border-destructive border bg-background shadow-xs hover:bg-accent hover:text-accent-foreground dark:bg-input/30 dark:border-input dark:hover:bg-input/50 h-8 rounded-md px-3 has-[&gt;svg]:px-2.5 gap-1.5&quot;[39m
                  [33mdata-ocid[39m=[32m&quot;services.csv.export_button&quot;[39m
                  [33mdata-slot[39m=[32m&quot;button&quot;[39m
                  [33mdisabled[39m=[32m&quot;&quot;[39m
                  [33mtype[39m=[32m&quot;button&quot;[39m
                [36m&gt;[39m
                  [36m&lt;svg[39m
                    [33maria-hidden[39m=[32m&quot;true&quot;[39m
                    [33mclass[39m=[32m&quot;lucide lucide-download size-4&quot;[39m
                    [33mfill[39m=[32m&quot;none&quot;[39m
                    [33mheight[39m=[32m&quot;24&quot;[39m
                    [33mstroke[39m=[32m&quot;currentColor&quot;[39m
                    [33mstroke-linecap[39m=[32m&quot;round&quot;[39m
                    [33mstroke-linejoin[39m=[32m&quot;round&quot;[39m
                    [33mstroke-width[39m=[32m&quot;2&quot;[39m
                    [33mviewBox[39m=[32m&quot;0 0 24 24&quot;[39m
                    [33mwidth[39m=[32m&quot;24&quot;[39m
                    [33mxmlns[39m=[32m&quot;http://www.w3.org/2000/svg&quot;[39m
                  [36m&gt;[39m
                    [36m&lt;path[39m
                      [33md[39m=[32m&quot;M12 15V3&quot;[39m
                    [36m/&gt;[39m
                    [36m&lt;path[39m
                      [33md[39m=[32m&quot;M21 15v4a2 2 0 0 1-2 2H5a2 2 0 0 1-2-2v-4&quot;[39m
                    [36m/&gt;[39m
                    [36m&lt;path[39m
                      [33md[39m=[32m&quot;m7 10 5 5 5-5&quot;[39m
                    [36m/&gt;[39m
                  [36m&lt;/svg&gt;[39m
                  [0mExportar Excel[0m
                [36m&lt;/button&gt;[39m
              [36m&lt;/div&gt;[39m
              [36m&lt;button[39m
                [33mclass[39m=[32m&quot;inline-flex items-center justify-center whitespace-nowrap rounded-md text-sm font-medium transition-all disabled:pointer-events-none disabled:opacity-50 [&amp;_svg]:pointer-events-none [&amp;_svg:not([class*=&apos;size-&apos;])]:size-4 shrink-0 [&amp;_svg]:shrink-0 outline-none focus-visible:border-ring focus-visible:ring-ring/50 focus-visible:ring-[3px] aria-invalid:ring-destructive/20 dark:aria-invalid:ring-destructive/40 aria-invalid:border-destructive border bg-background shadow-xs hover:bg-accent hover:text-accent-fore..." type="AssertionError">
AssertionError: expected &quot;spy&quot; to be called with arguments: [ ObjectContaining{…}, &apos;code&apos;, …(2) ]

Received: 

  1st spy call:

  [
-   ObjectContaining {
-     &quot;search&quot;: &quot;aceite&quot;,
+   null,
+   {
+     &quot;activeOnly&quot;: undefined,
+     &quot;category&quot;: undefined,
+     &quot;search&quot;: undefined,
    },
    &quot;code&quot;,
-   Anything,
-   Anything,
+   0n,
+   100n,
  ]

  2nd spy call:

  [
-   ObjectContaining {
+   null,
+   {
+     &quot;activeOnly&quot;: undefined,
+     &quot;category&quot;: undefined,
      &quot;search&quot;: &quot;aceite&quot;,
    },
    &quot;code&quot;,
-   Anything,
-   Anything,
+   0n,
+   100n,
  ]


Number of calls: 2


Ignored nodes: comments, script, style
&lt;html&gt;
  &lt;head /&gt;
  &lt;body&gt;
    &lt;div&gt;
      &lt;div
        class=&quot;mx-auto w-full max-w-7xl animate-fade-in space-y-5&quot;
        data-ocid=&quot;services.page&quot;
      &gt;
        &lt;header
          class=&quot;space-y-4&quot;
        &gt;
          &lt;div
            class=&quot;flex flex-wrap items-start justify-between gap-3&quot;
          &gt;
            &lt;div
              class=&quot;min-w-0 space-y-1&quot;
            &gt;
              &lt;p
                class=&quot;font-mono text-[10px] uppercase tracking-[0.18em] text-muted-foreground&quot;
              &gt;
                Catálogo
              &lt;/p&gt;
              &lt;h1
                class=&quot;font-display text-2xl font-semibold tracking-tight&quot;
              &gt;
                Servicios de taller
              &lt;/h1&gt;
              &lt;p
                class=&quot;max-w-2xl text-sm text-muted-foreground&quot;
              &gt;
                Catálogo de mano de obra con tarifas y duración estimada. Los servicios activos se ofrecen en órdenes, cotizaciones y POS.
              &lt;/p&gt;
            &lt;/div&gt;
            &lt;div
              class=&quot;flex shrink-0 flex-wrap items-center gap-2&quot;
            &gt;
              &lt;div
                class=&quot;flex items-center gap-2&quot;
              &gt;
                &lt;input
                  accept=&quot;.xlsx,.csv,application/vnd.openxmlformats-officedocument.spreadsheetml.sheet,text/csv&quot;
                  class=&quot;sr-only&quot;
                  data-ocid=&quot;services.csv.file_input&quot;
                  type=&quot;file&quot;
                /&gt;
                &lt;button
                  class=&quot;inline-flex items-center justify-center whitespace-nowrap text-sm font-medium transition-all disabled:pointer-events-none disabled:opacity-50 [&amp;_svg]:pointer-events-none [&amp;_svg:not([class*=&apos;size-&apos;])]:size-4 shrink-0 [&amp;_svg]:shrink-0 outline-none focus-visible:border-ring focus-visible:ring-ring/50 focus-visible:ring-[3px] aria-invalid:ring-destructive/20 dark:aria-invalid:ring-destructive/40 aria-invalid:border-destructive border bg-background shadow-xs hover:bg-accent hover:text-accent-foreground dark:bg-input/30 dark:border-input dark:hover:bg-input/50 h-8 rounded-md px-3 has-[&gt;svg]:px-2.5 gap-1.5&quot;
                  data-ocid=&quot;services.csv.import_button&quot;
                  data-slot=&quot;button&quot;
                  type=&quot;button&quot;
                &gt;
                  &lt;svg
                    aria-hidden=&quot;true&quot;
                    class=&quot;lucide lucide-upload size-4&quot;
                    fill=&quot;none&quot;
                    height=&quot;24&quot;
                    stroke=&quot;currentColor&quot;
                    stroke-linecap=&quot;round&quot;
                    stroke-linejoin=&quot;round&quot;
                    stroke-width=&quot;2&quot;
                    viewBox=&quot;0 0 24 24&quot;
                    width=&quot;24&quot;
                    xmlns=&quot;http://www.w3.org/2000/svg&quot;
                  &gt;
                    &lt;path
                      d=&quot;M12 3v12&quot;
                    /&gt;
                    &lt;path
                      d=&quot;m17 8-5-5-5 5&quot;
                    /&gt;
                    &lt;path
                      d=&quot;M21 15v4a2 2 0 0 1-2 2H5a2 2 0 0 1-2-2v-4&quot;
                    /&gt;
                  &lt;/svg&gt;
                  Importar Excel
                &lt;/button&gt;
                &lt;button
                  class=&quot;inline-flex items-center justify-center whitespace-nowrap text-sm font-medium transition-all disabled:pointer-events-none disabled:opacity-50 [&amp;_svg]:pointer-events-none [&amp;_svg:not([class*=&apos;size-&apos;])]:size-4 shrink-0 [&amp;_svg]:shrink-0 outline-none focus-visible:border-ring focus-visible:ring-ring/50 focus-visible:ring-[3px] aria-invalid:ring-destructive/20 dark:aria-invalid:ring-destructive/40 aria-invalid:border-destructive border bg-background shadow-xs hover:bg-accent hover:text-accent-foreground dark:bg-input/30 dark:border-input dark:hover:bg-input/50 h-8 rounded-md px-3 has-[&gt;svg]:px-2.5 gap-1.5&quot;
                  data-ocid=&quot;services.csv.export_button&quot;
                  data-slot=&quot;button&quot;
                  disabled=&quot;&quot;
                  type=&quot;button&quot;
                &gt;
                  &lt;svg
                    aria-hidden=&quot;true&quot;
                    class=&quot;lucide lucide-download size-4&quot;
                    fill=&quot;none&quot;
                    height=&quot;24&quot;
                    stroke=&quot;currentColor&quot;
                    stroke-linecap=&quot;round&quot;
                    stroke-linejoin=&quot;round&quot;
                    stroke-width=&quot;2&quot;
                    viewBox=&quot;0 0 24 24&quot;
                    width=&quot;24&quot;
                    xmlns=&quot;http://www.w3.org/2000/svg&quot;
                  &gt;
                    &lt;path
                      d=&quot;M12 15V3&quot;
                    /&gt;
                    &lt;path
                      d=&quot;M21 15v4a2 2 0 0 1-2 2H5a2 2 0 0 1-2-2v-4&quot;
                    /&gt;
                    &lt;path
                      d=&quot;m7 10 5 5 5-5&quot;
                    /&gt;
                  &lt;/svg&gt;
                  Exportar Excel
                &lt;/button&gt;
              &lt;/div&gt;
              &lt;button
                class=&quot;inline-flex items-center justify-center whitespace-nowrap rounded-md text-sm font-medium transition-all disabled:pointer-events-none disabled:opacity-50 [&amp;_svg]:pointer-events-none [&amp;_svg:not([class*=&apos;size-&apos;])]:size-4 shrink-0 [&amp;_svg]:shrink-0 outline-none focus-visible:border-ring focus-visible:ring-ring/50 focus-visible:ring-[3px] aria-invalid:ring-destructive/20 dark:aria-invalid:ring-destructive/40 aria-invalid:border-destructive border bg-background shadow-xs hover:bg-accent hover:text-accent-fore...
 ❯ src/pages/ServicesPage.test.tsx:212:32
 ❯ runWithExpensiveErrorDiagnosticsDisabled ../../../../../../opt/pnpm-templates/build_template/node_modules/.pnpm/@testing-library+dom@10.4.2/node_modules/@testing-library/dom/dist/config.js:47:12
 ❯ checkCallback ../../../../../../opt/pnpm-templates/build_template/node_modules/.pnpm/@testing-library+dom@10.4.2/node_modules/@testing-library/dom/dist/wait-for.js:124:77
 ❯ Timeout.checkRealTimersCallback ../../../../../../opt/pnpm-templates/build_template/node_modules/.pnpm/@testing-library+dom@10.4.2/node_modules/@testing-library/dom/dist/wait-for.js:118:16
            </failure>
        </testcase>
        <testcase classname="src/pages/ServicesPage.test.tsx" name="ServicesPage &gt; toggles the active-only filter through to the backend" time="1.069017648">
            <failure message="expected &quot;spy&quot; to be called with arguments: [ ObjectContaining{…}, Anything, …(2) ][90m

Received: 

[1m  1st spy call:

[22m[2m  [[22m
[32m-   ObjectContaining {[90m
[32m-     &quot;activeOnly&quot;: true,[90m
[31m+   null,[90m
[31m+   {[90m
[31m+     &quot;activeOnly&quot;: undefined,[90m
[31m+     &quot;category&quot;: undefined,[90m
[31m+     &quot;search&quot;: undefined,[90m
[2m    },[22m
[32m-   Anything,[90m
[32m-   Anything,[90m
[32m-   Anything,[90m
[31m+   &quot;code&quot;,[90m
[31m+   0n,[90m
[31m+   100n,[90m
[2m  ][22m

[1m  2nd spy call:

[22m[2m  [[22m
[32m-   ObjectContaining {[90m
[31m+   null,[90m
[31m+   {[90m
[2m      &quot;activeOnly&quot;: true,[22m
[31m+     &quot;category&quot;: undefined,[90m
[31m+     &quot;search&quot;: undefined,[90m
[2m    },[22m
[32m-   Anything,[90m
[32m-   Anything,[90m
[32m-   Anything,[90m
[31m+   &quot;code&quot;,[90m
[31m+   0n,[90m
[31m+   100n,[90m
[2m  ][22m
[39m[90m

Number of calls: [1m2[22m
[39m

Ignored nodes: comments, script, style
[36m&lt;html&gt;[39m
  [36m&lt;head /&gt;[39m
  [36m&lt;body&gt;[39m
    [36m&lt;div&gt;[39m
      [36m&lt;div[39m
        [33mclass[39m=[32m&quot;mx-auto w-full max-w-7xl animate-fade-in space-y-5&quot;[39m
        [33mdata-ocid[39m=[32m&quot;services.page&quot;[39m
      [36m&gt;[39m
        [36m&lt;header[39m
          [33mclass[39m=[32m&quot;space-y-4&quot;[39m
        [36m&gt;[39m
          [36m&lt;div[39m
            [33mclass[39m=[32m&quot;flex flex-wrap items-start justify-between gap-3&quot;[39m
          [36m&gt;[39m
            [36m&lt;div[39m
              [33mclass[39m=[32m&quot;min-w-0 space-y-1&quot;[39m
            [36m&gt;[39m
              [36m&lt;p[39m
                [33mclass[39m=[32m&quot;font-mono text-[10px] uppercase tracking-[0.18em] text-muted-foreground&quot;[39m
              [36m&gt;[39m
                [0mCatálogo[0m
              [36m&lt;/p&gt;[39m
              [36m&lt;h1[39m
                [33mclass[39m=[32m&quot;font-display text-2xl font-semibold tracking-tight&quot;[39m
              [36m&gt;[39m
                [0mServicios de taller[0m
              [36m&lt;/h1&gt;[39m
              [36m&lt;p[39m
                [33mclass[39m=[32m&quot;max-w-2xl text-sm text-muted-foreground&quot;[39m
              [36m&gt;[39m
                [0mCatálogo de mano de obra con tarifas y duración estimada. Los servicios activos se ofrecen en órdenes, cotizaciones y POS.[0m
              [36m&lt;/p&gt;[39m
            [36m&lt;/div&gt;[39m
            [36m&lt;div[39m
              [33mclass[39m=[32m&quot;flex shrink-0 flex-wrap items-center gap-2&quot;[39m
            [36m&gt;[39m
              [36m&lt;div[39m
                [33mclass[39m=[32m&quot;flex items-center gap-2&quot;[39m
              [36m&gt;[39m
                [36m&lt;input[39m
                  [33maccept[39m=[32m&quot;.xlsx,.csv,application/vnd.openxmlformats-officedocument.spreadsheetml.sheet,text/csv&quot;[39m
                  [33mclass[39m=[32m&quot;sr-only&quot;[39m
                  [33mdata-ocid[39m=[32m&quot;services.csv.file_input&quot;[39m
                  [33mtype[39m=[32m&quot;file&quot;[39m
                [36m/&gt;[39m
                [36m&lt;button[39m
                  [33mclass[39m=[32m&quot;inline-flex items-center justify-center whitespace-nowrap text-sm font-medium transition-all disabled:pointer-events-none disabled:opacity-50 [&amp;_svg]:pointer-events-none [&amp;_svg:not([class*=&apos;size-&apos;])]:size-4 shrink-0 [&amp;_svg]:shrink-0 outline-none focus-visible:border-ring focus-visible:ring-ring/50 focus-visible:ring-[3px] aria-invalid:ring-destructive/20 dark:aria-invalid:ring-destructive/40 aria-invalid:border-destructive border bg-background shadow-xs hover:bg-accent hover:text-accent-foreground dark:bg-input/30 dark:border-input dark:hover:bg-input/50 h-8 rounded-md px-3 has-[&gt;svg]:px-2.5 gap-1.5&quot;[39m
                  [33mdata-ocid[39m=[32m&quot;services.csv.import_button&quot;[39m
                  [33mdata-slot[39m=[32m&quot;button&quot;[39m
                  [33mtype[39m=[32m&quot;button&quot;[39m
                [36m&gt;[39m
                  [36m&lt;svg[39m
                    [33maria-hidden[39m=[32m&quot;true&quot;[39m
                    [33mclass[39m=[32m&quot;lucide lucide-upload size-4&quot;[39m
                    [33mfill[39m=[32m&quot;none&quot;[39m
                    [33mheight[39m=[32m&quot;24&quot;[39m
                    [33mstroke[39m=[32m&quot;currentColor&quot;[39m
                    [33mstroke-linecap[39m=[32m&quot;round&quot;[39m
                    [33mstroke-linejoin[39m=[32m&quot;round&quot;[39m
                    [33mstroke-width[39m=[32m&quot;2&quot;[39m
                    [33mviewBox[39m=[32m&quot;0 0 24 24&quot;[39m
                    [33mwidth[39m=[32m&quot;24&quot;[39m
                    [33mxmlns[39m=[32m&quot;http://www.w3.org/2000/svg&quot;[39m
                  [36m&gt;[39m
                    [36m&lt;path[39m
                      [33md[39m=[32m&quot;M12 3v12&quot;[39m
                    [36m/&gt;[39m
                    [36m&lt;path[39m
                      [33md[39m=[32m&quot;m17 8-5-5-5 5&quot;[39m
                    [36m/&gt;[39m
                    [36m&lt;path[39m
                      [33md[39m=[32m&quot;M21 15v4a2 2 0 0 1-2 2H5a2 2 0 0 1-2-2v-4&quot;[39m
                    [36m/&gt;[39m
                  [36m&lt;/svg&gt;[39m
                  [0mImportar Excel[0m
                [36m&lt;/button&gt;[39m
                [36m&lt;button[39m
                  [33mclass[39m=[32m&quot;inline-flex items-center justify-center whitespace-nowrap text-sm font-medium transition-all disabled:pointer-events-none disabled:opacity-50 [&amp;_svg]:pointer-events-none [&amp;_svg:not([class*=&apos;size-&apos;])]:size-4 shrink-0 [&amp;_svg]:shrink-0 outline-none focus-visible:border-ring focus-visible:ring-ring/50 focus-visible:ring-[3px] aria-invalid:ring-destructive/20 dark:aria-invalid:ring-destructive/40 aria-invalid:border-destructive border bg-background shadow-xs hover:bg-accent hover:text-accent-foreground dark:bg-input/30 dark:border-input dark:hover:bg-input/50 h-8 rounded-md px-3 has-[&gt;svg]:px-2.5 gap-1.5&quot;[39m
                  [33mdata-ocid[39m=[32m&quot;services.csv.export_button&quot;[39m
                  [33mdata-slot[39m=[32m&quot;button&quot;[39m
                  [33mdisabled[39m=[32m&quot;&quot;[39m
                  [33mtype[39m=[32m&quot;button&quot;[39m
                [36m&gt;[39m
                  [36m&lt;svg[39m
                    [33maria-hidden[39m=[32m&quot;true&quot;[39m
                    [33mclass[39m=[32m&quot;lucide lucide-download size-4&quot;[39m
                    [33mfill[39m=[32m&quot;none&quot;[39m
                    [33mheight[39m=[32m&quot;24&quot;[39m
                    [33mstroke[39m=[32m&quot;currentColor&quot;[39m
                    [33mstroke-linecap[39m=[32m&quot;round&quot;[39m
                    [33mstroke-linejoin[39m=[32m&quot;round&quot;[39m
                    [33mstroke-width[39m=[32m&quot;2&quot;[39m
                    [33mviewBox[39m=[32m&quot;0 0 24 24&quot;[39m
                    [33mwidth[39m=[32m&quot;24&quot;[39m
                    [33mxmlns[39m=[32m&quot;http://www.w3.org/2000/svg&quot;[39m
                  [36m&gt;[39m
                    [36m&lt;path[39m
                      [33md[39m=[32m&quot;M12 15V3&quot;[39m
                    [36m/&gt;[39m
                    [36m&lt;path[39m
                      [33md[39m=[32m&quot;M21 15v4a2 2 0 0 1-2 2H5a2 2 0 0 1-2-2v-4&quot;[39m
                    [36m/&gt;[39m
                    [36m&lt;path[39m
                      [33md[39m=[32m&quot;m7 10 5 5 5-5&quot;[39m
                    [36m/&gt;[39m
                  [36m&lt;/svg&gt;[39m
                  [0mExportar Excel[0m
                [36m&lt;/button&gt;[39m
              [36m&lt;/div&gt;[39m
              [36m&lt;button[39m
                [33mclass[39m=[32m&quot;inline-flex items-center justify-center whitespace-nowrap rounded-md text-sm font-medium transition-all disabled:pointer-events-none disabled:opacity-50 [&amp;_svg]:pointer-events-none [&amp;_svg:not([class*=&apos;size-&apos;])]:size-4 shrink-0 [&amp;_svg]:shrink-0 outline-none focus-visible:border-ring focus-visible:ring-ring/50 focus-visible:ring-[3px] aria-invalid:ring-destructive/20 dark:aria-invalid:ring-destructive/40 aria-invalid:border-destructive border bg-background shadow-xs hover:bg-accent hover:text-accent-fore..." type="AssertionError">
AssertionError: expected &quot;spy&quot; to be called with arguments: [ ObjectContaining{…}, Anything, …(2) ]

Received: 

  1st spy call:

  [
-   ObjectContaining {
-     &quot;activeOnly&quot;: true,
+   null,
+   {
+     &quot;activeOnly&quot;: undefined,
+     &quot;category&quot;: undefined,
+     &quot;search&quot;: undefined,
    },
-   Anything,
-   Anything,
-   Anything,
+   &quot;code&quot;,
+   0n,
+   100n,
  ]

  2nd spy call:

  [
-   ObjectContaining {
+   null,
+   {
      &quot;activeOnly&quot;: true,
+     &quot;category&quot;: undefined,
+     &quot;search&quot;: undefined,
    },
-   Anything,
-   Anything,
-   Anything,
+   &quot;code&quot;,
+   0n,
+   100n,
  ]


Number of calls: 2


Ignored nodes: comments, script, style
&lt;html&gt;
  &lt;head /&gt;
  &lt;body&gt;
    &lt;div&gt;
      &lt;div
        class=&quot;mx-auto w-full max-w-7xl animate-fade-in space-y-5&quot;
        data-ocid=&quot;services.page&quot;
      &gt;
        &lt;header
          class=&quot;space-y-4&quot;
        &gt;
          &lt;div
            class=&quot;flex flex-wrap items-start justify-between gap-3&quot;
          &gt;
            &lt;div
              class=&quot;min-w-0 space-y-1&quot;
            &gt;
              &lt;p
                class=&quot;font-mono text-[10px] uppercase tracking-[0.18em] text-muted-foreground&quot;
              &gt;
                Catálogo
              &lt;/p&gt;
              &lt;h1
                class=&quot;font-display text-2xl font-semibold tracking-tight&quot;
              &gt;
                Servicios de taller
              &lt;/h1&gt;
              &lt;p
                class=&quot;max-w-2xl text-sm text-muted-foreground&quot;
              &gt;
                Catálogo de mano de obra con tarifas y duración estimada. Los servicios activos se ofrecen en órdenes, cotizaciones y POS.
              &lt;/p&gt;
            &lt;/div&gt;
            &lt;div
              class=&quot;flex shrink-0 flex-wrap items-center gap-2&quot;
            &gt;
              &lt;div
                class=&quot;flex items-center gap-2&quot;
              &gt;
                &lt;input
                  accept=&quot;.xlsx,.csv,application/vnd.openxmlformats-officedocument.spreadsheetml.sheet,text/csv&quot;
                  class=&quot;sr-only&quot;
                  data-ocid=&quot;services.csv.file_input&quot;
                  type=&quot;file&quot;
                /&gt;
                &lt;button
                  class=&quot;inline-flex items-center justify-center whitespace-nowrap text-sm font-medium transition-all disabled:pointer-events-none disabled:opacity-50 [&amp;_svg]:pointer-events-none [&amp;_svg:not([class*=&apos;size-&apos;])]:size-4 shrink-0 [&amp;_svg]:shrink-0 outline-none focus-visible:border-ring focus-visible:ring-ring/50 focus-visible:ring-[3px] aria-invalid:ring-destructive/20 dark:aria-invalid:ring-destructive/40 aria-invalid:border-destructive border bg-background shadow-xs hover:bg-accent hover:text-accent-foreground dark:bg-input/30 dark:border-input dark:hover:bg-input/50 h-8 rounded-md px-3 has-[&gt;svg]:px-2.5 gap-1.5&quot;
                  data-ocid=&quot;services.csv.import_button&quot;
                  data-slot=&quot;button&quot;
                  type=&quot;button&quot;
                &gt;
                  &lt;svg
                    aria-hidden=&quot;true&quot;
                    class=&quot;lucide lucide-upload size-4&quot;
                    fill=&quot;none&quot;
                    height=&quot;24&quot;
                    stroke=&quot;currentColor&quot;
                    stroke-linecap=&quot;round&quot;
                    stroke-linejoin=&quot;round&quot;
                    stroke-width=&quot;2&quot;
                    viewBox=&quot;0 0 24 24&quot;
                    width=&quot;24&quot;
                    xmlns=&quot;http://www.w3.org/2000/svg&quot;
                  &gt;
                    &lt;path
                      d=&quot;M12 3v12&quot;
                    /&gt;
                    &lt;path
                      d=&quot;m17 8-5-5-5 5&quot;
                    /&gt;
                    &lt;path
                      d=&quot;M21 15v4a2 2 0 0 1-2 2H5a2 2 0 0 1-2-2v-4&quot;
                    /&gt;
                  &lt;/svg&gt;
                  Importar Excel
                &lt;/button&gt;
                &lt;button
                  class=&quot;inline-flex items-center justify-center whitespace-nowrap text-sm font-medium transition-all disabled:pointer-events-none disabled:opacity-50 [&amp;_svg]:pointer-events-none [&amp;_svg:not([class*=&apos;size-&apos;])]:size-4 shrink-0 [&amp;_svg]:shrink-0 outline-none focus-visible:border-ring focus-visible:ring-ring/50 focus-visible:ring-[3px] aria-invalid:ring-destructive/20 dark:aria-invalid:ring-destructive/40 aria-invalid:border-destructive border bg-background shadow-xs hover:bg-accent hover:text-accent-foreground dark:bg-input/30 dark:border-input dark:hover:bg-input/50 h-8 rounded-md px-3 has-[&gt;svg]:px-2.5 gap-1.5&quot;
                  data-ocid=&quot;services.csv.export_button&quot;
                  data-slot=&quot;button&quot;
                  disabled=&quot;&quot;
                  type=&quot;button&quot;
                &gt;
                  &lt;svg
                    aria-hidden=&quot;true&quot;
                    class=&quot;lucide lucide-download size-4&quot;
                    fill=&quot;none&quot;
                    height=&quot;24&quot;
                    stroke=&quot;currentColor&quot;
                    stroke-linecap=&quot;round&quot;
                    stroke-linejoin=&quot;round&quot;
                    stroke-width=&quot;2&quot;
                    viewBox=&quot;0 0 24 24&quot;
                    width=&quot;24&quot;
                    xmlns=&quot;http://www.w3.org/2000/svg&quot;
                  &gt;
                    &lt;path
                      d=&quot;M12 15V3&quot;
                    /&gt;
                    &lt;path
                      d=&quot;M21 15v4a2 2 0 0 1-2 2H5a2 2 0 0 1-2-2v-4&quot;
                    /&gt;
                    &lt;path
                      d=&quot;m7 10 5 5 5-5&quot;
                    /&gt;
                  &lt;/svg&gt;
                  Exportar Excel
                &lt;/button&gt;
              &lt;/div&gt;
              &lt;button
                class=&quot;inline-flex items-center justify-center whitespace-nowrap rounded-md text-sm font-medium transition-all disabled:pointer-events-none disabled:opacity-50 [&amp;_svg]:pointer-events-none [&amp;_svg:not([class*=&apos;size-&apos;])]:size-4 shrink-0 [&amp;_svg]:shrink-0 outline-none focus-visible:border-ring focus-visible:ring-ring/50 focus-visible:ring-[3px] aria-invalid:ring-destructive/20 dark:aria-invalid:ring-destructive/40 aria-invalid:border-destructive border bg-background shadow-xs hover:bg-accent hover:text-accent-fore...
 ❯ src/pages/ServicesPage.test.tsx:228:32
 ❯ runWithExpensiveErrorDiagnosticsDisabled ../../../../../../opt/pnpm-templates/build_template/node_modules/.pnpm/@testing-library+dom@10.4.2/node_modules/@testing-library/dom/dist/config.js:47:12
 ❯ checkCallback ../../../../../../opt/pnpm-templates/build_template/node_modules/.pnpm/@testing-library+dom@10.4.2/node_modules/@testing-library/dom/dist/wait-for.js:124:77
 ❯ Timeout.checkRealTimersCallback ../../../../../../opt/pnpm-templates/build_template/node_modules/.pnpm/@testing-library+dom@10.4.2/node_modules/@testing-library/dom/dist/wait-for.js:118:16
            </failure>
        </testcase>
        <testcase classname="src/pages/ServicesPage.test.tsx" name="ServicesPage &gt; offers the catalog categories in the service form dropdown" time="0.137680075">
        </testcase>
        <testcase classname="src/pages/ServicesPage.test.tsx" name="ServicesPage &gt; filters services by a catalog category" time="1.107369527">
            <failure message="expected &quot;spy&quot; to be called with arguments: [ ObjectContaining{…}, Anything, …(2) ][90m

Received: 

[1m  1st spy call:

[22m[2m  [[22m
[32m-   ObjectContaining {[90m
[32m-     &quot;category&quot;: &quot;Mantenimiento&quot;,[90m
[31m+   null,[90m
[31m+   {[90m
[31m+     &quot;activeOnly&quot;: undefined,[90m
[31m+     &quot;category&quot;: undefined,[90m
[31m+     &quot;search&quot;: undefined,[90m
[2m    },[22m
[32m-   Anything,[90m
[32m-   Anything,[90m
[32m-   Anything,[90m
[31m+   &quot;code&quot;,[90m
[31m+   0n,[90m
[31m+   100n,[90m
[2m  ][22m

[1m  2nd spy call:

[22m[2m  [[22m
[32m-   ObjectContaining {[90m
[31m+   null,[90m
[31m+   {[90m
[31m+     &quot;activeOnly&quot;: undefined,[90m
[2m      &quot;category&quot;: &quot;Mantenimiento&quot;,[22m
[31m+     &quot;search&quot;: undefined,[90m
[2m    },[22m
[32m-   Anything,[90m
[32m-   Anything,[90m
[32m-   Anything,[90m
[31m+   &quot;code&quot;,[90m
[31m+   0n,[90m
[31m+   100n,[90m
[2m  ][22m
[39m[90m

Number of calls: [1m2[22m
[39m

Ignored nodes: comments, script, style
[36m&lt;html&gt;[39m
  [36m&lt;head /&gt;[39m
  [36m&lt;body[39m
    [33mstyle[39m=[32m&quot;&quot;[39m
  [36m&gt;[39m
    [36m&lt;div&gt;[39m
      [36m&lt;div[39m
        [33mclass[39m=[32m&quot;mx-auto w-full max-w-7xl animate-fade-in space-y-5&quot;[39m
        [33mdata-ocid[39m=[32m&quot;services.page&quot;[39m
      [36m&gt;[39m
        [36m&lt;header[39m
          [33mclass[39m=[32m&quot;space-y-4&quot;[39m
        [36m&gt;[39m
          [36m&lt;div[39m
            [33mclass[39m=[32m&quot;flex flex-wrap items-start justify-between gap-3&quot;[39m
          [36m&gt;[39m
            [36m&lt;div[39m
              [33mclass[39m=[32m&quot;min-w-0 space-y-1&quot;[39m
            [36m&gt;[39m
              [36m&lt;p[39m
                [33mclass[39m=[32m&quot;font-mono text-[10px] uppercase tracking-[0.18em] text-muted-foreground&quot;[39m
              [36m&gt;[39m
                [0mCatálogo[0m
              [36m&lt;/p&gt;[39m
              [36m&lt;h1[39m
                [33mclass[39m=[32m&quot;font-display text-2xl font-semibold tracking-tight&quot;[39m
              [36m&gt;[39m
                [0mServicios de taller[0m
              [36m&lt;/h1&gt;[39m
              [36m&lt;p[39m
                [33mclass[39m=[32m&quot;max-w-2xl text-sm text-muted-foreground&quot;[39m
              [36m&gt;[39m
                [0mCatálogo de mano de obra con tarifas y duración estimada. Los servicios activos se ofrecen en órdenes, cotizaciones y POS.[0m
              [36m&lt;/p&gt;[39m
            [36m&lt;/div&gt;[39m
            [36m&lt;div[39m
              [33mclass[39m=[32m&quot;flex shrink-0 flex-wrap items-center gap-2&quot;[39m
            [36m&gt;[39m
              [36m&lt;div[39m
                [33mclass[39m=[32m&quot;flex items-center gap-2&quot;[39m
              [36m&gt;[39m
                [36m&lt;input[39m
                  [33maccept[39m=[32m&quot;.xlsx,.csv,application/vnd.openxmlformats-officedocument.spreadsheetml.sheet,text/csv&quot;[39m
                  [33mclass[39m=[32m&quot;sr-only&quot;[39m
                  [33mdata-ocid[39m=[32m&quot;services.csv.file_input&quot;[39m
                  [33mtype[39m=[32m&quot;file&quot;[39m
                [36m/&gt;[39m
                [36m&lt;button[39m
                  [33mclass[39m=[32m&quot;inline-flex items-center justify-center whitespace-nowrap text-sm font-medium transition-all disabled:pointer-events-none disabled:opacity-50 [&amp;_svg]:pointer-events-none [&amp;_svg:not([class*=&apos;size-&apos;])]:size-4 shrink-0 [&amp;_svg]:shrink-0 outline-none focus-visible:border-ring focus-visible:ring-ring/50 focus-visible:ring-[3px] aria-invalid:ring-destructive/20 dark:aria-invalid:ring-destructive/40 aria-invalid:border-destructive border bg-background shadow-xs hover:bg-accent hover:text-accent-foreground dark:bg-input/30 dark:border-input dark:hover:bg-input/50 h-8 rounded-md px-3 has-[&gt;svg]:px-2.5 gap-1.5&quot;[39m
                  [33mdata-ocid[39m=[32m&quot;services.csv.import_button&quot;[39m
                  [33mdata-slot[39m=[32m&quot;button&quot;[39m
                  [33mtype[39m=[32m&quot;button&quot;[39m
                [36m&gt;[39m
                  [36m&lt;svg[39m
                    [33maria-hidden[39m=[32m&quot;true&quot;[39m
                    [33mclass[39m=[32m&quot;lucide lucide-upload size-4&quot;[39m
                    [33mfill[39m=[32m&quot;none&quot;[39m
                    [33mheight[39m=[32m&quot;24&quot;[39m
                    [33mstroke[39m=[32m&quot;currentColor&quot;[39m
                    [33mstroke-linecap[39m=[32m&quot;round&quot;[39m
                    [33mstroke-linejoin[39m=[32m&quot;round&quot;[39m
                    [33mstroke-width[39m=[32m&quot;2&quot;[39m
                    [33mviewBox[39m=[32m&quot;0 0 24 24&quot;[39m
                    [33mwidth[39m=[32m&quot;24&quot;[39m
                    [33mxmlns[39m=[32m&quot;http://www.w3.org/2000/svg&quot;[39m
                  [36m&gt;[39m
                    [36m&lt;path[39m
                      [33md[39m=[32m&quot;M12 3v12&quot;[39m
                    [36m/&gt;[39m
                    [36m&lt;path[39m
                      [33md[39m=[32m&quot;m17 8-5-5-5 5&quot;[39m
                    [36m/&gt;[39m
                    [36m&lt;path[39m
                      [33md[39m=[32m&quot;M21 15v4a2 2 0 0 1-2 2H5a2 2 0 0 1-2-2v-4&quot;[39m
                    [36m/&gt;[39m
                  [36m&lt;/svg&gt;[39m
                  [0mImportar Excel[0m
                [36m&lt;/button&gt;[39m
                [36m&lt;button[39m
                  [33mclass[39m=[32m&quot;inline-flex items-center justify-center whitespace-nowrap text-sm font-medium transition-all disabled:pointer-events-none disabled:opacity-50 [&amp;_svg]:pointer-events-none [&amp;_svg:not([class*=&apos;size-&apos;])]:size-4 shrink-0 [&amp;_svg]:shrink-0 outline-none focus-visible:border-ring focus-visible:ring-ring/50 focus-visible:ring-[3px] aria-invalid:ring-destructive/20 dark:aria-invalid:ring-destructive/40 aria-invalid:border-destructive border bg-background shadow-xs hover:bg-accent hover:text-accent-foreground dark:bg-input/30 dark:border-input dark:hover:bg-input/50 h-8 rounded-md px-3 has-[&gt;svg]:px-2.5 gap-1.5&quot;[39m
                  [33mdata-ocid[39m=[32m&quot;services.csv.export_button&quot;[39m
                  [33mdata-slot[39m=[32m&quot;button&quot;[39m
                  [33mdisabled[39m=[32m&quot;&quot;[39m
                  [33mtype[39m=[32m&quot;button&quot;[39m
                [36m&gt;[39m
                  [36m&lt;svg[39m
                    [33maria-hidden[39m=[32m&quot;true&quot;[39m
                    [33mclass[39m=[32m&quot;lucide lucide-download size-4&quot;[39m
                    [33mfill[39m=[32m&quot;none&quot;[39m
                    [33mheight[39m=[32m&quot;24&quot;[39m
                    [33mstroke[39m=[32m&quot;currentColor&quot;[39m
                    [33mstroke-linecap[39m=[32m&quot;round&quot;[39m
                    [33mstroke-linejoin[39m=[32m&quot;round&quot;[39m
                    [33mstroke-width[39m=[32m&quot;2&quot;[39m
                    [33mviewBox[39m=[32m&quot;0 0 24 24&quot;[39m
                    [33mwidth[39m=[32m&quot;24&quot;[39m
                    [33mxmlns[39m=[32m&quot;http://www.w3.org/2000/svg&quot;[39m
                  [36m&gt;[39m
                    [36m&lt;path[39m
                      [33md[39m=[32m&quot;M12 15V3&quot;[39m
                    [36m/&gt;[39m
                    [36m&lt;path[39m
                      [33md[39m=[32m&quot;M21 15v4a2 2 0 0 1-2 2H5a2 2 0 0 1-2-2v-4&quot;[39m
                    [36m/&gt;[39m
                    [36m&lt;path[39m
                      [33md[39m=[32m&quot;m7 10 5 5 5-5&quot;[39m
                    [36m/&gt;[39m
                  [36m&lt;/svg&gt;[39m
                  [0mExportar Excel[0m
                [36m&lt;/button&gt;[39m
              [36m&lt;/div&gt;[39m
              [36m&lt;button[39m
                [33mclass[39m=[32m&quot;inline-flex items-center justify-center whitespace-nowrap rounded-md text-sm font-medium transition-all disabled:pointer-events-none disabled:opacity-50 [&amp;_svg]:pointer-events-none [&amp;_svg:not([class*=&apos;size-&apos;])]:size-4 shrink-0 [&amp;_svg]:shrink-0 outline-none focus-visible:border-ring focus-visible:ring-ring/50 focus-visible:ring-[3px] aria-invalid:ring-destructive/20 dark:aria-invalid:ring-destructive/40 aria-invalid:border-destructive border bg-background sh..." type="AssertionError">
AssertionError: expected &quot;spy&quot; to be called with arguments: [ ObjectContaining{…}, Anything, …(2) ]

Received: 

  1st spy call:

  [
-   ObjectContaining {
-     &quot;category&quot;: &quot;Mantenimiento&quot;,
+   null,
+   {
+     &quot;activeOnly&quot;: undefined,
+     &quot;category&quot;: undefined,
+     &quot;search&quot;: undefined,
    },
-   Anything,
-   Anything,
-   Anything,
+   &quot;code&quot;,
+   0n,
+   100n,
  ]

  2nd spy call:

  [
-   ObjectContaining {
+   null,
+   {
+     &quot;activeOnly&quot;: undefined,
      &quot;category&quot;: &quot;Mantenimiento&quot;,
+     &quot;search&quot;: undefined,
    },
-   Anything,
-   Anything,
-   Anything,
+   &quot;code&quot;,
+   0n,
+   100n,
  ]


Number of calls: 2


Ignored nodes: comments, script, style
&lt;html&gt;
  &lt;head /&gt;
  &lt;body
    style=&quot;&quot;
  &gt;
    &lt;div&gt;
      &lt;div
        class=&quot;mx-auto w-full max-w-7xl animate-fade-in space-y-5&quot;
        data-ocid=&quot;services.page&quot;
      &gt;
        &lt;header
          class=&quot;space-y-4&quot;
        &gt;
          &lt;div
            class=&quot;flex flex-wrap items-start justify-between gap-3&quot;
          &gt;
            &lt;div
              class=&quot;min-w-0 space-y-1&quot;
            &gt;
              &lt;p
                class=&quot;font-mono text-[10px] uppercase tracking-[0.18em] text-muted-foreground&quot;
              &gt;
                Catálogo
              &lt;/p&gt;
              &lt;h1
                class=&quot;font-display text-2xl font-semibold tracking-tight&quot;
              &gt;
                Servicios de taller
              &lt;/h1&gt;
              &lt;p
                class=&quot;max-w-2xl text-sm text-muted-foreground&quot;
              &gt;
                Catálogo de mano de obra con tarifas y duración estimada. Los servicios activos se ofrecen en órdenes, cotizaciones y POS.
              &lt;/p&gt;
            &lt;/div&gt;
            &lt;div
              class=&quot;flex shrink-0 flex-wrap items-center gap-2&quot;
            &gt;
              &lt;div
                class=&quot;flex items-center gap-2&quot;
              &gt;
                &lt;input
                  accept=&quot;.xlsx,.csv,application/vnd.openxmlformats-officedocument.spreadsheetml.sheet,text/csv&quot;
                  class=&quot;sr-only&quot;
                  data-ocid=&quot;services.csv.file_input&quot;
                  type=&quot;file&quot;
                /&gt;
                &lt;button
                  class=&quot;inline-flex items-center justify-center whitespace-nowrap text-sm font-medium transition-all disabled:pointer-events-none disabled:opacity-50 [&amp;_svg]:pointer-events-none [&amp;_svg:not([class*=&apos;size-&apos;])]:size-4 shrink-0 [&amp;_svg]:shrink-0 outline-none focus-visible:border-ring focus-visible:ring-ring/50 focus-visible:ring-[3px] aria-invalid:ring-destructive/20 dark:aria-invalid:ring-destructive/40 aria-invalid:border-destructive border bg-background shadow-xs hover:bg-accent hover:text-accent-foreground dark:bg-input/30 dark:border-input dark:hover:bg-input/50 h-8 rounded-md px-3 has-[&gt;svg]:px-2.5 gap-1.5&quot;
                  data-ocid=&quot;services.csv.import_button&quot;
                  data-slot=&quot;button&quot;
                  type=&quot;button&quot;
                &gt;
                  &lt;svg
                    aria-hidden=&quot;true&quot;
                    class=&quot;lucide lucide-upload size-4&quot;
                    fill=&quot;none&quot;
                    height=&quot;24&quot;
                    stroke=&quot;currentColor&quot;
                    stroke-linecap=&quot;round&quot;
                    stroke-linejoin=&quot;round&quot;
                    stroke-width=&quot;2&quot;
                    viewBox=&quot;0 0 24 24&quot;
                    width=&quot;24&quot;
                    xmlns=&quot;http://www.w3.org/2000/svg&quot;
                  &gt;
                    &lt;path
                      d=&quot;M12 3v12&quot;
                    /&gt;
                    &lt;path
                      d=&quot;m17 8-5-5-5 5&quot;
                    /&gt;
                    &lt;path
                      d=&quot;M21 15v4a2 2 0 0 1-2 2H5a2 2 0 0 1-2-2v-4&quot;
                    /&gt;
                  &lt;/svg&gt;
                  Importar Excel
                &lt;/button&gt;
                &lt;button
                  class=&quot;inline-flex items-center justify-center whitespace-nowrap text-sm font-medium transition-all disabled:pointer-events-none disabled:opacity-50 [&amp;_svg]:pointer-events-none [&amp;_svg:not([class*=&apos;size-&apos;])]:size-4 shrink-0 [&amp;_svg]:shrink-0 outline-none focus-visible:border-ring focus-visible:ring-ring/50 focus-visible:ring-[3px] aria-invalid:ring-destructive/20 dark:aria-invalid:ring-destructive/40 aria-invalid:border-destructive border bg-background shadow-xs hover:bg-accent hover:text-accent-foreground dark:bg-input/30 dark:border-input dark:hover:bg-input/50 h-8 rounded-md px-3 has-[&gt;svg]:px-2.5 gap-1.5&quot;
                  data-ocid=&quot;services.csv.export_button&quot;
                  data-slot=&quot;button&quot;
                  disabled=&quot;&quot;
                  type=&quot;button&quot;
                &gt;
                  &lt;svg
                    aria-hidden=&quot;true&quot;
                    class=&quot;lucide lucide-download size-4&quot;
                    fill=&quot;none&quot;
                    height=&quot;24&quot;
                    stroke=&quot;currentColor&quot;
                    stroke-linecap=&quot;round&quot;
                    stroke-linejoin=&quot;round&quot;
                    stroke-width=&quot;2&quot;
                    viewBox=&quot;0 0 24 24&quot;
                    width=&quot;24&quot;
                    xmlns=&quot;http://www.w3.org/2000/svg&quot;
                  &gt;
                    &lt;path
                      d=&quot;M12 15V3&quot;
                    /&gt;
                    &lt;path
                      d=&quot;M21 15v4a2 2 0 0 1-2 2H5a2 2 0 0 1-2-2v-4&quot;
                    /&gt;
                    &lt;path
                      d=&quot;m7 10 5 5 5-5&quot;
                    /&gt;
                  &lt;/svg&gt;
                  Exportar Excel
                &lt;/button&gt;
              &lt;/div&gt;
              &lt;button
                class=&quot;inline-flex items-center justify-center whitespace-nowrap rounded-md text-sm font-medium transition-all disabled:pointer-events-none disabled:opacity-50 [&amp;_svg]:pointer-events-none [&amp;_svg:not([class*=&apos;size-&apos;])]:size-4 shrink-0 [&amp;_svg]:shrink-0 outline-none focus-visible:border-ring focus-visible:ring-ring/50 focus-visible:ring-[3px] aria-invalid:ring-destructive/20 dark:aria-invalid:ring-destructive/40 aria-invalid:border-destructive border bg-background sh...
 ❯ src/pages/ServicesPage.test.tsx:264:32
 ❯ runWithExpensiveErrorDiagnosticsDisabled ../../../../../../opt/pnpm-templates/build_template/node_modules/.pnpm/@testing-library+dom@10.4.2/node_modules/@testing-library/dom/dist/config.js:47:12
 ❯ checkCallback ../../../../../../opt/pnpm-templates/build_template/node_modules/.pnpm/@testing-library+dom@10.4.2/node_modules/@testing-library/dom/dist/wait-for.js:124:77
 ❯ Timeout.checkRealTimersCallback ../../../../../../opt/pnpm-templates/build_template/node_modules/.pnpm/@testing-library+dom@10.4.2/node_modules/@testing-library/dom/dist/wait-for.js:118:16
            </failure>
        </testcase>
        <testcase classname="src/pages/ServicesPage.test.tsx" name="ServicesPage &gt; creates a service from the form dialog" time="0.347336014">
            <failure message="expected null to match object { code: &apos;SRV-0002&apos;, …(2) }" type="AssertionError">
AssertionError: expected null to match object { code: &apos;SRV-0002&apos;, …(2) }

- Expected: 
{
  &quot;code&quot;: &quot;SRV-0002&quot;,
  &quot;laborRate&quot;: 3000000n,
  &quot;name&quot;: &quot;Alineación&quot;,
}

+ Received: 
null

 ❯ src/pages/ServicesPage.test.tsx:291:48
            </failure>
        </testcase>
        <testcase classname="src/pages/ServicesPage.test.tsx" name="ServicesPage &gt; does not save a service while the required fields are empty" time="0.052138225">
        </testcase>
        <testcase classname="src/pages/ServicesPage.test.tsx" name="ServicesPage &gt; edits an existing service with its current values" time="0.205010508">
            <failure message="expected null to be 1n // Object.is equality" type="AssertionError">
AssertionError: expected null to be 1n // Object.is equality

- Expected: 
1n

+ Received: 
null

 ❯ src/pages/ServicesPage.test.tsx:331:48
            </failure>
        </testcase>
        <testcase classname="src/pages/ServicesPage.test.tsx" name="ServicesPage &gt; deletes a service only after confirming" time="1.048598123">
            <failure message="expected &quot;spy&quot; to be called with arguments: [ 1n ][90m

Received: 

[1m  1st spy call:

[22m[2m  [[22m
[31m+   null,[90m
[2m    1n,[22m
[2m  ][22m
[39m[90m

Number of calls: [1m1[22m
[39m

Ignored nodes: comments, script, style
[36m&lt;html&gt;[39m
  [36m&lt;head /&gt;[39m
  [36m&lt;body[39m
    [33mstyle[39m=[32m&quot;&quot;[39m
  [36m&gt;[39m
    [36m&lt;div&gt;[39m
      [36m&lt;div[39m
        [33mclass[39m=[32m&quot;mx-auto w-full max-w-7xl animate-fade-in space-y-5&quot;[39m
        [33mdata-ocid[39m=[32m&quot;services.page&quot;[39m
      [36m&gt;[39m
        [36m&lt;header[39m
          [33mclass[39m=[32m&quot;space-y-4&quot;[39m
        [36m&gt;[39m
          [36m&lt;div[39m
            [33mclass[39m=[32m&quot;flex flex-wrap items-start justify-between gap-3&quot;[39m
          [36m&gt;[39m
            [36m&lt;div[39m
              [33mclass[39m=[32m&quot;min-w-0 space-y-1&quot;[39m
            [36m&gt;[39m
              [36m&lt;p[39m
                [33mclass[39m=[32m&quot;font-mono text-[10px] uppercase tracking-[0.18em] text-muted-foreground&quot;[39m
              [36m&gt;[39m
                [0mCatálogo[0m
              [36m&lt;/p&gt;[39m
              [36m&lt;h1[39m
                [33mclass[39m=[32m&quot;font-display text-2xl font-semibold tracking-tight&quot;[39m
              [36m&gt;[39m
                [0mServicios de taller[0m
              [36m&lt;/h1&gt;[39m
              [36m&lt;p[39m
                [33mclass[39m=[32m&quot;max-w-2xl text-sm text-muted-foreground&quot;[39m
              [36m&gt;[39m
                [0mCatálogo de mano de obra con tarifas y duración estimada. Los servicios activos se ofrecen en órdenes, cotizaciones y POS.[0m
              [36m&lt;/p&gt;[39m
            [36m&lt;/div&gt;[39m
            [36m&lt;div[39m
              [33mclass[39m=[32m&quot;flex shrink-0 flex-wrap items-center gap-2&quot;[39m
            [36m&gt;[39m
              [36m&lt;div[39m
                [33mclass[39m=[32m&quot;flex items-center gap-2&quot;[39m
              [36m&gt;[39m
                [36m&lt;input[39m
                  [33maccept[39m=[32m&quot;.xlsx,.csv,application/vnd.openxmlformats-officedocument.spreadsheetml.sheet,text/csv&quot;[39m
                  [33mclass[39m=[32m&quot;sr-only&quot;[39m
                  [33mdata-ocid[39m=[32m&quot;services.csv.file_input&quot;[39m
                  [33mtype[39m=[32m&quot;file&quot;[39m
                [36m/&gt;[39m
                [36m&lt;button[39m
                  [33mclass[39m=[32m&quot;inline-flex items-center justify-center whitespace-nowrap text-sm font-medium transition-all disabled:pointer-events-none disabled:opacity-50 [&amp;_svg]:pointer-events-none [&amp;_svg:not([class*=&apos;size-&apos;])]:size-4 shrink-0 [&amp;_svg]:shrink-0 outline-none focus-visible:border-ring focus-visible:ring-ring/50 focus-visible:ring-[3px] aria-invalid:ring-destructive/20 dark:aria-invalid:ring-destructive/40 aria-invalid:border-destructive border bg-background shadow-xs hover:bg-accent hover:text-accent-foreground dark:bg-input/30 dark:border-input dark:hover:bg-input/50 h-8 rounded-md px-3 has-[&gt;svg]:px-2.5 gap-1.5&quot;[39m
                  [33mdata-ocid[39m=[32m&quot;services.csv.import_button&quot;[39m
                  [33mdata-slot[39m=[32m&quot;button&quot;[39m
                  [33mtype[39m=[32m&quot;button&quot;[39m
                [36m&gt;[39m
                  [36m&lt;svg[39m
                    [33maria-hidden[39m=[32m&quot;true&quot;[39m
                    [33mclass[39m=[32m&quot;lucide lucide-upload size-4&quot;[39m
                    [33mfill[39m=[32m&quot;none&quot;[39m
                    [33mheight[39m=[32m&quot;24&quot;[39m
                    [33mstroke[39m=[32m&quot;currentColor&quot;[39m
                    [33mstroke-linecap[39m=[32m&quot;round&quot;[39m
                    [33mstroke-linejoin[39m=[32m&quot;round&quot;[39m
                    [33mstroke-width[39m=[32m&quot;2&quot;[39m
                    [33mviewBox[39m=[32m&quot;0 0 24 24&quot;[39m
                    [33mwidth[39m=[32m&quot;24&quot;[39m
                    [33mxmlns[39m=[32m&quot;http://www.w3.org/2000/svg&quot;[39m
                  [36m&gt;[39m
                    [36m&lt;path[39m
                      [33md[39m=[32m&quot;M12 3v12&quot;[39m
                    [36m/&gt;[39m
                    [36m&lt;path[39m
                      [33md[39m=[32m&quot;m17 8-5-5-5 5&quot;[39m
                    [36m/&gt;[39m
                    [36m&lt;path[39m
                      [33md[39m=[32m&quot;M21 15v4a2 2 0 0 1-2 2H5a2 2 0 0 1-2-2v-4&quot;[39m
                    [36m/&gt;[39m
                  [36m&lt;/svg&gt;[39m
                  [0mImportar Excel[0m
                [36m&lt;/button&gt;[39m
                [36m&lt;button[39m
                  [33mclass[39m=[32m&quot;inline-flex items-center justify-center whitespace-nowrap text-sm font-medium transition-all disabled:pointer-events-none disabled:opacity-50 [&amp;_svg]:pointer-events-none [&amp;_svg:not([class*=&apos;size-&apos;])]:size-4 shrink-0 [&amp;_svg]:shrink-0 outline-none focus-visible:border-ring focus-visible:ring-ring/50 focus-visible:ring-[3px] aria-invalid:ring-destructive/20 dark:aria-invalid:ring-destructive/40 aria-invalid:border-destructive border bg-background shadow-xs hover:bg-accent hover:text-accent-foreground dark:bg-input/30 dark:border-input dark:hover:bg-input/50 h-8 rounded-md px-3 has-[&gt;svg]:px-2.5 gap-1.5&quot;[39m
                  [33mdata-ocid[39m=[32m&quot;services.csv.export_button&quot;[39m
                  [33mdata-slot[39m=[32m&quot;button&quot;[39m
                  [33mtype[39m=[32m&quot;button&quot;[39m
                [36m&gt;[39m
                  [36m&lt;svg[39m
                    [33maria-hidden[39m=[32m&quot;true&quot;[39m
                    [33mclass[39m=[32m&quot;lucide lucide-download size-4&quot;[39m
                    [33mfill[39m=[32m&quot;none&quot;[39m
                    [33mheight[39m=[32m&quot;24&quot;[39m
                    [33mstroke[39m=[32m&quot;currentColor&quot;[39m
                    [33mstroke-linecap[39m=[32m&quot;round&quot;[39m
                    [33mstroke-linejoin[39m=[32m&quot;round&quot;[39m
                    [33mstroke-width[39m=[32m&quot;2&quot;[39m
                    [33mviewBox[39m=[32m&quot;0 0 24 24&quot;[39m
                    [33mwidth[39m=[32m&quot;24&quot;[39m
                    [33mxmlns[39m=[32m&quot;http://www.w3.org/2000/svg&quot;[39m
                  [36m&gt;[39m
                    [36m&lt;path[39m
                      [33md[39m=[32m&quot;M12 15V3&quot;[39m
                    [36m/&gt;[39m
                    [36m&lt;path[39m
                      [33md[39m=[32m&quot;M21 15v4a2 2 0 0 1-2 2H5a2 2 0 0 1-2-2v-4&quot;[39m
                    [36m/&gt;[39m
                    [36m&lt;path[39m
                      [33md[39m=[32m&quot;m7 10 5 5 5-5&quot;[39m
                    [36m/&gt;[39m
                  [36m&lt;/svg&gt;[39m
                  [0mExportar Excel[0m
                [36m&lt;/button&gt;[39m
              [36m&lt;/div&gt;[39m
              [36m&lt;button[39m
                [33mclass[39m=[32m&quot;inline-flex items-center justify-center whitespace-nowrap rounded-md text-sm font-medium transition-all disabled:pointer-events-none disabled:opacity-50 [&amp;_svg]:pointer-events-none [&amp;_svg:not([class*=&apos;size-&apos;])]:size-4 shrink-0 [&amp;_svg]:shrink-0 outline-none focus-visible:border-ring focus-visible:ring-ring/50 focus-visible:ring-[3px] aria-invalid:ring-destructive/20 dark:aria-invalid:ring-destructive/40 aria-invalid:border-destructive border bg-background shadow-xs hover:bg-accent hover:text-accent-foregrou..." type="AssertionError">
AssertionError: expected &quot;spy&quot; to be called with arguments: [ 1n ]

Received: 

  1st spy call:

  [
+   null,
    1n,
  ]


Number of calls: 1


Ignored nodes: comments, script, style
&lt;html&gt;
  &lt;head /&gt;
  &lt;body
    style=&quot;&quot;
  &gt;
    &lt;div&gt;
      &lt;div
        class=&quot;mx-auto w-full max-w-7xl animate-fade-in space-y-5&quot;
        data-ocid=&quot;services.page&quot;
      &gt;
        &lt;header
          class=&quot;space-y-4&quot;
        &gt;
          &lt;div
            class=&quot;flex flex-wrap items-start justify-between gap-3&quot;
          &gt;
            &lt;div
              class=&quot;min-w-0 space-y-1&quot;
            &gt;
              &lt;p
                class=&quot;font-mono text-[10px] uppercase tracking-[0.18em] text-muted-foreground&quot;
              &gt;
                Catálogo
              &lt;/p&gt;
              &lt;h1
                class=&quot;font-display text-2xl font-semibold tracking-tight&quot;
              &gt;
                Servicios de taller
              &lt;/h1&gt;
              &lt;p
                class=&quot;max-w-2xl text-sm text-muted-foreground&quot;
              &gt;
                Catálogo de mano de obra con tarifas y duración estimada. Los servicios activos se ofrecen en órdenes, cotizaciones y POS.
              &lt;/p&gt;
            &lt;/div&gt;
            &lt;div
              class=&quot;flex shrink-0 flex-wrap items-center gap-2&quot;
            &gt;
              &lt;div
                class=&quot;flex items-center gap-2&quot;
              &gt;
                &lt;input
                  accept=&quot;.xlsx,.csv,application/vnd.openxmlformats-officedocument.spreadsheetml.sheet,text/csv&quot;
                  class=&quot;sr-only&quot;
                  data-ocid=&quot;services.csv.file_input&quot;
                  type=&quot;file&quot;
                /&gt;
                &lt;button
                  class=&quot;inline-flex items-center justify-center whitespace-nowrap text-sm font-medium transition-all disabled:pointer-events-none disabled:opacity-50 [&amp;_svg]:pointer-events-none [&amp;_svg:not([class*=&apos;size-&apos;])]:size-4 shrink-0 [&amp;_svg]:shrink-0 outline-none focus-visible:border-ring focus-visible:ring-ring/50 focus-visible:ring-[3px] aria-invalid:ring-destructive/20 dark:aria-invalid:ring-destructive/40 aria-invalid:border-destructive border bg-background shadow-xs hover:bg-accent hover:text-accent-foreground dark:bg-input/30 dark:border-input dark:hover:bg-input/50 h-8 rounded-md px-3 has-[&gt;svg]:px-2.5 gap-1.5&quot;
                  data-ocid=&quot;services.csv.import_button&quot;
                  data-slot=&quot;button&quot;
                  type=&quot;button&quot;
                &gt;
                  &lt;svg
                    aria-hidden=&quot;true&quot;
                    class=&quot;lucide lucide-upload size-4&quot;
                    fill=&quot;none&quot;
                    height=&quot;24&quot;
                    stroke=&quot;currentColor&quot;
                    stroke-linecap=&quot;round&quot;
                    stroke-linejoin=&quot;round&quot;
                    stroke-width=&quot;2&quot;
                    viewBox=&quot;0 0 24 24&quot;
                    width=&quot;24&quot;
                    xmlns=&quot;http://www.w3.org/2000/svg&quot;
                  &gt;
                    &lt;path
                      d=&quot;M12 3v12&quot;
                    /&gt;
                    &lt;path
                      d=&quot;m17 8-5-5-5 5&quot;
                    /&gt;
                    &lt;path
                      d=&quot;M21 15v4a2 2 0 0 1-2 2H5a2 2 0 0 1-2-2v-4&quot;
                    /&gt;
                  &lt;/svg&gt;
                  Importar Excel
                &lt;/button&gt;
                &lt;button
                  class=&quot;inline-flex items-center justify-center whitespace-nowrap text-sm font-medium transition-all disabled:pointer-events-none disabled:opacity-50 [&amp;_svg]:pointer-events-none [&amp;_svg:not([class*=&apos;size-&apos;])]:size-4 shrink-0 [&amp;_svg]:shrink-0 outline-none focus-visible:border-ring focus-visible:ring-ring/50 focus-visible:ring-[3px] aria-invalid:ring-destructive/20 dark:aria-invalid:ring-destructive/40 aria-invalid:border-destructive border bg-background shadow-xs hover:bg-accent hover:text-accent-foreground dark:bg-input/30 dark:border-input dark:hover:bg-input/50 h-8 rounded-md px-3 has-[&gt;svg]:px-2.5 gap-1.5&quot;
                  data-ocid=&quot;services.csv.export_button&quot;
                  data-slot=&quot;button&quot;
                  type=&quot;button&quot;
                &gt;
                  &lt;svg
                    aria-hidden=&quot;true&quot;
                    class=&quot;lucide lucide-download size-4&quot;
                    fill=&quot;none&quot;
                    height=&quot;24&quot;
                    stroke=&quot;currentColor&quot;
                    stroke-linecap=&quot;round&quot;
                    stroke-linejoin=&quot;round&quot;
                    stroke-width=&quot;2&quot;
                    viewBox=&quot;0 0 24 24&quot;
                    width=&quot;24&quot;
                    xmlns=&quot;http://www.w3.org/2000/svg&quot;
                  &gt;
                    &lt;path
                      d=&quot;M12 15V3&quot;
                    /&gt;
                    &lt;path
                      d=&quot;M21 15v4a2 2 0 0 1-2 2H5a2 2 0 0 1-2-2v-4&quot;
                    /&gt;
                    &lt;path
                      d=&quot;m7 10 5 5 5-5&quot;
                    /&gt;
                  &lt;/svg&gt;
                  Exportar Excel
                &lt;/button&gt;
              &lt;/div&gt;
              &lt;button
                class=&quot;inline-flex items-center justify-center whitespace-nowrap rounded-md text-sm font-medium transition-all disabled:pointer-events-none disabled:opacity-50 [&amp;_svg]:pointer-events-none [&amp;_svg:not([class*=&apos;size-&apos;])]:size-4 shrink-0 [&amp;_svg]:shrink-0 outline-none focus-visible:border-ring focus-visible:ring-ring/50 focus-visible:ring-[3px] aria-invalid:ring-destructive/20 dark:aria-invalid:ring-destructive/40 aria-invalid:border-destructive border bg-background shadow-xs hover:bg-accent hover:text-accent-foregrou...
 ❯ src/pages/ServicesPage.test.tsx:347:51
 ❯ runWithExpensiveErrorDiagnosticsDisabled ../../../../../../opt/pnpm-templates/build_template/node_modules/.pnpm/@testing-library+dom@10.4.2/node_modules/@testing-library/dom/dist/config.js:47:12
 ❯ checkCallback ../../../../../../opt/pnpm-templates/build_template/node_modules/.pnpm/@testing-library+dom@10.4.2/node_modules/@testing-library/dom/dist/wait-for.js:124:77
 ❯ Timeout.checkRealTimersCallback ../../../../../../opt/pnpm-templates/build_template/node_modules/.pnpm/@testing-library+dom@10.4.2/node_modules/@testing-library/dom/dist/wait-for.js:118:16
            </failure>
        </testcase>
        <testcase classname="src/pages/ServicesPage.test.tsx" name="ServicesPage &gt; previews imported CSV rows and reports invalid ones" time="0.065816658">
        </testcase>
        <testcase classname="src/pages/ServicesPage.test.tsx" name="ServicesPage &gt; imports only the valid rows and shows a summary" time="0.100362587">
            <failure message="Target cannot be null or undefined." type="AssertionError">
AssertionError: Target cannot be null or undefined.
 ❯ src/pages/ServicesPage.test.tsx:402:20
            </failure>
        </testcase>
        <testcase classname="src/pages/ServicesPage.test.tsx" name="ServicesPage &gt; exports the service catalog with the documented Spanish headers and row values" time="0.07752164">
        </testcase>
        <testcase classname="src/pages/ServicesPage.test.tsx" name="ServicesPage &gt; downloads the service catalog as servicios.xlsx with the Excel MIME type" time="0.044489079">
        </testcase>
        <testcase classname="src/pages/ServicesPage.test.tsx" name="ServicesPage &gt; exports an inactive service with a zero active flag" time="0.050933352">
        </testcase>
        <testcase classname="src/pages/ServicesPage.test.tsx" name="ServicesPage &gt; paginates when more services exist than fit on a page" time="1.042375048">
            <failure message="expected &quot;spy&quot; to be called with arguments: [ Anything, Anything, 100n, Anything ][90m

Received: 

[1m  1st spy call:

[22m[2m  [[22m
[32m-   Anything,[90m
[32m-   Anything,[90m
[31m+   null,[90m
[31m+   {[90m
[31m+     &quot;activeOnly&quot;: undefined,[90m
[31m+     &quot;category&quot;: undefined,[90m
[31m+     &quot;search&quot;: undefined,[90m
[31m+   },[90m
[31m+   &quot;code&quot;,[90m
[31m+   0n,[90m
[2m    100n,[22m
[32m-   Anything,[90m
[2m  ][22m

[1m  2nd spy call:

[22m[2m  [[22m
[32m-   Anything,[90m
[32m-   Anything,[90m
[31m+   null,[90m
[31m+   {[90m
[31m+     &quot;activeOnly&quot;: undefined,[90m
[31m+     &quot;category&quot;: undefined,[90m
[31m+     &quot;search&quot;: undefined,[90m
[31m+   },[90m
[31m+   &quot;code&quot;,[90m
[2m    100n,[22m
[32m-   Anything,[90m
[31m+   100n,[90m
[2m  ][22m
[39m[90m

Number of calls: [1m2[22m
[39m

Ignored nodes: comments, script, style
[36m&lt;html&gt;[39m
  [36m&lt;head /&gt;[39m
  [36m&lt;body[39m
    [33mstyle[39m=[32m&quot;&quot;[39m
  [36m&gt;[39m
    [36m&lt;div&gt;[39m
      [36m&lt;div[39m
        [33mclass[39m=[32m&quot;mx-auto w-full max-w-7xl animate-fade-in space-y-5&quot;[39m
        [33mdata-ocid[39m=[32m&quot;services.page&quot;[39m
      [36m&gt;[39m
        [36m&lt;header[39m
          [33mclass[39m=[32m&quot;space-y-4&quot;[39m
        [36m&gt;[39m
          [36m&lt;div[39m
            [33mclass[39m=[32m&quot;flex flex-wrap items-start justify-between gap-3&quot;[39m
          [36m&gt;[39m
            [36m&lt;div[39m
              [33mclass[39m=[32m&quot;min-w-0 space-y-1&quot;[39m
            [36m&gt;[39m
              [36m&lt;p[39m
                [33mclass[39m=[32m&quot;font-mono text-[10px] uppercase tracking-[0.18em] text-muted-foreground&quot;[39m
              [36m&gt;[39m
                [0mCatálogo[0m
              [36m&lt;/p&gt;[39m
              [36m&lt;h1[39m
                [33mclass[39m=[32m&quot;font-display text-2xl font-semibold tracking-tight&quot;[39m
              [36m&gt;[39m
                [0mServicios de taller[0m
              [36m&lt;/h1&gt;[39m
              [36m&lt;p[39m
                [33mclass[39m=[32m&quot;max-w-2xl text-sm text-muted-foreground&quot;[39m
              [36m&gt;[39m
                [0mCatálogo de mano de obra con tarifas y duración estimada. Los servicios activos se ofrecen en órdenes, cotizaciones y POS.[0m
              [36m&lt;/p&gt;[39m
            [36m&lt;/div&gt;[39m
            [36m&lt;div[39m
              [33mclass[39m=[32m&quot;flex shrink-0 flex-wrap items-center gap-2&quot;[39m
            [36m&gt;[39m
              [36m&lt;div[39m
                [33mclass[39m=[32m&quot;flex items-center gap-2&quot;[39m
              [36m&gt;[39m
                [36m&lt;input[39m
                  [33maccept[39m=[32m&quot;.xlsx,.csv,application/vnd.openxmlformats-officedocument.spreadsheetml.sheet,text/csv&quot;[39m
                  [33mclass[39m=[32m&quot;sr-only&quot;[39m
                  [33mdata-ocid[39m=[32m&quot;services.csv.file_input&quot;[39m
                  [33mtype[39m=[32m&quot;file&quot;[39m
                [36m/&gt;[39m
                [36m&lt;button[39m
                  [33mclass[39m=[32m&quot;inline-flex items-center justify-center whitespace-nowrap text-sm font-medium transition-all disabled:pointer-events-none disabled:opacity-50 [&amp;_svg]:pointer-events-none [&amp;_svg:not([class*=&apos;size-&apos;])]:size-4 shrink-0 [&amp;_svg]:shrink-0 outline-none focus-visible:border-ring focus-visible:ring-ring/50 focus-visible:ring-[3px] aria-invalid:ring-destructive/20 dark:aria-invalid:ring-destructive/40 aria-invalid:border-destructive border bg-background shadow-xs hover:bg-accent hover:text-accent-foreground dark:bg-input/30 dark:border-input dark:hover:bg-input/50 h-8 rounded-md px-3 has-[&gt;svg]:px-2.5 gap-1.5&quot;[39m
                  [33mdata-ocid[39m=[32m&quot;services.csv.import_button&quot;[39m
                  [33mdata-slot[39m=[32m&quot;button&quot;[39m
                  [33mtype[39m=[32m&quot;button&quot;[39m
                [36m&gt;[39m
                  [36m&lt;svg[39m
                    [33maria-hidden[39m=[32m&quot;true&quot;[39m
                    [33mclass[39m=[32m&quot;lucide lucide-upload size-4&quot;[39m
                    [33mfill[39m=[32m&quot;none&quot;[39m
                    [33mheight[39m=[32m&quot;24&quot;[39m
                    [33mstroke[39m=[32m&quot;currentColor&quot;[39m
                    [33mstroke-linecap[39m=[32m&quot;round&quot;[39m
                    [33mstroke-linejoin[39m=[32m&quot;round&quot;[39m
                    [33mstroke-width[39m=[32m&quot;2&quot;[39m
                    [33mviewBox[39m=[32m&quot;0 0 24 24&quot;[39m
                    [33mwidth[39m=[32m&quot;24&quot;[39m
                    [33mxmlns[39m=[32m&quot;http://www.w3.org/2000/svg&quot;[39m
                  [36m&gt;[39m
                    [36m&lt;path[39m
                      [33md[39m=[32m&quot;M12 3v12&quot;[39m
                    [36m/&gt;[39m
                    [36m&lt;path[39m
                      [33md[39m=[32m&quot;m17 8-5-5-5 5&quot;[39m
                    [36m/&gt;[39m
                    [36m&lt;path[39m
                      [33md[39m=[32m&quot;M21 15v4a2 2 0 0 1-2 2H5a2 2 0 0 1-2-2v-4&quot;[39m
                    [36m/&gt;[39m
                  [36m&lt;/svg&gt;[39m
                  [0mImportar Excel[0m
                [36m&lt;/button&gt;[39m
                [36m&lt;button[39m
                  [33mclass[39m=[32m&quot;inline-flex items-center justify-center whitespace-nowrap text-sm font-medium transition-all disabled:pointer-events-none disabled:opacity-50 [&amp;_svg]:pointer-events-none [&amp;_svg:not([class*=&apos;size-&apos;])]:size-4 shrink-0 [&amp;_svg]:shrink-0 outline-none focus-visible:border-ring focus-visible:ring-ring/50 focus-visible:ring-[3px] aria-invalid:ring-destructive/20 dark:aria-invalid:ring-destructive/40 aria-invalid:border-destructive border bg-background shadow-xs hover:bg-accent hover:text-accent-foreground dark:bg-input/30 dark:border-input dark:hover:bg-input/50 h-8 rounded-md px-3 has-[&gt;svg]:px-2.5 gap-1.5&quot;[39m
                  [33mdata-ocid[39m=[32m&quot;services.csv.export_button&quot;[39m
                  [33mdata-slot[39m=[32m&quot;button&quot;[39m
                  [33mtype[39m=[32m&quot;button&quot;[39m
                [36m&gt;[39m
                  [36m&lt;svg[39m
                    [33maria-hidden[39m=[32m&quot;true&quot;[39m
                    [33mclass[39m=[32m&quot;lucide lucide-download size-4&quot;[39m
                    [33mfill[39m=[32m&quot;none&quot;[39m
                    [33mheight[39m=[32m&quot;24&quot;[39m
                    [33mstroke[39m=[32m&quot;currentColor&quot;[39m
                    [33mstroke-linecap[39m=[32m&quot;round&quot;[39m
                    [33mstroke-linejoin[39m=[32m&quot;round&quot;[39m
                    [33mstroke-width[39m=[32m&quot;2&quot;[39m
                    [33mviewBox[39m=[32m&quot;0 0 24 24&quot;[39m
                    [33mwidth[39m=[32m&quot;24&quot;[39m
                    [33mxmlns[39m=[32m&quot;http://www.w3.org/2000/svg&quot;[39m
                  [36m&gt;[39m
                    [36m&lt;path[39m
                      [33md[39m=[32m&quot;M12 15V3&quot;[39m
                    [36m/&gt;[39m
                    [36m&lt;path[39m
                      [33md[39m=[32m&quot;M21 15v4a2 2 0 0 1-2 2H5a2 2 0 0 1-2-2v-4&quot;[39m
                    [36m/&gt;[39m
                    [36m&lt;path[39m
                      [33md[39m=[32m&quot;m7 10 5 5 5-5&quot;[39m
                    [36m/&gt;[39m
                  [36m&lt;/svg&gt;[39m
                  [0mExportar Excel[0m
                [36m&lt;/button&gt;[39m
              [36m&lt;/div&gt;[39m
              [36m&lt;button[39m
                [33mclass[39m=[32m&quot;inline-flex items-center justify-center whitespace-nowrap rounded-md text-sm font-medium transition-all disabled:pointer-events-none disabled:opacity-50 [&amp;_svg]:pointer-events-none [&amp;_svg:not([class*=&apos;size-&apos;])]:size-4 shrink-0 [&amp;_svg]:shrink-0 outline-none focus-visible:border-ring focus-visible:ring-ring/50 focus-visible:ring-[3px] aria-invalid:ring-destructive/20 dark:aria-invalid:ring-destructive/40 aria-invalid:border-destructive border bg-background shadow-xs hover:bg-accent hover:text-accent-foregrou..." type="AssertionError">
AssertionError: expected &quot;spy&quot; to be called with arguments: [ Anything, Anything, 100n, Anything ]

Received: 

  1st spy call:

  [
-   Anything,
-   Anything,
+   null,
+   {
+     &quot;activeOnly&quot;: undefined,
+     &quot;category&quot;: undefined,
+     &quot;search&quot;: undefined,
+   },
+   &quot;code&quot;,
+   0n,
    100n,
-   Anything,
  ]

  2nd spy call:

  [
-   Anything,
-   Anything,
+   null,
+   {
+     &quot;activeOnly&quot;: undefined,
+     &quot;category&quot;: undefined,
+     &quot;search&quot;: undefined,
+   },
+   &quot;code&quot;,
    100n,
-   Anything,
+   100n,
  ]


Number of calls: 2


Ignored nodes: comments, script, style
&lt;html&gt;
  &lt;head /&gt;
  &lt;body
    style=&quot;&quot;
  &gt;
    &lt;div&gt;
      &lt;div
        class=&quot;mx-auto w-full max-w-7xl animate-fade-in space-y-5&quot;
        data-ocid=&quot;services.page&quot;
      &gt;
        &lt;header
          class=&quot;space-y-4&quot;
        &gt;
          &lt;div
            class=&quot;flex flex-wrap items-start justify-between gap-3&quot;
          &gt;
            &lt;div
              class=&quot;min-w-0 space-y-1&quot;
            &gt;
              &lt;p
                class=&quot;font-mono text-[10px] uppercase tracking-[0.18em] text-muted-foreground&quot;
              &gt;
                Catálogo
              &lt;/p&gt;
              &lt;h1
                class=&quot;font-display text-2xl font-semibold tracking-tight&quot;
              &gt;
                Servicios de taller
              &lt;/h1&gt;
              &lt;p
                class=&quot;max-w-2xl text-sm text-muted-foreground&quot;
              &gt;
                Catálogo de mano de obra con tarifas y duración estimada. Los servicios activos se ofrecen en órdenes, cotizaciones y POS.
              &lt;/p&gt;
            &lt;/div&gt;
            &lt;div
              class=&quot;flex shrink-0 flex-wrap items-center gap-2&quot;
            &gt;
              &lt;div
                class=&quot;flex items-center gap-2&quot;
              &gt;
                &lt;input
                  accept=&quot;.xlsx,.csv,application/vnd.openxmlformats-officedocument.spreadsheetml.sheet,text/csv&quot;
                  class=&quot;sr-only&quot;
                  data-ocid=&quot;services.csv.file_input&quot;
                  type=&quot;file&quot;
                /&gt;
                &lt;button
                  class=&quot;inline-flex items-center justify-center whitespace-nowrap text-sm font-medium transition-all disabled:pointer-events-none disabled:opacity-50 [&amp;_svg]:pointer-events-none [&amp;_svg:not([class*=&apos;size-&apos;])]:size-4 shrink-0 [&amp;_svg]:shrink-0 outline-none focus-visible:border-ring focus-visible:ring-ring/50 focus-visible:ring-[3px] aria-invalid:ring-destructive/20 dark:aria-invalid:ring-destructive/40 aria-invalid:border-destructive border bg-background shadow-xs hover:bg-accent hover:text-accent-foreground dark:bg-input/30 dark:border-input dark:hover:bg-input/50 h-8 rounded-md px-3 has-[&gt;svg]:px-2.5 gap-1.5&quot;
                  data-ocid=&quot;services.csv.import_button&quot;
                  data-slot=&quot;button&quot;
                  type=&quot;button&quot;
                &gt;
                  &lt;svg
                    aria-hidden=&quot;true&quot;
                    class=&quot;lucide lucide-upload size-4&quot;
                    fill=&quot;none&quot;
                    height=&quot;24&quot;
                    stroke=&quot;currentColor&quot;
                    stroke-linecap=&quot;round&quot;
                    stroke-linejoin=&quot;round&quot;
                    stroke-width=&quot;2&quot;
                    viewBox=&quot;0 0 24 24&quot;
                    width=&quot;24&quot;
                    xmlns=&quot;http://www.w3.org/2000/svg&quot;
                  &gt;
                    &lt;path
                      d=&quot;M12 3v12&quot;
                    /&gt;
                    &lt;path
                      d=&quot;m17 8-5-5-5 5&quot;
                    /&gt;
                    &lt;path
                      d=&quot;M21 15v4a2 2 0 0 1-2 2H5a2 2 0 0 1-2-2v-4&quot;
                    /&gt;
                  &lt;/svg&gt;
                  Importar Excel
                &lt;/button&gt;
                &lt;button
                  class=&quot;inline-flex items-center justify-center whitespace-nowrap text-sm font-medium transition-all disabled:pointer-events-none disabled:opacity-50 [&amp;_svg]:pointer-events-none [&amp;_svg:not([class*=&apos;size-&apos;])]:size-4 shrink-0 [&amp;_svg]:shrink-0 outline-none focus-visible:border-ring focus-visible:ring-ring/50 focus-visible:ring-[3px] aria-invalid:ring-destructive/20 dark:aria-invalid:ring-destructive/40 aria-invalid:border-destructive border bg-background shadow-xs hover:bg-accent hover:text-accent-foreground dark:bg-input/30 dark:border-input dark:hover:bg-input/50 h-8 rounded-md px-3 has-[&gt;svg]:px-2.5 gap-1.5&quot;
                  data-ocid=&quot;services.csv.export_button&quot;
                  data-slot=&quot;button&quot;
                  type=&quot;button&quot;
                &gt;
                  &lt;svg
                    aria-hidden=&quot;true&quot;
                    class=&quot;lucide lucide-download size-4&quot;
                    fill=&quot;none&quot;
                    height=&quot;24&quot;
                    stroke=&quot;currentColor&quot;
                    stroke-linecap=&quot;round&quot;
                    stroke-linejoin=&quot;round&quot;
                    stroke-width=&quot;2&quot;
                    viewBox=&quot;0 0 24 24&quot;
                    width=&quot;24&quot;
                    xmlns=&quot;http://www.w3.org/2000/svg&quot;
                  &gt;
                    &lt;path
                      d=&quot;M12 15V3&quot;
                    /&gt;
                    &lt;path
                      d=&quot;M21 15v4a2 2 0 0 1-2 2H5a2 2 0 0 1-2-2v-4&quot;
                    /&gt;
                    &lt;path
                      d=&quot;m7 10 5 5 5-5&quot;
                    /&gt;
                  &lt;/svg&gt;
                  Exportar Excel
                &lt;/button&gt;
              &lt;/div&gt;
              &lt;button
                class=&quot;inline-flex items-center justify-center whitespace-nowrap rounded-md text-sm font-medium transition-all disabled:pointer-events-none disabled:opacity-50 [&amp;_svg]:pointer-events-none [&amp;_svg:not([class*=&apos;size-&apos;])]:size-4 shrink-0 [&amp;_svg]:shrink-0 outline-none focus-visible:border-ring focus-visible:ring-ring/50 focus-visible:ring-[3px] aria-invalid:ring-destructive/20 dark:aria-invalid:ring-destructive/40 aria-invalid:border-destructive border bg-background shadow-xs hover:bg-accent hover:text-accent-foregrou...
 ❯ src/pages/ServicesPage.test.tsx:545:32
 ❯ runWithExpensiveErrorDiagnosticsDisabled ../../../../../../opt/pnpm-templates/build_template/node_modules/.pnpm/@testing-library+dom@10.4.2/node_modules/@testing-library/dom/dist/config.js:47:12
 ❯ checkCallback ../../../../../../opt/pnpm-templates/build_template/node_modules/.pnpm/@testing-library+dom@10.4.2/node_modules/@testing-library/dom/dist/wait-for.js:124:77
 ❯ Timeout.checkRealTimersCallback ../../../../../../opt/pnpm-templates/build_template/node_modules/.pnpm/@testing-library+dom@10.4.2/node_modules/@testing-library/dom/dist/wait-for.js:118:16
            </failure>
        </testcase>
        <testcase classname="src/pages/ServicesPage.test.tsx" name="ServicesPage &gt; previews rows read from the first sheet of an .xlsx file" time="0.068964793">
        </testcase>
        <testcase classname="src/pages/ServicesPage.test.tsx" name="ServicesPage &gt; imports only the valid .xlsx rows and shows the summary" time="0.10872838">
            <failure message="Target cannot be null or undefined." type="AssertionError">
AssertionError: Target cannot be null or undefined.
 ❯ src/pages/ServicesPage.test.tsx:628:20
            </failure>
        </testcase>
        <testcase classname="src/pages/ServicesPage.test.tsx" name="ServicesPage &gt; shows a Spanish error and does not open the dialog for a corrupt .xlsx" time="0.03657233">
        </testcase>
        <testcase classname="src/pages/ServicesPage.test.tsx" name="ServicesPage &gt; renders the parsed values of every import row in the preview" time="0.05969021">
        </testcase>
        <testcase classname="src/pages/ServicesPage.test.tsx" name="ServicesPage &gt; locks the code field and keeps every other import field editable" time="0.051093073">
        </testcase>
        <testcase classname="src/pages/ServicesPage.test.tsx" name="ServicesPage &gt; shows a visible Spanish hint that the code cannot be modified" time="0.036700058">
        </testcase>
        <testcase classname="src/pages/ServicesPage.test.tsx" name="ServicesPage &gt; does not change the code when the user types into the locked field" time="0.050093176">
        </testcase>
        <testcase classname="src/pages/ServicesPage.test.tsx" name="ServicesPage &gt; disables the confirm button when no import row is valid" time="0.041024536">
        </testcase>
        <testcase classname="src/pages/ServicesPage.test.tsx" name="ServicesPage &gt; maps each confirmed row to a ServiceInput with the file&apos;s code and the row&apos;s other values" time="0.062487284">
            <failure message="Target cannot be null or undefined." type="AssertionError">
AssertionError: Target cannot be null or undefined.
 ❯ src/pages/ServicesPage.test.tsx:838:20
            </failure>
        </testcase>
        <testcase classname="src/pages/ServicesPage.test.tsx" name="ServicesPage &gt; sends the file&apos;s code with the user&apos;s edited values on confirm" time="0.410963627">
            <failure message="Target cannot be null or undefined." type="AssertionError">
AssertionError: Target cannot be null or undefined.
 ❯ src/pages/ServicesPage.test.tsx:922:20
            </failure>
        </testcase>
        <testcase classname="src/pages/ServicesPage.test.tsx" name="ServicesPage &gt; refreshes the visible catalog after a successful import" time="0.052417913">
        </testcase>
        <testcase classname="src/pages/ServicesPage.test.tsx" name="ServicesPage &gt; keeps the import dialog open and reports an error when the bulk call fails" time="0.060073088">
        </testcase>
        <testcase classname="src/pages/ServicesPage.test.tsx" name="ServicesPage &gt; reports the backend&apos;s created count when a duplicate code is omitted" time="0.088412762">
            <failure message="Target cannot be null or undefined." type="AssertionError">
AssertionError: Target cannot be null or undefined.
 ❯ src/pages/ServicesPage.test.tsx:1030:53
            </failure>
        </testcase>
        <testcase classname="src/pages/ServicesPage.test.tsx" name="ServicesPage &gt; maps the row&apos;s inactive flag and numeric fields to their typed values" time="0.079931729">
            <failure message="Target cannot be null or undefined." type="AssertionError">
AssertionError: Target cannot be null or undefined.
 ❯ src/pages/ServicesPage.test.tsx:1066:20
            </failure>
        </testcase>
        <testcase classname="src/pages/ServicesPage.test.tsx" name="ServicesPage &gt; trims the code and name of each confirmed row" time="0.063160472">
            <failure message="Cannot read properties of null (reading &apos;0&apos;)" type="TypeError">
TypeError: Cannot read properties of null (reading &apos;0&apos;)
 ❯ src/pages/ServicesPage.test.tsx:1102:12
            </failure>
        </testcase>
        <testcase classname="src/pages/ServicesPage.test.tsx" name="ServicesPage &gt; replaces the parsed value of every non-category editable field on confirm" time="0.364131384">
            <failure message="Target cannot be null or undefined." type="AssertionError">
AssertionError: Target cannot be null or undefined.
 ❯ src/pages/ServicesPage.test.tsx:1177:20
            </failure>
        </testcase>
        <testcase classname="src/pages/ServicesPage.test.tsx" name="ServicesPage &gt; keeps the locked code when the other fields of the row are edited" time="0.126477241">
            <failure message="Cannot read properties of null (reading &apos;0&apos;)" type="TypeError">
TypeError: Cannot read properties of null (reading &apos;0&apos;)
 ❯ src/pages/ServicesPage.test.tsx:1223:12
            </failure>
        </testcase>
        <testcase classname="src/pages/ServicesPage.test.tsx" name="ServicesPage &gt; keeps each row&apos;s edits scoped to that row on confirm" time="0.126713854">
            <failure message="Cannot read properties of null (reading &apos;0&apos;)" type="TypeError">
TypeError: Cannot read properties of null (reading &apos;0&apos;)
 ❯ src/pages/ServicesPage.test.tsx:1263:12
            </failure>
        </testcase>
        <testcase classname="src/pages/ServicesPage.test.tsx" name="ServicesPage &gt; replaces the parsed category with the edited value on confirm" time="0.089882135">
            <failure message="Target cannot be null or undefined." type="AssertionError">
AssertionError: Target cannot be null or undefined.
 ❯ src/pages/ServicesPage.test.tsx:1314:20
            </failure>
        </testcase>
        <testcase classname="src/pages/ServicesPage.test.tsx" name="ServicesPage &gt; keeps the edited category when another field is edited afterwards" time="0.268284472">
            <failure message="Target cannot be null or undefined." type="AssertionError">
AssertionError: Target cannot be null or undefined.
 ❯ src/pages/ServicesPage.test.tsx:1358:20
            </failure>
        </testcase>
        <testcase classname="src/pages/ServicesPage.test.tsx" name="ServicesPage &gt; keeps the edited category when another field was edited first" time="0.201436151">
            <failure message="Target cannot be null or undefined." type="AssertionError">
AssertionError: Target cannot be null or undefined.
 ❯ src/pages/ServicesPage.test.tsx:1407:20
            </failure>
        </testcase>
        <testcase classname="src/pages/ServicesPage.test.tsx" name="ServicesPage &gt; keeps each row&apos;s edited category scoped to that row on confirm" time="0.094443046">
            <failure message="Cannot read properties of null (reading &apos;0&apos;)" type="TypeError">
TypeError: Cannot read properties of null (reading &apos;0&apos;)
 ❯ src/pages/ServicesPage.test.tsx:1454:12
            </failure>
        </testcase>
        <testcase classname="src/pages/ServicesPage.test.tsx" name="ServicesPage &gt; opens the category management dialog from the header" time="0.0324877">
        </testcase>
        <testcase classname="src/pages/ServicesPage.test.tsx" name="ServicesPage &gt; renders every service the backend returns in the list" time="0.018201971">
        </testcase>
        <testcase classname="src/pages/ServicesPage.test.tsx" name="ServicesPage &gt; shows the zero-services button to an administrator" time="0.012185175">
        </testcase>
        <testcase classname="src/pages/ServicesPage.test.tsx" name="ServicesPage &gt; hides the zero-services button from a non-administrator" time="0.013047644">
        </testcase>
        <testcase classname="src/pages/ServicesPage.test.tsx" name="ServicesPage &gt; zeroes the catalog only after confirming and reports the deleted count" time="0.045700396">
        </testcase>
        <testcase classname="src/pages/ServicesPage.test.tsx" name="ServicesPage &gt; keeps the dialog open and shows a Spanish error when zeroing fails" time="0.040776432">
        </testcase>
        <testcase classname="src/pages/ServicesPage.test.tsx" name="ServicesPage &gt; opens the notify dialog for the registered customer and sends to their email" time="0.043058367">
        </testcase>
        <testcase classname="src/pages/ServicesPage.test.tsx" name="ServicesPage &gt; blocks the notify send when the registered customer has no email" time="0.032009704">
        </testcase>
        <testcase classname="src/pages/ServicesPage.test.tsx" name="ServicesPage &gt; does not render a WhatsApp row action" time="0.014323698">
        </testcase>
    </testsuite>
    <testsuite name="src/pages/SettingsPage.test.tsx" timestamp="2026-09-25T20:55:14.733Z" hostname="2a82af66d266" tests="16" failures="1" errors="0" skipped="0" time="0.982619555">
        <testcase classname="src/pages/SettingsPage.test.tsx" name="SettingsPage &gt; loads the business settings into the form" time="0.078431135">
        </testcase>
        <testcase classname="src/pages/SettingsPage.test.tsx" name="SettingsPage &gt; rejects an out-of-range tax rate before saving" time="0.109033142">
        </testcase>
        <testcase classname="src/pages/SettingsPage.test.tsx" name="SettingsPage &gt; saves the trimmed business settings with the tax rate as a bigint" time="0.120434012">
            <failure message="expected null to deeply equal { name: &apos;Taller Nuevo&apos;, …(4) }" type="AssertionError">
AssertionError: expected null to deeply equal { name: &apos;Taller Nuevo&apos;, …(4) }

- Expected: 
{
  &quot;address&quot;: &quot;Calle 45 #12-30, Bogotá&quot;,
  &quot;name&quot;: &quot;Taller Nuevo&quot;,
  &quot;phone&quot;: &quot;+57 300 000 0000&quot;,
  &quot;taxId&quot;: &quot;900.123.456-7&quot;,
  &quot;taxRate&quot;: 16n,
}

+ Received: 
null

 ❯ src/pages/SettingsPage.test.tsx:168:57
            </failure>
        </testcase>
        <testcase classname="src/pages/SettingsPage.test.tsx" name="SettingsPage &gt; renders an error state when the business settings fail to load" time="0.033950153">
        </testcase>
        <testcase classname="src/pages/SettingsPage.test.tsx" name="SettingsPage &gt; links to the users and roles management screens" time="0.013506502">
        </testcase>
        <testcase classname="src/pages/SettingsPage.test.tsx" name="SettingsPage &gt; renders the heading and all existing sections together" time="0.034636021">
        </testcase>
        <testcase classname="src/pages/SettingsPage.test.tsx" name="SettingsPage &gt; renders the Google Drive backup card with the connect action" time="0.034841524">
        </testcase>
        <testcase classname="src/pages/SettingsPage.test.tsx" name="SettingsPage &gt; seeds the profile name field from the caller profile read" time="0.029519474">
        </testcase>
        <testcase classname="src/pages/SettingsPage.test.tsx" name="SettingsPage &gt; renders the Drive backup card alongside every existing section" time="0.014041189">
        </testcase>
        <testcase classname="src/pages/SettingsPage.test.tsx" name="SettingsPage &gt; keeps the business settings read working while the Drive card loads" time="0.021782876">
        </testcase>
        <testcase classname="src/pages/SettingsPage.test.tsx" name="SettingsPage &gt; renders the local backup card next to the Drive backup card" time="0.012261439">
        </testcase>
        <testcase classname="src/pages/SettingsPage.test.tsx" name="SettingsPage &gt; shows the caller&apos;s name, username and role from the session" time="0.013971958">
        </testcase>
        <testcase classname="src/pages/SettingsPage.test.tsx" name="SettingsPage &gt; changes the caller&apos;s password with the current one" time="0.146074471">
        </testcase>
        <testcase classname="src/pages/SettingsPage.test.tsx" name="SettingsPage &gt; reports a wrong current password without clearing the form" time="0.109832622">
        </testcase>
        <testcase classname="src/pages/SettingsPage.test.tsx" name="SettingsPage &gt; refuses to change the password without a password session" time="0.114005018">
        </testcase>
        <testcase classname="src/pages/SettingsPage.test.tsx" name="SettingsPage &gt; blocks the password change when the new passwords do not match" time="0.094983734">
        </testcase>
    </testsuite>
    <testsuite name="src/pages/SettingsPage.users.characterize.test.tsx" timestamp="2026-09-25T20:55:14.737Z" hostname="2a82af66d266" tests="2" failures="0" errors="0" skipped="0" time="0.086871252">
        <testcase classname="src/pages/SettingsPage.users.characterize.test.tsx" name="SettingsPage user management (characterization) &gt; links to the users and roles management screens" time="0.050745559">
        </testcase>
        <testcase classname="src/pages/SettingsPage.users.characterize.test.tsx" name="SettingsPage user management (characterization) &gt; keeps the rest of the page rendered around the management links" time="0.035130521">
        </testcase>
    </testsuite>
    <testsuite name="src/pages/SupplierDetailPage.characterize.test.tsx" timestamp="2026-09-25T20:55:14.737Z" hostname="2a82af66d266" tests="7" failures="0" errors="0" skipped="0" time="0.291507188">
        <testcase classname="src/pages/SupplierDetailPage.characterize.test.tsx" name="SupplierDetailPage (characterization) &gt; shows the supplier&apos;s own data in the header card" time="0.06675681">
        </testcase>
        <testcase classname="src/pages/SupplierDetailPage.characterize.test.tsx" name="SupplierDetailPage (characterization) &gt; shows the payable summary with purchased, paid, balance and status" time="0.037146163">
        </testcase>
        <testcase classname="src/pages/SupplierDetailPage.characterize.test.tsx" name="SupplierDetailPage (characterization) &gt; shows the empty states for purchases, payments and supplier orders" time="0.01847908">
        </testcase>
        <testcase classname="src/pages/SupplierDetailPage.characterize.test.tsx" name="SupplierDetailPage (characterization) &gt; shows the not-found state when the supplier does not exist" time="0.015614998">
        </testcase>
        <testcase classname="src/pages/SupplierDetailPage.characterize.test.tsx" name="SupplierDetailPage (characterization) &gt; shows the error state when the supplier read fails" time="0.010424909">
        </testcase>
        <testcase classname="src/pages/SupplierDetailPage.characterize.test.tsx" name="SupplierDetailPage (characterization) &gt; opens the printable supplier ficha with the supplier&apos;s data" time="0.081798481">
        </testcase>
        <testcase classname="src/pages/SupplierDetailPage.characterize.test.tsx" name="SupplierDetailPage (characterization) &gt; does not generate the ficha PDF until the user asks for it" time="0.060247765">
        </testcase>
    </testsuite>
    <testsuite name="src/pages/SupplierDetailPage.test.tsx" timestamp="2026-09-25T20:55:14.739Z" hostname="2a82af66d266" tests="13" failures="4" errors="0" skipped="0" time="2.244747138">
        <testcase classname="src/pages/SupplierDetailPage.test.tsx" name="SupplierDetailPage &gt; shows the payable summary with purchased, paid, balance and status" time="0.064945583">
        </testcase>
        <testcase classname="src/pages/SupplierDetailPage.test.tsx" name="SupplierDetailPage &gt; lists the registered purchases with their lots and totals" time="0.026017834">
        </testcase>
        <testcase classname="src/pages/SupplierDetailPage.test.tsx" name="SupplierDetailPage &gt; lists the registered payments with method and amount" time="0.021111598">
        </testcase>
        <testcase classname="src/pages/SupplierDetailPage.test.tsx" name="SupplierDetailPage &gt; registers a purchase with the lot, quantity and unit cost in cents" time="0.335972554">
            <failure message="expected null to deeply equal { supplierId: 1n, items: [ { …(4) } ] }" type="AssertionError">
AssertionError: expected null to deeply equal { supplierId: 1n, items: [ { …(4) } ] }

- Expected: 
{
  &quot;items&quot;: [
    {
      &quot;lotNumber&quot;: &quot;L-2026-042&quot;,
      &quot;partId&quot;: 12n,
      &quot;quantity&quot;: 5n,
      &quot;unitCost&quot;: 45050n,
    },
  ],
  &quot;supplierId&quot;: 1n,
}

+ Received: 
null

 ❯ src/pages/SupplierDetailPage.test.tsx:268:49
            </failure>
        </testcase>
        <testcase classname="src/pages/SupplierDetailPage.test.tsx" name="SupplierDetailPage &gt; blocks a purchase with a missing lot number and does not call the backend" time="0.154274922">
        </testcase>
        <testcase classname="src/pages/SupplierDetailPage.test.tsx" name="SupplierDetailPage &gt; registers a payment in cents and reduces the pending balance" time="0.131358424">
            <failure message="expected null to match object { supplierId: 1n, …(2) }" type="AssertionError">
AssertionError: expected null to match object { supplierId: 1n, …(2) }

- Expected: 
{
  &quot;amount&quot;: 300000n,
  &quot;method&quot;: &quot;cash&quot;,
  &quot;supplierId&quot;: 1n,
}

+ Received: 
null

 ❯ src/pages/SupplierDetailPage.test.tsx:345:50
            </failure>
        </testcase>
        <testcase classname="src/pages/SupplierDetailPage.test.tsx" name="SupplierDetailPage &gt; blocks a payment with a zero amount and does not call the backend" time="0.062068411">
        </testcase>
        <testcase classname="src/pages/SupplierDetailPage.test.tsx" name="SupplierDetailPage &gt; disables the payment action once the payable is settled" time="0.005677234">
        </testcase>
        <testcase classname="src/pages/SupplierDetailPage.test.tsx" name="SupplierDetailPage &gt; searches the parts catalog by ID/SKU and selects a repuesto" time="1.073314182">
            <failure message="expected last &quot;spy&quot; call to have been called with [ { search: &apos;FIL-0007&apos; }, …(3) ]

Ignored nodes: comments, script, style
[36m&lt;html&gt;[39m
  [36m&lt;head /&gt;[39m
  [36m&lt;body[39m
    [33mdata-scroll-locked[39m=[32m&quot;1&quot;[39m
    [33mstyle[39m=[32m&quot;pointer-events: none;&quot;[39m
  [36m&gt;[39m
    [36m&lt;span[39m
      [33maria-hidden[39m=[32m&quot;true&quot;[39m
      [33mdata-aria-hidden[39m=[32m&quot;true&quot;[39m
      [33mdata-radix-focus-guard[39m=[32m&quot;&quot;[39m
      [33mstyle[39m=[32m&quot;outline: none; opacity: 0; position: fixed; pointer-events: none;&quot;[39m
      [33mtabindex[39m=[32m&quot;0&quot;[39m
    [36m/&gt;[39m
    [36m&lt;div[39m
      [33maria-hidden[39m=[32m&quot;true&quot;[39m
      [33mdata-aria-hidden[39m=[32m&quot;true&quot;[39m
    [36m&gt;[39m
      [36m&lt;div[39m
        [33mclass[39m=[32m&quot;mx-auto w-full max-w-6xl animate-fade-in space-y-5&quot;[39m
        [33mdata-ocid[39m=[32m&quot;supplier_detail.page&quot;[39m
      [36m&gt;[39m
        [36m&lt;div[39m
          [33mclass[39m=[32m&quot;flex flex-wrap items-center justify-between gap-3&quot;[39m
        [36m&gt;[39m
          [36m&lt;a[39m
            [33mclass[39m=[32m&quot;inline-flex items-center justify-center whitespace-nowrap text-sm font-medium transition-all disabled:pointer-events-none disabled:opacity-50 [&amp;_svg]:pointer-events-none [&amp;_svg:not([class*=&apos;size-&apos;])]:size-4 shrink-0 [&amp;_svg]:shrink-0 outline-none focus-visible:border-ring focus-visible:ring-ring/50 focus-visible:ring-[3px] aria-invalid:ring-destructive/20 dark:aria-invalid:ring-destructive/40 aria-invalid:border-destructive hover:bg-accent hover:text-accent-foreground dark:hover:bg-accent/50 h-8 rounded-md px-3 has-[&gt;svg]:px-2.5 gap-1.5&quot;[39m
            [33mdata-ocid[39m=[32m&quot;supplier_detail.back_button&quot;[39m
            [33mdata-slot[39m=[32m&quot;button&quot;[39m
            [33mhref[39m=[32m&quot;/proveedores&quot;[39m
          [36m&gt;[39m
            [36m&lt;svg[39m
              [33maria-hidden[39m=[32m&quot;true&quot;[39m
              [33mclass[39m=[32m&quot;lucide lucide-arrow-left size-4&quot;[39m
              [33mfill[39m=[32m&quot;none&quot;[39m
              [33mheight[39m=[32m&quot;24&quot;[39m
              [33mstroke[39m=[32m&quot;currentColor&quot;[39m
              [33mstroke-linecap[39m=[32m&quot;round&quot;[39m
              [33mstroke-linejoin[39m=[32m&quot;round&quot;[39m
              [33mstroke-width[39m=[32m&quot;2&quot;[39m
              [33mviewBox[39m=[32m&quot;0 0 24 24&quot;[39m
              [33mwidth[39m=[32m&quot;24&quot;[39m
              [33mxmlns[39m=[32m&quot;http://www.w3.org/2000/svg&quot;[39m
            [36m&gt;[39m
              [36m&lt;path[39m
                [33md[39m=[32m&quot;m12 19-7-7 7-7&quot;[39m
              [36m/&gt;[39m
              [36m&lt;path[39m
                [33md[39m=[32m&quot;M19 12H5&quot;[39m
              [36m/&gt;[39m
            [36m&lt;/svg&gt;[39m
            [0mProveedores[0m
          [36m&lt;/a&gt;[39m
          [36m&lt;div[39m
            [33mclass[39m=[32m&quot;flex flex-wrap items-center gap-2&quot;[39m
          [36m&gt;[39m
            [36m&lt;button[39m
              [33mclass[39m=[32m&quot;inline-flex items-center justify-center whitespace-nowrap text-sm font-medium transition-all disabled:pointer-events-none disabled:opacity-50 [&amp;_svg]:pointer-events-none [&amp;_svg:not([class*=&apos;size-&apos;])]:size-4 shrink-0 [&amp;_svg]:shrink-0 outline-none focus-visible:border-ring focus-visible:ring-ring/50 focus-visible:ring-[3px] aria-invalid:ring-destructive/20 dark:aria-invalid:ring-destructive/40 aria-invalid:border-destructive border bg-background shadow-xs hover:bg-accent hover:text-accent-foreground dark:bg-input/30 dark:border-input dark:hover:bg-input/50 h-8 rounded-md gap-1.5 px-3 has-[&gt;svg]:px-2.5&quot;[39m
              [33mdata-ocid[39m=[32m&quot;supplier_detail.refresh_button&quot;[39m
              [33mdata-slot[39m=[32m&quot;button&quot;[39m
              [33mtype[39m=[32m&quot;button&quot;[39m
            [36m&gt;[39m
              [0mActualizar[0m
            [36m&lt;/button&gt;[39m
            [36m&lt;button[39m
              [33maria-label[39m=[32m&quot;Ver ficha de Refacciones del Norte&quot;[39m
              [33mclass[39m=[32m&quot;inline-flex items-center justify-center whitespace-nowrap text-sm font-medium transition-all disabled:pointer-events-none disabled:opacity-50 [&amp;_svg]:pointer-events-none [&amp;_svg:not([class*=&apos;size-&apos;])]:size-4 shrink-0 [&amp;_svg]:shrink-0 outline-none focus-visible:border-ring focus-visible:ring-ring/50 focus-visible:ring-[3px] aria-invalid:ring-destructive/20 dark:aria-invalid:ring-destructive/40 aria-invalid:border-destructive border bg-background shadow-xs hover:bg-accent hover:text-accent-foreground dark:bg-input/30 dark:border-input dark:hover:bg-input/50 h-8 rounded-md gap-1.5 px-3 has-[&gt;svg]:px-2.5&quot;[39m
              [33mdata-ocid[39m=[32m&quot;supplier_detail.preview_button&quot;[39m
              [33mdata-slot[39m=[32m&quot;button&quot;[39m
              [33mtype[39m=[32m&quot;button&quot;[39m
            [36m&gt;[39m
              [36m&lt;svg[39m
                [33maria-hidden[39m=[32m&quot;true&quot;[39m
                [33mclass[39m=[32m&quot;lucide lucide-file-text size-4&quot;[39m
                [33mfill[39m=[32m&quot;none&quot;[39m
                [33mheight[39m=[32m&quot;24&quot;[39m
                [33mstroke[39m=[32m&quot;currentColor&quot;[39m
                [33mstroke-linecap[39m=[32m&quot;round&quot;[39m
                [33mstroke-linejoin[39m=[32m&quot;round&quot;[39m
                [33mstroke-width[39m=[32m&quot;2&quot;[39m
                [33mviewBox[39m=[32m&quot;0 0 24 24&quot;[39m
                [33mwidth[39m=[32m&quot;24&quot;[39m
                [33mxmlns[39m=[32m&quot;http://www.w3.org/2000/svg&quot;[39m
              [36m&gt;[39m
                [36m&lt;path[39m
                  [33md[39m=[32m&quot;M15 2H6a2 2 0 0 0-2 2v16a2 2 0 0 0 2 2h12a2 2 0 0 0 2-2V7Z&quot;[39m
                [36m/&gt;[39m
                [36m&lt;path[39m
                  [33md[39m=[32m&quot;M14 2v4a2 2 0 0 0 2 2h4&quot;[39m
                [36m/&gt;[39m
                [36m&lt;path[39m
                  [33md[39m=[32m&quot;M10 9H8&quot;[39m
                [36m/&gt;[39m
                [36m&lt;path[39m
                  [33md[39m=[32m&quot;M16 13H8&quot;[39m
                [36m/&gt;[39m
                [36m&lt;path[39m
                  [33md[39m=[32m&quot;M16 17H8&quot;[39m
                [36m/&gt;[39m
              [36m&lt;/svg&gt;[39m
              [0mVer ficha[0m
            [36m&lt;/button&gt;[39m
            [36m&lt;button[39m
              [33mclass[39m=[32m&quot;inline-flex items-center justify-center whitespace-nowrap text-sm font-medium transition-all disabled:pointer-events-none disabled:opacity-50 [&amp;_svg]:pointer-events-none [&amp;_svg:not([class*=&apos;size-&apos;])]:size-4 shrink-0 [&amp;_svg]:shrink-0 outline-none focus-visible:border-ring focus-visible:ring-ring/50 focus-visible:ring-[3px] aria-invalid:ring-destructive/20 dark:aria-invalid:ring-destructive/40 aria-invalid:border-destructive border bg-background shadow-xs hover:bg-accent hover:text-accent-foreground dark:bg-input/30 dark:border-input dark:hover:bg-input/50 h-8 rounded-md px-3 has-[&gt;svg]:px-2.5 gap-1.5&quot;[39m
              [33mdata-ocid[39m=[32m&quot;supplier_detail.open_payment_button&quot;[39m
              [33mdata-slot[39m=[32m&quot;button&quot;[39m
              [33mtype[39m=[32m&quot;button&quot;[..." type="AssertionError">
AssertionError: expected last &quot;spy&quot; call to have been called with [ { search: &apos;FIL-0007&apos; }, …(3) ]

Ignored nodes: comments, script, style
&lt;html&gt;
  &lt;head /&gt;
  &lt;body
    data-scroll-locked=&quot;1&quot;
    style=&quot;pointer-events: none;&quot;
  &gt;
    &lt;span
      aria-hidden=&quot;true&quot;
      data-aria-hidden=&quot;true&quot;
      data-radix-focus-guard=&quot;&quot;
      style=&quot;outline: none; opacity: 0; position: fixed; pointer-events: none;&quot;
      tabindex=&quot;0&quot;
    /&gt;
    &lt;div
      aria-hidden=&quot;true&quot;
      data-aria-hidden=&quot;true&quot;
    &gt;
      &lt;div
        class=&quot;mx-auto w-full max-w-6xl animate-fade-in space-y-5&quot;
        data-ocid=&quot;supplier_detail.page&quot;
      &gt;
        &lt;div
          class=&quot;flex flex-wrap items-center justify-between gap-3&quot;
        &gt;
          &lt;a
            class=&quot;inline-flex items-center justify-center whitespace-nowrap text-sm font-medium transition-all disabled:pointer-events-none disabled:opacity-50 [&amp;_svg]:pointer-events-none [&amp;_svg:not([class*=&apos;size-&apos;])]:size-4 shrink-0 [&amp;_svg]:shrink-0 outline-none focus-visible:border-ring focus-visible:ring-ring/50 focus-visible:ring-[3px] aria-invalid:ring-destructive/20 dark:aria-invalid:ring-destructive/40 aria-invalid:border-destructive hover:bg-accent hover:text-accent-foreground dark:hover:bg-accent/50 h-8 rounded-md px-3 has-[&gt;svg]:px-2.5 gap-1.5&quot;
            data-ocid=&quot;supplier_detail.back_button&quot;
            data-slot=&quot;button&quot;
            href=&quot;/proveedores&quot;
          &gt;
            &lt;svg
              aria-hidden=&quot;true&quot;
              class=&quot;lucide lucide-arrow-left size-4&quot;
              fill=&quot;none&quot;
              height=&quot;24&quot;
              stroke=&quot;currentColor&quot;
              stroke-linecap=&quot;round&quot;
              stroke-linejoin=&quot;round&quot;
              stroke-width=&quot;2&quot;
              viewBox=&quot;0 0 24 24&quot;
              width=&quot;24&quot;
              xmlns=&quot;http://www.w3.org/2000/svg&quot;
            &gt;
              &lt;path
                d=&quot;m12 19-7-7 7-7&quot;
              /&gt;
              &lt;path
                d=&quot;M19 12H5&quot;
              /&gt;
            &lt;/svg&gt;
            Proveedores
          &lt;/a&gt;
          &lt;div
            class=&quot;flex flex-wrap items-center gap-2&quot;
          &gt;
            &lt;button
              class=&quot;inline-flex items-center justify-center whitespace-nowrap text-sm font-medium transition-all disabled:pointer-events-none disabled:opacity-50 [&amp;_svg]:pointer-events-none [&amp;_svg:not([class*=&apos;size-&apos;])]:size-4 shrink-0 [&amp;_svg]:shrink-0 outline-none focus-visible:border-ring focus-visible:ring-ring/50 focus-visible:ring-[3px] aria-invalid:ring-destructive/20 dark:aria-invalid:ring-destructive/40 aria-invalid:border-destructive border bg-background shadow-xs hover:bg-accent hover:text-accent-foreground dark:bg-input/30 dark:border-input dark:hover:bg-input/50 h-8 rounded-md gap-1.5 px-3 has-[&gt;svg]:px-2.5&quot;
              data-ocid=&quot;supplier_detail.refresh_button&quot;
              data-slot=&quot;button&quot;
              type=&quot;button&quot;
            &gt;
              Actualizar
            &lt;/button&gt;
            &lt;button
              aria-label=&quot;Ver ficha de Refacciones del Norte&quot;
              class=&quot;inline-flex items-center justify-center whitespace-nowrap text-sm font-medium transition-all disabled:pointer-events-none disabled:opacity-50 [&amp;_svg]:pointer-events-none [&amp;_svg:not([class*=&apos;size-&apos;])]:size-4 shrink-0 [&amp;_svg]:shrink-0 outline-none focus-visible:border-ring focus-visible:ring-ring/50 focus-visible:ring-[3px] aria-invalid:ring-destructive/20 dark:aria-invalid:ring-destructive/40 aria-invalid:border-destructive border bg-background shadow-xs hover:bg-accent hover:text-accent-foreground dark:bg-input/30 dark:border-input dark:hover:bg-input/50 h-8 rounded-md gap-1.5 px-3 has-[&gt;svg]:px-2.5&quot;
              data-ocid=&quot;supplier_detail.preview_button&quot;
              data-slot=&quot;button&quot;
              type=&quot;button&quot;
            &gt;
              &lt;svg
                aria-hidden=&quot;true&quot;
                class=&quot;lucide lucide-file-text size-4&quot;
                fill=&quot;none&quot;
                height=&quot;24&quot;
                stroke=&quot;currentColor&quot;
                stroke-linecap=&quot;round&quot;
                stroke-linejoin=&quot;round&quot;
                stroke-width=&quot;2&quot;
                viewBox=&quot;0 0 24 24&quot;
                width=&quot;24&quot;
                xmlns=&quot;http://www.w3.org/2000/svg&quot;
              &gt;
                &lt;path
                  d=&quot;M15 2H6a2 2 0 0 0-2 2v16a2 2 0 0 0 2 2h12a2 2 0 0 0 2-2V7Z&quot;
                /&gt;
                &lt;path
                  d=&quot;M14 2v4a2 2 0 0 0 2 2h4&quot;
                /&gt;
                &lt;path
                  d=&quot;M10 9H8&quot;
                /&gt;
                &lt;path
                  d=&quot;M16 13H8&quot;
                /&gt;
                &lt;path
                  d=&quot;M16 17H8&quot;
                /&gt;
              &lt;/svg&gt;
              Ver ficha
            &lt;/button&gt;
            &lt;button
              class=&quot;inline-flex items-center justify-center whitespace-nowrap text-sm font-medium transition-all disabled:pointer-events-none disabled:opacity-50 [&amp;_svg]:pointer-events-none [&amp;_svg:not([class*=&apos;size-&apos;])]:size-4 shrink-0 [&amp;_svg]:shrink-0 outline-none focus-visible:border-ring focus-visible:ring-ring/50 focus-visible:ring-[3px] aria-invalid:ring-destructive/20 dark:aria-invalid:ring-destructive/40 aria-invalid:border-destructive border bg-background shadow-xs hover:bg-accent hover:text-accent-foreground dark:bg-input/30 dark:border-input dark:hover:bg-input/50 h-8 rounded-md px-3 has-[&gt;svg]:px-2.5 gap-1.5&quot;
              data-ocid=&quot;supplier_detail.open_payment_button&quot;
              data-slot=&quot;button&quot;
              type=&quot;button&quot;[...

- Expected
+ Received

  [
-   {
-     &quot;search&quot;: &quot;FIL-0007&quot;,
-   },
+   null,
    Anything,
+   &quot;name&quot;,
    0n,
    20n,
  ]

 ❯ src/pages/SupplierDetailPage.test.tsx:423:29
 ❯ runWithExpensiveErrorDiagnosticsDisabled ../../../../../../opt/pnpm-templates/build_template/node_modules/.pnpm/@testing-library+dom@10.4.2/node_modules/@testing-library/dom/dist/config.js:47:12
 ❯ checkCallback ../../../../../../opt/pnpm-templates/build_template/node_modules/.pnpm/@testing-library+dom@10.4.2/node_modules/@testing-library/dom/dist/wait-for.js:124:77
 ❯ Timeout.checkRealTimersCallback ../../../../../../opt/pnpm-templates/build_template/node_modules/.pnpm/@testing-library+dom@10.4.2/node_modules/@testing-library/dom/dist/wait-for.js:118:16
            </failure>
        </testcase>
        <testcase classname="src/pages/SupplierDetailPage.test.tsx" name="SupplierDetailPage &gt; shows only quantity, SKU and description in the supplier-order modal" time="0.047266664">
        </testcase>
        <testcase classname="src/pages/SupplierDetailPage.test.tsx" name="SupplierDetailPage &gt; saves a supplier order with quantity, SKU and description" time="0.292368307">
            <failure message="expected null to deeply equal { supplierId: 1n, quantity: 10n, …(2) }" type="AssertionError">
AssertionError: expected null to deeply equal { supplierId: 1n, quantity: 10n, …(2) }

- Expected: 
{
  &quot;description&quot;: &quot;Filtro de aceite para motos 150cc&quot;,
  &quot;quantity&quot;: 10n,
  &quot;sku&quot;: &quot;FIL-ACE-10W40&quot;,
  &quot;supplierId&quot;: 1n,
}

+ Received: 
null

 ❯ src/pages/SupplierDetailPage.test.tsx:502:54
            </failure>
        </testcase>
        <testcase classname="src/pages/SupplierDetailPage.test.tsx" name="SupplierDetailPage &gt; lists a saved supplier order in the supplier detail" time="0.0149859">
        </testcase>
        <testcase classname="src/pages/SupplierDetailPage.test.tsx" name="SupplierDetailPage &gt; no longer renders the WhatsApp send button" time="0.014223251">
        </testcase>
    </testsuite>
    <testsuite name="src/pages/SuppliersPage.actions.characterize.test.tsx" timestamp="2026-09-25T20:55:14.744Z" hostname="2a82af66d266" tests="8" failures="2" errors="0" skipped="0" time="2.870818868">
        <testcase classname="src/pages/SuppliersPage.actions.characterize.test.tsx" name="SuppliersPage row actions and dialogs (characterization) &gt; shows the KPI tiles for the directory and its pending balances" time="0.071220641">
        </testcase>
        <testcase classname="src/pages/SuppliersPage.actions.characterize.test.tsx" name="SuppliersPage row actions and dialogs (characterization) &gt; links each row to that supplier&apos;s detail page" time="0.024999515">
        </testcase>
        <testcase classname="src/pages/SuppliersPage.actions.characterize.test.tsx" name="SuppliersPage row actions and dialogs (characterization) &gt; opens the purchase dialog from the row&apos;s Compra action" time="0.091713704">
        </testcase>
        <testcase classname="src/pages/SuppliersPage.actions.characterize.test.tsx" name="SuppliersPage row actions and dialogs (characterization) &gt; opens a blank create dialog from the new-supplier button" time="0.05182648">
        </testcase>
        <testcase classname="src/pages/SuppliersPage.actions.characterize.test.tsx" name="SuppliersPage row actions and dialogs (characterization) &gt; opens the edit dialog for the clicked supplier" time="0.058189163">
        </testcase>
        <testcase classname="src/pages/SuppliersPage.actions.characterize.test.tsx" name="SuppliersPage row actions and dialogs (characterization) &gt; creates a supplier on submit and refreshes the directory" time="1.24377529">
            <failure message="expected &quot;spy&quot; to be called with arguments: [ ObjectContaining{…} ][90m

Received: 

[1m  1st spy call:

[22m[2m  [[22m
[32m-   ObjectContaining {[90m
[31m+   null,[90m
[31m+   {[90m
[31m+     &quot;address&quot;: undefined,[90m
[31m+     &quot;contactName&quot;: undefined,[90m
[31m+     &quot;email&quot;: undefined,[90m
[2m      &quot;name&quot;: &quot;Repuestos Andinos&quot;,[22m
[2m      &quot;phone&quot;: &quot;604 444 8890&quot;,[22m
[31m+     &quot;taxId&quot;: undefined,[90m
[2m    },[22m
[2m  ][22m
[39m[90m

Number of calls: [1m1[22m
[39m

Ignored nodes: comments, script, style
[36m&lt;html&gt;[39m
  [36m&lt;head /&gt;[39m
  [36m&lt;body[39m
    [33mstyle[39m=[32m&quot;&quot;[39m
  [36m&gt;[39m
    [36m&lt;div&gt;[39m
      [36m&lt;div[39m
        [33mclass[39m=[32m&quot;mx-auto w-full max-w-6xl animate-fade-in space-y-5&quot;[39m
        [33mdata-ocid[39m=[32m&quot;suppliers.page&quot;[39m
      [36m&gt;[39m
        [36m&lt;header[39m
          [33mclass[39m=[32m&quot;flex flex-wrap items-end justify-between gap-3&quot;[39m
        [36m&gt;[39m
          [36m&lt;div[39m
            [33mclass[39m=[32m&quot;space-y-1&quot;[39m
          [36m&gt;[39m
            [36m&lt;h1[39m
              [33mclass[39m=[32m&quot;font-display text-2xl font-semibold tracking-tight&quot;[39m
            [36m&gt;[39m
              [0mProveedores y compras[0m
            [36m&lt;/h1&gt;[39m
            [36m&lt;p[39m
              [33mclass[39m=[32m&quot;max-w-2xl text-sm text-muted-foreground&quot;[39m
            [36m&gt;[39m
              [0mDirectorio de proveedores, compras de reposición y saldo pendiente por liquidar.[0m
            [36m&lt;/p&gt;[39m
          [36m&lt;/div&gt;[39m
          [36m&lt;div[39m
            [33mclass[39m=[32m&quot;flex flex-wrap items-center gap-2&quot;[39m
          [36m&gt;[39m
            [36m&lt;input[39m
              [33maccept[39m=[32m&quot;.xlsx,.csv,application/vnd.openxmlformats-officedocument.spreadsheetml.sheet,text/csv&quot;[39m
              [33mclass[39m=[32m&quot;sr-only&quot;[39m
              [33mdata-ocid[39m=[32m&quot;suppliers.import_file_input&quot;[39m
              [33mtype[39m=[32m&quot;file&quot;[39m
            [36m/&gt;[39m
            [36m&lt;button[39m
              [33mclass[39m=[32m&quot;inline-flex items-center justify-center whitespace-nowrap rounded-md text-sm font-medium transition-all disabled:pointer-events-none disabled:opacity-50 [&amp;_svg]:pointer-events-none [&amp;_svg:not([class*=&apos;size-&apos;])]:size-4 shrink-0 [&amp;_svg]:shrink-0 outline-none focus-visible:border-ring focus-visible:ring-ring/50 focus-visible:ring-[3px] aria-invalid:ring-destructive/20 dark:aria-invalid:ring-destructive/40 aria-invalid:border-destructive border bg-background shadow-xs hover:bg-accent hover:text-accent-foreground dark:bg-input/30 dark:border-input dark:hover:bg-input/50 h-9 px-4 py-2 has-[&gt;svg]:px-3 gap-1.5&quot;[39m
              [33mdata-ocid[39m=[32m&quot;suppliers.template_button&quot;[39m
              [33mdata-slot[39m=[32m&quot;button&quot;[39m
              [33mtype[39m=[32m&quot;button&quot;[39m
            [36m&gt;[39m
              [36m&lt;svg[39m
                [33maria-hidden[39m=[32m&quot;true&quot;[39m
                [33mclass[39m=[32m&quot;lucide lucide-file-spreadsheet size-4&quot;[39m
                [33mfill[39m=[32m&quot;none&quot;[39m
                [33mheight[39m=[32m&quot;24&quot;[39m
                [33mstroke[39m=[32m&quot;currentColor&quot;[39m
                [33mstroke-linecap[39m=[32m&quot;round&quot;[39m
                [33mstroke-linejoin[39m=[32m&quot;round&quot;[39m
                [33mstroke-width[39m=[32m&quot;2&quot;[39m
                [33mviewBox[39m=[32m&quot;0 0 24 24&quot;[39m
                [33mwidth[39m=[32m&quot;24&quot;[39m
                [33mxmlns[39m=[32m&quot;http://www.w3.org/2000/svg&quot;[39m
              [36m&gt;[39m
                [36m&lt;path[39m
                  [33md[39m=[32m&quot;M15 2H6a2 2 0 0 0-2 2v16a2 2 0 0 0 2 2h12a2 2 0 0 0 2-2V7Z&quot;[39m
                [36m/&gt;[39m
                [36m&lt;path[39m
                  [33md[39m=[32m&quot;M14 2v4a2 2 0 0 0 2 2h4&quot;[39m
                [36m/&gt;[39m
                [36m&lt;path[39m
                  [33md[39m=[32m&quot;M8 13h2&quot;[39m
                [36m/&gt;[39m
                [36m&lt;path[39m
                  [33md[39m=[32m&quot;M14 13h2&quot;[39m
                [36m/&gt;[39m
                [36m&lt;path[39m
                  [33md[39m=[32m&quot;M8 17h2&quot;[39m
                [36m/&gt;[39m
                [36m&lt;path[39m
                  [33md[39m=[32m&quot;M14 17h2&quot;[39m
                [36m/&gt;[39m
              [36m&lt;/svg&gt;[39m
              [0mPlantilla[0m
            [36m&lt;/button&gt;[39m
            [36m&lt;button[39m
              [33mclass[39m=[32m&quot;inline-flex items-center justify-center whitespace-nowrap rounded-md text-sm font-medium transition-all disabled:pointer-events-none disabled:opacity-50 [&amp;_svg]:pointer-events-none [&amp;_svg:not([class*=&apos;size-&apos;])]:size-4 shrink-0 [&amp;_svg]:shrink-0 outline-none focus-visible:border-ring focus-visible:ring-ring/50 focus-visible:ring-[3px] aria-invalid:ring-destructive/20 dark:aria-invalid:ring-destructive/40 aria-invalid:border-destructive border bg-background shadow-xs hover:bg-accent hover:text-accent-foreground dark:bg-input/30 dark:border-input dark:hover:bg-input/50 h-9 px-4 py-2 has-[&gt;svg]:px-3 gap-1.5&quot;[39m
              [33mdata-ocid[39m=[32m&quot;suppliers.import_button&quot;[39m
              [33mdata-slot[39m=[32m&quot;button&quot;[39m
              [33mtype[39m=[32m&quot;button&quot;[39m
            [36m&gt;[39m
              [36m&lt;svg[39m
                [33maria-hidden[39m=[32m&quot;true&quot;[39m
                [33mclass[39m=[32m&quot;lucide lucide-upload size-4&quot;[39m
                [33mfill[39m=[32m&quot;none&quot;[39m
                [33mheight[39m=[32m&quot;24&quot;[39m
                [33mstroke[39m=[32m&quot;currentColor&quot;[39m
                [33mstroke-linecap[39m=[32m&quot;round&quot;[39m
                [33mstroke-linejoin[39m=[32m&quot;round&quot;[39m
                [33mstroke-width[39m=[32m&quot;2&quot;[39m
                [33mviewBox[39m=[32m&quot;0 0 24 24&quot;[39m
                [33mwidth[39m=[32m&quot;24&quot;[39m
                [33mxmlns[39m=[32m&quot;http://www.w3.org/2000/svg&quot;[39m
              [36m&gt;[39m
                [36m&lt;path[39m
                  [33md[39m=[32m&quot;M12 3v12&quot;[39m
                [36m/&gt;[39m
                [36m&lt;path[39m
                  [33md[39m=[32m&quot;m17 8-5-5-5 5&quot;[39m
                [36m/&gt;[39m
                [36m&lt;path[39m
                  [33md[39m=[32m&quot;M21 15v4a2 2 0 0 1-2 2H5a2 2 0 0 1-2-2v-4&quot;[39m
                [36m/&gt;[39m
              [36m&lt;/svg&gt;[39m
              [0mImportar[0m
            [36m&lt;/button&gt;[39m
            [36m&lt;button[39m
              [33mclass[39m=[32m&quot;inline-flex items-center justify-center whitespace-nowrap rounded-md text-sm font-medium transition-all disabled:pointer-events-none disabled:opacity-50 [&amp;_svg]:pointer-events-none [&amp;_svg:not([class*=&apos;size-&apos;])]:size-4 shrink-0 [&amp;_svg]:shrink-0 outline-none focus-visible:border-ring focus-visible:ring-ring/50 focus-visible:ring-[3px] aria-invalid:ring-destructive/20 dark:aria-invalid:ring-destructive/40 aria-invalid:border-destructive border bg-background shadow-xs hover:bg-accent hover:text-accent-foreground dark:bg-input/30 dark:border-input dark:hover:bg-input/50 h-9 px-4 py-2 has-[&gt;svg]:px-3 gap-1.5&quot;[39m
              [33mdata-ocid[39m=[32m&quot;suppliers.export_button&quot;[39m
              [33mdata-slot[39m=[32m&quot;button&quot;[39m
              [33mtype[39m=[32m&quot;button&quot;[39m
            [36m&gt;[39m
              [36m&lt;svg[39m
                [33maria-hidden[39m=[32m&quot;true&quot;[39m
                [33mclass[39m=[32m&quot;lucide lucide-download size-4&quot;[39m
                [33mfill[3..." type="AssertionError">
AssertionError: expected &quot;spy&quot; to be called with arguments: [ ObjectContaining{…} ]

Received: 

  1st spy call:

  [
-   ObjectContaining {
+   null,
+   {
+     &quot;address&quot;: undefined,
+     &quot;contactName&quot;: undefined,
+     &quot;email&quot;: undefined,
      &quot;name&quot;: &quot;Repuestos Andinos&quot;,
      &quot;phone&quot;: &quot;604 444 8890&quot;,
+     &quot;taxId&quot;: undefined,
    },
  ]


Number of calls: 1


Ignored nodes: comments, script, style
&lt;html&gt;
  &lt;head /&gt;
  &lt;body
    style=&quot;&quot;
  &gt;
    &lt;div&gt;
      &lt;div
        class=&quot;mx-auto w-full max-w-6xl animate-fade-in space-y-5&quot;
        data-ocid=&quot;suppliers.page&quot;
      &gt;
        &lt;header
          class=&quot;flex flex-wrap items-end justify-between gap-3&quot;
        &gt;
          &lt;div
            class=&quot;space-y-1&quot;
          &gt;
            &lt;h1
              class=&quot;font-display text-2xl font-semibold tracking-tight&quot;
            &gt;
              Proveedores y compras
            &lt;/h1&gt;
            &lt;p
              class=&quot;max-w-2xl text-sm text-muted-foreground&quot;
            &gt;
              Directorio de proveedores, compras de reposición y saldo pendiente por liquidar.
            &lt;/p&gt;
          &lt;/div&gt;
          &lt;div
            class=&quot;flex flex-wrap items-center gap-2&quot;
          &gt;
            &lt;input
              accept=&quot;.xlsx,.csv,application/vnd.openxmlformats-officedocument.spreadsheetml.sheet,text/csv&quot;
              class=&quot;sr-only&quot;
              data-ocid=&quot;suppliers.import_file_input&quot;
              type=&quot;file&quot;
            /&gt;
            &lt;button
              class=&quot;inline-flex items-center justify-center whitespace-nowrap rounded-md text-sm font-medium transition-all disabled:pointer-events-none disabled:opacity-50 [&amp;_svg]:pointer-events-none [&amp;_svg:not([class*=&apos;size-&apos;])]:size-4 shrink-0 [&amp;_svg]:shrink-0 outline-none focus-visible:border-ring focus-visible:ring-ring/50 focus-visible:ring-[3px] aria-invalid:ring-destructive/20 dark:aria-invalid:ring-destructive/40 aria-invalid:border-destructive border bg-background shadow-xs hover:bg-accent hover:text-accent-foreground dark:bg-input/30 dark:border-input dark:hover:bg-input/50 h-9 px-4 py-2 has-[&gt;svg]:px-3 gap-1.5&quot;
              data-ocid=&quot;suppliers.template_button&quot;
              data-slot=&quot;button&quot;
              type=&quot;button&quot;
            &gt;
              &lt;svg
                aria-hidden=&quot;true&quot;
                class=&quot;lucide lucide-file-spreadsheet size-4&quot;
                fill=&quot;none&quot;
                height=&quot;24&quot;
                stroke=&quot;currentColor&quot;
                stroke-linecap=&quot;round&quot;
                stroke-linejoin=&quot;round&quot;
                stroke-width=&quot;2&quot;
                viewBox=&quot;0 0 24 24&quot;
                width=&quot;24&quot;
                xmlns=&quot;http://www.w3.org/2000/svg&quot;
              &gt;
                &lt;path
                  d=&quot;M15 2H6a2 2 0 0 0-2 2v16a2 2 0 0 0 2 2h12a2 2 0 0 0 2-2V7Z&quot;
                /&gt;
                &lt;path
                  d=&quot;M14 2v4a2 2 0 0 0 2 2h4&quot;
                /&gt;
                &lt;path
                  d=&quot;M8 13h2&quot;
                /&gt;
                &lt;path
                  d=&quot;M14 13h2&quot;
                /&gt;
                &lt;path
                  d=&quot;M8 17h2&quot;
                /&gt;
                &lt;path
                  d=&quot;M14 17h2&quot;
                /&gt;
              &lt;/svg&gt;
              Plantilla
            &lt;/button&gt;
            &lt;button
              class=&quot;inline-flex items-center justify-center whitespace-nowrap rounded-md text-sm font-medium transition-all disabled:pointer-events-none disabled:opacity-50 [&amp;_svg]:pointer-events-none [&amp;_svg:not([class*=&apos;size-&apos;])]:size-4 shrink-0 [&amp;_svg]:shrink-0 outline-none focus-visible:border-ring focus-visible:ring-ring/50 focus-visible:ring-[3px] aria-invalid:ring-destructive/20 dark:aria-invalid:ring-destructive/40 aria-invalid:border-destructive border bg-background shadow-xs hover:bg-accent hover:text-accent-foreground dark:bg-input/30 dark:border-input dark:hover:bg-input/50 h-9 px-4 py-2 has-[&gt;svg]:px-3 gap-1.5&quot;
              data-ocid=&quot;suppliers.import_button&quot;
              data-slot=&quot;button&quot;
              type=&quot;button&quot;
            &gt;
              &lt;svg
                aria-hidden=&quot;true&quot;
                class=&quot;lucide lucide-upload size-4&quot;
                fill=&quot;none&quot;
                height=&quot;24&quot;
                stroke=&quot;currentColor&quot;
                stroke-linecap=&quot;round&quot;
                stroke-linejoin=&quot;round&quot;
                stroke-width=&quot;2&quot;
                viewBox=&quot;0 0 24 24&quot;
                width=&quot;24&quot;
                xmlns=&quot;http://www.w3.org/2000/svg&quot;
              &gt;
                &lt;path
                  d=&quot;M12 3v12&quot;
                /&gt;
                &lt;path
                  d=&quot;m17 8-5-5-5 5&quot;
                /&gt;
                &lt;path
                  d=&quot;M21 15v4a2 2 0 0 1-2 2H5a2 2 0 0 1-2-2v-4&quot;
                /&gt;
              &lt;/svg&gt;
              Importar
            &lt;/button&gt;
            &lt;button
              class=&quot;inline-flex items-center justify-center whitespace-nowrap rounded-md text-sm font-medium transition-all disabled:pointer-events-none disabled:opacity-50 [&amp;_svg]:pointer-events-none [&amp;_svg:not([class*=&apos;size-&apos;])]:size-4 shrink-0 [&amp;_svg]:shrink-0 outline-none focus-visible:border-ring focus-visible:ring-ring/50 focus-visible:ring-[3px] aria-invalid:ring-destructive/20 dark:aria-invalid:ring-destructive/40 aria-invalid:border-destructive border bg-background shadow-xs hover:bg-accent hover:text-accent-foreground dark:bg-input/30 dark:border-input dark:hover:bg-input/50 h-9 px-4 py-2 has-[&gt;svg]:px-3 gap-1.5&quot;
              data-ocid=&quot;suppliers.export_button&quot;
              data-slot=&quot;button&quot;
              type=&quot;button&quot;
            &gt;
              &lt;svg
                aria-hidden=&quot;true&quot;
                class=&quot;lucide lucide-download size-4&quot;
                fill...
 ❯ src/pages/SuppliersPage.actions.characterize.test.tsx:212:34
 ❯ runWithExpensiveErrorDiagnosticsDisabled ../../../../../../opt/pnpm-templates/build_template/node_modules/.pnpm/@testing-library+dom@10.4.2/node_modules/@testing-library/dom/dist/config.js:47:12
 ❯ checkCallback ../../../../../../opt/pnpm-templates/build_template/node_modules/.pnpm/@testing-library+dom@10.4.2/node_modules/@testing-library/dom/dist/wait-for.js:124:77
 ❯ Timeout.checkRealTimersCallback ../../../../../../opt/pnpm-templates/build_template/node_modules/.pnpm/@testing-library+dom@10.4.2/node_modules/@testing-library/dom/dist/wait-for.js:118:16
            </failure>
        </testcase>
        <testcase classname="src/pages/SuppliersPage.actions.characterize.test.tsx" name="SuppliersPage row actions and dialogs (characterization) &gt; updates a supplier on submit with the row&apos;s id" time="1.221793986">
            <failure message="expected &quot;spy&quot; to be called with arguments: [ 1n, ObjectContaining{…} ][90m

Received: 

[1m  1st spy call:

[22m[2m  [[22m
[31m+   null,[90m
[2m    1n,[22m
[32m-   ObjectContaining {[90m
[31m+   {[90m
[31m+     &quot;address&quot;: undefined,[90m
[31m+     &quot;contactName&quot;: undefined,[90m
[31m+     &quot;email&quot;: undefined,[90m
[2m      &quot;name&quot;: &quot;Refacciones del Sur&quot;,[22m
[31m+     &quot;phone&quot;: &quot;81 8345 2210&quot;,[90m
[31m+     &quot;taxId&quot;: undefined,[90m
[2m    },[22m
[2m  ][22m
[39m[90m

Number of calls: [1m1[22m
[39m

Ignored nodes: comments, script, style
[36m&lt;html&gt;[39m
  [36m&lt;head /&gt;[39m
  [36m&lt;body[39m
    [33mstyle[39m=[32m&quot;&quot;[39m
  [36m&gt;[39m
    [36m&lt;div&gt;[39m
      [36m&lt;div[39m
        [33mclass[39m=[32m&quot;mx-auto w-full max-w-6xl animate-fade-in space-y-5&quot;[39m
        [33mdata-ocid[39m=[32m&quot;suppliers.page&quot;[39m
      [36m&gt;[39m
        [36m&lt;header[39m
          [33mclass[39m=[32m&quot;flex flex-wrap items-end justify-between gap-3&quot;[39m
        [36m&gt;[39m
          [36m&lt;div[39m
            [33mclass[39m=[32m&quot;space-y-1&quot;[39m
          [36m&gt;[39m
            [36m&lt;h1[39m
              [33mclass[39m=[32m&quot;font-display text-2xl font-semibold tracking-tight&quot;[39m
            [36m&gt;[39m
              [0mProveedores y compras[0m
            [36m&lt;/h1&gt;[39m
            [36m&lt;p[39m
              [33mclass[39m=[32m&quot;max-w-2xl text-sm text-muted-foreground&quot;[39m
            [36m&gt;[39m
              [0mDirectorio de proveedores, compras de reposición y saldo pendiente por liquidar.[0m
            [36m&lt;/p&gt;[39m
          [36m&lt;/div&gt;[39m
          [36m&lt;div[39m
            [33mclass[39m=[32m&quot;flex flex-wrap items-center gap-2&quot;[39m
          [36m&gt;[39m
            [36m&lt;input[39m
              [33maccept[39m=[32m&quot;.xlsx,.csv,application/vnd.openxmlformats-officedocument.spreadsheetml.sheet,text/csv&quot;[39m
              [33mclass[39m=[32m&quot;sr-only&quot;[39m
              [33mdata-ocid[39m=[32m&quot;suppliers.import_file_input&quot;[39m
              [33mtype[39m=[32m&quot;file&quot;[39m
            [36m/&gt;[39m
            [36m&lt;button[39m
              [33mclass[39m=[32m&quot;inline-flex items-center justify-center whitespace-nowrap rounded-md text-sm font-medium transition-all disabled:pointer-events-none disabled:opacity-50 [&amp;_svg]:pointer-events-none [&amp;_svg:not([class*=&apos;size-&apos;])]:size-4 shrink-0 [&amp;_svg]:shrink-0 outline-none focus-visible:border-ring focus-visible:ring-ring/50 focus-visible:ring-[3px] aria-invalid:ring-destructive/20 dark:aria-invalid:ring-destructive/40 aria-invalid:border-destructive border bg-background shadow-xs hover:bg-accent hover:text-accent-foreground dark:bg-input/30 dark:border-input dark:hover:bg-input/50 h-9 px-4 py-2 has-[&gt;svg]:px-3 gap-1.5&quot;[39m
              [33mdata-ocid[39m=[32m&quot;suppliers.template_button&quot;[39m
              [33mdata-slot[39m=[32m&quot;button&quot;[39m
              [33mtype[39m=[32m&quot;button&quot;[39m
            [36m&gt;[39m
              [36m&lt;svg[39m
                [33maria-hidden[39m=[32m&quot;true&quot;[39m
                [33mclass[39m=[32m&quot;lucide lucide-file-spreadsheet size-4&quot;[39m
                [33mfill[39m=[32m&quot;none&quot;[39m
                [33mheight[39m=[32m&quot;24&quot;[39m
                [33mstroke[39m=[32m&quot;currentColor&quot;[39m
                [33mstroke-linecap[39m=[32m&quot;round&quot;[39m
                [33mstroke-linejoin[39m=[32m&quot;round&quot;[39m
                [33mstroke-width[39m=[32m&quot;2&quot;[39m
                [33mviewBox[39m=[32m&quot;0 0 24 24&quot;[39m
                [33mwidth[39m=[32m&quot;24&quot;[39m
                [33mxmlns[39m=[32m&quot;http://www.w3.org/2000/svg&quot;[39m
              [36m&gt;[39m
                [36m&lt;path[39m
                  [33md[39m=[32m&quot;M15 2H6a2 2 0 0 0-2 2v16a2 2 0 0 0 2 2h12a2 2 0 0 0 2-2V7Z&quot;[39m
                [36m/&gt;[39m
                [36m&lt;path[39m
                  [33md[39m=[32m&quot;M14 2v4a2 2 0 0 0 2 2h4&quot;[39m
                [36m/&gt;[39m
                [36m&lt;path[39m
                  [33md[39m=[32m&quot;M8 13h2&quot;[39m
                [36m/&gt;[39m
                [36m&lt;path[39m
                  [33md[39m=[32m&quot;M14 13h2&quot;[39m
                [36m/&gt;[39m
                [36m&lt;path[39m
                  [33md[39m=[32m&quot;M8 17h2&quot;[39m
                [36m/&gt;[39m
                [36m&lt;path[39m
                  [33md[39m=[32m&quot;M14 17h2&quot;[39m
                [36m/&gt;[39m
              [36m&lt;/svg&gt;[39m
              [0mPlantilla[0m
            [36m&lt;/button&gt;[39m
            [36m&lt;button[39m
              [33mclass[39m=[32m&quot;inline-flex items-center justify-center whitespace-nowrap rounded-md text-sm font-medium transition-all disabled:pointer-events-none disabled:opacity-50 [&amp;_svg]:pointer-events-none [&amp;_svg:not([class*=&apos;size-&apos;])]:size-4 shrink-0 [&amp;_svg]:shrink-0 outline-none focus-visible:border-ring focus-visible:ring-ring/50 focus-visible:ring-[3px] aria-invalid:ring-destructive/20 dark:aria-invalid:ring-destructive/40 aria-invalid:border-destructive border bg-background shadow-xs hover:bg-accent hover:text-accent-foreground dark:bg-input/30 dark:border-input dark:hover:bg-input/50 h-9 px-4 py-2 has-[&gt;svg]:px-3 gap-1.5&quot;[39m
              [33mdata-ocid[39m=[32m&quot;suppliers.import_button&quot;[39m
              [33mdata-slot[39m=[32m&quot;button&quot;[39m
              [33mtype[39m=[32m&quot;button&quot;[39m
            [36m&gt;[39m
              [36m&lt;svg[39m
                [33maria-hidden[39m=[32m&quot;true&quot;[39m
                [33mclass[39m=[32m&quot;lucide lucide-upload size-4&quot;[39m
                [33mfill[39m=[32m&quot;none&quot;[39m
                [33mheight[39m=[32m&quot;24&quot;[39m
                [33mstroke[39m=[32m&quot;currentColor&quot;[39m
                [33mstroke-linecap[39m=[32m&quot;round&quot;[39m
                [33mstroke-linejoin[39m=[32m&quot;round&quot;[39m
                [33mstroke-width[39m=[32m&quot;2&quot;[39m
                [33mviewBox[39m=[32m&quot;0 0 24 24&quot;[39m
                [33mwidth[39m=[32m&quot;24&quot;[39m
                [33mxmlns[39m=[32m&quot;http://www.w3.org/2000/svg&quot;[39m
              [36m&gt;[39m
                [36m&lt;path[39m
                  [33md[39m=[32m&quot;M12 3v12&quot;[39m
                [36m/&gt;[39m
                [36m&lt;path[39m
                  [33md[39m=[32m&quot;m17 8-5-5-5 5&quot;[39m
                [36m/&gt;[39m
                [36m&lt;path[39m
                  [33md[39m=[32m&quot;M21 15v4a2 2 0 0 1-2 2H5a2 2 0 0 1-2-2v-4&quot;[39m
                [36m/&gt;[39m
              [36m&lt;/svg&gt;[39m
              [0mImportar[0m
            [36m&lt;/button&gt;[39m
            [36m&lt;button[39m
              [33mclass[39m=[32m&quot;inline-flex items-center justify-center whitespace-nowrap rounded-md text-sm font-medium transition-all disabled:pointer-events-none disabled:opacity-50 [&amp;_svg]:pointer-events-none [&amp;_svg:not([class*=&apos;size-&apos;])]:size-4 shrink-0 [&amp;_svg]:shrink-0 outline-none focus-visible:border-ring focus-visible:ring-ring/50 focus-visible:ring-[3px] aria-invalid:ring-destructive/20 dark:aria-invalid:ring-destructive/40 aria-invalid:border-destructive border bg-background shadow-xs hover:bg-accent hover:text-accent-foreground dark:bg-input/30 dark:border-input dark:hover:bg-input/50 h-9 px-4 py-2 has-[&gt;svg]:px-3 gap-1.5&quot;[39m
              [33mdata-ocid[39m=[32m&quot;suppliers.export_button&quot;[39m
              [33mdata-slot[39m=[32m&quot;button&quot;[39m
              [33mtype[39m=[32m&quot;button&quot;[39m
            [36m&gt;[39m
              [36m&lt;svg[39m
                [33maria-hidden[39m=[32m&quot;true&quot;[39m
                [33mclass[39m=[32m&quot;lucide lucide-download size-4&quot;[39m
                [33mfill[3..." type="AssertionError">
AssertionError: expected &quot;spy&quot; to be called with arguments: [ 1n, ObjectContaining{…} ]

Received: 

  1st spy call:

  [
+   null,
    1n,
-   ObjectContaining {
+   {
+     &quot;address&quot;: undefined,
+     &quot;contactName&quot;: undefined,
+     &quot;email&quot;: undefined,
      &quot;name&quot;: &quot;Refacciones del Sur&quot;,
+     &quot;phone&quot;: &quot;81 8345 2210&quot;,
+     &quot;taxId&quot;: undefined,
    },
  ]


Number of calls: 1


Ignored nodes: comments, script, style
&lt;html&gt;
  &lt;head /&gt;
  &lt;body
    style=&quot;&quot;
  &gt;
    &lt;div&gt;
      &lt;div
        class=&quot;mx-auto w-full max-w-6xl animate-fade-in space-y-5&quot;
        data-ocid=&quot;suppliers.page&quot;
      &gt;
        &lt;header
          class=&quot;flex flex-wrap items-end justify-between gap-3&quot;
        &gt;
          &lt;div
            class=&quot;space-y-1&quot;
          &gt;
            &lt;h1
              class=&quot;font-display text-2xl font-semibold tracking-tight&quot;
            &gt;
              Proveedores y compras
            &lt;/h1&gt;
            &lt;p
              class=&quot;max-w-2xl text-sm text-muted-foreground&quot;
            &gt;
              Directorio de proveedores, compras de reposición y saldo pendiente por liquidar.
            &lt;/p&gt;
          &lt;/div&gt;
          &lt;div
            class=&quot;flex flex-wrap items-center gap-2&quot;
          &gt;
            &lt;input
              accept=&quot;.xlsx,.csv,application/vnd.openxmlformats-officedocument.spreadsheetml.sheet,text/csv&quot;
              class=&quot;sr-only&quot;
              data-ocid=&quot;suppliers.import_file_input&quot;
              type=&quot;file&quot;
            /&gt;
            &lt;button
              class=&quot;inline-flex items-center justify-center whitespace-nowrap rounded-md text-sm font-medium transition-all disabled:pointer-events-none disabled:opacity-50 [&amp;_svg]:pointer-events-none [&amp;_svg:not([class*=&apos;size-&apos;])]:size-4 shrink-0 [&amp;_svg]:shrink-0 outline-none focus-visible:border-ring focus-visible:ring-ring/50 focus-visible:ring-[3px] aria-invalid:ring-destructive/20 dark:aria-invalid:ring-destructive/40 aria-invalid:border-destructive border bg-background shadow-xs hover:bg-accent hover:text-accent-foreground dark:bg-input/30 dark:border-input dark:hover:bg-input/50 h-9 px-4 py-2 has-[&gt;svg]:px-3 gap-1.5&quot;
              data-ocid=&quot;suppliers.template_button&quot;
              data-slot=&quot;button&quot;
              type=&quot;button&quot;
            &gt;
              &lt;svg
                aria-hidden=&quot;true&quot;
                class=&quot;lucide lucide-file-spreadsheet size-4&quot;
                fill=&quot;none&quot;
                height=&quot;24&quot;
                stroke=&quot;currentColor&quot;
                stroke-linecap=&quot;round&quot;
                stroke-linejoin=&quot;round&quot;
                stroke-width=&quot;2&quot;
                viewBox=&quot;0 0 24 24&quot;
                width=&quot;24&quot;
                xmlns=&quot;http://www.w3.org/2000/svg&quot;
              &gt;
                &lt;path
                  d=&quot;M15 2H6a2 2 0 0 0-2 2v16a2 2 0 0 0 2 2h12a2 2 0 0 0 2-2V7Z&quot;
                /&gt;
                &lt;path
                  d=&quot;M14 2v4a2 2 0 0 0 2 2h4&quot;
                /&gt;
                &lt;path
                  d=&quot;M8 13h2&quot;
                /&gt;
                &lt;path
                  d=&quot;M14 13h2&quot;
                /&gt;
                &lt;path
                  d=&quot;M8 17h2&quot;
                /&gt;
                &lt;path
                  d=&quot;M14 17h2&quot;
                /&gt;
              &lt;/svg&gt;
              Plantilla
            &lt;/button&gt;
            &lt;button
              class=&quot;inline-flex items-center justify-center whitespace-nowrap rounded-md text-sm font-medium transition-all disabled:pointer-events-none disabled:opacity-50 [&amp;_svg]:pointer-events-none [&amp;_svg:not([class*=&apos;size-&apos;])]:size-4 shrink-0 [&amp;_svg]:shrink-0 outline-none focus-visible:border-ring focus-visible:ring-ring/50 focus-visible:ring-[3px] aria-invalid:ring-destructive/20 dark:aria-invalid:ring-destructive/40 aria-invalid:border-destructive border bg-background shadow-xs hover:bg-accent hover:text-accent-foreground dark:bg-input/30 dark:border-input dark:hover:bg-input/50 h-9 px-4 py-2 has-[&gt;svg]:px-3 gap-1.5&quot;
              data-ocid=&quot;suppliers.import_button&quot;
              data-slot=&quot;button&quot;
              type=&quot;button&quot;
            &gt;
              &lt;svg
                aria-hidden=&quot;true&quot;
                class=&quot;lucide lucide-upload size-4&quot;
                fill=&quot;none&quot;
                height=&quot;24&quot;
                stroke=&quot;currentColor&quot;
                stroke-linecap=&quot;round&quot;
                stroke-linejoin=&quot;round&quot;
                stroke-width=&quot;2&quot;
                viewBox=&quot;0 0 24 24&quot;
                width=&quot;24&quot;
                xmlns=&quot;http://www.w3.org/2000/svg&quot;
              &gt;
                &lt;path
                  d=&quot;M12 3v12&quot;
                /&gt;
                &lt;path
                  d=&quot;m17 8-5-5-5 5&quot;
                /&gt;
                &lt;path
                  d=&quot;M21 15v4a2 2 0 0 1-2 2H5a2 2 0 0 1-2-2v-4&quot;
                /&gt;
              &lt;/svg&gt;
              Importar
            &lt;/button&gt;
            &lt;button
              class=&quot;inline-flex items-center justify-center whitespace-nowrap rounded-md text-sm font-medium transition-all disabled:pointer-events-none disabled:opacity-50 [&amp;_svg]:pointer-events-none [&amp;_svg:not([class*=&apos;size-&apos;])]:size-4 shrink-0 [&amp;_svg]:shrink-0 outline-none focus-visible:border-ring focus-visible:ring-ring/50 focus-visible:ring-[3px] aria-invalid:ring-destructive/20 dark:aria-invalid:ring-destructive/40 aria-invalid:border-destructive border bg-background shadow-xs hover:bg-accent hover:text-accent-foreground dark:bg-input/30 dark:border-input dark:hover:bg-input/50 h-9 px-4 py-2 has-[&gt;svg]:px-3 gap-1.5&quot;
              data-ocid=&quot;suppliers.export_button&quot;
              data-slot=&quot;button&quot;
              type=&quot;button&quot;
            &gt;
              &lt;svg
                aria-hidden=&quot;true&quot;
                class=&quot;lucide lucide-download size-4&quot;
                fill...
 ❯ src/pages/SuppliersPage.actions.characterize.test.tsx:252:34
 ❯ runWithExpensiveErrorDiagnosticsDisabled ../../../../../../opt/pnpm-templates/build_template/node_modules/.pnpm/@testing-library+dom@10.4.2/node_modules/@testing-library/dom/dist/config.js:47:12
 ❯ checkCallback ../../../../../../opt/pnpm-templates/build_template/node_modules/.pnpm/@testing-library+dom@10.4.2/node_modules/@testing-library/dom/dist/wait-for.js:124:77
 ❯ Timeout.checkRealTimersCallback ../../../../../../opt/pnpm-templates/build_template/node_modules/.pnpm/@testing-library+dom@10.4.2/node_modules/@testing-library/dom/dist/wait-for.js:118:16
            </failure>
        </testcase>
        <testcase classname="src/pages/SuppliersPage.actions.characterize.test.tsx" name="SuppliersPage row actions and dialogs (characterization) &gt; blocks a supplier with no name and does not call the backend" time="0.106144328">
        </testcase>
    </testsuite>
    <testsuite name="src/pages/SuppliersPage.import-export.test.tsx" timestamp="2026-09-25T20:55:14.747Z" hostname="2a82af66d266" tests="4" failures="1" errors="0" skipped="0" time="0.378426149">
        <testcase classname="src/pages/SuppliersPage.import-export.test.tsx" name="SuppliersPage Excel export &gt; downloads the complete directory as an .xlsx with the shared headers" time="0.14579974">
        </testcase>
        <testcase classname="src/pages/SuppliersPage.import-export.test.tsx" name="SuppliersPage Excel import &gt; previews each row as create, update or invalid before confirming" time="0.071626685">
        </testcase>
        <testcase classname="src/pages/SuppliersPage.import-export.test.tsx" name="SuppliersPage Excel import &gt; creates and updates suppliers and shows the result summary" time="0.090713213">
            <failure message="expected null to match object { name: &apos;Repuestos Andinos&apos;, …(1) }" type="AssertionError">
AssertionError: expected null to match object { name: &apos;Repuestos Andinos&apos;, …(1) }

- Expected: 
{
  &quot;name&quot;: &quot;Repuestos Andinos&quot;,
  &quot;taxId&quot;: &quot;900123456&quot;,
}

+ Received: 
null

 ❯ src/pages/SuppliersPage.import-export.test.tsx:234:49
            </failure>
        </testcase>
        <testcase classname="src/pages/SuppliersPage.import-export.test.tsx" name="SuppliersPage Excel import &gt; reports a failed row in the summary when the backend rejects it" time="0.069314359">
        </testcase>
    </testsuite>
    <testsuite name="src/pages/SuppliersPage.test.tsx" timestamp="2026-09-25T20:55:14.749Z" hostname="2a82af66d266" tests="7" failures="1" errors="0" skipped="0" time="0.19153231">
        <testcase classname="src/pages/SuppliersPage.test.tsx" name="SuppliersPage &gt; lists suppliers with contact and fiscal data" time="0.063643367">
        </testcase>
        <testcase classname="src/pages/SuppliersPage.test.tsx" name="SuppliersPage &gt; shows the pending payable balance and status for a supplier" time="0.037414884">
        </testcase>
        <testcase classname="src/pages/SuppliersPage.test.tsx" name="SuppliersPage &gt; marks a supplier with no purchases as having no payable" time="0.019143532">
        </testcase>
        <testcase classname="src/pages/SuppliersPage.test.tsx" name="SuppliersPage &gt; renders an empty state when there are no suppliers" time="0.024473543">
        </testcase>
        <testcase classname="src/pages/SuppliersPage.test.tsx" name="SuppliersPage &gt; passes the trimmed search term to the backend" time="0.012901749">
            <failure message="expected last &quot;spy&quot; call to have been called with [ null ]" type="AssertionError">
AssertionError: expected last &quot;spy&quot; call to have been called with [ null ]

- Expected
+ Received

  [
    null,
+   null,
  ]

 ❯ src/pages/SuppliersPage.test.tsx:126:31
            </failure>
        </testcase>
        <testcase classname="src/pages/SuppliersPage.test.tsx" name="SuppliersPage &gt; renders an error state when the supplier list fails" time="0.015403369">
        </testcase>
        <testcase classname="src/pages/SuppliersPage.test.tsx" name="SuppliersPage &gt; does not render a WhatsApp action on any row but keeps Compra and Editar" time="0.017509043">
        </testcase>
    </testsuite>
    <testsuite name="src/pages/TechniciansPage.test.tsx" timestamp="2026-09-25T20:55:14.751Z" hostname="2a82af66d266" tests="12" failures="4" errors="0" skipped="0" time="3.418152659">
        <testcase classname="src/pages/TechniciansPage.test.tsx" name="TechniciansPage &gt; lists technicians with code, specialty, contact, rate and commission" time="0.112464369">
        </testcase>
        <testcase classname="src/pages/TechniciansPage.test.tsx" name="TechniciansPage &gt; surfaces a duplicate technician code and does not save" time="0.407277809">
        </testcase>
        <testcase classname="src/pages/TechniciansPage.test.tsx" name="TechniciansPage &gt; renders an empty state when no technicians exist" time="0.033775264">
        </testcase>
        <testcase classname="src/pages/TechniciansPage.test.tsx" name="TechniciansPage &gt; renders an error state when the roster fails to load" time="0.028219121">
        </testcase>
        <testcase classname="src/pages/TechniciansPage.test.tsx" name="TechniciansPage &gt; passes the trimmed search term to the backend" time="1.086873354">
            <failure message="expected last &quot;spy&quot; call to have been called with [ Array(1) ]

Ignored nodes: comments, script, style
[36m&lt;html&gt;[39m
  [36m&lt;head /&gt;[39m
  [36m&lt;body[39m
    [33mstyle[39m=[32m&quot;&quot;[39m
  [36m&gt;[39m
    [36m&lt;div&gt;[39m
      [36m&lt;div[39m
        [33mclass[39m=[32m&quot;mx-auto w-full max-w-6xl animate-fade-in space-y-5&quot;[39m
        [33mdata-ocid[39m=[32m&quot;technicians.page&quot;[39m
      [36m&gt;[39m
        [36m&lt;header[39m
          [33mclass[39m=[32m&quot;space-y-4&quot;[39m
        [36m&gt;[39m
          [36m&lt;div[39m
            [33mclass[39m=[32m&quot;flex flex-wrap items-start justify-between gap-3&quot;[39m
          [36m&gt;[39m
            [36m&lt;div[39m
              [33mclass[39m=[32m&quot;min-w-0 space-y-1&quot;[39m
            [36m&gt;[39m
              [36m&lt;p[39m
                [33mclass[39m=[32m&quot;font-mono text-[10px] uppercase tracking-[0.18em] text-muted-foreground&quot;[39m
              [36m&gt;[39m
                [0mTaller[0m
              [36m&lt;/p&gt;[39m
              [36m&lt;h1[39m
                [33mclass[39m=[32m&quot;font-display text-2xl font-semibold tracking-tight&quot;[39m
              [36m&gt;[39m
                [0mTécnicos[0m
              [36m&lt;/h1&gt;[39m
              [36m&lt;p[39m
                [33mclass[39m=[32m&quot;max-w-2xl text-sm text-muted-foreground&quot;[39m
              [36m&gt;[39m
                [0mEquipo de taller con código de identificación, especialidades, tarifas, comisión sobre mano de obra y carga de trabajo.[0m
              [36m&lt;/p&gt;[39m
            [36m&lt;/div&gt;[39m
            [36m&lt;div[39m
              [33mclass[39m=[32m&quot;flex shrink-0 flex-wrap items-center gap-2&quot;[39m
            [36m&gt;[39m
              [36m&lt;button[39m
                [33mclass[39m=[32m&quot;inline-flex items-center justify-center whitespace-nowrap rounded-md text-sm font-medium transition-all disabled:pointer-events-none disabled:opacity-50 [&amp;_svg]:pointer-events-none [&amp;_svg:not([class*=&apos;size-&apos;])]:size-4 shrink-0 [&amp;_svg]:shrink-0 outline-none focus-visible:border-ring focus-visible:ring-ring/50 focus-visible:ring-[3px] aria-invalid:ring-destructive/20 dark:aria-invalid:ring-destructive/40 aria-invalid:border-destructive bg-primary text-primary-foreground shadow-xs hover:bg-primary/90 h-9 px-4 py-2 has-[&gt;svg]:px-3 gap-1.5&quot;[39m
                [33mdata-ocid[39m=[32m&quot;technicians.open_modal_button&quot;[39m
                [33mdata-slot[39m=[32m&quot;button&quot;[39m
                [33mtype[39m=[32m&quot;button&quot;[39m
              [36m&gt;[39m
                [36m&lt;svg[39m
                  [33maria-hidden[39m=[32m&quot;true&quot;[39m
                  [33mclass[39m=[32m&quot;lucide lucide-plus size-4&quot;[39m
                  [33mfill[39m=[32m&quot;none&quot;[39m
                  [33mheight[39m=[32m&quot;24&quot;[39m
                  [33mstroke[39m=[32m&quot;currentColor&quot;[39m
                  [33mstroke-linecap[39m=[32m&quot;round&quot;[39m
                  [33mstroke-linejoin[39m=[32m&quot;round&quot;[39m
                  [33mstroke-width[39m=[32m&quot;2&quot;[39m
                  [33mviewBox[39m=[32m&quot;0 0 24 24&quot;[39m
                  [33mwidth[39m=[32m&quot;24&quot;[39m
                  [33mxmlns[39m=[32m&quot;http://www.w3.org/2000/svg&quot;[39m
                [36m&gt;[39m
                  [36m&lt;path[39m
                    [33md[39m=[32m&quot;M5 12h14&quot;[39m
                  [36m/&gt;[39m
                  [36m&lt;path[39m
                    [33md[39m=[32m&quot;M12 5v14&quot;[39m
                  [36m/&gt;[39m
                [36m&lt;/svg&gt;[39m
                [0mNuevo técnico[0m
              [36m&lt;/button&gt;[39m
            [36m&lt;/div&gt;[39m
          [36m&lt;/div&gt;[39m
        [36m&lt;/header&gt;[39m
        [36m&lt;section[39m
          [33maria-label[39m=[32m&quot;Resumen del equipo de taller&quot;[39m
          [33mclass[39m=[32m&quot;grid gap-4 sm:grid-cols-3&quot;[39m
          [33mdata-ocid[39m=[32m&quot;technicians.kpi.section&quot;[39m
        [36m&gt;[39m
          [36m&lt;div[39m
            [33mclass[39m=[32m&quot;bg-card text-card-foreground flex flex-col border relative gap-0 overflow-hidden rounded-lg py-0 shadow-none&quot;[39m
            [33mdata-slot[39m=[32m&quot;card&quot;[39m
          [36m&gt;[39m
            [36m&lt;span[39m
              [33maria-hidden[39m=[32m&quot;true&quot;[39m
              [33mclass[39m=[32m&quot;absolute inset-y-0 left-0 w-0.5 bg-primary&quot;[39m
            [36m/&gt;[39m
            [36m&lt;div[39m
              [33mclass[39m=[32m&quot;space-y-1 px-5 py-4&quot;[39m
              [33mdata-slot[39m=[32m&quot;card-content&quot;[39m
            [36m&gt;[39m
              [36m&lt;p[39m
                [33mclass[39m=[32m&quot;font-mono text-[10px] uppercase tracking-[0.16em] text-muted-foreground&quot;[39m
              [36m&gt;[39m
                [0mTécnicos[0m
              [36m&lt;/p&gt;[39m
              [36m&lt;p[39m
                [33mclass[39m=[32m&quot;data-rail text-2xl font-semibold leading-none&quot;[39m
              [36m&gt;[39m
                [0m0[0m
              [36m&lt;/p&gt;[39m
              [36m&lt;p[39m
                [33mclass[39m=[32m&quot;text-xs text-muted-foreground&quot;[39m
              [36m&gt;[39m
                [0m0 activos en piso[0m
              [36m&lt;/p&gt;[39m
            [36m&lt;/div&gt;[39m
          [36m&lt;/div&gt;[39m
          [36m&lt;div[39m
            [33mclass[39m=[32m&quot;bg-card text-card-foreground flex flex-col border relative gap-0 overflow-hidden rounded-lg py-0 shadow-none&quot;[39m
            [33mdata-slot[39m=[32m&quot;card&quot;[39m
          [36m&gt;[39m
            [36m&lt;span[39m
              [33maria-hidden[39m=[32m&quot;true&quot;[39m
              [33mclass[39m=[32m&quot;absolute inset-y-0 left-0 w-0.5 bg-info&quot;[39m
            [36m/&gt;[39m
            [36m&lt;div[39m
              [33mclass[39m=[32m&quot;space-y-1 px-5 py-4&quot;[39m
              [33mdata-slot[39m=[32m&quot;card-content&quot;[39m
            [36m&gt;[39m
              [36m&lt;p[39m
                [33mclass[39m=[32m&quot;font-mono text-[10px] uppercase tracking-[0.16em] text-muted-foreground&quot;[39m
              [36m&gt;[39m
                [0mEspecialidades[0m
              [36m&lt;/p&gt;[39m
              [36m&lt;p[39m
                [33mclass[39m=[32m&quot;data-rail text-2xl font-semibold leading-none&quot;[39m
              [36m&gt;[39m
                [0m0[0m
              [36m&lt;/p&gt;[39m
              [36m&lt;p[39m
                [33mclass[39m=[32m&quot;text-xs text-muted-foreground&quot;[39m
              [36m&gt;[39m
                [0mÁreas cubiertas por el equipo[0m
              [36m&lt;/p&gt;[39m
            [36m&lt;/div&gt;[39m
          [36m&lt;/div&gt;[39m
          [36m&lt;div[39m
            [33mclass[39m=[32m&quot;bg-card text-card-foreground flex flex-col border relative gap-0 overflow-hidden rounded-lg py-0 shadow-none&quot;[39m
            [33mdata-slot[39m=[32m&quot;card&quot;[39m
          [36m&gt;[39m
            [36m&lt;span[39m
              [33maria-hidden[39m=[32m&quot;true&quot;[39m
              [33mclass[39m=[32m&quot;absolute inset-y-0 left-0 w-0.5 bg-warning&quot;[39m
            [36m/&gt;[39m
            [36m&lt;div[39m
              [33mclass[39m=[32m&quot;space-y-1 px-5 py-4&quot;[39m
              [33mdata-slot[39m=[32m&quot;card-content&quot;[39m
            [36m&gt;[39m
              [36m&lt;p[39m..." type="AssertionError">
AssertionError: expected last &quot;spy&quot; call to have been called with [ Array(1) ]

Ignored nodes: comments, script, style
&lt;html&gt;
  &lt;head /&gt;
  &lt;body
    style=&quot;&quot;
  &gt;
    &lt;div&gt;
      &lt;div
        class=&quot;mx-auto w-full max-w-6xl animate-fade-in space-y-5&quot;
        data-ocid=&quot;technicians.page&quot;
      &gt;
        &lt;header
          class=&quot;space-y-4&quot;
        &gt;
          &lt;div
            class=&quot;flex flex-wrap items-start justify-between gap-3&quot;
          &gt;
            &lt;div
              class=&quot;min-w-0 space-y-1&quot;
            &gt;
              &lt;p
                class=&quot;font-mono text-[10px] uppercase tracking-[0.18em] text-muted-foreground&quot;
              &gt;
                Taller
              &lt;/p&gt;
              &lt;h1
                class=&quot;font-display text-2xl font-semibold tracking-tight&quot;
              &gt;
                Técnicos
              &lt;/h1&gt;
              &lt;p
                class=&quot;max-w-2xl text-sm text-muted-foreground&quot;
              &gt;
                Equipo de taller con código de identificación, especialidades, tarifas, comisión sobre mano de obra y carga de trabajo.
              &lt;/p&gt;
            &lt;/div&gt;
            &lt;div
              class=&quot;flex shrink-0 flex-wrap items-center gap-2&quot;
            &gt;
              &lt;button
                class=&quot;inline-flex items-center justify-center whitespace-nowrap rounded-md text-sm font-medium transition-all disabled:pointer-events-none disabled:opacity-50 [&amp;_svg]:pointer-events-none [&amp;_svg:not([class*=&apos;size-&apos;])]:size-4 shrink-0 [&amp;_svg]:shrink-0 outline-none focus-visible:border-ring focus-visible:ring-ring/50 focus-visible:ring-[3px] aria-invalid:ring-destructive/20 dark:aria-invalid:ring-destructive/40 aria-invalid:border-destructive bg-primary text-primary-foreground shadow-xs hover:bg-primary/90 h-9 px-4 py-2 has-[&gt;svg]:px-3 gap-1.5&quot;
                data-ocid=&quot;technicians.open_modal_button&quot;
                data-slot=&quot;button&quot;
                type=&quot;button&quot;
              &gt;
                &lt;svg
                  aria-hidden=&quot;true&quot;
                  class=&quot;lucide lucide-plus size-4&quot;
                  fill=&quot;none&quot;
                  height=&quot;24&quot;
                  stroke=&quot;currentColor&quot;
                  stroke-linecap=&quot;round&quot;
                  stroke-linejoin=&quot;round&quot;
                  stroke-width=&quot;2&quot;
                  viewBox=&quot;0 0 24 24&quot;
                  width=&quot;24&quot;
                  xmlns=&quot;http://www.w3.org/2000/svg&quot;
                &gt;
                  &lt;path
                    d=&quot;M5 12h14&quot;
                  /&gt;
                  &lt;path
                    d=&quot;M12 5v14&quot;
                  /&gt;
                &lt;/svg&gt;
                Nuevo técnico
              &lt;/button&gt;
            &lt;/div&gt;
          &lt;/div&gt;
        &lt;/header&gt;
        &lt;section
          aria-label=&quot;Resumen del equipo de taller&quot;
          class=&quot;grid gap-4 sm:grid-cols-3&quot;
          data-ocid=&quot;technicians.kpi.section&quot;
        &gt;
          &lt;div
            class=&quot;bg-card text-card-foreground flex flex-col border relative gap-0 overflow-hidden rounded-lg py-0 shadow-none&quot;
            data-slot=&quot;card&quot;
          &gt;
            &lt;span
              aria-hidden=&quot;true&quot;
              class=&quot;absolute inset-y-0 left-0 w-0.5 bg-primary&quot;
            /&gt;
            &lt;div
              class=&quot;space-y-1 px-5 py-4&quot;
              data-slot=&quot;card-content&quot;
            &gt;
              &lt;p
                class=&quot;font-mono text-[10px] uppercase tracking-[0.16em] text-muted-foreground&quot;
              &gt;
                Técnicos
              &lt;/p&gt;
              &lt;p
                class=&quot;data-rail text-2xl font-semibold leading-none&quot;
              &gt;
                0
              &lt;/p&gt;
              &lt;p
                class=&quot;text-xs text-muted-foreground&quot;
              &gt;
                0 activos en piso
              &lt;/p&gt;
            &lt;/div&gt;
          &lt;/div&gt;
          &lt;div
            class=&quot;bg-card text-card-foreground flex flex-col border relative gap-0 overflow-hidden rounded-lg py-0 shadow-none&quot;
            data-slot=&quot;card&quot;
          &gt;
            &lt;span
              aria-hidden=&quot;true&quot;
              class=&quot;absolute inset-y-0 left-0 w-0.5 bg-info&quot;
            /&gt;
            &lt;div
              class=&quot;space-y-1 px-5 py-4&quot;
              data-slot=&quot;card-content&quot;
            &gt;
              &lt;p
                class=&quot;font-mono text-[10px] uppercase tracking-[0.16em] text-muted-foreground&quot;
              &gt;
                Especialidades
              &lt;/p&gt;
              &lt;p
                class=&quot;data-rail text-2xl font-semibold leading-none&quot;
              &gt;
                0
              &lt;/p&gt;
              &lt;p
                class=&quot;text-xs text-muted-foreground&quot;
              &gt;
                Áreas cubiertas por el equipo
              &lt;/p&gt;
            &lt;/div&gt;
          &lt;/div&gt;
          &lt;div
            class=&quot;bg-card text-card-foreground flex flex-col border relative gap-0 overflow-hidden rounded-lg py-0 shadow-none&quot;
            data-slot=&quot;card&quot;
          &gt;
            &lt;span
              aria-hidden=&quot;true&quot;
              class=&quot;absolute inset-y-0 left-0 w-0.5 bg-warning&quot;
            /&gt;
            &lt;div
              class=&quot;space-y-1 px-5 py-4&quot;
              data-slot=&quot;card-content&quot;
            &gt;
              &lt;p...

- Expected
+ Received

  [
-   ObjectContaining {
+   null,
+   {
+     &quot;activeOnly&quot;: undefined,
      &quot;search&quot;: &quot;Marco&quot;,
+     &quot;specialty&quot;: undefined,
    },
  ]

 ❯ src/pages/TechniciansPage.test.tsx:172:35
 ❯ runWithExpensiveErrorDiagnosticsDisabled ../../../../../../opt/pnpm-templates/build_template/node_modules/.pnpm/@testing-library+dom@10.4.2/node_modules/@testing-library/dom/dist/config.js:47:12
 ❯ checkCallback ../../../../../../opt/pnpm-templates/build_template/node_modules/.pnpm/@testing-library+dom@10.4.2/node_modules/@testing-library/dom/dist/wait-for.js:124:77
 ❯ Timeout.checkRealTimersCallback ../../../../../../opt/pnpm-templates/build_template/node_modules/.pnpm/@testing-library+dom@10.4.2/node_modules/@testing-library/dom/dist/wait-for.js:118:16
            </failure>
        </testcase>
        <testcase classname="src/pages/TechniciansPage.test.tsx" name="TechniciansPage &gt; creates a technician from the form dialog" time="0.357494563">
            <failure message="expected null to match object { code: &apos;TEC-002&apos;, …(6) }" type="AssertionError">
AssertionError: expected null to match object { code: &apos;TEC-002&apos;, …(6) }

- Expected: 
{
  &quot;active&quot;: true,
  &quot;code&quot;: &quot;TEC-002&quot;,
  &quot;commissionRate&quot;: 15n,
  &quot;hourlyRate&quot;: 20000n,
  &quot;name&quot;: &quot;Ana Torres&quot;,
  &quot;phone&quot;: &quot;81 8000 0000&quot;,
  &quot;specialty&quot;: &quot;Eléctrico&quot;,
}

+ Received: 
null

 ❯ src/pages/TechniciansPage.test.tsx:208:51
            </failure>
        </testcase>
        <testcase classname="src/pages/TechniciansPage.test.tsx" name="TechniciansPage &gt; does not save a technician while the required fields are empty" time="0.102752698">
        </testcase>
        <testcase classname="src/pages/TechniciansPage.test.tsx" name="TechniciansPage &gt; pre-fills the edit dialog with the selected technician" time="0.035087859">
        </testcase>
        <testcase classname="src/pages/TechniciansPage.test.tsx" name="TechniciansPage &gt; updates an existing technician through the edit dialog" time="0.125534677">
            <failure message="expected null to be 1n // Object.is equality" type="AssertionError">
AssertionError: expected null to be 1n // Object.is equality

- Expected: 
1n

+ Received: 
null

 ❯ src/pages/TechniciansPage.test.tsx:279:51
            </failure>
        </testcase>
        <testcase classname="src/pages/TechniciansPage.test.tsx" name="TechniciansPage &gt; deletes a technician only after confirming" time="1.052641133">
            <failure message="expected &quot;spy&quot; to be called with arguments: [ 1n ][90m

Received: 

[1m  1st spy call:

[22m[2m  [[22m
[31m+   null,[90m
[2m    1n,[22m
[2m  ][22m
[39m[90m

Number of calls: [1m1[22m
[39m

Ignored nodes: comments, script, style
[36m&lt;html&gt;[39m
  [36m&lt;head /&gt;[39m
  [36m&lt;body[39m
    [33mstyle[39m=[32m&quot;&quot;[39m
  [36m&gt;[39m
    [36m&lt;div&gt;[39m
      [36m&lt;div[39m
        [33mclass[39m=[32m&quot;mx-auto w-full max-w-6xl animate-fade-in space-y-5&quot;[39m
        [33mdata-ocid[39m=[32m&quot;technicians.page&quot;[39m
      [36m&gt;[39m
        [36m&lt;header[39m
          [33mclass[39m=[32m&quot;space-y-4&quot;[39m
        [36m&gt;[39m
          [36m&lt;div[39m
            [33mclass[39m=[32m&quot;flex flex-wrap items-start justify-between gap-3&quot;[39m
          [36m&gt;[39m
            [36m&lt;div[39m
              [33mclass[39m=[32m&quot;min-w-0 space-y-1&quot;[39m
            [36m&gt;[39m
              [36m&lt;p[39m
                [33mclass[39m=[32m&quot;font-mono text-[10px] uppercase tracking-[0.18em] text-muted-foreground&quot;[39m
              [36m&gt;[39m
                [0mTaller[0m
              [36m&lt;/p&gt;[39m
              [36m&lt;h1[39m
                [33mclass[39m=[32m&quot;font-display text-2xl font-semibold tracking-tight&quot;[39m
              [36m&gt;[39m
                [0mTécnicos[0m
              [36m&lt;/h1&gt;[39m
              [36m&lt;p[39m
                [33mclass[39m=[32m&quot;max-w-2xl text-sm text-muted-foreground&quot;[39m
              [36m&gt;[39m
                [0mEquipo de taller con código de identificación, especialidades, tarifas, comisión sobre mano de obra y carga de trabajo.[0m
              [36m&lt;/p&gt;[39m
            [36m&lt;/div&gt;[39m
            [36m&lt;div[39m
              [33mclass[39m=[32m&quot;flex shrink-0 flex-wrap items-center gap-2&quot;[39m
            [36m&gt;[39m
              [36m&lt;button[39m
                [33mclass[39m=[32m&quot;inline-flex items-center justify-center whitespace-nowrap rounded-md text-sm font-medium transition-all disabled:pointer-events-none disabled:opacity-50 [&amp;_svg]:pointer-events-none [&amp;_svg:not([class*=&apos;size-&apos;])]:size-4 shrink-0 [&amp;_svg]:shrink-0 outline-none focus-visible:border-ring focus-visible:ring-ring/50 focus-visible:ring-[3px] aria-invalid:ring-destructive/20 dark:aria-invalid:ring-destructive/40 aria-invalid:border-destructive bg-primary text-primary-foreground shadow-xs hover:bg-primary/90 h-9 px-4 py-2 has-[&gt;svg]:px-3 gap-1.5&quot;[39m
                [33mdata-ocid[39m=[32m&quot;technicians.open_modal_button&quot;[39m
                [33mdata-slot[39m=[32m&quot;button&quot;[39m
                [33mtype[39m=[32m&quot;button&quot;[39m
              [36m&gt;[39m
                [36m&lt;svg[39m
                  [33maria-hidden[39m=[32m&quot;true&quot;[39m
                  [33mclass[39m=[32m&quot;lucide lucide-plus size-4&quot;[39m
                  [33mfill[39m=[32m&quot;none&quot;[39m
                  [33mheight[39m=[32m&quot;24&quot;[39m
                  [33mstroke[39m=[32m&quot;currentColor&quot;[39m
                  [33mstroke-linecap[39m=[32m&quot;round&quot;[39m
                  [33mstroke-linejoin[39m=[32m&quot;round&quot;[39m
                  [33mstroke-width[39m=[32m&quot;2&quot;[39m
                  [33mviewBox[39m=[32m&quot;0 0 24 24&quot;[39m
                  [33mwidth[39m=[32m&quot;24&quot;[39m
                  [33mxmlns[39m=[32m&quot;http://www.w3.org/2000/svg&quot;[39m
                [36m&gt;[39m
                  [36m&lt;path[39m
                    [33md[39m=[32m&quot;M5 12h14&quot;[39m
                  [36m/&gt;[39m
                  [36m&lt;path[39m
                    [33md[39m=[32m&quot;M12 5v14&quot;[39m
                  [36m/&gt;[39m
                [36m&lt;/svg&gt;[39m
                [0mNuevo técnico[0m
              [36m&lt;/button&gt;[39m
            [36m&lt;/div&gt;[39m
          [36m&lt;/div&gt;[39m
        [36m&lt;/header&gt;[39m
        [36m&lt;section[39m
          [33maria-label[39m=[32m&quot;Resumen del equipo de taller&quot;[39m
          [33mclass[39m=[32m&quot;grid gap-4 sm:grid-cols-3&quot;[39m
          [33mdata-ocid[39m=[32m&quot;technicians.kpi.section&quot;[39m
        [36m&gt;[39m
          [36m&lt;div[39m
            [33mclass[39m=[32m&quot;bg-card text-card-foreground flex flex-col border relative gap-0 overflow-hidden rounded-lg py-0 shadow-none&quot;[39m
            [33mdata-slot[39m=[32m&quot;card&quot;[39m
          [36m&gt;[39m
            [36m&lt;span[39m
              [33maria-hidden[39m=[32m&quot;true&quot;[39m
              [33mclass[39m=[32m&quot;absolute inset-y-0 left-0 w-0.5 bg-primary&quot;[39m
            [36m/&gt;[39m
            [36m&lt;div[39m
              [33mclass[39m=[32m&quot;space-y-1 px-5 py-4&quot;[39m
              [33mdata-slot[39m=[32m&quot;card-content&quot;[39m
            [36m&gt;[39m
              [36m&lt;p[39m
                [33mclass[39m=[32m&quot;font-mono text-[10px] uppercase tracking-[0.16em] text-muted-foreground&quot;[39m
              [36m&gt;[39m
                [0mTécnicos[0m
              [36m&lt;/p&gt;[39m
              [36m&lt;p[39m
                [33mclass[39m=[32m&quot;data-rail text-2xl font-semibold leading-none&quot;[39m
              [36m&gt;[39m
                [0m1[0m
              [36m&lt;/p&gt;[39m
              [36m&lt;p[39m
                [33mclass[39m=[32m&quot;text-xs text-muted-foreground&quot;[39m
              [36m&gt;[39m
                [0m1 activos en piso[0m
              [36m&lt;/p&gt;[39m
            [36m&lt;/div&gt;[39m
          [36m&lt;/div&gt;[39m
          [36m&lt;div[39m
            [33mclass[39m=[32m&quot;bg-card text-card-foreground flex flex-col border relative gap-0 overflow-hidden rounded-lg py-0 shadow-none&quot;[39m
            [33mdata-slot[39m=[32m&quot;card&quot;[39m
          [36m&gt;[39m
            [36m&lt;span[39m
              [33maria-hidden[39m=[32m&quot;true&quot;[39m
              [33mclass[39m=[32m&quot;absolute inset-y-0 left-0 w-0.5 bg-info&quot;[39m
            [36m/&gt;[39m
            [36m&lt;div[39m
              [33mclass[39m=[32m&quot;space-y-1 px-5 py-4&quot;[39m
              [33mdata-slot[39m=[32m&quot;card-content&quot;[39m
            [36m&gt;[39m
              [36m&lt;p[39m
                [33mclass[39m=[32m&quot;font-mono text-[10px] uppercase tracking-[0.16em] text-muted-foreground&quot;[39m
              [36m&gt;[39m
                [0mEspecialidades[0m
              [36m&lt;/p&gt;[39m
              [36m&lt;p[39m
                [33mclass[39m=[32m&quot;data-rail text-2xl font-semibold leading-none&quot;[39m
              [36m&gt;[39m
                [0m1[0m
              [36m&lt;/p&gt;[39m
              [36m&lt;p[39m
                [33mclass[39m=[32m&quot;text-xs text-muted-foreground&quot;[39m
              [36m&gt;[39m
                [0mÁreas cubiertas por el equipo[0m
              [36m&lt;/p&gt;[39m
            [36m&lt;/div&gt;[39m
          [36m&lt;/div&gt;[39m
          [36m&lt;div[39m
            [33mclass[39m=[32m&quot;bg-card text-card-foreground flex flex-col border relative gap-0 overflow-hidden rounded-lg py-0 shadow-none&quot;[39m
            [33mdata-slot[39m=[32m&quot;card&quot;[39m
          [36m&gt;[39m
            [36m&lt;span[39m
              [33maria-hidden[39m=[32m&quot;true&quot;[39m
              [33mclass[39m=[32m&quot;absolute inset-y-0 left-0 w-0.5 bg-warning&quot;[39m
            [36m/&gt;[39m
            [36m&lt;div[39m
              [33mclass[39m=[32m&quot;space-y-1 px-5 py-4&quot;[39m
              [33mdata-slot[39m=[32m&quot;card-content&quot;[39m
            [36m&gt;[39m
              [36m&lt;p[39m..." type="AssertionError">
AssertionError: expected &quot;spy&quot; to be called with arguments: [ 1n ]

Received: 

  1st spy call:

  [
+   null,
    1n,
  ]


Number of calls: 1


Ignored nodes: comments, script, style
&lt;html&gt;
  &lt;head /&gt;
  &lt;body
    style=&quot;&quot;
  &gt;
    &lt;div&gt;
      &lt;div
        class=&quot;mx-auto w-full max-w-6xl animate-fade-in space-y-5&quot;
        data-ocid=&quot;technicians.page&quot;
      &gt;
        &lt;header
          class=&quot;space-y-4&quot;
        &gt;
          &lt;div
            class=&quot;flex flex-wrap items-start justify-between gap-3&quot;
          &gt;
            &lt;div
              class=&quot;min-w-0 space-y-1&quot;
            &gt;
              &lt;p
                class=&quot;font-mono text-[10px] uppercase tracking-[0.18em] text-muted-foreground&quot;
              &gt;
                Taller
              &lt;/p&gt;
              &lt;h1
                class=&quot;font-display text-2xl font-semibold tracking-tight&quot;
              &gt;
                Técnicos
              &lt;/h1&gt;
              &lt;p
                class=&quot;max-w-2xl text-sm text-muted-foreground&quot;
              &gt;
                Equipo de taller con código de identificación, especialidades, tarifas, comisión sobre mano de obra y carga de trabajo.
              &lt;/p&gt;
            &lt;/div&gt;
            &lt;div
              class=&quot;flex shrink-0 flex-wrap items-center gap-2&quot;
            &gt;
              &lt;button
                class=&quot;inline-flex items-center justify-center whitespace-nowrap rounded-md text-sm font-medium transition-all disabled:pointer-events-none disabled:opacity-50 [&amp;_svg]:pointer-events-none [&amp;_svg:not([class*=&apos;size-&apos;])]:size-4 shrink-0 [&amp;_svg]:shrink-0 outline-none focus-visible:border-ring focus-visible:ring-ring/50 focus-visible:ring-[3px] aria-invalid:ring-destructive/20 dark:aria-invalid:ring-destructive/40 aria-invalid:border-destructive bg-primary text-primary-foreground shadow-xs hover:bg-primary/90 h-9 px-4 py-2 has-[&gt;svg]:px-3 gap-1.5&quot;
                data-ocid=&quot;technicians.open_modal_button&quot;
                data-slot=&quot;button&quot;
                type=&quot;button&quot;
              &gt;
                &lt;svg
                  aria-hidden=&quot;true&quot;
                  class=&quot;lucide lucide-plus size-4&quot;
                  fill=&quot;none&quot;
                  height=&quot;24&quot;
                  stroke=&quot;currentColor&quot;
                  stroke-linecap=&quot;round&quot;
                  stroke-linejoin=&quot;round&quot;
                  stroke-width=&quot;2&quot;
                  viewBox=&quot;0 0 24 24&quot;
                  width=&quot;24&quot;
                  xmlns=&quot;http://www.w3.org/2000/svg&quot;
                &gt;
                  &lt;path
                    d=&quot;M5 12h14&quot;
                  /&gt;
                  &lt;path
                    d=&quot;M12 5v14&quot;
                  /&gt;
                &lt;/svg&gt;
                Nuevo técnico
              &lt;/button&gt;
            &lt;/div&gt;
          &lt;/div&gt;
        &lt;/header&gt;
        &lt;section
          aria-label=&quot;Resumen del equipo de taller&quot;
          class=&quot;grid gap-4 sm:grid-cols-3&quot;
          data-ocid=&quot;technicians.kpi.section&quot;
        &gt;
          &lt;div
            class=&quot;bg-card text-card-foreground flex flex-col border relative gap-0 overflow-hidden rounded-lg py-0 shadow-none&quot;
            data-slot=&quot;card&quot;
          &gt;
            &lt;span
              aria-hidden=&quot;true&quot;
              class=&quot;absolute inset-y-0 left-0 w-0.5 bg-primary&quot;
            /&gt;
            &lt;div
              class=&quot;space-y-1 px-5 py-4&quot;
              data-slot=&quot;card-content&quot;
            &gt;
              &lt;p
                class=&quot;font-mono text-[10px] uppercase tracking-[0.16em] text-muted-foreground&quot;
              &gt;
                Técnicos
              &lt;/p&gt;
              &lt;p
                class=&quot;data-rail text-2xl font-semibold leading-none&quot;
              &gt;
                1
              &lt;/p&gt;
              &lt;p
                class=&quot;text-xs text-muted-foreground&quot;
              &gt;
                1 activos en piso
              &lt;/p&gt;
            &lt;/div&gt;
          &lt;/div&gt;
          &lt;div
            class=&quot;bg-card text-card-foreground flex flex-col border relative gap-0 overflow-hidden rounded-lg py-0 shadow-none&quot;
            data-slot=&quot;card&quot;
          &gt;
            &lt;span
              aria-hidden=&quot;true&quot;
              class=&quot;absolute inset-y-0 left-0 w-0.5 bg-info&quot;
            /&gt;
            &lt;div
              class=&quot;space-y-1 px-5 py-4&quot;
              data-slot=&quot;card-content&quot;
            &gt;
              &lt;p
                class=&quot;font-mono text-[10px] uppercase tracking-[0.16em] text-muted-foreground&quot;
              &gt;
                Especialidades
              &lt;/p&gt;
              &lt;p
                class=&quot;data-rail text-2xl font-semibold leading-none&quot;
              &gt;
                1
              &lt;/p&gt;
              &lt;p
                class=&quot;text-xs text-muted-foreground&quot;
              &gt;
                Áreas cubiertas por el equipo
              &lt;/p&gt;
            &lt;/div&gt;
          &lt;/div&gt;
          &lt;div
            class=&quot;bg-card text-card-foreground flex flex-col border relative gap-0 overflow-hidden rounded-lg py-0 shadow-none&quot;
            data-slot=&quot;card&quot;
          &gt;
            &lt;span
              aria-hidden=&quot;true&quot;
              class=&quot;absolute inset-y-0 left-0 w-0.5 bg-warning&quot;
            /&gt;
            &lt;div
              class=&quot;space-y-1 px-5 py-4&quot;
              data-slot=&quot;card-content&quot;
            &gt;
              &lt;p...
 ❯ src/pages/TechniciansPage.test.tsx:299:54
 ❯ runWithExpensiveErrorDiagnosticsDisabled ../../../../../../opt/pnpm-templates/build_template/node_modules/.pnpm/@testing-library+dom@10.4.2/node_modules/@testing-library/dom/dist/config.js:47:12
 ❯ checkCallback ../../../../../../opt/pnpm-templates/build_template/node_modules/.pnpm/@testing-library+dom@10.4.2/node_modules/@testing-library/dom/dist/wait-for.js:124:77
 ❯ Timeout.checkRealTimersCallback ../../../../../../opt/pnpm-templates/build_template/node_modules/.pnpm/@testing-library+dom@10.4.2/node_modules/@testing-library/dom/dist/wait-for.js:118:16
            </failure>
        </testcase>
        <testcase classname="src/pages/TechniciansPage.test.tsx" name="TechniciansPage &gt; shows each technician&apos;s active order count in the workload tab" time="0.036748967">
        </testcase>
        <testcase classname="src/pages/TechniciansPage.test.tsx" name="TechniciansPage &gt; renders an empty workload state when there is no workload" time="0.037985761">
        </testcase>
    </testsuite>
    <testsuite name="src/pages/UsersPage.test.tsx" timestamp="2026-09-25T20:55:14.755Z" hostname="2a82af66d266" tests="12" failures="1" errors="0" skipped="0" time="2.284339164">
        <testcase classname="src/pages/UsersPage.test.tsx" name="UsersPage &gt; lists users with their username, role and active state" time="0.064443836">
        </testcase>
        <testcase classname="src/pages/UsersPage.test.tsx" name="UsersPage &gt; shows an empty state when there are no users" time="0.015545862">
        </testcase>
        <testcase classname="src/pages/UsersPage.test.tsx" name="UsersPage &gt; creates a user with the username, role and temporary password" time="0.462572483">
        </testcase>
        <testcase classname="src/pages/UsersPage.test.tsx" name="UsersPage &gt; shows the temporary password once after creating a user" time="0.241691223">
        </testcase>
        <testcase classname="src/pages/UsersPage.test.tsx" name="UsersPage &gt; reports a duplicate username instead of creating the user" time="0.185221106">
        </testcase>
        <testcase classname="src/pages/UsersPage.test.tsx" name="UsersPage &gt; changes a user&apos;s role through the role dialog" time="0.081436668">
        </testcase>
        <testcase classname="src/pages/UsersPage.test.tsx" name="UsersPage &gt; toggles a user&apos;s active state" time="0.029582189">
        </testcase>
        <testcase classname="src/pages/UsersPage.test.tsx" name="UsersPage &gt; resets a user&apos;s password and reveals the new temporary one" time="0.026918337">
        </testcase>
        <testcase classname="src/pages/UsersPage.test.tsx" name="UsersPage &gt; deletes a user after the confirmation" time="0.06208872">
        </testcase>
        <testcase classname="src/pages/UsersPage.test.tsx" name="UsersPage &gt; refuses to delete the caller&apos;s own admin account" time="0.058220605">
        </testcase>
        <testcase classname="src/pages/UsersPage.test.tsx" name="UsersPage &gt; searches users by name or username" time="1.044994117">
            <failure message="expected &quot;spy&quot; to be called with arguments: [ &apos;ana&apos;, 0n, 25n ][90m

Received: 

[1m  1st spy call:

[22m[2m  [[22m
[32m-   &quot;ana&quot;,[90m
[31m+   null,[90m
[31m+   null,[90m
[2m    0n,[22m
[2m    25n,[22m
[2m  ][22m

[1m  2nd spy call:

[22m[2m  [[22m
[31m+   null,[90m
[2m    &quot;ana&quot;,[22m
[2m    0n,[22m
[2m    25n,[22m
[2m  ][22m
[39m[90m

Number of calls: [1m2[22m
[39m

Ignored nodes: comments, script, style
[36m&lt;html&gt;[39m
  [36m&lt;head /&gt;[39m
  [36m&lt;body[39m
    [33mstyle[39m=[32m&quot;&quot;[39m
  [36m&gt;[39m
    [36m&lt;div&gt;[39m
      [36m&lt;div[39m
        [33mclass[39m=[32m&quot;mx-auto w-full max-w-7xl animate-fade-in space-y-5&quot;[39m
        [33mdata-ocid[39m=[32m&quot;users.page&quot;[39m
      [36m&gt;[39m
        [36m&lt;header[39m
          [33mclass[39m=[32m&quot;space-y-4&quot;[39m
        [36m&gt;[39m
          [36m&lt;div[39m
            [33mclass[39m=[32m&quot;flex flex-wrap items-start justify-between gap-3&quot;[39m
          [36m&gt;[39m
            [36m&lt;div[39m
              [33mclass[39m=[32m&quot;min-w-0 space-y-1&quot;[39m
            [36m&gt;[39m
              [36m&lt;p[39m
                [33mclass[39m=[32m&quot;font-mono text-[10px] uppercase tracking-[0.18em] text-muted-foreground&quot;[39m
              [36m&gt;[39m
                [0mAdministración[0m
              [36m&lt;/p&gt;[39m
              [36m&lt;h1[39m
                [33mclass[39m=[32m&quot;font-display text-2xl font-semibold tracking-tight&quot;[39m
              [36m&gt;[39m
                [0mUsuarios[0m
              [36m&lt;/h1&gt;[39m
              [36m&lt;p[39m
                [33mclass[39m=[32m&quot;max-w-2xl text-sm text-muted-foreground&quot;[39m
              [36m&gt;[39m
                [0mCrea usuarios, asigna roles y controla quién puede entrar al taller. Cada persona inicia sesión con su usuario de acceso y contraseña.[0m
              [36m&lt;/p&gt;[39m
            [36m&lt;/div&gt;[39m
            [36m&lt;div[39m
              [33mclass[39m=[32m&quot;flex shrink-0 flex-wrap items-center gap-2&quot;[39m
            [36m&gt;[39m
              [36m&lt;button[39m
                [33mclass[39m=[32m&quot;inline-flex items-center justify-center whitespace-nowrap rounded-md text-sm font-medium transition-all disabled:pointer-events-none disabled:opacity-50 [&amp;_svg]:pointer-events-none [&amp;_svg:not([class*=&apos;size-&apos;])]:size-4 shrink-0 [&amp;_svg]:shrink-0 outline-none focus-visible:border-ring focus-visible:ring-ring/50 focus-visible:ring-[3px] aria-invalid:ring-destructive/20 dark:aria-invalid:ring-destructive/40 aria-invalid:border-destructive bg-primary text-primary-foreground shadow-xs hover:bg-primary/90 h-9 px-4 py-2 has-[&gt;svg]:px-3 gap-2&quot;[39m
                [33mdata-ocid[39m=[32m&quot;users.create_button&quot;[39m
                [33mdata-slot[39m=[32m&quot;button&quot;[39m
                [33mtype[39m=[32m&quot;button&quot;[39m
              [36m&gt;[39m
                [36m&lt;svg[39m
                  [33maria-hidden[39m=[32m&quot;true&quot;[39m
                  [33mclass[39m=[32m&quot;lucide lucide-plus size-4&quot;[39m
                  [33mfill[39m=[32m&quot;none&quot;[39m
                  [33mheight[39m=[32m&quot;24&quot;[39m
                  [33mstroke[39m=[32m&quot;currentColor&quot;[39m
                  [33mstroke-linecap[39m=[32m&quot;round&quot;[39m
                  [33mstroke-linejoin[39m=[32m&quot;round&quot;[39m
                  [33mstroke-width[39m=[32m&quot;2&quot;[39m
                  [33mviewBox[39m=[32m&quot;0 0 24 24&quot;[39m
                  [33mwidth[39m=[32m&quot;24&quot;[39m
                  [33mxmlns[39m=[32m&quot;http://www.w3.org/2000/svg&quot;[39m
                [36m&gt;[39m
                  [36m&lt;path[39m
                    [33md[39m=[32m&quot;M5 12h14&quot;[39m
                  [36m/&gt;[39m
                  [36m&lt;path[39m
                    [33md[39m=[32m&quot;M12 5v14&quot;[39m
                  [36m/&gt;[39m
                [36m&lt;/svg&gt;[39m
                [0mCrear usuario[0m
              [36m&lt;/button&gt;[39m
            [36m&lt;/div&gt;[39m
          [36m&lt;/div&gt;[39m
        [36m&lt;/header&gt;[39m
        [36m&lt;section[39m
          [33mclass[39m=[32m&quot;users-toolbar rounded-lg border border-border bg-card p-3 shadow-subtle&quot;[39m
          [33mdata-ocid[39m=[32m&quot;users.toolbar&quot;[39m
        [36m&gt;[39m
          [36m&lt;div[39m
            [33mclass[39m=[32m&quot;users-toolbar-search&quot;[39m
          [36m&gt;[39m
            [36m&lt;svg[39m
              [33maria-hidden[39m=[32m&quot;true&quot;[39m
              [33mclass[39m=[32m&quot;lucide lucide-search&quot;[39m
              [33mfill[39m=[32m&quot;none&quot;[39m
              [33mheight[39m=[32m&quot;24&quot;[39m
              [33mstroke[39m=[32m&quot;currentColor&quot;[39m
              [33mstroke-linecap[39m=[32m&quot;round&quot;[39m
              [33mstroke-linejoin[39m=[32m&quot;round&quot;[39m
              [33mstroke-width[39m=[32m&quot;2&quot;[39m
              [33mviewBox[39m=[32m&quot;0 0 24 24&quot;[39m
              [33mwidth[39m=[32m&quot;24&quot;[39m
              [33mxmlns[39m=[32m&quot;http://www.w3.org/2000/svg&quot;[39m
            [36m&gt;[39m
              [36m&lt;path[39m
                [33md[39m=[32m&quot;m21 21-4.34-4.34&quot;[39m
              [36m/&gt;[39m
              [36m&lt;circle[39m
                [33mcx[39m=[32m&quot;11&quot;[39m
                [33mcy[39m=[32m&quot;11&quot;[39m
                [33mr[39m=[32m&quot;8&quot;[39m
              [36m/&gt;[39m
            [36m&lt;/svg&gt;[39m
            [36m&lt;input[39m
              [33maria-label[39m=[32m&quot;Buscar usuarios por nombre o usuario&quot;[39m
              [33mclass[39m=[32m&quot;file:text-foreground placeholder:text-muted-foreground selection:bg-primary selection:text-primary-foreground dark:bg-input/30 border-input flex h-9 w-full min-w-0 rounded-md border bg-transparent px-3 py-1 text-base shadow-xs transition-[color,box-shadow] outline-none file:inline-flex file:h-7 file:border-0 file:bg-transparent file:text-sm file:font-medium disabled:pointer-events-none disabled:cursor-not-allowed disabled:opacity-50 md:text-sm focus-visible:border-ring focus-visible:ring-ring/50 focus-visible:ring-[3px] aria-invalid:ring-destructive/20 dark:aria-invalid:ring-destructive/40 aria-invalid:border-destructive&quot;[39m
              [33mdata-ocid[39m=[32m&quot;users.search_input&quot;[39m
              [33mdata-slot[39m=[32m&quot;input&quot;[39m
              [33mplaceholder[39m=[32m&quot;Buscar por nombre o usuario…&quot;[39m
              [33mvalue[39m=[32m&quot;ana&quot;[39m
            [36m/&gt;[39m
          [36m&lt;/div&gt;[39m
          [36m&lt;div[39m
            [33mclass[39m=[32m&quot;users-toolbar-actions&quot;[39m
          [36m&gt;[39m
            [36m&lt;span[39m
              [33mclass[39m=[32m&quot;users-count&quot;[39m
            [36m&gt;[39m
              [0m1 usuario[0m
            [36m&lt;/span&gt;[39m
          [36m&lt;/div&gt;[39m
        [36m&lt;/section&gt;[39m
        [36m&lt;section[39m
          [33mclass[39m=[32m&quot;space-y-3&quot;[39m
        [36m&gt;[39m
          [36m&lt;div[39m
            [33mclass[39m=[32m&quot;overflow-hidden rounded-lg border border-border bg-card shadow-subtle&quot;[39m
            [33mdata-ocid[39m=[32m&quot;users.table&quot;[39m
          [36m&gt;[39m
            [36m&lt;div[39m
              [33mclass[39m=[32m&quot;scroll-slim overflow-x-auto&quot;[39m
            [36m&gt;[39m
              [36m&lt;div[39m
                [33mclass[39m=[32m&quot;relative w-full overflow-x-auto&quot;[39m
                [33mdata-slot[39m=[32m&quot;table-container&quot;[39m
              [36m&gt;[39m
                [36m&lt;table[39m
                  [33mclass[39m=[32m&quot;w-full caption-bottom text-sm&quot;[39m
                  [33mdata-slo..." type="AssertionError">
AssertionError: expected &quot;spy&quot; to be called with arguments: [ &apos;ana&apos;, 0n, 25n ]

Received: 

  1st spy call:

  [
-   &quot;ana&quot;,
+   null,
+   null,
    0n,
    25n,
  ]

  2nd spy call:

  [
+   null,
    &quot;ana&quot;,
    0n,
    25n,
  ]


Number of calls: 2


Ignored nodes: comments, script, style
&lt;html&gt;
  &lt;head /&gt;
  &lt;body
    style=&quot;&quot;
  &gt;
    &lt;div&gt;
      &lt;div
        class=&quot;mx-auto w-full max-w-7xl animate-fade-in space-y-5&quot;
        data-ocid=&quot;users.page&quot;
      &gt;
        &lt;header
          class=&quot;space-y-4&quot;
        &gt;
          &lt;div
            class=&quot;flex flex-wrap items-start justify-between gap-3&quot;
          &gt;
            &lt;div
              class=&quot;min-w-0 space-y-1&quot;
            &gt;
              &lt;p
                class=&quot;font-mono text-[10px] uppercase tracking-[0.18em] text-muted-foreground&quot;
              &gt;
                Administración
              &lt;/p&gt;
              &lt;h1
                class=&quot;font-display text-2xl font-semibold tracking-tight&quot;
              &gt;
                Usuarios
              &lt;/h1&gt;
              &lt;p
                class=&quot;max-w-2xl text-sm text-muted-foreground&quot;
              &gt;
                Crea usuarios, asigna roles y controla quién puede entrar al taller. Cada persona inicia sesión con su usuario de acceso y contraseña.
              &lt;/p&gt;
            &lt;/div&gt;
            &lt;div
              class=&quot;flex shrink-0 flex-wrap items-center gap-2&quot;
            &gt;
              &lt;button
                class=&quot;inline-flex items-center justify-center whitespace-nowrap rounded-md text-sm font-medium transition-all disabled:pointer-events-none disabled:opacity-50 [&amp;_svg]:pointer-events-none [&amp;_svg:not([class*=&apos;size-&apos;])]:size-4 shrink-0 [&amp;_svg]:shrink-0 outline-none focus-visible:border-ring focus-visible:ring-ring/50 focus-visible:ring-[3px] aria-invalid:ring-destructive/20 dark:aria-invalid:ring-destructive/40 aria-invalid:border-destructive bg-primary text-primary-foreground shadow-xs hover:bg-primary/90 h-9 px-4 py-2 has-[&gt;svg]:px-3 gap-2&quot;
                data-ocid=&quot;users.create_button&quot;
                data-slot=&quot;button&quot;
                type=&quot;button&quot;
              &gt;
                &lt;svg
                  aria-hidden=&quot;true&quot;
                  class=&quot;lucide lucide-plus size-4&quot;
                  fill=&quot;none&quot;
                  height=&quot;24&quot;
                  stroke=&quot;currentColor&quot;
                  stroke-linecap=&quot;round&quot;
                  stroke-linejoin=&quot;round&quot;
                  stroke-width=&quot;2&quot;
                  viewBox=&quot;0 0 24 24&quot;
                  width=&quot;24&quot;
                  xmlns=&quot;http://www.w3.org/2000/svg&quot;
                &gt;
                  &lt;path
                    d=&quot;M5 12h14&quot;
                  /&gt;
                  &lt;path
                    d=&quot;M12 5v14&quot;
                  /&gt;
                &lt;/svg&gt;
                Crear usuario
              &lt;/button&gt;
            &lt;/div&gt;
          &lt;/div&gt;
        &lt;/header&gt;
        &lt;section
          class=&quot;users-toolbar rounded-lg border border-border bg-card p-3 shadow-subtle&quot;
          data-ocid=&quot;users.toolbar&quot;
        &gt;
          &lt;div
            class=&quot;users-toolbar-search&quot;
          &gt;
            &lt;svg
              aria-hidden=&quot;true&quot;
              class=&quot;lucide lucide-search&quot;
              fill=&quot;none&quot;
              height=&quot;24&quot;
              stroke=&quot;currentColor&quot;
              stroke-linecap=&quot;round&quot;
              stroke-linejoin=&quot;round&quot;
              stroke-width=&quot;2&quot;
              viewBox=&quot;0 0 24 24&quot;
              width=&quot;24&quot;
              xmlns=&quot;http://www.w3.org/2000/svg&quot;
            &gt;
              &lt;path
                d=&quot;m21 21-4.34-4.34&quot;
              /&gt;
              &lt;circle
                cx=&quot;11&quot;
                cy=&quot;11&quot;
                r=&quot;8&quot;
              /&gt;
            &lt;/svg&gt;
            &lt;input
              aria-label=&quot;Buscar usuarios por nombre o usuario&quot;
              class=&quot;file:text-foreground placeholder:text-muted-foreground selection:bg-primary selection:text-primary-foreground dark:bg-input/30 border-input flex h-9 w-full min-w-0 rounded-md border bg-transparent px-3 py-1 text-base shadow-xs transition-[color,box-shadow] outline-none file:inline-flex file:h-7 file:border-0 file:bg-transparent file:text-sm file:font-medium disabled:pointer-events-none disabled:cursor-not-allowed disabled:opacity-50 md:text-sm focus-visible:border-ring focus-visible:ring-ring/50 focus-visible:ring-[3px] aria-invalid:ring-destructive/20 dark:aria-invalid:ring-destructive/40 aria-invalid:border-destructive&quot;
              data-ocid=&quot;users.search_input&quot;
              data-slot=&quot;input&quot;
              placeholder=&quot;Buscar por nombre o usuario…&quot;
              value=&quot;ana&quot;
            /&gt;
          &lt;/div&gt;
          &lt;div
            class=&quot;users-toolbar-actions&quot;
          &gt;
            &lt;span
              class=&quot;users-count&quot;
            &gt;
              1 usuario
            &lt;/span&gt;
          &lt;/div&gt;
        &lt;/section&gt;
        &lt;section
          class=&quot;space-y-3&quot;
        &gt;
          &lt;div
            class=&quot;overflow-hidden rounded-lg border border-border bg-card shadow-subtle&quot;
            data-ocid=&quot;users.table&quot;
          &gt;
            &lt;div
              class=&quot;scroll-slim overflow-x-auto&quot;
            &gt;
              &lt;div
                class=&quot;relative w-full overflow-x-auto&quot;
                data-slot=&quot;table-container&quot;
              &gt;
                &lt;table
                  class=&quot;w-full caption-bottom text-sm&quot;
                  data-slo...
 ❯ src/pages/UsersPage.test.tsx:374:33
 ❯ runWithExpensiveErrorDiagnosticsDisabled ../../../../../../opt/pnpm-templates/build_template/node_modules/.pnpm/@testing-library+dom@10.4.2/node_modules/@testing-library/dom/dist/config.js:47:12
 ❯ checkCallback ../../../../../../opt/pnpm-templates/build_template/node_modules/.pnpm/@testing-library+dom@10.4.2/node_modules/@testing-library/dom/dist/wait-for.js:124:77
 ❯ Timeout.checkRealTimersCallback ../../../../../../opt/pnpm-templates/build_template/node_modules/.pnpm/@testing-library+dom@10.4.2/node_modules/@testing-library/dom/dist/wait-for.js:118:16
            </failure>
        </testcase>
        <testcase classname="src/pages/UsersPage.test.tsx" name="UsersPage &gt; shows the roles error when the role list fails to load" time="0.010294271">
        </testcase>
    </testsuite>
    <testsuite name="src/components/order/AddLaborDialog.test.tsx" timestamp="2026-09-25T20:55:14.759Z" hostname="2a82af66d266" tests="5" failures="0" errors="0" skipped="0" time="0.8079024">
        <testcase classname="src/components/order/AddLaborDialog.test.tsx" name="AddLaborDialog &gt; rejects an empty description with a Spanish error and does not save" time="0.126530166">
        </testcase>
        <testcase classname="src/components/order/AddLaborDialog.test.tsx" name="AddLaborDialog &gt; rejects a missing price with a Spanish error and does not save" time="0.186143811">
        </testcase>
        <testcase classname="src/components/order/AddLaborDialog.test.tsx" name="AddLaborDialog &gt; sends the description, price in cents and technician to the backend" time="0.248010282">
        </testcase>
        <testcase classname="src/components/order/AddLaborDialog.test.tsx" name="AddLaborDialog &gt; autocompletes description and price from a catalog service and keeps the reference" time="0.104181708">
        </testcase>
        <testcase classname="src/components/order/AddLaborDialog.test.tsx" name="AddLaborDialog &gt; closes the dialog after a successful save" time="0.141881841">
        </testcase>
    </testsuite>
    <testsuite name="src/components/order/AddPartDialog.test.tsx" timestamp="2026-09-25T20:55:14.760Z" hostname="2a82af66d266" tests="13" failures="0" errors="0" skipped="0" time="1.775734417">
        <testcase classname="src/components/order/AddPartDialog.test.tsx" name="AddPartDialog &gt; forwards the typed term to the parts search" time="0.393334333">
        </testcase>
        <testcase classname="src/components/order/AddPartDialog.test.tsx" name="AddPartDialog &gt; lists the catalog parts the backend returns for the search" time="0.017878059">
        </testcase>
        <testcase classname="src/components/order/AddPartDialog.test.tsx" name="AddPartDialog &gt; shows the selected part&apos;s price and stock reference" time="0.132063465">
        </testcase>
        <testcase classname="src/components/order/AddPartDialog.test.tsx" name="AddPartDialog &gt; loads the selected part&apos;s lots and hides lots with no stock" time="0.172507069">
        </testcase>
        <testcase classname="src/components/order/AddPartDialog.test.tsx" name="AddPartDialog &gt; rejects a non-positive quantity with a Spanish error and does not save" time="0.153098342">
        </testcase>
        <testcase classname="src/components/order/AddPartDialog.test.tsx" name="AddPartDialog &gt; rejects a quantity above the available stock and does not save" time="0.117713809">
        </testcase>
        <testcase classname="src/components/order/AddPartDialog.test.tsx" name="AddPartDialog &gt; sends the part, quantity and chosen lot to the backend" time="0.167958227">
        </testcase>
        <testcase classname="src/components/order/AddPartDialog.test.tsx" name="AddPartDialog &gt; sends no lot when the automatic discount is kept" time="0.105260782">
        </testcase>
        <testcase classname="src/components/order/AddPartDialog.test.tsx" name="AddPartDialog &gt; shows the empty catalog state when no parts exist" time="0.01200839">
        </testcase>
        <testcase classname="src/components/order/AddPartDialog.test.tsx" name="AddPartDialog &gt; shows a no-matches empty state for a term with no results" time="0.280134561">
        </testcase>
        <testcase classname="src/components/order/AddPartDialog.test.tsx" name="AddPartDialog &gt; closes the dialog after a successful save" time="0.105535386">
        </testcase>
        <testcase classname="src/components/order/AddPartDialog.test.tsx" name="AddPartDialog &gt; keeps the dialog open and surfaces the backend error on failure" time="0.10249724">
        </testcase>
        <testcase classname="src/components/order/AddPartDialog.test.tsx" name="AddPartDialog &gt; renders the dialog title and description" time="0.014529451">
        </testcase>
    </testsuite>
    <testsuite name="src/components/order/OrderLifecycleDialogs.test.tsx" timestamp="2026-09-25T20:55:14.763Z" hostname="2a82af66d266" tests="7" failures="0" errors="0" skipped="0" time="0.479167748">
        <testcase classname="src/components/order/OrderLifecycleDialogs.test.tsx" name="CancelOrderDialog &gt; keeps the confirm action disabled until a reason is typed" time="0.196523319">
        </testcase>
        <testcase classname="src/components/order/OrderLifecycleDialogs.test.tsx" name="CancelOrderDialog &gt; does not submit a whitespace-only reason" time="0.043842404">
        </testcase>
        <testcase classname="src/components/order/OrderLifecycleDialogs.test.tsx" name="CancelOrderDialog &gt; cancels the order with the trimmed reason and closes on success" time="0.12706184">
        </testcase>
        <testcase classname="src/components/order/OrderLifecycleDialogs.test.tsx" name="CancelOrderDialog &gt; surfaces a backend rejection without closing the dialog" time="0.053074201">
        </testcase>
        <testcase classname="src/components/order/OrderLifecycleDialogs.test.tsx" name="DeleteOrderDialog &gt; deletes the order after confirmation and notifies the caller" time="0.01825626">
        </testcase>
        <testcase classname="src/components/order/OrderLifecycleDialogs.test.tsx" name="DeleteOrderDialog &gt; does not delete when the user keeps the order" time="0.016377708">
        </testcase>
        <testcase classname="src/components/order/OrderLifecycleDialogs.test.tsx" name="DeleteOrderDialog &gt; surfaces a backend rejection without notifying a deletion" time="0.022913413">
        </testcase>
    </testsuite>
    <testsuite name="src/components/order/OrderPhotosSection.test.tsx" timestamp="2026-09-25T20:55:14.765Z" hostname="2a82af66d266" tests="8" failures="0" errors="0" skipped="0" time="0.161999714">
        <testcase classname="src/components/order/OrderPhotosSection.test.tsx" name="OrderPhotosSection &gt; shows the counter and one tile per attached photo" time="0.033452401">
        </testcase>
        <testcase classname="src/components/order/OrderPhotosSection.test.tsx" name="OrderPhotosSection &gt; renders the camera and file inputs with the expected capture hints" time="0.007274532">
        </testcase>
        <testcase classname="src/components/order/OrderPhotosSection.test.tsx" name="OrderPhotosSection &gt; uploads a selected file and attaches it to the order" time="0.054255848">
        </testcase>
        <testcase classname="src/components/order/OrderPhotosSection.test.tsx" name="OrderPhotosSection &gt; removes a photo through the backend" time="0.024775362">
        </testcase>
        <testcase classname="src/components/order/OrderPhotosSection.test.tsx" name="OrderPhotosSection &gt; blocks a seventh photo once the limit is reached" time="0.010819753">
        </testcase>
        <testcase classname="src/components/order/OrderPhotosSection.test.tsx" name="OrderPhotosSection &gt; keeps the add tile and both inputs available below the limit" time="0.007209722">
        </testcase>
        <testcase classname="src/components/order/OrderPhotosSection.test.tsx" name="OrderPhotosSection &gt; shows the upload error state when a file is rejected" time="0.017435368">
        </testcase>
        <testcase classname="src/components/order/OrderPhotosSection.test.tsx" name="OrderPhotosSection &gt; labels each tile with its upload timestamp" time="0.005679445">
        </testcase>
    </testsuite>
</testsuites>
